Base path: /Users/laura.zielinski/FPTaylor
Config file: /Users/laura.zielinski/FPTaylor/default.cfg
Config file: /var/folders/38/q_vgzzt959nfc63ldktzz1gr0000gp/T/tmpljb2c0n7.cfg
default-rnd = rnd64
nlopt-cc = gcc -std=c99 -O3
opt-exact = true
develop = false
log-append-date = start
uncertainty = false
rel-error = true
opt-approx = false
proof-record = false
find-bounds = false
proof-dir = proofs
opt-f-abs-tol = 0.01
fail-on-exception = true
print-opt-lower-bounds = true
bb-compile = {base}/b_and_b/compile.sh {base} {input} {out}
z3-python-lib = 
opt-x-abs-tol = 0.01
export-error-bounds = 
opt-f-rel-tol = 0.01
export-options = 
opt-x-rel-tol = 0.0
rel-error-threshold = 0.0001
bb-alg = opt0
log-base-dir = log
intermediate-opt = false
z3-interval-bounds = true
opt-max-iters = 1000000
abs-error = true
z3-bin = 
maxima-simplification = false
print-hex-floats = true
debug = true
print-precision = 7
export-error-bounds-data = 
fp-power2-model = true
opt = auto
default-var-type = float64
verbosity = 2
ulp-error = false
opt-timeout = 10000
nlopt-lib = -lnlopt -lm
tmp-base-dir = tmp
unique-indices = false
z3-seed = 0
tmp-date = false
z3-python-cmd = python
const-approx-real-vars = false
print-second-order-errors = false
Resetting input_parser_env
eval_const_expr: (1001/1000)
result: 1001/1000
eval_const_expr: 2
result: 2
eval_const_expr: 0
result: 0
eval_const_expr: 2
result: 2
eval_const_expr: (1001/1000)
result: 1001/1000
eval_const_expr: (1001/1000)
result: 1001/1000
eval_const_expr: 2
result: 2
eval_const_expr: 0
result: 0
eval_const_expr: 2
result: 2
eval_const_expr: (1001/1000)
result: 1001/1000
Resetting input_parser_env
|tasks| = 1
Processing: result

*************************************
Taylor form for: rnd64((rnd64((rnd64((rnd64(x) * rnd64(y))) - rnd64(1))) / rnd64((rnd64((rnd64((rnd64(x) * rnd64(y))) * rnd64((rnd64(x) * rnd64(y))))) - rnd64(1)))))

Conservative bound: [0.000133, 748.875937]

Simplified rounding: rnd64((rnd[64,ne,1.00,-53,0]((rnd64((x * y)) - 1)) / rnd[64,ne,1.00,-53,0]((rnd64((rnd64((x * y)) * rnd64((x * y)))) - 1))))
Building Taylor forms...
var_form
var_form
mul_form
rounded_form
const_form
sub_form
rounded_form
mul_form
rounded_form
sub_form
rounded_form
div_form
inv_form
mul_form
rounded_form
Taylor forms cache stats: num_bindings = 13, num_buckets = 1024, max_bucket_length = 1
Expr cache stats: num_bindings = 50, num_buckets = 65536, max_bucket_length = 2
Simplifying Taylor forms...
success
v0 = (((x * y) - 1) * (1 / (((x * y) * (x * y)) - 1)))
-1: exp = -53: (2446917765209049/295147905179352825856)
1: exp = -53: ((((x * y) - 1) * (-(((((x * y) * floor_power2(((x * y) + 0))) + ((x * y) * floor_power2(((x * y) + 0)))) / ((((x * y) * (x * y)) - 1) * (((x * y) * (x * y)) - 1)))))) + ((1 / (((x * y) * (x * y)) - 1)) * floor_power2(((x * y) + 0))))
2: exp = -53: ((1 / (((x * y) * (x * y)) - 1)) * floor_power2((((x * y) - 1) + interval(-2.22044604925031357389e-16, 2.22044604925031357389e-16))))
3: exp = -53: (((x * y) - 1) * (-((floor_power2((((x * y) * (x * y)) + interval(-1.77635683940025085911e-15, 1.77635683940025085911e-15))) / ((((x * y) * (x * y)) - 1) * (((x * y) * (x * y)) - 1))))))
4: exp = -53: (((x * y) - 1) * (-((floor_power2(((((x * y) * (x * y)) - 1) + interval(-3.55271367880050171822e-15, 3.55271367880050171822e-15))) / ((((x * y) * (x * y)) - 1) * (((x * y) * (x * y)) - 1))))))
5: exp = -53: floor_power2(((((x * y) - 1) * (1 / (((x * y) * (x * y)) - 1))) + interval(-8.30228638226212792358e-10, 8.30228638226212792358e-10)))

Corresponding original subexpressions:
1: rnd64((x * y))
2: rnd[64,ne,1.00,-53,0]((rnd64((x * y)) - 1))
3: rnd64((rnd64((x * y)) * rnd64((x * y))))
4: rnd[64,ne,1.00,-53,0]((rnd64((rnd64((x * y)) * rnd64((x * y)))) - 1))
5: rnd64((rnd[64,ne,1.00,-53,0]((rnd64((x * y)) - 1)) / rnd[64,ne,1.00,-53,0]((rnd64((rnd64((x * y)) * rnd64((x * y)))) - 1))))

Selected optimization method: bb-eval
bb-eval_opt: x_abs_tol = 1.000000e-02, f_rel_tol = 1.000000e-02, f_abs_tol = 1.000000e-02, iters = 1000000
bounds: [5.607143e-02, 4.415097e+00]

Computing absolute errors
Selected optimization method: bb-eval
bb-eval_opt: x_abs_tol = 1.000000e-02, f_rel_tol = 1.000000e-02, f_abs_tol = 1.000000e-02, iters = 1000000
rmin(result = 8.290480e-06, lower = 8.290480e-06), rmax(result = 8.290480e-06, lower = 8.290480e-06)
-1: exp = -53: 8.290480e-06 (low = 8.290480e-06, subopt = 0.0%)

Solving the exact optimization problem
Selected optimization method: bb-eval
bb-eval_opt: x_abs_tol = 1.000000e-02, f_rel_tol = 1.000000e-02, f_abs_tol = 1.000000e-02, iters = 1000000
exact bound (exp = -53): 3.359666e+03 (low = 1.261620e+02, subopt = 96.2%)
total2: 9.204282e-22 (low = 9.204282e-22, subopt = 0.0%)
exact total: 3.729979e-13 (low = 1.400680e-14, subopt = 96.2%)

Computing relative errors
Selected optimization method: bb-eval
bb-eval_opt: x_abs_tol = 1.000000e-02, f_rel_tol = 1.000000e-02, f_abs_tol = 1.000000e-02, iters = 1000000
rmin(result = 8.290480e-06, lower = 8.290480e-06), rmax(result = 8.290480e-06, lower = 8.290480e-06)
-1: exp = -53: 8.290480e-06 (low = 8.290480e-06, subopt = 0.0%)

Solving the exact optimization problem
Selected optimization method: bb-eval
bb-eval_opt: x_abs_tol = 1.000000e-02, f_rel_tol = 1.000000e-02, f_abs_tol = 1.000000e-02, iters = 1000000
exact bound-rel (exp = -53): 5.991761e+04 (low = 2.525765e+02, subopt = 99.6%)
total2: 1.641528e-20 (low = 2.084729e-22, subopt = 98.7%)
exact total-rel: 6.652191e-12 (low = 2.804162e-14, subopt = 99.6%)

Elapsed time: 0.01549
*************************************

-------------------------------------------------------------------------------
Problem: result

Optimization lower bounds for error models:
The absolute error (exact) model: 1.400679e-14 (0x1.f8a5ea37c757cp-47) (suboptimality = 96.2%)
The relative error (exact) model: 2.804162e-14 (0x1.f92729716c0fcp-46) (suboptimality = 99.6%)

Bounds (without rounding): [5.607143e-2, 4.415098]
Bounds (floating-point): [5.607143e-2, 4.415098]

Absolute error (exact): 3.729979e-13 (0x1.a3f551ffb2c7ap-42)
Relative error (exact): 6.652192e-12 (0x1.d41b385e2887ep-38)

Elapsed time: 0.02

