Base path: /Users/laura.zielinski/FPTaylor
Config file: /Users/laura.zielinski/FPTaylor/default.cfg
Config file: /var/folders/38/q_vgzzt959nfc63ldktzz1gr0000gp/T/tmpuqwhsgjc.cfg
default-rnd = rnd64
nlopt-cc = gcc -std=c99 -O3
opt-exact = true
develop = false
log-append-date = start
uncertainty = false
rel-error = true
opt-approx = false
proof-record = false
find-bounds = false
proof-dir = proofs
opt-f-abs-tol = 0.01
fail-on-exception = true
print-opt-lower-bounds = true
bb-compile = {base}/b_and_b/compile.sh {base} {input} {out}
z3-python-lib = 
opt-x-abs-tol = 0.01
export-error-bounds = 
opt-f-rel-tol = 0.01
export-options = 
opt-x-rel-tol = 0.0
rel-error-threshold = 0.0001
bb-alg = opt0
log-base-dir = log
intermediate-opt = false
z3-interval-bounds = true
opt-max-iters = 1000000
abs-error = true
z3-bin = 
maxima-simplification = false
print-hex-floats = true
debug = true
print-precision = 7
export-error-bounds-data = 
fp-power2-model = true
opt = auto
default-var-type = float64
verbosity = 2
ulp-error = false
opt-timeout = 10000
nlopt-lib = -lnlopt -lm
tmp-base-dir = tmp
unique-indices = false
z3-seed = 0
tmp-date = false
z3-python-cmd = python
const-approx-real-vars = false
print-second-order-errors = false
Resetting input_parser_env
eval_const_expr: (-((157079632679/100000000000)))
result: -157079632679/100000000000
eval_const_expr: (157079632679/100000000000)
result: 157079632679/100000000000
eval_const_expr: 0
result: 0
eval_const_expr: (157079632679/100000000000)
result: 157079632679/100000000000
eval_const_expr: (-((157079632679/100000000000)))
result: -157079632679/100000000000
Resetting input_parser_env
|tasks| = 1
Processing: result

*************************************
Taylor form for: rnd64((rnd64((rnd64((rnd64((rnd64(x) / rnd64((-(rnd64(6)))))) + rnd64((rnd64((rnd64(x) * rnd64(x))) * rnd64((rnd64((rnd64(x) / rnd64(120))) + rnd64((rnd64((rnd64(x) * rnd64(x))) * rnd64((rnd64(x) / rnd64((-(rnd64(5040)))))))))))))) * rnd64((rnd64(x) * rnd64(x))))) + rnd64(x)))

Conservative bound: [-2.301135, 2.301135]

Simplified rounding: rnd[64,ne,1.00,-53,0]((rnd64((rnd[64,ne,1.00,-53,0]((rnd64((x / (-(6)))) + rnd64((rnd64((x * x)) * rnd[64,ne,1.00,-53,0]((rnd64((x / 120)) + rnd64((rnd64((x * x)) * rnd64((x / (-(5040)))))))))))) * rnd64((x * x)))) + x))
Building Taylor forms...
var_form
const_form
neg_form
div_form
inv_form
mul_form
rounded_form
mul_form
rounded_form
const_form
div_form
inv_form
mul_form
rounded_form
const_form
neg_form
div_form
inv_form
mul_form
rounded_form
mul_form
rounded_form
add_form
rounded_form
mul_form
rounded_form
add_form
rounded_form
mul_form
rounded_form
add_form
rounded_form
Taylor forms cache stats: num_bindings = 26, num_buckets = 1024, max_bucket_length = 1
Expr cache stats: num_bindings = 84, num_buckets = 65536, max_bucket_length = 1
Simplifying Taylor forms...
success
v0 = ((((x * (1 / (-(6)))) + ((x * x) * ((x * (1 / 120)) + ((x * x) * (x * (1 / (-(5040)))))))) * (x * x)) + x)
-1: exp = -53: (5818820577553093/40564819207303340847894502572032)
1: exp = -53: ((x * x) * floor_power2(((x * (1 / (-(6)))) + 0)))
2: exp = -53: ((((x * (1 / (-(6)))) + ((x * x) * ((x * (1 / 120)) + ((x * x) * (x * (1 / (-(5040)))))))) * floor_power2(((x * x) + 0))) + ((x * x) * (((x * x) * ((x * (1 / (-(5040)))) * floor_power2(((x * x) + 0)))) + (((x * (1 / 120)) + ((x * x) * (x * (1 / (-(5040)))))) * floor_power2(((x * x) + 0))))))
3: exp = -53: ((x * x) * ((x * x) * floor_power2(((x * (1 / 120)) + 0))))
4: exp = -53: ((x * x) * ((x * x) * ((x * x) * floor_power2(((x * (1 / (-(5040)))) + 0)))))
5: exp = -53: ((x * x) * ((x * x) * floor_power2((((x * x) * (x * (1 / (-(5040))))) + interval(-1.36082780871931016819e-19, 1.36082780871931016819e-19)))))
6: exp = -53: ((x * x) * ((x * x) * floor_power2((((x * (1 / 120)) + ((x * x) * (x * (1 / (-(5040)))))) + interval(-1.05765462748460983387e-18, 1.05765462748460983387e-18)))))
7: exp = -53: ((x * x) * floor_power2((((x * x) * ((x * (1 / 120)) + ((x * x) * (x * (1 / (-(5040))))))) + interval(-7.82709796416126324601e-18, 7.82709796416126324601e-18))))
8: exp = -53: ((x * x) * floor_power2((((x * (1 / (-(6)))) + ((x * x) * ((x * (1 / 120)) + ((x * x) * (x * (1 / (-(5040)))))))) + interval(-3.90521205317438048121e-17, 3.90521205317438048121e-17))))
9: exp = -53: floor_power2(((((x * (1 / (-(6)))) + ((x * x) * ((x * (1 / 120)) + ((x * x) * (x * (1 / (-(5040)))))))) * (x * x)) + interval(-2.30565483842548512671e-16, 2.30565483842548512671e-16)))
10: exp = -53: floor_power2((((((x * (1 / (-(6)))) + ((x * x) * ((x * (1 / 120)) + ((x * x) * (x * (1 / (-(5040)))))))) * (x * x)) + x) + interval(-2.86076635073806339692e-16, 2.86076635073806339692e-16)))

Corresponding original subexpressions:
1: rnd64((x / (-(6))))
2: rnd64((x * x))
3: rnd64((x / 120))
4: rnd64((x / (-(5040))))
5: rnd64((rnd64((x * x)) * rnd64((x / (-(5040))))))
6: rnd[64,ne,1.00,-53,0]((rnd64((x / 120)) + rnd64((rnd64((x * x)) * rnd64((x / (-(5040))))))))
7: rnd64((rnd64((x * x)) * rnd[64,ne,1.00,-53,0]((rnd64((x / 120)) + rnd64((rnd64((x * x)) * rnd64((x / (-(5040))))))))))
8: rnd[64,ne,1.00,-53,0]((rnd64((x / (-(6)))) + rnd64((rnd64((x * x)) * rnd[64,ne,1.00,-53,0]((rnd64((x / 120)) + rnd64((rnd64((x * x)) * rnd64((x / (-(5040))))))))))))
9: rnd64((rnd[64,ne,1.00,-53,0]((rnd64((x / (-(6)))) + rnd64((rnd64((x * x)) * rnd[64,ne,1.00,-53,0]((rnd64((x / 120)) + rnd64((rnd64((x * x)) * rnd64((x / (-(5040)))))))))))) * rnd64((x * x))))
10: rnd[64,ne,1.00,-53,0]((rnd64((rnd[64,ne,1.00,-53,0]((rnd64((x / (-(6)))) + rnd64((rnd64((x * x)) * rnd[64,ne,1.00,-53,0]((rnd64((x / 120)) + rnd64((rnd64((x * x)) * rnd64((x / (-(5040)))))))))))) * rnd64((x * x)))) + x))

Selected optimization method: bb-eval
bb-eval_opt: x_abs_tol = 1.000000e-02, f_rel_tol = 1.000000e-02, f_abs_tol = 1.000000e-02, iters = 1000000
bounds: [-1.013805e+00, 1.013805e+00]

Computing absolute errors
Selected optimization method: bb-eval
bb-eval_opt: x_abs_tol = 1.000000e-02, f_rel_tol = 1.000000e-02, f_abs_tol = 1.000000e-02, iters = 1000000
rmin(result = 1.434450e-16, lower = 1.434450e-16), rmax(result = 1.434450e-16, lower = 1.434450e-16)
-1: exp = -53: 1.434450e-16 (low = 1.434450e-16, subopt = 0.0%)

Solving the exact optimization problem
Selected optimization method: bb-eval
bb-eval_opt: x_abs_tol = 1.000000e-02, f_rel_tol = 1.000000e-02, f_abs_tol = 1.000000e-02, iters = 1000000
exact bound (exp = -53): 2.972805e+00 (low = 2.471385e+00, subopt = 16.9%)
total2: 1.592559e-32 (low = 1.592559e-32, subopt = 0.0%)
exact total: 3.300476e-16 (low = 2.743789e-16, subopt = 16.9%)

Computing relative errors
**WARNING**: 
Cannot compute the relative error: values of the function are close to zero

Elapsed time: 0.01167
*************************************

-------------------------------------------------------------------------------
Problem: result

Optimization lower bounds for error models:
The absolute error (exact) model: 2.743788e-16 (0x1.3c565acbeb33ap-52) (suboptimality = 16.9%)

Bounds (without rounding): [-1.013805, 1.013805]
Bounds (floating-point): [-1.013805, 1.013805]

Absolute error (exact): 3.300477e-16 (0x1.7c84dcc62e082p-52)

Elapsed time: 0.01

