Base path: /Users/laura.zielinski/FPTaylor
Config file: /Users/laura.zielinski/FPTaylor/default.cfg
Config file: /var/folders/38/q_vgzzt959nfc63ldktzz1gr0000gp/T/tmpgdc_04z_.cfg
default-rnd = rnd64
nlopt-cc = gcc -std=c99 -O3
opt-exact = true
develop = false
log-append-date = start
uncertainty = false
rel-error = true
opt-approx = false
proof-record = false
find-bounds = false
proof-dir = proofs
opt-f-abs-tol = 0.01
fail-on-exception = true
print-opt-lower-bounds = true
bb-compile = {base}/b_and_b/compile.sh {base} {input} {out}
z3-python-lib = 
opt-x-abs-tol = 0.01
export-error-bounds = 
opt-f-rel-tol = 0.01
export-options = 
opt-x-rel-tol = 0.0
rel-error-threshold = 0.0001
bb-alg = opt0
log-base-dir = log
intermediate-opt = false
z3-interval-bounds = true
opt-max-iters = 1000000
abs-error = true
z3-bin = 
maxima-simplification = false
print-hex-floats = true
debug = true
print-precision = 7
export-error-bounds-data = 
fp-power2-model = true
opt = auto
default-var-type = float64
verbosity = 2
ulp-error = false
opt-timeout = 10000
nlopt-lib = -lnlopt -lm
tmp-base-dir = tmp
unique-indices = false
z3-seed = 0
tmp-date = false
z3-python-cmd = python
const-approx-real-vars = false
print-second-order-errors = false
Resetting input_parser_env
eval_const_expr: (-(10))
result: -10
eval_const_expr: 10
result: 10
eval_const_expr: 0
result: 0
eval_const_expr: 10
result: 10
eval_const_expr: (-(10))
result: -10
Resetting input_parser_env
|tasks| = 1
Processing: result

*************************************
Taylor form for: rnd64((rnd64((rnd64(x) - rnd64(3))) + rnd64(sqrt(rnd64((rnd64((rnd64((rnd64(x) - rnd64(3))) * rnd64((rnd64(x) - rnd64(3))))) + rnd64(1)))))))

Conservative bound: [-12.000000, 20.038405]

Simplified rounding: rnd[64,ne,1.00,-53,0]((rnd[64,ne,1.00,-53,0]((x - 3)) + rnd[64,ne,1.00,-53,0](sqrt(rnd[64,ne,1.00,-53,0]((rnd64((rnd[64,ne,1.00,-53,0]((x - 3)) * rnd[64,ne,1.00,-53,0]((x - 3)))) + 1))))))
Building Taylor forms...
var_form
const_form
sub_form
rounded_form
mul_form
rounded_form
const_form
add_form
rounded_form
sqrt_form
rounded_form
add_form
rounded_form
Taylor forms cache stats: num_bindings = 13, num_buckets = 1024, max_bucket_length = 2
Expr cache stats: num_bindings = 35, num_buckets = 65536, max_bucket_length = 1
Simplifying Taylor forms...
success
v0 = ((x - 3) + sqrt((((x - 3) * (x - 3)) + 1)))
-1: exp = -53: (7406310324699715/2475880078570760549798248448)
1: exp = -53: (floor_power2(((x - 3) + 0)) + ((((x - 3) * floor_power2(((x - 3) + 0))) + ((x - 3) * floor_power2(((x - 3) + 0)))) / (2 * sqrt((((x - 3) * (x - 3)) + 1)))))
2: exp = -53: (floor_power2((((x - 3) * (x - 3)) + interval(-2.30926389122032591963e-14, 2.30926389122032591963e-14))) / (2 * sqrt((((x - 3) * (x - 3)) + 1))))
3: exp = -53: (floor_power2(((((x - 3) * (x - 3)) + 1) + interval(-3.73034936274052660691e-14, 3.73034936274052660691e-14))) / (2 * sqrt((((x - 3) * (x - 3)) + 1))))
4: exp = -53: floor_power2((sqrt((((x - 3) * (x - 3)) + 1)) + interval(-2.57571741713039662149e-14, 2.57571741713039662149e-14)))
5: exp = -53: floor_power2((((x - 3) + sqrt((((x - 3) * (x - 3)) + 1))) + interval(-2.70894418008541540634e-14, 2.70894418008541540634e-14)))

Corresponding original subexpressions:
1: rnd[64,ne,1.00,-53,0]((x - 3))
2: rnd64((rnd[64,ne,1.00,-53,0]((x - 3)) * rnd[64,ne,1.00,-53,0]((x - 3))))
3: rnd[64,ne,1.00,-53,0]((rnd64((rnd[64,ne,1.00,-53,0]((x - 3)) * rnd[64,ne,1.00,-53,0]((x - 3)))) + 1))
4: rnd[64,ne,1.00,-53,0](sqrt(rnd[64,ne,1.00,-53,0]((rnd64((rnd[64,ne,1.00,-53,0]((x - 3)) * rnd[64,ne,1.00,-53,0]((x - 3)))) + 1))))
5: rnd[64,ne,1.00,-53,0]((rnd[64,ne,1.00,-53,0]((x - 3)) + rnd[64,ne,1.00,-53,0](sqrt(rnd[64,ne,1.00,-53,0]((rnd64((rnd[64,ne,1.00,-53,0]((x - 3)) * rnd[64,ne,1.00,-53,0]((x - 3)))) + 1))))))

Selected optimization method: bb-eval
bb-eval_opt: x_abs_tol = 1.000000e-02, f_rel_tol = 1.000000e-02, f_abs_tol = 1.000000e-02, iters = 1000000
bounds: [2.866797e-02, 1.407107e+01]

Computing absolute errors
Selected optimization method: bb-eval
bb-eval_opt: x_abs_tol = 1.000000e-02, f_rel_tol = 1.000000e-02, f_abs_tol = 1.000000e-02, iters = 1000000
rmin(result = 2.991385e-12, lower = 2.991385e-12), rmax(result = 2.991385e-12, lower = 2.991385e-12)
-1: exp = -53: 2.991385e-12 (low = 2.991385e-12, subopt = 0.0%)

Solving the exact optimization problem
Selected optimization method: bb-eval
bb-eval_opt: x_abs_tol = 1.000000e-02, f_rel_tol = 1.000000e-02, f_abs_tol = 1.000000e-02, iters = 1000000
exact bound (exp = -53): 2.567895e+01 (low = 2.549542e+01, subopt = 0.7%)
total2: 3.321104e-28 (low = 3.321104e-28, subopt = 0.0%)
exact total: 2.850937e-15 (low = 2.830560e-15, subopt = 0.7%)

Computing relative errors
Selected optimization method: bb-eval
bb-eval_opt: x_abs_tol = 1.000000e-02, f_rel_tol = 1.000000e-02, f_abs_tol = 1.000000e-02, iters = 1000000
rmin(result = 2.991385e-12, lower = 2.991385e-12), rmax(result = 2.991385e-12, lower = 2.991385e-12)
-1: exp = -53: 2.991385e-12 (low = 2.991385e-12, subopt = 0.0%)

Solving the exact optimization problem
Selected optimization method: bb-eval
bb-eval_opt: x_abs_tol = 1.000000e-02, f_rel_tol = 1.000000e-02, f_abs_tol = 1.000000e-02, iters = 1000000
exact bound-rel (exp = -53): 6.238772e+02 (low = 4.653575e+02, subopt = 25.4%)
total2: 1.158472e-26 (low = 2.360236e-29, subopt = 99.8%)
exact total-rel: 6.926429e-14 (low = 5.166506e-14, subopt = 25.4%)

Elapsed time: 0.02417
*************************************

-------------------------------------------------------------------------------
Problem: result

Optimization lower bounds for error models:
The absolute error (exact) model: 2.830560e-15 (0x1.97ed3f187ab64p-49) (suboptimality = 0.7%)
The relative error (exact) model: 5.166505e-14 (0x1.d15b841f2ef97p-45) (suboptimality = 25.4%)

Bounds (without rounding): [2.866797e-2, 1.407107e+1]
Bounds (floating-point): [2.866797e-2, 1.407107e+1]

Absolute error (exact): 2.850937e-15 (0x1.9adcfe5daba23p-49)
Relative error (exact): 6.926429e-14 (0x1.37f048e4ed32ap-44)

Elapsed time: 0.02

