Base path: /Users/laura.zielinski/FPTaylor
Config file: /Users/laura.zielinski/FPTaylor/default.cfg
Config file: /var/folders/38/q_vgzzt959nfc63ldktzz1gr0000gp/T/tmpworb14nd.cfg
default-rnd = rnd64
nlopt-cc = gcc -std=c99 -O3
opt-exact = true
develop = false
log-append-date = start
uncertainty = false
rel-error = true
opt-approx = false
proof-record = false
find-bounds = false
proof-dir = proofs
opt-f-abs-tol = 0.01
fail-on-exception = true
print-opt-lower-bounds = true
bb-compile = {base}/b_and_b/compile.sh {base} {input} {out}
z3-python-lib = 
opt-x-abs-tol = 0.01
export-error-bounds = 
opt-f-rel-tol = 0.01
export-options = 
opt-x-rel-tol = 0.0
rel-error-threshold = 0.0001
bb-alg = opt0
log-base-dir = log
intermediate-opt = false
z3-interval-bounds = true
opt-max-iters = 1000000
abs-error = true
z3-bin = 
maxima-simplification = false
print-hex-floats = true
debug = true
print-precision = 7
export-error-bounds-data = 
fp-power2-model = true
opt = auto
default-var-type = float64
verbosity = 2
ulp-error = false
opt-timeout = 10000
nlopt-lib = -lnlopt -lm
tmp-base-dir = tmp
unique-indices = false
z3-seed = 0
tmp-date = false
z3-python-cmd = python
const-approx-real-vars = false
print-second-order-errors = false
Resetting input_parser_env
eval_const_expr: (10001/10000)
result: 10001/10000
eval_const_expr: (1001/1000)
result: 1001/1000
eval_const_expr: 0
result: 0
eval_const_expr: (1001/1000)
result: 1001/1000
eval_const_expr: (10001/10000)
result: 10001/10000
Resetting input_parser_env
|tasks| = 1
Processing: result

*************************************
Taylor form for: rnd64((rnd64(10) / rnd64((rnd64(1) - rnd64((rnd64(x) * rnd64(x)))))))

Conservative bound: [-49997.500125, -4997.501249]

Simplified rounding: rnd64((10 / rnd[64,ne,1.00,-53,0]((1 - rnd64((x * x))))))
Building Taylor forms...
const_form
const_form
var_form
mul_form
rounded_form
sub_form
rounded_form
div_form
inv_form
mul_form
rounded_form
Taylor forms cache stats: num_bindings = 9, num_buckets = 1024, max_bucket_length = 1
Expr cache stats: num_bindings = 27, num_buckets = 65536, max_bucket_length = 2
Simplifying Taylor forms...
success
v0 = (10 * (1 / (1 - (x * x))))
-1: exp = -53: (5139248605429147/36893488147419103232)
1: exp = -53: (10 * (-(((-(floor_power2(((x * x) + 0)))) / ((1 - (x * x)) * (1 - (x * x)))))))
2: exp = -53: (10 * (-((floor_power2(((1 - (x * x)) + interval(-1.11022302462515678694e-16, 1.11022302462515678694e-16))) / ((1 - (x * x)) * (1 - (x * x)))))))
3: exp = -53: floor_power2(((10 * (1 / (1 - (x * x)))) + interval(-2.78070049542787533880e-08, 2.78070049542787533880e-08)))

Corresponding original subexpressions:
1: rnd64((x * x))
2: rnd[64,ne,1.00,-53,0]((1 - rnd64((x * x))))
3: rnd64((10 / rnd[64,ne,1.00,-53,0]((1 - rnd64((x * x))))))

Selected optimization method: bb-eval
bb-eval_opt: x_abs_tol = 1.000000e-02, f_rel_tol = 1.000000e-02, f_abs_tol = 1.000000e-02, iters = 1000000
bounds: [-4.999750e+04, -4.997501e+03]

Computing absolute errors
Selected optimization method: bb-eval
bb-eval_opt: x_abs_tol = 1.000000e-02, f_rel_tol = 1.000000e-02, f_abs_tol = 1.000000e-02, iters = 1000000
rmin(result = 1.392996e-04, lower = 1.392996e-04), rmax(result = 1.392996e-04, lower = 1.392996e-04)
-1: exp = -53: 1.392996e-04 (low = 1.392996e-04, subopt = 0.0%)

Solving the exact optimization problem
Selected optimization method: bb-eval
bb-eval_opt: x_abs_tol = 1.000000e-02, f_rel_tol = 1.000000e-02, f_abs_tol = 1.000000e-02, iters = 1000000
exact bound (exp = -53): 2.504960e+08 (low = 2.500383e+08, subopt = 0.2%)
total2: 1.546536e-20 (low = 1.546536e-20, subopt = 0.0%)
exact total: 2.781064e-08 (low = 2.775983e-08, subopt = 0.2%)

Computing relative errors
Selected optimization method: bb-eval
bb-eval_opt: x_abs_tol = 1.000000e-02, f_rel_tol = 1.000000e-02, f_abs_tol = 1.000000e-02, iters = 1000000
rmin(result = 1.392996e-04, lower = 1.392996e-04), rmax(result = 1.392996e-04, lower = 1.392996e-04)
-1: exp = -53: 1.392996e-04 (low = 1.392996e-04, subopt = 0.0%)

Solving the exact optimization problem
Selected optimization method: bb-eval
bb-eval_opt: x_abs_tol = 1.000000e-02, f_rel_tol = 1.000000e-02, f_abs_tol = 1.000000e-02, iters = 1000000
exact bound-rel (exp = -53): 5.012425e+04 (low = 5.001016e+03, subopt = 90.0%)
total2: 3.094619e-24 (low = 3.093227e-25, subopt = 90.0%)
exact total-rel: 5.564910e-12 (low = 5.552243e-13, subopt = 90.0%)

Elapsed time: 0.00422
*************************************

-------------------------------------------------------------------------------
Problem: result

Optimization lower bounds for error models:
The absolute error (exact) model: 2.775982e-8 (0x1.dce9018cd723dp-26) (suboptimality = 0.2%)
The relative error (exact) model: 5.552242e-13 (0x1.3890406a3a8b8p-41) (suboptimality = 90.0%)

Bounds (without rounding): [-4.999751e+4, -4.997501e+3]
Bounds (floating-point): [-4.999751e+4, -4.997501e+3]

Absolute error (exact): 2.781065e-8 (0x1.ddc880499fd0ap-26)
Relative error (exact): 5.564910e-12 (0x1.87988007ea621p-38)

Elapsed time: 0.00

