Base path: /Users/laura.zielinski/FPTaylor
Config file: /Users/laura.zielinski/FPTaylor/default.cfg
Config file: /var/folders/38/q_vgzzt959nfc63ldktzz1gr0000gp/T/tmplvgpfedp.cfg
default-rnd = rnd64
nlopt-cc = gcc -std=c99 -O3
opt-exact = true
develop = false
log-append-date = start
uncertainty = false
rel-error = true
opt-approx = false
proof-record = false
find-bounds = false
proof-dir = proofs
opt-f-abs-tol = 0.01
fail-on-exception = true
print-opt-lower-bounds = true
bb-compile = {base}/b_and_b/compile.sh {base} {input} {out}
z3-python-lib = 
opt-x-abs-tol = 0.01
export-error-bounds = 
opt-f-rel-tol = 0.01
export-options = 
opt-x-rel-tol = 0.0
rel-error-threshold = 0.0001
bb-alg = opt0
log-base-dir = log
intermediate-opt = false
z3-interval-bounds = true
opt-max-iters = 1000000
abs-error = true
z3-bin = 
maxima-simplification = false
print-hex-floats = true
debug = true
print-precision = 7
export-error-bounds-data = 
fp-power2-model = true
opt = auto
default-var-type = float64
verbosity = 2
ulp-error = false
opt-timeout = 10000
nlopt-lib = -lnlopt -lm
tmp-base-dir = tmp
unique-indices = false
z3-seed = 0
tmp-date = false
z3-python-cmd = python
const-approx-real-vars = false
print-second-order-errors = false
Resetting input_parser_env
eval_const_expr: 4
result: 4
eval_const_expr: (3969/625)
result: 3969/625
eval_const_expr: 0
result: 0
eval_const_expr: (3969/625)
result: 3969/625
eval_const_expr: 4
result: 4
eval_const_expr: 4
result: 4
eval_const_expr: (3969/625)
result: 3969/625
eval_const_expr: 0
result: 0
eval_const_expr: (3969/625)
result: 3969/625
eval_const_expr: 4
result: 4
eval_const_expr: 4
result: 4
eval_const_expr: (3969/625)
result: 3969/625
eval_const_expr: 0
result: 0
eval_const_expr: (3969/625)
result: 3969/625
eval_const_expr: 4
result: 4
eval_const_expr: 4
result: 4
eval_const_expr: (3969/625)
result: 3969/625
eval_const_expr: 0
result: 0
eval_const_expr: (3969/625)
result: 3969/625
eval_const_expr: 4
result: 4
eval_const_expr: 4
result: 4
eval_const_expr: (3969/625)
result: 3969/625
eval_const_expr: 0
result: 0
eval_const_expr: (3969/625)
result: 3969/625
eval_const_expr: 4
result: 4
eval_const_expr: 4
result: 4
eval_const_expr: (3969/625)
result: 3969/625
eval_const_expr: 0
result: 0
eval_const_expr: (3969/625)
result: 3969/625
eval_const_expr: 4
result: 4
Resetting input_parser_env
|tasks| = 1
Processing: result

*************************************
Taylor form for: rnd64((rnd64((rnd64(x1) * rnd64(x2))) + rnd64((rnd64((rnd64(x1) * rnd64((rnd64((rnd64(x3) - rnd64(x4))) + rnd64((rnd64(x5) - rnd64(x1))))))) - rnd64((rnd64((rnd64((rnd64(x5) - rnd64(x3))) * rnd64((rnd64(x6) - rnd64(x2))))) - rnd64((rnd64(x1) * rnd64((rnd64(x6) - rnd64(x4)))))))))))

Conservative bound: [-34.302321, 90.629901]

Simplified rounding: rnd[64,ne,1.00,-53,0]((rnd64((x1 * x2)) + rnd[64,ne,1.00,-53,0]((rnd64((x1 * rnd[64,ne,1.00,-53,0]((rnd[64,ne,1.00,-53,0]((x3 - x4)) + rnd[64,ne,1.00,-53,0]((x5 - x1)))))) - rnd[64,ne,1.00,-53,0]((rnd64((rnd[64,ne,1.00,-53,0]((x5 - x3)) * rnd[64,ne,1.00,-53,0]((x6 - x2)))) - rnd64((x1 * rnd[64,ne,1.00,-53,0]((x6 - x4))))))))))
Building Taylor forms...
var_form
var_form
mul_form
rounded_form
var_form
var_form
sub_form
rounded_form
var_form
sub_form
rounded_form
add_form
rounded_form
mul_form
rounded_form
sub_form
rounded_form
var_form
sub_form
rounded_form
mul_form
rounded_form
sub_form
rounded_form
mul_form
rounded_form
sub_form
rounded_form
sub_form
rounded_form
add_form
rounded_form
Taylor forms cache stats: num_bindings = 32, num_buckets = 1024, max_bucket_length = 1
Expr cache stats: num_bindings = 75, num_buckets = 65536, max_bucket_length = 1
Simplifying Taylor forms...
success
v0 = ((x1 * x2) + ((x1 * ((x3 - x4) + (x5 - x1))) - (((x5 - x3) * (x6 - x2)) - (x1 * (x6 - x4)))))
-1: exp = -53: (1125899906842625/2535301200456458802993406410752)
1: exp = -53: floor_power2(((x1 * x2) + 0))
2: exp = -53: (x1 * floor_power2(((x3 - x4) + 0)))
3: exp = -53: (x1 * floor_power2(((x5 - x1) + 0)))
4: exp = -53: (x1 * floor_power2((((x3 - x4) + (x5 - x1)) + interval(-4.44089209850062616169e-16, 4.44089209850062616169e-16))))
5: exp = -53: floor_power2(((x1 * ((x3 - x4) + (x5 - x1))) + interval(-5.64028823646367570963e-15, 5.64028823646367570963e-15)))
6: exp = -53: (-(((x6 - x2) * floor_power2(((x5 - x3) + 0)))))
7: exp = -53: (-(((x5 - x3) * floor_power2(((x6 - x2) + 0)))))
8: exp = -53: (-(floor_power2((((x5 - x3) * (x6 - x2)) + interval(-1.04378727883158758735e-15, 1.04378727883158758735e-15)))))
9: exp = -53: (-((-((x1 * floor_power2(((x6 - x4) + 0)))))))
10: exp = -53: (-((-(floor_power2(((x1 * (x6 - x4)) + interval(-1.41007205911591892741e-15, 1.41007205911591892741e-15)))))))
11: exp = -53: (-(floor_power2(((((x5 - x3) * (x6 - x2)) - (x1 * (x6 - x4))) + interval(-3.78612696749769495492e-15, 3.78612696749769495492e-15)))))
12: exp = -53: floor_power2((((x1 * ((x3 - x4) + (x5 - x1))) - (((x5 - x3) * (x6 - x2)) - (x1 * (x6 - x4)))) + interval(-1.29791288827618723828e-14, 1.29791288827618723828e-14)))
13: exp = -53: floor_power2((((x1 * x2) + ((x1 * ((x3 - x4) + (x5 - x1))) - (((x5 - x3) * (x6 - x2)) - (x1 * (x6 - x4))))) + interval(-2.00845562403628742415e-14, 2.00845562403628742415e-14)))

Corresponding original subexpressions:
1: rnd64((x1 * x2))
2: rnd[64,ne,1.00,-53,0]((x3 - x4))
3: rnd[64,ne,1.00,-53,0]((x5 - x1))
4: rnd[64,ne,1.00,-53,0]((rnd[64,ne,1.00,-53,0]((x3 - x4)) + rnd[64,ne,1.00,-53,0]((x5 - x1))))
5: rnd64((x1 * rnd[64,ne,1.00,-53,0]((rnd[64,ne,1.00,-53,0]((x3 - x4)) + rnd[64,ne,1.00,-53,0]((x5 - x1))))))
6: rnd[64,ne,1.00,-53,0]((x5 - x3))
7: rnd[64,ne,1.00,-53,0]((x6 - x2))
8: rnd64((rnd[64,ne,1.00,-53,0]((x5 - x3)) * rnd[64,ne,1.00,-53,0]((x6 - x2))))
9: rnd[64,ne,1.00,-53,0]((x6 - x4))
10: rnd64((x1 * rnd[64,ne,1.00,-53,0]((x6 - x4))))
11: rnd[64,ne,1.00,-53,0]((rnd64((rnd[64,ne,1.00,-53,0]((x5 - x3)) * rnd[64,ne,1.00,-53,0]((x6 - x2)))) - rnd64((x1 * rnd[64,ne,1.00,-53,0]((x6 - x4))))))
12: rnd[64,ne,1.00,-53,0]((rnd64((x1 * rnd[64,ne,1.00,-53,0]((rnd[64,ne,1.00,-53,0]((x3 - x4)) + rnd[64,ne,1.00,-53,0]((x5 - x1)))))) - rnd[64,ne,1.00,-53,0]((rnd64((rnd[64,ne,1.00,-53,0]((x5 - x3)) * rnd[64,ne,1.00,-53,0]((x6 - x2)))) - rnd64((x1 * rnd[64,ne,1.00,-53,0]((x6 - x4))))))))
13: rnd[64,ne,1.00,-53,0]((rnd64((x1 * x2)) + rnd[64,ne,1.00,-53,0]((rnd64((x1 * rnd[64,ne,1.00,-53,0]((rnd[64,ne,1.00,-53,0]((x3 - x4)) + rnd[64,ne,1.00,-53,0]((x5 - x1)))))) - rnd[64,ne,1.00,-53,0]((rnd64((rnd[64,ne,1.00,-53,0]((x5 - x3)) * rnd[64,ne,1.00,-53,0]((x6 - x2)))) - rnd64((x1 * rnd[64,ne,1.00,-53,0]((x6 - x4))))))))))

Selected optimization method: bb
bb_opt: x_abs_tol = 1.000000e-02, f_rel_tol = 1.000000e-02, f_abs_tol = 1.000000e-02, iters = 1000000
iterations(min = 2902, max = 1153): 2902
min = -1.941315e+01 (lower_min = -1.917367e+01)
max = 7.041815e+01 (lower_max = 6.971310e+01)
subopt = 7.050502e-01 (1.0%)
bounds: [-1.941315e+01, 7.041815e+01]

Computing absolute errors
Selected optimization method: bb-eval
bb-eval_opt: x_abs_tol = 1.000000e-02, f_rel_tol = 1.000000e-02, f_abs_tol = 1.000000e-02, iters = 1000000
rmin(result = 4.440892e-16, lower = 4.440892e-16), rmax(result = 4.440892e-16, lower = 4.440892e-16)
-1: exp = -53: 4.440892e-16 (low = 4.440892e-16, subopt = 0.0%)

Solving the exact optimization problem
Selected optimization method: bb
bb_opt: x_abs_tol = 1.000000e-02, f_rel_tol = 1.000000e-02, f_abs_tol = 1.000000e-02, iters = 1000000
iterations(min = 0, max = 147333): 147333
min = 0.000000e+00 (lower_min = 0.000000e+00)
max = 1.825178e+02 (lower_max = 1.820231e+02)
subopt = 4.946398e-01 (0.3%)
exact bound (exp = -53): 1.825178e+02 (low = 1.820231e+02, subopt = 0.3%)
total2: 4.930381e-32 (low = 4.930381e-32, subopt = 0.0%)
exact total: 2.026354e-14 (low = 2.020862e-14, subopt = 0.3%)

Computing relative errors
**WARNING**: 
Cannot compute the relative error: values of the function are close to zero

Elapsed time: 2.17557
*************************************

-------------------------------------------------------------------------------
Problem: result

Optimization lower bounds for error models:
The absolute error (exact) model: 2.020862e-14 (0x1.6c0bd5182a991p-46) (suboptimality = 0.3%)

Bounds (without rounding): [-1.941315e+1, 7.041816e+1]
Bounds (floating-point): [-1.941315e+1, 7.041816e+1]

Absolute error (exact): 2.026355e-14 (0x1.6d0916872b023p-46)

Elapsed time: 2.18

