Base path: /Users/laura.zielinski/FPTaylor
Config file: /Users/laura.zielinski/FPTaylor/default.cfg
Config file: /var/folders/38/q_vgzzt959nfc63ldktzz1gr0000gp/T/tmpccdabjot.cfg
default-rnd = rnd64
nlopt-cc = gcc -std=c99 -O3
opt-exact = true
develop = false
log-append-date = start
uncertainty = false
rel-error = true
opt-approx = false
proof-record = false
find-bounds = false
proof-dir = proofs
opt-f-abs-tol = 0.01
fail-on-exception = true
print-opt-lower-bounds = true
bb-compile = {base}/b_and_b/compile.sh {base} {input} {out}
z3-python-lib = 
opt-x-abs-tol = 0.01
export-error-bounds = 
opt-f-rel-tol = 0.01
export-options = 
opt-x-rel-tol = 0.0
rel-error-threshold = 0.0001
bb-alg = opt0
log-base-dir = log
intermediate-opt = false
z3-interval-bounds = true
opt-max-iters = 1000000
abs-error = true
z3-bin = 
maxima-simplification = false
print-hex-floats = true
debug = true
print-precision = 7
export-error-bounds-data = 
fp-power2-model = true
opt = auto
default-var-type = float64
verbosity = 2
ulp-error = false
opt-timeout = 10000
nlopt-lib = -lnlopt -lm
tmp-base-dir = tmp
unique-indices = false
z3-seed = 0
tmp-date = false
z3-python-cmd = python
const-approx-real-vars = false
print-second-order-errors = false
Resetting input_parser_env
eval_const_expr: 1
result: 1
eval_const_expr: 100
result: 100
eval_const_expr: 0
result: 0
eval_const_expr: 100
result: 100
eval_const_expr: 1
result: 1
eval_const_expr: (-(100))
result: -100
eval_const_expr: 100
result: 100
eval_const_expr: 0
result: 0
eval_const_expr: 100
result: 100
eval_const_expr: (-(100))
result: -100
eval_const_expr: (-(100))
result: -100
eval_const_expr: (-(1))
result: -1
eval_const_expr: 0
result: 0
eval_const_expr: (-(1))
result: -1
eval_const_expr: (-(100))
result: -100
Resetting input_parser_env
|tasks| = 1
Processing: result

*************************************
Taylor form for: rnd64((rnd64((rnd64((rnd64(b) - rnd64(sqrt(rnd64((rnd64((rnd64(a) * rnd64((rnd64(c) * rnd64((-(rnd64(4)))))))) + rnd64((rnd64(b) * rnd64(b))))))))) / rnd64(a))) / rnd64((-(rnd64(2))))))

Conservative bound: [-49.000000, 161.803399]

Simplified rounding: rnd64((rnd64((rnd[64,ne,1.00,-53,0]((b - rnd[64,ne,1.00,-53,0](sqrt(rnd[64,ne,1.00,-53,0]((rnd64((a * rnd64((c * (-(4)))))) + rnd64((b * b)))))))) / a)) / (-(2))))
Building Taylor forms...
var_form
var_form
var_form
const_form
neg_form
mul_form
rounded_form
mul_form
rounded_form
mul_form
rounded_form
add_form
rounded_form
sqrt_form
rounded_form
sub_form
rounded_form
div_form
inv_form
mul_form
rounded_form
const_form
neg_form
div_form
inv_form
mul_form
rounded_form
Taylor forms cache stats: num_bindings = 23, num_buckets = 1024, max_bucket_length = 1
Expr cache stats: num_bindings = 76, num_buckets = 65536, max_bucket_length = 1
Simplifying Taylor forms...
success
v0 = (((b - sqrt(((a * (c * (-(4)))) + (b * b)))) * (1 / a)) * (1 / (-(2))))
-1: exp = -53: (5172652452893591/604462909807314587353088)
1: exp = -53: ((1 / (-(2))) * ((1 / a) * (-(((a * floor_power2(((c * (-(4))) + 0))) / (2 * sqrt(((a * (c * (-(4)))) + (b * b)))))))))
2: exp = -53: ((1 / (-(2))) * ((1 / a) * (-((floor_power2(((a * (c * (-(4)))) + interval(-2.84217094304040114738e-12, 2.84217094304040114738e-12))) / (2 * sqrt(((a * (c * (-(4)))) + (b * b)))))))))
3: exp = -53: ((1 / (-(2))) * ((1 / a) * (-((floor_power2(((b * b) + 0)) / (2 * sqrt(((a * (c * (-(4)))) + (b * b)))))))))
4: exp = -53: ((1 / (-(2))) * ((1 / a) * (-((floor_power2((((a * (c * (-(4)))) + (b * b)) + interval(-7.38964445190504354865e-12, 7.38964445190504354865e-12))) / (2 * sqrt(((a * (c * (-(4)))) + (b * b)))))))))
5: exp = -53: ((1 / (-(2))) * ((1 / a) * (-(floor_power2((sqrt(((a * (c * (-(4)))) + (b * b))) + interval(-2.75690581475108905555e-12, 2.75690581475108905555e-12)))))))
6: exp = -53: ((1 / (-(2))) * ((1 / a) * floor_power2(((b - sqrt(((a * (c * (-(4)))) + (b * b)))) + interval(-2.77111666946629105926e-12, 2.77111666946629105926e-12)))))
7: exp = -53: ((1 / (-(2))) * floor_power2((((b - sqrt(((a * (c * (-(4)))) + (b * b)))) * (1 / a)) + interval(-2.79953837889669506670e-12, 2.79953837889669506670e-12))))
8: exp = -53: floor_power2(((((b - sqrt(((a * (c * (-(4)))) + (b * b)))) * (1 / a)) * (1 / (-(2)))) + interval(-1.41398004416354953707e-12, 1.41398004416354953707e-12)))

Corresponding original subexpressions:
1: rnd64((c * (-(4))))
2: rnd64((a * rnd64((c * (-(4))))))
3: rnd64((b * b))
4: rnd[64,ne,1.00,-53,0]((rnd64((a * rnd64((c * (-(4)))))) + rnd64((b * b))))
5: rnd[64,ne,1.00,-53,0](sqrt(rnd[64,ne,1.00,-53,0]((rnd64((a * rnd64((c * (-(4)))))) + rnd64((b * b))))))
6: rnd[64,ne,1.00,-53,0]((b - rnd[64,ne,1.00,-53,0](sqrt(rnd[64,ne,1.00,-53,0]((rnd64((a * rnd64((c * (-(4)))))) + rnd64((b * b))))))))
7: rnd64((rnd[64,ne,1.00,-53,0]((b - rnd[64,ne,1.00,-53,0](sqrt(rnd[64,ne,1.00,-53,0]((rnd64((a * rnd64((c * (-(4)))))) + rnd64((b * b)))))))) / a))
8: rnd64((rnd64((rnd[64,ne,1.00,-53,0]((b - rnd[64,ne,1.00,-53,0](sqrt(rnd[64,ne,1.00,-53,0]((rnd64((a * rnd64((c * (-(4)))))) + rnd64((b * b)))))))) / a)) / (-(2))))

Selected optimization method: bb
bb_opt: x_abs_tol = 1.000000e-02, f_rel_tol = 1.000000e-02, f_abs_tol = 1.000000e-02, iters = 1000000
iterations(min = 1000000, max = 432): 1000000
min = -1.441018e-02 (lower_min = 9.901951e-03)
max = 1.017431e+02 (lower_max = 1.009902e+02)
subopt = 7.528600e-01 (0.7%)
bounds: [-1.441018e-02, 1.017431e+02]

Computing absolute errors
Selected optimization method: bb-eval
bb-eval_opt: x_abs_tol = 1.000000e-02, f_rel_tol = 1.000000e-02, f_abs_tol = 1.000000e-02, iters = 1000000
rmin(result = 8.557436e-09, lower = 8.557436e-09), rmax(result = 8.557436e-09, lower = 8.557436e-09)
-1: exp = -53: 8.557436e-09 (low = 8.557436e-09, subopt = 0.0%)

Solving the exact optimization problem
Selected optimization method: bb
bb_opt: x_abs_tol = 1.000000e-02, f_rel_tol = 1.000000e-02, f_abs_tol = 1.000000e-02, iters = 1000000
iterations(min = 0, max = 648): 648
min = 0.000000e+00 (lower_min = 0.000000e+00)
max = 2.724947e+02 (lower_max = 2.698785e+02)
subopt = 2.616285e+00 (1.0%)
exact bound (exp = -53): 2.724947e+02 (low = 2.698785e+02, subopt = 1.0%)
total2: 9.500662e-25 (low = 9.500662e-25, subopt = 0.0%)
exact total: 3.025299e-14 (low = 2.996253e-14, subopt = 1.0%)

Computing relative errors
**WARNING**: 
Cannot compute the relative error: values of the function are close to zero

Elapsed time: 3.40823
*************************************

-------------------------------------------------------------------------------
Problem: result

Optimization lower bounds for error models:
The absolute error (exact) model: 2.996252e-14 (0x1.0de0e2b00bea4p-45) (suboptimality = 1.0%)

Bounds (without rounding): [-1.441018e-2, 1.017431e+2]
Bounds (floating-point): [-1.441018e-2, 1.017431e+2]

Absolute error (exact): 3.025300e-14 (0x1.107ea78a25a04p-45)

Elapsed time: 3.41

