Base path: /Users/laura.zielinski/FPTaylor
Config file: /Users/laura.zielinski/FPTaylor/default.cfg
Config file: /var/folders/38/q_vgzzt959nfc63ldktzz1gr0000gp/T/tmppkdrsjyd.cfg
default-rnd = rnd64
nlopt-cc = gcc -std=c99 -O3
opt-exact = true
develop = false
log-append-date = start
uncertainty = false
rel-error = true
opt-approx = false
proof-record = false
find-bounds = false
proof-dir = proofs
opt-f-abs-tol = 0.01
fail-on-exception = true
print-opt-lower-bounds = true
bb-compile = {base}/b_and_b/compile.sh {base} {input} {out}
z3-python-lib = 
opt-x-abs-tol = 0.01
export-error-bounds = 
opt-f-rel-tol = 0.01
export-options = 
opt-x-rel-tol = 0.0
rel-error-threshold = 0.0001
bb-alg = opt0
log-base-dir = log
intermediate-opt = false
z3-interval-bounds = true
opt-max-iters = 1000000
abs-error = true
z3-bin = 
maxima-simplification = false
print-hex-floats = true
debug = true
print-precision = 7
export-error-bounds-data = 
fp-power2-model = true
opt = auto
default-var-type = float64
verbosity = 2
ulp-error = false
opt-timeout = 10000
nlopt-lib = -lnlopt -lm
tmp-base-dir = tmp
unique-indices = false
z3-seed = 0
tmp-date = false
z3-python-cmd = python
const-approx-real-vars = false
print-second-order-errors = false
Resetting input_parser_env
eval_const_expr: 1
result: 1
eval_const_expr: 100
result: 100
eval_const_expr: 0
result: 0
eval_const_expr: 100
result: 100
eval_const_expr: 1
result: 1
eval_const_expr: (-(100))
result: -100
eval_const_expr: 100
result: 100
eval_const_expr: 0
result: 0
eval_const_expr: 100
result: 100
eval_const_expr: (-(100))
result: -100
eval_const_expr: (-(100))
result: -100
eval_const_expr: (-(1))
result: -1
eval_const_expr: 0
result: 0
eval_const_expr: (-(1))
result: -1
eval_const_expr: (-(100))
result: -100
Resetting input_parser_env
|tasks| = 1
Processing: result

*************************************
Taylor form for: rnd64((rnd64((rnd64((rnd64(b) - rnd64(sqrt(rnd64((rnd64((rnd64(b) * rnd64(b))) - rnd64((rnd64((rnd64(c) * rnd64(a))) * rnd64(4))))))))) / rnd64(a))) / rnd64((-(rnd64(2))))))

Conservative bound: [-49.000000, 161.803399]

Simplified rounding: rnd64((rnd64((rnd[64,ne,1.00,-53,0]((b - rnd[64,ne,1.00,-53,0](sqrt(rnd[64,ne,1.00,-53,0]((rnd64((b * b)) - (rnd64((c * a)) * 4))))))) / a)) / (-(2))))
Building Taylor forms...
var_form
mul_form
rounded_form
var_form
var_form
mul_form
rounded_form
const_form
mul_form
sub_form
rounded_form
sqrt_form
rounded_form
sub_form
rounded_form
div_form
inv_form
mul_form
rounded_form
const_form
neg_form
div_form
inv_form
mul_form
rounded_form
Taylor forms cache stats: num_bindings = 21, num_buckets = 1024, max_bucket_length = 1
Expr cache stats: num_bindings = 69, num_buckets = 65536, max_bucket_length = 1
Simplifying Taylor forms...
success
v0 = (((b - sqrt(((b * b) - ((c * a) * 4)))) * (1 / a)) * (1 / (-(2))))
-1: exp = -53: (178120883700259/37778931862957161709568)
1: exp = -53: ((1 / (-(2))) * ((1 / a) * (-((floor_power2(((b * b) + 0)) / (2 * sqrt(((b * b) - ((c * a) * 4)))))))))
2: exp = -53: ((1 / (-(2))) * ((1 / a) * (-(((-((4 * floor_power2(((c * a) + 0))))) / (2 * sqrt(((b * b) - ((c * a) * 4)))))))))
3: exp = -53: ((1 / (-(2))) * ((1 / a) * (-((floor_power2((((b * b) - ((c * a) * 4)) + interval(-4.54747350886464199737e-12, 4.54747350886464199737e-12))) / (2 * sqrt(((b * b) - ((c * a) * 4)))))))))
4: exp = -53: ((1 / (-(2))) * ((1 / a) * (-(floor_power2((sqrt(((b * b) - ((c * a) * 4))) + interval(-2.04636307899013583967e-12, 2.04636307899013583967e-12)))))))
5: exp = -53: ((1 / (-(2))) * ((1 / a) * floor_power2(((b - sqrt(((b * b) - ((c * a) * 4)))) + interval(-2.06057393370533784339e-12, 2.06057393370533784339e-12)))))
6: exp = -53: ((1 / (-(2))) * floor_power2((((b - sqrt(((b * b) - ((c * a) * 4)))) * (1 / a)) + interval(-2.08899564313574185082e-12, 2.08899564313574185082e-12))))
7: exp = -53: floor_power2(((((b - sqrt(((b * b) - ((c * a) * 4)))) * (1 / a)) * (1 / (-(2)))) + interval(-1.05870867628307292913e-12, 1.05870867628307292913e-12)))

Corresponding original subexpressions:
1: rnd64((b * b))
2: rnd64((c * a))
3: rnd[64,ne,1.00,-53,0]((rnd64((b * b)) - (rnd64((c * a)) * 4)))
4: rnd[64,ne,1.00,-53,0](sqrt(rnd[64,ne,1.00,-53,0]((rnd64((b * b)) - (rnd64((c * a)) * 4)))))
5: rnd[64,ne,1.00,-53,0]((b - rnd[64,ne,1.00,-53,0](sqrt(rnd[64,ne,1.00,-53,0]((rnd64((b * b)) - (rnd64((c * a)) * 4)))))))
6: rnd64((rnd[64,ne,1.00,-53,0]((b - rnd[64,ne,1.00,-53,0](sqrt(rnd[64,ne,1.00,-53,0]((rnd64((b * b)) - (rnd64((c * a)) * 4))))))) / a))
7: rnd64((rnd64((rnd[64,ne,1.00,-53,0]((b - rnd[64,ne,1.00,-53,0](sqrt(rnd[64,ne,1.00,-53,0]((rnd64((b * b)) - (rnd64((c * a)) * 4))))))) / a)) / (-(2))))

Selected optimization method: bb
bb_opt: x_abs_tol = 1.000000e-02, f_rel_tol = 1.000000e-02, f_abs_tol = 1.000000e-02, iters = 1000000
iterations(min = 1000000, max = 432): 1000000
min = -1.441018e-02 (lower_min = 9.901951e-03)
max = 1.017431e+02 (lower_max = 1.009902e+02)
subopt = 7.528600e-01 (0.7%)
bounds: [-1.441018e-02, 1.017431e+02]

Computing absolute errors
Selected optimization method: bb-eval
bb-eval_opt: x_abs_tol = 1.000000e-02, f_rel_tol = 1.000000e-02, f_abs_tol = 1.000000e-02, iters = 1000000
rmin(result = 4.714821e-09, lower = 4.714821e-09), rmax(result = 4.714821e-09, lower = 4.714821e-09)
-1: exp = -53: 4.714821e-09 (low = 4.714821e-09, subopt = 0.0%)

Solving the exact optimization problem
Selected optimization method: bb
bb_opt: x_abs_tol = 1.000000e-02, f_rel_tol = 1.000000e-02, f_abs_tol = 1.000000e-02, iters = 1000000
iterations(min = 0, max = 414): 414
min = 0.000000e+00 (lower_min = 0.000000e+00)
max = 2.718006e+02 (lower_max = 2.691833e+02)
subopt = 2.617247e+00 (1.0%)
exact bound (exp = -53): 2.718006e+02 (low = 2.691833e+02, subopt = 1.0%)
total2: 5.234502e-25 (low = 5.234502e-25, subopt = 0.0%)
exact total: 3.017593e-14 (low = 2.988535e-14, subopt = 1.0%)

Computing relative errors
**WARNING**: 
Cannot compute the relative error: values of the function are close to zero

Elapsed time: 3.28968
*************************************

-------------------------------------------------------------------------------
Problem: result

Optimization lower bounds for error models:
The absolute error (exact) model: 2.988535e-14 (0x1.0d2eeec496f07p-45) (suboptimality = 1.0%)

Bounds (without rounding): [-1.441018e-2, 1.017431e+2]
Bounds (floating-point): [-1.441018e-2, 1.017431e+2]

Absolute error (exact): 3.017593e-14 (0x1.0fccf2b1b9961p-45)

Elapsed time: 3.29

