Base path: /Users/laura.zielinski/FPTaylor
Config file: /Users/laura.zielinski/FPTaylor/default.cfg
Config file: /var/folders/38/q_vgzzt959nfc63ldktzz1gr0000gp/T/tmpnwyoqq85.cfg
default-rnd = rnd64
nlopt-cc = gcc -std=c99 -O3
opt-exact = true
develop = false
log-append-date = start
uncertainty = false
rel-error = true
opt-approx = false
proof-record = false
find-bounds = false
proof-dir = proofs
opt-f-abs-tol = 0.01
fail-on-exception = true
print-opt-lower-bounds = true
bb-compile = {base}/b_and_b/compile.sh {base} {input} {out}
z3-python-lib = 
opt-x-abs-tol = 0.01
export-error-bounds = 
opt-f-rel-tol = 0.01
export-options = 
opt-x-rel-tol = 0.0
rel-error-threshold = 0.0001
bb-alg = opt0
log-base-dir = log
intermediate-opt = false
z3-interval-bounds = true
opt-max-iters = 1000000
abs-error = true
z3-bin = 
maxima-simplification = false
print-hex-floats = true
debug = true
print-precision = 7
export-error-bounds-data = 
fp-power2-model = true
opt = auto
default-var-type = float64
verbosity = 2
ulp-error = false
opt-timeout = 10000
nlopt-lib = -lnlopt -lm
tmp-base-dir = tmp
unique-indices = false
z3-seed = 0
tmp-date = false
z3-python-cmd = python
const-approx-real-vars = false
print-second-order-errors = false
Resetting input_parser_env
eval_const_expr: 4
result: 4
eval_const_expr: (159/25)
result: 159/25
eval_const_expr: 0
result: 0
eval_const_expr: (159/25)
result: 159/25
eval_const_expr: 4
result: 4
eval_const_expr: 4
result: 4
eval_const_expr: (159/25)
result: 159/25
eval_const_expr: 0
result: 0
eval_const_expr: (159/25)
result: 159/25
eval_const_expr: 4
result: 4
eval_const_expr: 4
result: 4
eval_const_expr: (159/25)
result: 159/25
eval_const_expr: 0
result: 0
eval_const_expr: (159/25)
result: 159/25
eval_const_expr: 4
result: 4
eval_const_expr: 4
result: 4
eval_const_expr: (159/25)
result: 159/25
eval_const_expr: 0
result: 0
eval_const_expr: (159/25)
result: 159/25
eval_const_expr: 4
result: 4
eval_const_expr: 4
result: 4
eval_const_expr: (159/25)
result: 159/25
eval_const_expr: 0
result: 0
eval_const_expr: (159/25)
result: 159/25
eval_const_expr: 4
result: 4
eval_const_expr: 4
result: 4
eval_const_expr: (159/25)
result: 159/25
eval_const_expr: 0
result: 0
eval_const_expr: (159/25)
result: 159/25
eval_const_expr: 4
result: 4
Resetting input_parser_env
|tasks| = 1
Processing: result

*************************************
Taylor form for: rnd64((-(rnd64((rnd64((rnd64((rnd64((rnd64((rnd64(x6) * rnd64(x4))) * rnd64(x5))) + rnd64((rnd64((rnd64(x1) * rnd64((rnd64((rnd64(x2) * rnd64(x6))) - rnd64((rnd64((rnd64(x5) + rnd64((rnd64((rnd64(x2) - rnd64(x1))) - rnd64((rnd64(x4) - rnd64(x3))))))) * rnd64(x4))))))) - rnd64((rnd64((rnd64(x6) * rnd64(x1))) * rnd64(x4))))))) - rnd64((rnd64((rnd64(x4) + rnd64((rnd64((rnd64(x3) - rnd64(x2))) + rnd64((rnd64(x1) - rnd64(x5))))))) * rnd64((rnd64(x2) * rnd64(x5))))))) - rnd64((rnd64((rnd64(x5) * rnd64((rnd64(x2) * rnd64(x6))))) - rnd64((rnd64(x3) * rnd64((rnd64((rnd64(x5) * rnd64(x1))) + rnd64((rnd64((rnd64((rnd64((rnd64((rnd64(x6) - rnd64(x2))) - rnd64((rnd64(x1) - rnd64(x3))))) - rnd64(x4))) * rnd64(x6))) - rnd64((rnd64((rnd64(x5) * rnd64(x6))) - rnd64((rnd64(x2) * rnd64(x4))))))))))))))))))

Conservative bound: [-886.648960, 1747.043072]

Simplified rounding: (-(rnd[64,ne,1.00,-53,0]((rnd[64,ne,1.00,-53,0]((rnd[64,ne,1.00,-53,0]((rnd64((rnd64((x6 * x4)) * x5)) + rnd[64,ne,1.00,-53,0]((rnd64((x1 * rnd[64,ne,1.00,-53,0]((rnd64((x2 * x6)) - rnd64((rnd[64,ne,1.00,-53,0]((x5 + rnd[64,ne,1.00,-53,0]((rnd[64,ne,1.00,-53,0]((x2 - x1)) - rnd[64,ne,1.00,-53,0]((x4 - x3)))))) * x4)))))) - rnd64((rnd64((x6 * x1)) * x4)))))) - rnd64((rnd[64,ne,1.00,-53,0]((x4 + rnd[64,ne,1.00,-53,0]((rnd[64,ne,1.00,-53,0]((x3 - x2)) + rnd[64,ne,1.00,-53,0]((x1 - x5)))))) * rnd64((x2 * x5)))))) - rnd[64,ne,1.00,-53,0]((rnd64((x5 * rnd64((x2 * x6)))) - rnd64((x3 * rnd[64,ne,1.00,-53,0]((rnd64((x5 * x1)) + rnd[64,ne,1.00,-53,0]((rnd64((rnd[64,ne,1.00,-53,0]((rnd[64,ne,1.00,-53,0]((rnd[64,ne,1.00,-53,0]((x6 - x2)) - rnd[64,ne,1.00,-53,0]((x1 - x3)))) - x4)) * x6)) - rnd[64,ne,1.00,-53,0]((rnd64((x5 * x6)) - rnd64((x2 * x4))))))))))))))))
Building Taylor forms...
var_form
var_form
mul_form
rounded_form
var_form
mul_form
rounded_form
var_form
var_form
mul_form
rounded_form
sub_form
rounded_form
var_form
sub_form
rounded_form
sub_form
rounded_form
add_form
rounded_form
mul_form
rounded_form
sub_form
rounded_form
mul_form
rounded_form
mul_form
rounded_form
mul_form
rounded_form
sub_form
rounded_form
add_form
rounded_form
sub_form
rounded_form
sub_form
rounded_form
add_form
rounded_form
add_form
rounded_form
mul_form
rounded_form
mul_form
rounded_form
sub_form
rounded_form
mul_form
rounded_form
mul_form
rounded_form
sub_form
rounded_form
sub_form
rounded_form
sub_form
rounded_form
sub_form
rounded_form
mul_form
rounded_form
mul_form
rounded_form
mul_form
rounded_form
sub_form
rounded_form
sub_form
rounded_form
add_form
rounded_form
mul_form
rounded_form
sub_form
rounded_form
sub_form
rounded_form
neg_form
Taylor forms cache stats: num_bindings = 79, num_buckets = 1024, max_bucket_length = 2
Expr cache stats: num_bindings = 242, num_buckets = 65536, max_bucket_length = 1
Simplifying Taylor forms...
success
v0 = (-((((((x6 * x4) * x5) + ((x1 * ((x2 * x6) - ((x5 + ((x2 - x1) - (x4 - x3))) * x4))) - ((x6 * x1) * x4))) - ((x4 + ((x3 - x2) + (x1 - x5))) * (x2 * x5))) - ((x5 * (x2 * x6)) - (x3 * ((x5 * x1) + (((((x6 - x2) - (x1 - x3)) - x4) * x6) - ((x5 * x6) - (x2 * x4)))))))))
-1: exp = -53: (-((4503599627370501/79228162514264337593543950336)))
1: exp = -53: (-((x5 * floor_power2(((x6 * x4) + 0)))))
2: exp = -53: (-(floor_power2((((x6 * x4) * x5) + interval(-2.25952589971711902021e-14, 2.25952589971711902021e-14)))))
3: exp = -53: (-(((x1 * floor_power2(((x2 * x6) + 0))) + (-((x5 * floor_power2(((x2 * x6) + 0))))))))
4: exp = -53: (-((x1 * (-((x4 * floor_power2(((x2 - x1) + 0))))))))
5: exp = -53: (-((x1 * (-((x4 * (-(floor_power2(((x4 - x3) + 0))))))))))
6: exp = -53: (-((x1 * (-((x4 * floor_power2((((x2 - x1) - (x4 - x3)) + interval(-4.44089209850062616169e-16, 4.44089209850062616169e-16)))))))))
7: exp = -53: (-((x1 * (-((x4 * floor_power2(((x5 + ((x2 - x1) - (x4 - x3))) + interval(-8.88178419700125232339e-16, 8.88178419700125232339e-16)))))))))
8: exp = -53: (-((x1 * (-(floor_power2((((x5 + ((x2 - x1) - (x4 - x3))) * x4) + interval(-1.12976294985855935233e-14, 1.12976294985855935233e-14))))))))
9: exp = -53: (-((x1 * floor_power2((((x2 * x6) - ((x5 + ((x2 - x1) - (x4 - x3))) * x4)) + interval(-2.19557705349871010446e-14, 2.19557705349871010446e-14))))))
10: exp = -53: (-(floor_power2(((x1 * ((x2 * x6) - ((x5 + ((x2 - x1) - (x4 - x3))) * x4))) + interval(-1.62233959599689189196e-13, 1.62233959599689189196e-13)))))
11: exp = -53: (-((-((x4 * floor_power2(((x6 * x1) + 0)))))))
12: exp = -53: (-((-(floor_power2((((x6 * x1) * x4) + interval(-2.25952589971711902021e-14, 2.25952589971711902021e-14)))))))
13: exp = -53: (-(floor_power2((((x1 * ((x2 * x6) - ((x5 + ((x2 - x1) - (x4 - x3))) * x4))) - ((x6 * x1) * x4)) + interval(-2.41672637457668413201e-13, 2.41672637457668413201e-13)))))
14: exp = -53: (-(floor_power2(((((x6 * x4) * x5) + ((x1 * ((x2 * x6) - ((x5 + ((x2 - x1) - (x4 - x3))) * x4))) - ((x6 * x1) * x4))) + interval(-3.49533024746051669884e-13, 3.49533024746051669884e-13)))))
15: exp = -53: (-((-(((x2 * x5) * floor_power2(((x3 - x2) + 0)))))))
16: exp = -53: (-((-(((x2 * x5) * floor_power2(((x1 - x5) + 0)))))))
17: exp = -53: (-((-(((x2 * x5) * floor_power2((((x3 - x2) + (x1 - x5)) + interval(-4.44089209850062616169e-16, 4.44089209850062616169e-16))))))))
18: exp = -53: (-((-(((x2 * x5) * floor_power2(((x4 + ((x3 - x2) + (x1 - x5))) + interval(-8.88178419700125232339e-16, 8.88178419700125232339e-16))))))))
19: exp = -53: (-((-(((x4 + ((x3 - x2) + (x1 - x5))) * floor_power2(((x2 * x5) + 0)))))))
20: exp = -53: (-((-(floor_power2((((x4 + ((x3 - x2) + (x1 - x5))) * (x2 * x5)) + interval(-1.11216991172113960005e-13, 1.11216991172113960005e-13)))))))
21: exp = -53: (-(floor_power2((((((x6 * x4) * x5) + ((x1 * ((x2 * x6) - ((x5 + ((x2 - x1) - (x4 - x3))) * x4))) - ((x6 * x1) * x4))) - ((x4 + ((x3 - x2) + (x1 - x5))) * (x2 * x5))) + interval(-5.46015144209377816276e-13, 5.46015144209377816276e-13)))))
22: exp = -53: (-((-(floor_power2(((x5 * (x2 * x6)) + interval(-2.25952589971711902021e-14, 2.25952589971711902021e-14)))))))
23: exp = -53: (-((-((-((x3 * floor_power2(((x5 * x1) + 0)))))))))
24: exp = -53: (-((-((-((x3 * (x6 * floor_power2(((x6 - x2) + 0))))))))))
25: exp = -53: (-((-((-((x3 * (x6 * (-(floor_power2(((x1 - x3) + 0))))))))))))
26: exp = -53: (-((-((-((x3 * (x6 * floor_power2((((x6 - x2) - (x1 - x3)) + interval(-4.44089209850062616169e-16, 4.44089209850062616169e-16)))))))))))
27: exp = -53: (-((-((-((x3 * (x6 * floor_power2(((((x6 - x2) - (x1 - x3)) - x4) + interval(-8.88178419700125232339e-16, 8.88178419700125232339e-16)))))))))))
28: exp = -53: (-((-((-((x3 * floor_power2((((((x6 - x2) - (x1 - x3)) - x4) * x6) + interval(-1.12976294985855935233e-14, 1.12976294985855935233e-14))))))))))
29: exp = -53: (-((-((-((x3 * (-(floor_power2(((x5 * x6) + 0)))))))))))
30: exp = -53: (-((-((-((x3 * (-((-(floor_power2(((x2 * x4) + 0)))))))))))))
31: exp = -53: (-((-((-((x3 * (-(floor_power2((((x5 * x6) - (x2 * x4)) + interval(-7.10542735760100343643e-15, 7.10542735760100343643e-15))))))))))))
32: exp = -53: (-((-((-((x3 * floor_power2(((((((x6 - x2) - (x1 - x3)) - x4) * x6) - ((x5 * x6) - (x2 * x4))) + interval(-2.72848410531878492832e-14, 2.72848410531878492832e-14))))))))))
33: exp = -53: (-((-((-((x3 * floor_power2((((x5 * x1) + (((((x6 - x2) - (x1 - x3)) - x4) * x6) - ((x5 * x6) - (x2 * x4)))) + interval(-3.79429820895893552267e-14, 3.79429820895893552267e-14))))))))))
34: exp = -53: (-((-((-(floor_power2(((x3 * ((x5 * x1) + (((((x6 - x2) - (x1 - x3)) - x4) * x6) - ((x5 * x6) - (x2 * x4))))) + interval(-2.86507884084130852059e-13, 2.86507884084130852059e-13)))))))))
35: exp = -53: (-((-(floor_power2((((x5 * (x2 * x6)) - (x3 * ((x5 * x1) + (((((x6 - x2) - (x1 - x3)) - x4) * x6) - ((x5 * x6) - (x2 * x4)))))) + interval(-3.65946561942110101307e-13, 3.65946561942110101307e-13)))))))
36: exp = -53: (-(floor_power2(((((((x6 * x4) * x5) + ((x1 * ((x2 * x6) - ((x5 + ((x2 - x1) - (x4 - x3))) * x4))) - ((x6 * x1) * x4))) - ((x4 + ((x3 - x2) + (x1 - x5))) * (x2 * x5))) - ((x5 * (x2 * x6)) - (x3 * ((x5 * x1) + (((((x6 - x2) - (x1 - x3)) - x4) * x6) - ((x5 * x6) - (x2 * x4))))))) + interval(-9.99500571197132716886e-13, 9.99500571197132716886e-13)))))

Corresponding original subexpressions:
1: rnd64((x6 * x4))
2: rnd64((rnd64((x6 * x4)) * x5))
3: rnd64((x2 * x6))
4: rnd[64,ne,1.00,-53,0]((x2 - x1))
5: rnd[64,ne,1.00,-53,0]((x4 - x3))
6: rnd[64,ne,1.00,-53,0]((rnd[64,ne,1.00,-53,0]((x2 - x1)) - rnd[64,ne,1.00,-53,0]((x4 - x3))))
7: rnd[64,ne,1.00,-53,0]((x5 + rnd[64,ne,1.00,-53,0]((rnd[64,ne,1.00,-53,0]((x2 - x1)) - rnd[64,ne,1.00,-53,0]((x4 - x3))))))
8: rnd64((rnd[64,ne,1.00,-53,0]((x5 + rnd[64,ne,1.00,-53,0]((rnd[64,ne,1.00,-53,0]((x2 - x1)) - rnd[64,ne,1.00,-53,0]((x4 - x3)))))) * x4))
9: rnd[64,ne,1.00,-53,0]((rnd64((x2 * x6)) - rnd64((rnd[64,ne,1.00,-53,0]((x5 + rnd[64,ne,1.00,-53,0]((rnd[64,ne,1.00,-53,0]((x2 - x1)) - rnd[64,ne,1.00,-53,0]((x4 - x3)))))) * x4))))
10: rnd64((x1 * rnd[64,ne,1.00,-53,0]((rnd64((x2 * x6)) - rnd64((rnd[64,ne,1.00,-53,0]((x5 + rnd[64,ne,1.00,-53,0]((rnd[64,ne,1.00,-53,0]((x2 - x1)) - rnd[64,ne,1.00,-53,0]((x4 - x3)))))) * x4))))))
11: rnd64((x6 * x1))
12: rnd64((rnd64((x6 * x1)) * x4))
13: rnd[64,ne,1.00,-53,0]((rnd64((x1 * rnd[64,ne,1.00,-53,0]((rnd64((x2 * x6)) - rnd64((rnd[64,ne,1.00,-53,0]((x5 + rnd[64,ne,1.00,-53,0]((rnd[64,ne,1.00,-53,0]((x2 - x1)) - rnd[64,ne,1.00,-53,0]((x4 - x3)))))) * x4)))))) - rnd64((rnd64((x6 * x1)) * x4))))
14: rnd[64,ne,1.00,-53,0]((rnd64((rnd64((x6 * x4)) * x5)) + rnd[64,ne,1.00,-53,0]((rnd64((x1 * rnd[64,ne,1.00,-53,0]((rnd64((x2 * x6)) - rnd64((rnd[64,ne,1.00,-53,0]((x5 + rnd[64,ne,1.00,-53,0]((rnd[64,ne,1.00,-53,0]((x2 - x1)) - rnd[64,ne,1.00,-53,0]((x4 - x3)))))) * x4)))))) - rnd64((rnd64((x6 * x1)) * x4))))))
15: rnd[64,ne,1.00,-53,0]((x3 - x2))
16: rnd[64,ne,1.00,-53,0]((x1 - x5))
17: rnd[64,ne,1.00,-53,0]((rnd[64,ne,1.00,-53,0]((x3 - x2)) + rnd[64,ne,1.00,-53,0]((x1 - x5))))
18: rnd[64,ne,1.00,-53,0]((x4 + rnd[64,ne,1.00,-53,0]((rnd[64,ne,1.00,-53,0]((x3 - x2)) + rnd[64,ne,1.00,-53,0]((x1 - x5))))))
19: rnd64((x2 * x5))
20: rnd64((rnd[64,ne,1.00,-53,0]((x4 + rnd[64,ne,1.00,-53,0]((rnd[64,ne,1.00,-53,0]((x3 - x2)) + rnd[64,ne,1.00,-53,0]((x1 - x5)))))) * rnd64((x2 * x5))))
21: rnd[64,ne,1.00,-53,0]((rnd[64,ne,1.00,-53,0]((rnd64((rnd64((x6 * x4)) * x5)) + rnd[64,ne,1.00,-53,0]((rnd64((x1 * rnd[64,ne,1.00,-53,0]((rnd64((x2 * x6)) - rnd64((rnd[64,ne,1.00,-53,0]((x5 + rnd[64,ne,1.00,-53,0]((rnd[64,ne,1.00,-53,0]((x2 - x1)) - rnd[64,ne,1.00,-53,0]((x4 - x3)))))) * x4)))))) - rnd64((rnd64((x6 * x1)) * x4)))))) - rnd64((rnd[64,ne,1.00,-53,0]((x4 + rnd[64,ne,1.00,-53,0]((rnd[64,ne,1.00,-53,0]((x3 - x2)) + rnd[64,ne,1.00,-53,0]((x1 - x5)))))) * rnd64((x2 * x5))))))
22: rnd64((x5 * rnd64((x2 * x6))))
23: rnd64((x5 * x1))
24: rnd[64,ne,1.00,-53,0]((x6 - x2))
25: rnd[64,ne,1.00,-53,0]((x1 - x3))
26: rnd[64,ne,1.00,-53,0]((rnd[64,ne,1.00,-53,0]((x6 - x2)) - rnd[64,ne,1.00,-53,0]((x1 - x3))))
27: rnd[64,ne,1.00,-53,0]((rnd[64,ne,1.00,-53,0]((rnd[64,ne,1.00,-53,0]((x6 - x2)) - rnd[64,ne,1.00,-53,0]((x1 - x3)))) - x4))
28: rnd64((rnd[64,ne,1.00,-53,0]((rnd[64,ne,1.00,-53,0]((rnd[64,ne,1.00,-53,0]((x6 - x2)) - rnd[64,ne,1.00,-53,0]((x1 - x3)))) - x4)) * x6))
29: rnd64((x5 * x6))
30: rnd64((x2 * x4))
31: rnd[64,ne,1.00,-53,0]((rnd64((x5 * x6)) - rnd64((x2 * x4))))
32: rnd[64,ne,1.00,-53,0]((rnd64((rnd[64,ne,1.00,-53,0]((rnd[64,ne,1.00,-53,0]((rnd[64,ne,1.00,-53,0]((x6 - x2)) - rnd[64,ne,1.00,-53,0]((x1 - x3)))) - x4)) * x6)) - rnd[64,ne,1.00,-53,0]((rnd64((x5 * x6)) - rnd64((x2 * x4))))))
33: rnd[64,ne,1.00,-53,0]((rnd64((x5 * x1)) + rnd[64,ne,1.00,-53,0]((rnd64((rnd[64,ne,1.00,-53,0]((rnd[64,ne,1.00,-53,0]((rnd[64,ne,1.00,-53,0]((x6 - x2)) - rnd[64,ne,1.00,-53,0]((x1 - x3)))) - x4)) * x6)) - rnd[64,ne,1.00,-53,0]((rnd64((x5 * x6)) - rnd64((x2 * x4))))))))
34: rnd64((x3 * rnd[64,ne,1.00,-53,0]((rnd64((x5 * x1)) + rnd[64,ne,1.00,-53,0]((rnd64((rnd[64,ne,1.00,-53,0]((rnd[64,ne,1.00,-53,0]((rnd[64,ne,1.00,-53,0]((x6 - x2)) - rnd[64,ne,1.00,-53,0]((x1 - x3)))) - x4)) * x6)) - rnd[64,ne,1.00,-53,0]((rnd64((x5 * x6)) - rnd64((x2 * x4))))))))))
35: rnd[64,ne,1.00,-53,0]((rnd64((x5 * rnd64((x2 * x6)))) - rnd64((x3 * rnd[64,ne,1.00,-53,0]((rnd64((x5 * x1)) + rnd[64,ne,1.00,-53,0]((rnd64((rnd[64,ne,1.00,-53,0]((rnd[64,ne,1.00,-53,0]((rnd[64,ne,1.00,-53,0]((x6 - x2)) - rnd[64,ne,1.00,-53,0]((x1 - x3)))) - x4)) * x6)) - rnd[64,ne,1.00,-53,0]((rnd64((x5 * x6)) - rnd64((x2 * x4))))))))))))
36: rnd[64,ne,1.00,-53,0]((rnd[64,ne,1.00,-53,0]((rnd[64,ne,1.00,-53,0]((rnd64((rnd64((x6 * x4)) * x5)) + rnd[64,ne,1.00,-53,0]((rnd64((x1 * rnd[64,ne,1.00,-53,0]((rnd64((x2 * x6)) - rnd64((rnd[64,ne,1.00,-53,0]((x5 + rnd[64,ne,1.00,-53,0]((rnd[64,ne,1.00,-53,0]((x2 - x1)) - rnd[64,ne,1.00,-53,0]((x4 - x3)))))) * x4)))))) - rnd64((rnd64((x6 * x1)) * x4)))))) - rnd64((rnd[64,ne,1.00,-53,0]((x4 + rnd[64,ne,1.00,-53,0]((rnd[64,ne,1.00,-53,0]((x3 - x2)) + rnd[64,ne,1.00,-53,0]((x1 - x5)))))) * rnd64((x2 * x5)))))) - rnd[64,ne,1.00,-53,0]((rnd64((x5 * rnd64((x2 * x6)))) - rnd64((x3 * rnd[64,ne,1.00,-53,0]((rnd64((x5 * x1)) + rnd[64,ne,1.00,-53,0]((rnd64((rnd[64,ne,1.00,-53,0]((rnd[64,ne,1.00,-53,0]((rnd[64,ne,1.00,-53,0]((x6 - x2)) - rnd[64,ne,1.00,-53,0]((x1 - x3)))) - x4)) * x6)) - rnd[64,ne,1.00,-53,0]((rnd64((x5 * x6)) - rnd64((x2 * x4))))))))))))))

Selected optimization method: bb
bb_opt: x_abs_tol = 1.000000e-02, f_rel_tol = 1.000000e-02, f_abs_tol = 1.000000e-02, iters = 1000000
iterations(min = 1000000, max = 1000000): 1000000
min = 6.585676e+01 (lower_min = 1.280000e+02)
max = 5.223443e+02 (lower_max = 5.145189e+02)
subopt = 7.825386e+00 (1.5%)
bounds: [6.585676e+01, 5.223443e+02]

Computing absolute errors
Selected optimization method: bb-eval
bb-eval_opt: x_abs_tol = 1.000000e-02, f_rel_tol = 1.000000e-02, f_abs_tol = 1.000000e-02, iters = 1000000
rmin(result = -5.684342e-14, lower = -5.684342e-14), rmax(result = -5.684342e-14, lower = -5.684342e-14)
-1: exp = -53: 5.684342e-14 (low = 5.684342e-14, subopt = 0.0%)

Solving the exact optimization problem
Selected optimization method: bb
bb_opt: x_abs_tol = 1.000000e-02, f_rel_tol = 1.000000e-02, f_abs_tol = 1.000000e-02, iters = 1000000
iterations(min = 0, max = 11998): 11998
min = 0.000000e+00 (lower_min = 0.000000e+00)
max = 4.667977e+03 (lower_max = 4.624703e+03)
subopt = 4.327389e+01 (0.9%)
exact bound (exp = -53): 4.667977e+03 (low = 4.624703e+03, subopt = 0.9%)
total2: 6.310887e-30 (low = 6.310887e-30, subopt = 0.0%)
exact total: 5.182495e-13 (low = 5.134452e-13, subopt = 0.9%)

Computing relative errors
Selected optimization method: bb-eval
bb-eval_opt: x_abs_tol = 1.000000e-02, f_rel_tol = 1.000000e-02, f_abs_tol = 1.000000e-02, iters = 1000000
rmin(result = -5.684342e-14, lower = -5.684342e-14), rmax(result = -5.684342e-14, lower = -5.684342e-14)
-1: exp = -53: 5.684342e-14 (low = 5.684342e-14, subopt = 0.0%)

Solving the exact optimization problem
Selected optimization method: bb
bb_opt: x_abs_tol = 1.000000e-02, f_rel_tol = 1.000000e-02, f_abs_tol = 1.000000e-02, iters = 1000000
iterations(min = 0, max = 1000000): 1000000
min = 0.000000e+00 (lower_min = 0.000000e+00)
max = 6.084358e+01 (lower_max = 1.558756e+01)
subopt = 4.525602e+01 (74.4%)
exact bound-rel (exp = -53): 6.084358e+01 (low = 1.558756e+01, subopt = 74.4%)
total2: 9.582748e-32 (low = 1.208185e-32, subopt = 87.4%)
exact total-rel: 6.754994e-15 (low = 1.730566e-15, subopt = 74.4%)

Elapsed time: 38.25736
*************************************

-------------------------------------------------------------------------------
Problem: result

Optimization lower bounds for error models:
The absolute error (exact) model: 5.134451e-13 (0x1.210b3f3a29c72p-41) (suboptimality = 0.9%)
The relative error (exact) model: 1.730566e-15 (0x1.f2cd44d04bd3cp-50) (suboptimality = 74.4%)

Bounds (without rounding): [6.585676e+1, 5.223443e+2]
Bounds (floating-point): [6.585676e+1, 5.223443e+2]

Absolute error (exact): 5.182496e-13 (0x1.23bfa1119ce0ep-41)
Relative error (exact): 6.754994e-15 (0x1.e6bfa4d96524dp-48)

Elapsed time: 38.26

