Base path: /Users/laura.zielinski/FPTaylor
Config file: /Users/laura.zielinski/FPTaylor/default.cfg
Config file: /var/folders/38/q_vgzzt959nfc63ldktzz1gr0000gp/T/tmpiby9g5b7.cfg
default-rnd = rnd64
nlopt-cc = gcc -std=c99 -O3
opt-exact = true
develop = false
log-append-date = start
uncertainty = false
rel-error = true
opt-approx = false
proof-record = false
find-bounds = false
proof-dir = proofs
opt-f-abs-tol = 0.01
fail-on-exception = true
print-opt-lower-bounds = true
bb-compile = {base}/b_and_b/compile.sh {base} {input} {out}
z3-python-lib = 
opt-x-abs-tol = 0.01
export-error-bounds = 
opt-f-rel-tol = 0.01
export-options = 
opt-x-rel-tol = 0.0
rel-error-threshold = 0.0001
bb-alg = opt0
log-base-dir = log
intermediate-opt = false
z3-interval-bounds = true
opt-max-iters = 1000000
abs-error = true
z3-bin = 
maxima-simplification = false
print-hex-floats = true
debug = true
print-precision = 7
export-error-bounds-data = 
fp-power2-model = true
opt = auto
default-var-type = float64
verbosity = 2
ulp-error = false
opt-timeout = 10000
nlopt-lib = -lnlopt -lm
tmp-base-dir = tmp
unique-indices = false
z3-seed = 0
tmp-date = false
z3-python-cmd = python
const-approx-real-vars = false
print-second-order-errors = false
Resetting input_parser_env
eval_const_expr: 1
result: 1
eval_const_expr: 100
result: 100
eval_const_expr: 0
result: 0
eval_const_expr: 100
result: 100
eval_const_expr: 1
result: 1
eval_const_expr: (-(100))
result: -100
eval_const_expr: 0
result: 0
eval_const_expr: 0
result: 0
eval_const_expr: 0
result: 0
eval_const_expr: (-(100))
result: -100
eval_const_expr: (-(100))
result: -100
eval_const_expr: (-(1))
result: -1
eval_const_expr: 0
result: 0
eval_const_expr: (-(1))
result: -1
eval_const_expr: (-(100))
result: -100
Resetting input_parser_env
|tasks| = 1
Processing: result

*************************************
Taylor form for: rnd64((rnd64((rnd64(b) - rnd64(sqrt(rnd64((rnd64((rnd64((rnd64(a) * rnd64(c))) * rnd64((-(rnd64(4)))))) + rnd64((rnd64(b) * rnd64(b))))))))) / rnd64((rnd64((-(rnd64(2)))) * rnd64(a)))))

Conservative bound: [0.010000, 161.803399]

Simplified rounding: rnd64((rnd[64,ne,1.00,-53,0]((b - rnd[64,ne,1.00,-53,0](sqrt(rnd[64,ne,1.00,-53,0]((rnd64((rnd64((a * c)) * (-(4)))) + rnd64((b * b)))))))) / rnd64(((-(2)) * a))))
Building Taylor forms...
var_form
var_form
var_form
mul_form
rounded_form
const_form
neg_form
mul_form
rounded_form
mul_form
rounded_form
add_form
rounded_form
sqrt_form
rounded_form
sub_form
rounded_form
const_form
neg_form
mul_form
rounded_form
div_form
inv_form
mul_form
rounded_form
Taylor forms cache stats: num_bindings = 23, num_buckets = 1024, max_bucket_length = 1
Expr cache stats: num_bindings = 74, num_buckets = 65536, max_bucket_length = 2
Simplifying Taylor forms...
success
v0 = ((b - sqrt((((a * c) * (-(4))) + (b * b)))) * (1 / ((-(2)) * a)))
-1: exp = -53: (3024317150511695/302231454903657293676544)
1: exp = -53: ((1 / ((-(2)) * a)) * (-((((-(4)) * floor_power2(((a * c) + 0))) / (2 * sqrt((((a * c) * (-(4))) + (b * b))))))))
2: exp = -53: ((1 / ((-(2)) * a)) * (-((floor_power2((((a * c) * (-(4))) + interval(-3.63797880709171375945e-12, 3.63797880709171375945e-12))) / (2 * sqrt((((a * c) * (-(4))) + (b * b))))))))
3: exp = -53: ((1 / ((-(2)) * a)) * (-((floor_power2(((b * b) + 0)) / (2 * sqrt((((a * c) * (-(4))) + (b * b))))))))
4: exp = -53: ((1 / ((-(2)) * a)) * (-((floor_power2(((((a * c) * (-(4))) + (b * b)) + interval(-8.18545231595635575682e-12, 8.18545231595635575682e-12))) / (2 * sqrt((((a * c) * (-(4))) + (b * b))))))))
5: exp = -53: ((1 / ((-(2)) * a)) * (-(floor_power2((sqrt((((a * c) * (-(4))) + (b * b))) + interval(-2.95585778076420145093e-12, 2.95585778076420145093e-12))))))
6: exp = -53: ((1 / ((-(2)) * a)) * floor_power2(((b - sqrt((((a * c) * (-(4))) + (b * b)))) + interval(-2.97006863547940345464e-12, 2.97006863547940345464e-12))))
7: exp = -53: ((b - sqrt((((a * c) * (-(4))) + (b * b)))) * (-((floor_power2((((-(2)) * a) + 0)) / (((-(2)) * a) * ((-(2)) * a))))))
8: exp = -53: floor_power2((((b - sqrt((((a * c) * (-(4))) + (b * b)))) * (1 / ((-(2)) * a))) + interval(-2.64892746937410015430e-12, 2.64892746937410015430e-12)))

Corresponding original subexpressions:
1: rnd64((a * c))
2: rnd64((rnd64((a * c)) * (-(4))))
3: rnd64((b * b))
4: rnd[64,ne,1.00,-53,0]((rnd64((rnd64((a * c)) * (-(4)))) + rnd64((b * b))))
5: rnd[64,ne,1.00,-53,0](sqrt(rnd[64,ne,1.00,-53,0]((rnd64((rnd64((a * c)) * (-(4)))) + rnd64((b * b))))))
6: rnd[64,ne,1.00,-53,0]((b - rnd[64,ne,1.00,-53,0](sqrt(rnd[64,ne,1.00,-53,0]((rnd64((rnd64((a * c)) * (-(4)))) + rnd64((b * b))))))))
7: rnd64(((-(2)) * a))
8: rnd64((rnd[64,ne,1.00,-53,0]((b - rnd[64,ne,1.00,-53,0](sqrt(rnd[64,ne,1.00,-53,0]((rnd64((rnd64((a * c)) * (-(4)))) + rnd64((b * b)))))))) / rnd64(((-(2)) * a))))

Selected optimization method: bb
bb_opt: x_abs_tol = 1.000000e-02, f_rel_tol = 1.000000e-02, f_abs_tol = 1.000000e-02, iters = 1000000
iterations(min = 20, max = 229): 229
min = 9.360823e-02 (lower_min = 1.000000e-01)
max = 1.017431e+02 (lower_max = 1.009902e+02)
subopt = 7.528600e-01 (0.7%)
bounds: [9.360823e-02, 1.017431e+02]

Computing absolute errors
Selected optimization method: bb-eval
bb-eval_opt: x_abs_tol = 1.000000e-02, f_rel_tol = 1.000000e-02, f_abs_tol = 1.000000e-02, iters = 1000000
rmin(result = 1.000663e-08, lower = 1.000663e-08), rmax(result = 1.000663e-08, lower = 1.000663e-08)
-1: exp = -53: 1.000663e-08 (low = 1.000663e-08, subopt = 0.0%)

Solving the exact optimization problem
Selected optimization method: bb
bb_opt: x_abs_tol = 1.000000e-02, f_rel_tol = 1.000000e-02, f_abs_tol = 1.000000e-02, iters = 1000000
iterations(min = 0, max = 1000000): 1000000
min = 0.000000e+00 (lower_min = 0.000000e+00)
max = 3.024771e+02 (lower_max = 2.944467e+02)
subopt = 8.030451e+00 (2.7%)
exact bound (exp = -53): 3.024771e+02 (low = 2.944467e+02, subopt = 2.7%)
total2: 1.110959e-24 (low = 1.110959e-24, subopt = 0.0%)
exact total: 3.358171e-14 (low = 3.269015e-14, subopt = 2.7%)

Computing relative errors
Selected optimization method: bb-eval
bb-eval_opt: x_abs_tol = 1.000000e-02, f_rel_tol = 1.000000e-02, f_abs_tol = 1.000000e-02, iters = 1000000
rmin(result = 1.000663e-08, lower = 1.000663e-08), rmax(result = 1.000663e-08, lower = 1.000663e-08)
-1: exp = -53: 1.000663e-08 (low = 1.000663e-08, subopt = 0.0%)

Solving the exact optimization problem
Selected optimization method: bb
bb_opt: x_abs_tol = 1.000000e-02, f_rel_tol = 1.000000e-02, f_abs_tol = 1.000000e-02, iters = 1000000
iterations(min = 0, max = 359836): 359836
min = 0.000000e+00 (lower_min = 0.000000e+00)
max = 5.559148e+00 (lower_max = 5.499271e+00)
subopt = 5.987708e-02 (1.1%)
exact bound-rel (exp = -53): 5.559148e+00 (low = 5.499271e+00, subopt = 1.1%)
total2: 1.186817e-23 (low = 1.091926e-26, subopt = 99.9%)
exact total-rel: 6.171894e-16 (low = 6.105417e-16, subopt = 1.1%)

Elapsed time: 10.79033
*************************************

-------------------------------------------------------------------------------
Problem: result

Optimization lower bounds for error models:
The absolute error (exact) model: 3.269014e-14 (0x1.26725a6a71989p-45) (suboptimality = 2.7%)
The relative error (exact) model: 6.105416e-16 (0x1.5ff40c5c2241dp-51) (suboptimality = 1.1%)

Bounds (without rounding): [9.360822e-2, 1.017431e+2]
Bounds (floating-point): [9.360822e-2, 1.017431e+2]

Absolute error (exact): 3.358171e-14 (0x1.2e7a260da2402p-45)
Relative error (exact): 6.171894e-16 (0x1.63c9137775453p-51)

Elapsed time: 10.79

