Base path: /Users/laura.zielinski/FPTaylor
Config file: /Users/laura.zielinski/FPTaylor/default.cfg
Config file: /var/folders/38/q_vgzzt959nfc63ldktzz1gr0000gp/T/tmphwn4cd3e.cfg
default-rnd = rnd64
nlopt-cc = gcc -std=c99 -O3
opt-exact = true
develop = false
log-append-date = start
uncertainty = false
rel-error = true
opt-approx = false
proof-record = false
find-bounds = false
proof-dir = proofs
opt-f-abs-tol = 0.01
fail-on-exception = true
print-opt-lower-bounds = true
bb-compile = {base}/b_and_b/compile.sh {base} {input} {out}
z3-python-lib = 
opt-x-abs-tol = 0.01
export-error-bounds = 
opt-f-rel-tol = 0.01
export-options = 
opt-x-rel-tol = 0.0
rel-error-threshold = 0.0001
bb-alg = opt0
log-base-dir = log
intermediate-opt = false
z3-interval-bounds = true
opt-max-iters = 1000000
abs-error = true
z3-bin = 
maxima-simplification = false
print-hex-floats = true
debug = true
print-precision = 7
export-error-bounds-data = 
fp-power2-model = true
opt = auto
default-var-type = float64
verbosity = 2
ulp-error = false
opt-timeout = 10000
nlopt-lib = -lnlopt -lm
tmp-base-dir = tmp
unique-indices = false
z3-seed = 0
tmp-date = false
z3-python-cmd = python
const-approx-real-vars = false
print-second-order-errors = false
Resetting input_parser_env
eval_const_expr: 4
result: 4
eval_const_expr: (159/25)
result: 159/25
eval_const_expr: 0
result: 0
eval_const_expr: (159/25)
result: 159/25
eval_const_expr: 4
result: 4
eval_const_expr: 4
result: 4
eval_const_expr: (159/25)
result: 159/25
eval_const_expr: 0
result: 0
eval_const_expr: (159/25)
result: 159/25
eval_const_expr: 4
result: 4
eval_const_expr: 4
result: 4
eval_const_expr: (159/25)
result: 159/25
eval_const_expr: 0
result: 0
eval_const_expr: (159/25)
result: 159/25
eval_const_expr: 4
result: 4
eval_const_expr: 4
result: 4
eval_const_expr: (159/25)
result: 159/25
eval_const_expr: 0
result: 0
eval_const_expr: (159/25)
result: 159/25
eval_const_expr: 4
result: 4
eval_const_expr: 4
result: 4
eval_const_expr: (159/25)
result: 159/25
eval_const_expr: 0
result: 0
eval_const_expr: (159/25)
result: 159/25
eval_const_expr: 4
result: 4
eval_const_expr: 4
result: 4
eval_const_expr: (159/25)
result: 159/25
eval_const_expr: 0
result: 0
eval_const_expr: (159/25)
result: 159/25
eval_const_expr: 4
result: 4
Resetting input_parser_env
|tasks| = 1
Processing: result

*************************************
Taylor form for: rnd64((rnd64((rnd64((rnd64((rnd64(x3) * rnd64((rnd64(x6) - rnd64(x2))))) + rnd64((rnd64(x5) * rnd64((rnd64(x2) - rnd64(x6))))))) + rnd64((rnd64((rnd64(x1) * rnd64((rnd64(x2) - rnd64(x1))))) + rnd64((rnd64(x1) * rnd64((rnd64(x3) - rnd64(x4))))))))) + rnd64((rnd64(x1) * rnd64((rnd64(x6) + rnd64(x5)))))))

Conservative bound: [-28.038400, 140.937600]

Simplified rounding: rnd[64,ne,1.00,-53,0]((rnd[64,ne,1.00,-53,0]((rnd[64,ne,1.00,-53,0]((rnd64((x3 * rnd[64,ne,1.00,-53,0]((x6 - x2)))) + rnd64((x5 * rnd[64,ne,1.00,-53,0]((x2 - x6)))))) + rnd[64,ne,1.00,-53,0]((rnd64((x1 * rnd[64,ne,1.00,-53,0]((x2 - x1)))) + rnd64((x1 * rnd[64,ne,1.00,-53,0]((x3 - x4)))))))) + rnd64((x1 * rnd[64,ne,1.00,-53,0]((x6 + x5))))))
Building Taylor forms...
var_form
var_form
var_form
sub_form
rounded_form
mul_form
rounded_form
var_form
sub_form
rounded_form
mul_form
rounded_form
add_form
rounded_form
var_form
sub_form
rounded_form
mul_form
rounded_form
var_form
sub_form
rounded_form
mul_form
rounded_form
add_form
rounded_form
add_form
rounded_form
add_form
rounded_form
mul_form
rounded_form
add_form
rounded_form
Taylor forms cache stats: num_bindings = 34, num_buckets = 1024, max_bucket_length = 2
Expr cache stats: num_bindings = 62, num_buckets = 65536, max_bucket_length = 2
Simplifying Taylor forms...
success
v0 = ((((x3 * (x6 - x2)) + (x5 * (x2 - x6))) + ((x1 * (x2 - x1)) + (x1 * (x3 - x4)))) + (x1 * (x6 + x5)))
-1: exp = -53: (5/4989600773836799529140931782592096415168628151088643853756368106093029729672410164462394913731589252723356117110481238109931094970983984151847929495712078550800014182377714191293844303610907467956633391861359809983327026137802175972222138171120110393767802267189390104105896238075860024819712)
1: exp = -53: (x3 * floor_power2(((x6 - x2) + 0)))
2: exp = -53: floor_power2(((x3 * (x6 - x2)) + interval(-1.41220368732319919042e-15, 1.41220368732319919042e-15)))
3: exp = -53: (x5 * floor_power2(((x2 - x6) + 0)))
4: exp = -53: floor_power2(((x5 * (x2 - x6)) + interval(-1.41220368732319919042e-15, 1.41220368732319919042e-15)))
5: exp = -53: floor_power2((((x3 * (x6 - x2)) + (x5 * (x2 - x6))) + interval(-4.60076421404664923994e-15, 4.60076421404664923994e-15)))
6: exp = -53: (x1 * floor_power2(((x2 - x1) + 0)))
7: exp = -53: floor_power2(((x1 * (x2 - x1)) + interval(-1.41220368732319919042e-15, 1.41220368732319919042e-15)))
8: exp = -53: (x1 * floor_power2(((x3 - x4) + 0)))
9: exp = -53: floor_power2(((x1 * (x3 - x4)) + interval(-1.41220368732319919042e-15, 1.41220368732319919042e-15)))
10: exp = -53: floor_power2((((x1 * (x2 - x1)) + (x1 * (x3 - x4))) + interval(-4.60076421404664923994e-15, 4.60076421404664923994e-15)))
11: exp = -53: floor_power2(((((x3 * (x6 - x2)) + (x5 * (x2 - x6))) + ((x1 * (x2 - x1)) + (x1 * (x3 - x4)))) + interval(-1.27542421068938009870e-14, 1.27542421068938009870e-14)))
12: exp = -53: (x1 * floor_power2(((x6 + x5) + 0)))
13: exp = -53: floor_power2(((x1 * (x6 + x5)) + interval(-5.64881474929279676167e-15, 5.64881474929279676167e-15)))
14: exp = -53: floor_power2((((((x3 * (x6 - x2)) + (x5 * (x2 - x6))) + ((x1 * (x2 - x1)) + (x1 * (x3 - x4)))) + (x1 * (x6 + x5))) + interval(-2.90611978925881029033e-14, 2.90611978925881029033e-14)))

Corresponding original subexpressions:
1: rnd[64,ne,1.00,-53,0]((x6 - x2))
2: rnd64((x3 * rnd[64,ne,1.00,-53,0]((x6 - x2))))
3: rnd[64,ne,1.00,-53,0]((x2 - x6))
4: rnd64((x5 * rnd[64,ne,1.00,-53,0]((x2 - x6))))
5: rnd[64,ne,1.00,-53,0]((rnd64((x3 * rnd[64,ne,1.00,-53,0]((x6 - x2)))) + rnd64((x5 * rnd[64,ne,1.00,-53,0]((x2 - x6))))))
6: rnd[64,ne,1.00,-53,0]((x2 - x1))
7: rnd64((x1 * rnd[64,ne,1.00,-53,0]((x2 - x1))))
8: rnd[64,ne,1.00,-53,0]((x3 - x4))
9: rnd64((x1 * rnd[64,ne,1.00,-53,0]((x3 - x4))))
10: rnd[64,ne,1.00,-53,0]((rnd64((x1 * rnd[64,ne,1.00,-53,0]((x2 - x1)))) + rnd64((x1 * rnd[64,ne,1.00,-53,0]((x3 - x4))))))
11: rnd[64,ne,1.00,-53,0]((rnd[64,ne,1.00,-53,0]((rnd64((x3 * rnd[64,ne,1.00,-53,0]((x6 - x2)))) + rnd64((x5 * rnd[64,ne,1.00,-53,0]((x2 - x6)))))) + rnd[64,ne,1.00,-53,0]((rnd64((x1 * rnd[64,ne,1.00,-53,0]((x2 - x1)))) + rnd64((x1 * rnd[64,ne,1.00,-53,0]((x3 - x4))))))))
12: rnd[64,ne,1.00,-53,0]((x6 + x5))
13: rnd64((x1 * rnd[64,ne,1.00,-53,0]((x6 + x5))))
14: rnd[64,ne,1.00,-53,0]((rnd[64,ne,1.00,-53,0]((rnd[64,ne,1.00,-53,0]((rnd64((x3 * rnd[64,ne,1.00,-53,0]((x6 - x2)))) + rnd64((x5 * rnd[64,ne,1.00,-53,0]((x2 - x6)))))) + rnd[64,ne,1.00,-53,0]((rnd64((x1 * rnd[64,ne,1.00,-53,0]((x2 - x1)))) + rnd64((x1 * rnd[64,ne,1.00,-53,0]((x3 - x4)))))))) + rnd64((x1 * rnd[64,ne,1.00,-53,0]((x6 + x5))))))

Selected optimization method: bb
bb_opt: x_abs_tol = 1.000000e-02, f_rel_tol = 1.000000e-02, f_abs_tol = 1.000000e-02, iters = 1000000
iterations(min = 20165, max = 4238): 20165
min = 2.071313e+01 (lower_min = 2.094766e+01)
max = 9.661238e+01 (lower_max = 9.567428e+01)
subopt = 9.381000e-01 (1.0%)
bounds: [2.071313e+01, 9.661238e+01]

Computing absolute errors
Selected optimization method: bb-eval
bb-eval_opt: x_abs_tol = 1.000000e-02, f_rel_tol = 1.000000e-02, f_abs_tol = 1.000000e-02, iters = 1000000
rmin(result = 1.002084e-291, lower = 1.002084e-291), rmax(result = 1.002084e-291, lower = 1.002084e-291)
-1: exp = -53: 1.002084e-291 (low = 1.002084e-291, subopt = 0.0%)

Solving the exact optimization problem
Selected optimization method: bb
bb_opt: x_abs_tol = 1.000000e-02, f_rel_tol = 1.000000e-02, f_abs_tol = 1.000000e-02, iters = 1000000
iterations(min = 0, max = 40452): 40452
min = 0.000000e+00 (lower_min = 0.000000e+00)
max = 2.782244e+02 (lower_max = 2.777591e+02)
subopt = 4.653125e-01 (0.2%)
exact bound (exp = -53): 2.782244e+02 (low = 2.777591e+02, subopt = 0.2%)
total2: 1.112537e-307 (low = 1.112537e-307, subopt = 0.0%)
exact total: 3.088911e-14 (low = 3.083745e-14, subopt = 0.2%)

Computing relative errors
Selected optimization method: bb-eval
bb-eval_opt: x_abs_tol = 1.000000e-02, f_rel_tol = 1.000000e-02, f_abs_tol = 1.000000e-02, iters = 1000000
rmin(result = 1.002084e-291, lower = 1.002084e-291), rmax(result = 1.002084e-291, lower = 1.002084e-291)
-1: exp = -53: 1.002084e-291 (low = 1.002084e-291, subopt = 0.0%)

Solving the exact optimization problem
Selected optimization method: bb
bb_opt: x_abs_tol = 1.000000e-02, f_rel_tol = 1.000000e-02, f_abs_tol = 1.000000e-02, iters = 1000000
iterations(min = 0, max = 68220): 68220
min = 0.000000e+00 (lower_min = 0.000000e+00)
max = 8.328420e+00 (lower_max = 8.203976e+00)
subopt = 1.244437e-01 (1.5%)
exact bound-rel (exp = -53): 8.328420e+00 (low = 8.203976e+00, subopt = 1.5%)
total2: 5.371168e-309 (low = 1.151547e-309, subopt = 78.6%)
exact total-rel: 9.246404e-16 (low = 9.108243e-16, subopt = 1.5%)

Elapsed time: 2.07046
*************************************

-------------------------------------------------------------------------------
Problem: result

Optimization lower bounds for error models:
The absolute error (exact) model: 3.083745e-14 (0x1.15c251eb851eap-45) (suboptimality = 0.2%)
The relative error (exact) model: 9.108243e-16 (0x1.0686f90c8f96ep-50) (suboptimality = 1.5%)

Bounds (without rounding): [2.071313e+1, 9.661238e+1]
Bounds (floating-point): [2.071313e+1, 9.661238e+1]

Absolute error (exact): 3.088912e-14 (0x1.163970a3d70a7p-45)
Relative error (exact): 9.246404e-16 (0x1.0a826a6bdcd9ap-50)

Elapsed time: 2.07

