Base path: /Users/laura.zielinski/FPTaylor
Config file: /Users/laura.zielinski/FPTaylor/default.cfg
Config file: /var/folders/38/q_vgzzt959nfc63ldktzz1gr0000gp/T/tmp488k2yhv.cfg
default-rnd = rnd64
nlopt-cc = gcc -std=c99 -O3
opt-exact = true
develop = false
log-append-date = start
uncertainty = false
rel-error = true
opt-approx = false
proof-record = false
find-bounds = false
proof-dir = proofs
opt-f-abs-tol = 0.01
fail-on-exception = true
print-opt-lower-bounds = true
bb-compile = {base}/b_and_b/compile.sh {base} {input} {out}
z3-python-lib = 
opt-x-abs-tol = 0.01
export-error-bounds = 
opt-f-rel-tol = 0.01
export-options = 
opt-x-rel-tol = 0.0
rel-error-threshold = 0.0001
bb-alg = opt0
log-base-dir = log
intermediate-opt = false
z3-interval-bounds = true
opt-max-iters = 1000000
abs-error = true
z3-bin = 
maxima-simplification = false
print-hex-floats = true
debug = true
print-precision = 7
export-error-bounds-data = 
fp-power2-model = true
opt = auto
default-var-type = float64
verbosity = 2
ulp-error = false
opt-timeout = 10000
nlopt-lib = -lnlopt -lm
tmp-base-dir = tmp
unique-indices = false
z3-seed = 0
tmp-date = false
z3-python-cmd = python
const-approx-real-vars = false
print-second-order-errors = false
Resetting input_parser_env
eval_const_expr: (-((157079632679/100000000000)))
result: -157079632679/100000000000
eval_const_expr: (157079632679/100000000000)
result: 157079632679/100000000000
eval_const_expr: 0
result: 0
eval_const_expr: (157079632679/100000000000)
result: 157079632679/100000000000
eval_const_expr: (-((157079632679/100000000000)))
result: -157079632679/100000000000
Resetting input_parser_env
|tasks| = 1
Processing: result

*************************************
Taylor form for: rnd64((rnd64(x) - rnd64((rnd64((rnd64((rnd64((rnd64(x) * rnd64(x))) * rnd64(x))) / rnd64(6))) - rnd64((rnd64(x) * rnd64((rnd64((rnd64((rnd64(x) * rnd64((rnd64(x) * rnd64(x))))) * rnd64((rnd64(x) / rnd64(120))))) - rnd64((rnd64((rnd64((rnd64(x) * rnd64((rnd64(x) * rnd64(x))))) * rnd64((rnd64(x) * rnd64((rnd64(x) * rnd64(x))))))) / rnd64(5040)))))))))))

Conservative bound: [-2.301135, 2.301135]

Simplified rounding: rnd[64,ne,1.00,-53,0]((x - rnd[64,ne,1.00,-53,0]((rnd64((rnd64((rnd64((x * x)) * x)) / 6)) - rnd64((x * rnd[64,ne,1.00,-53,0]((rnd64((rnd64((x * rnd64((x * x)))) * rnd64((x / 120)))) - rnd64((rnd64((rnd64((x * rnd64((x * x)))) * rnd64((x * rnd64((x * x)))))) / 5040))))))))))
Building Taylor forms...
var_form
mul_form
rounded_form
mul_form
rounded_form
const_form
div_form
inv_form
mul_form
rounded_form
mul_form
rounded_form
const_form
div_form
inv_form
mul_form
rounded_form
mul_form
rounded_form
mul_form
rounded_form
const_form
div_form
inv_form
mul_form
rounded_form
sub_form
rounded_form
mul_form
rounded_form
sub_form
rounded_form
sub_form
rounded_form
Taylor forms cache stats: num_bindings = 28, num_buckets = 1024, max_bucket_length = 3
Expr cache stats: num_bindings = 128, num_buckets = 65536, max_bucket_length = 2
Simplifying Taylor forms...
success
v0 = (x - ((((x * x) * x) * (1 / 6)) - (x * (((x * (x * x)) * (x * (1 / 120))) - (((x * (x * x)) * (x * (x * x))) * (1 / 5040))))))
-1: exp = -53: (5140302527447065/649037107316853453566312041152512)
1: exp = -53: (-((((1 / 6) * (x * floor_power2(((x * x) + 0)))) + (-((x * (((x * (1 / 120)) * (x * floor_power2(((x * x) + 0)))) + (-(((1 / 5040) * (((x * (x * x)) * (x * floor_power2(((x * x) + 0)))) + ((x * (x * x)) * (x * floor_power2(((x * x) + 0)))))))))))))))
2: exp = -53: (-(((1 / 6) * floor_power2((((x * x) * x) + interval(-3.48786849799775978113e-16, 3.48786849799775978113e-16))))))
3: exp = -53: (-(floor_power2(((((x * x) * x) * (1 / 6)) + interval(-9.51385757874679015762e-17, 9.51385757874679015762e-17)))))
4: exp = -53: (-((-((x * (((x * (1 / 120)) * floor_power2(((x * (x * x)) + interval(-3.48786849799775978113e-16, 3.48786849799775978113e-16)))) + (-(((1 / 5040) * (((x * (x * x)) * floor_power2(((x * (x * x)) + interval(-3.48786849799775978113e-16, 3.48786849799775978113e-16)))) + ((x * (x * x)) * floor_power2(((x * (x * x)) + interval(-3.48786849799775978113e-16, 3.48786849799775978113e-16))))))))))))))
5: exp = -53: (-((-((x * ((x * (x * x)) * floor_power2(((x * (1 / 120)) + 0))))))))
6: exp = -53: (-((-((x * floor_power2((((x * (x * x)) * (x * (1 / 120))) + interval(-1.08338735228646653615e-17, 1.08338735228646653615e-17))))))))
7: exp = -53: (-((-((x * (-(((1 / 5040) * floor_power2((((x * (x * x)) * (x * (x * x))) + interval(-4.42483950571247434261e-15, 4.42483950571247434261e-15)))))))))))
8: exp = -53: (-((-((x * (-(floor_power2(((((x * (x * x)) * (x * (x * x))) * (1 / 5040)) + interval(-1.05417022329615107677e-18, 1.05417022329615107677e-18))))))))))
9: exp = -53: (-((-((x * floor_power2(((((x * (x * x)) * (x * (1 / 120))) - (((x * (x * x)) * (x * (x * x))) * (1 / 5040))) + interval(-1.55743311326115340176e-17, 1.55743311326115340176e-17))))))))
10: exp = -53: (-((-(floor_power2(((x * (((x * (x * x)) * (x * (1 / 120))) - (((x * (x * x)) * (x * (x * x))) * (1 / 5040)))) + interval(-2.99138966634388417680e-17, 2.99138966634388417680e-17)))))))
11: exp = -53: (-(floor_power2((((((x * x) * x) * (1 / 6)) - (x * (((x * (x * x)) * (x * (1 / 120))) - (((x * (x * x)) * (x * (x * x))) * (1 / 5040))))) + interval(-1.87502517586071854210e-16, 1.87502517586071854210e-16)))))
12: exp = -53: floor_power2(((x - ((((x * x) * x) * (1 / 6)) - (x * (((x * (x * x)) * (x * (1 / 120))) - (((x * (x * x)) * (x * (x * x))) * (1 / 5040)))))) + interval(-2.43013668817329681231e-16, 2.43013668817329681231e-16)))

Corresponding original subexpressions:
1: rnd64((x * x))
2: rnd64((rnd64((x * x)) * x))
3: rnd64((rnd64((rnd64((x * x)) * x)) / 6))
4: rnd64((x * rnd64((x * x))))
5: rnd64((x / 120))
6: rnd64((rnd64((x * rnd64((x * x)))) * rnd64((x / 120))))
7: rnd64((rnd64((x * rnd64((x * x)))) * rnd64((x * rnd64((x * x))))))
8: rnd64((rnd64((rnd64((x * rnd64((x * x)))) * rnd64((x * rnd64((x * x)))))) / 5040))
9: rnd[64,ne,1.00,-53,0]((rnd64((rnd64((x * rnd64((x * x)))) * rnd64((x / 120)))) - rnd64((rnd64((rnd64((x * rnd64((x * x)))) * rnd64((x * rnd64((x * x)))))) / 5040))))
10: rnd64((x * rnd[64,ne,1.00,-53,0]((rnd64((rnd64((x * rnd64((x * x)))) * rnd64((x / 120)))) - rnd64((rnd64((rnd64((x * rnd64((x * x)))) * rnd64((x * rnd64((x * x)))))) / 5040))))))
11: rnd[64,ne,1.00,-53,0]((rnd64((rnd64((rnd64((x * x)) * x)) / 6)) - rnd64((x * rnd[64,ne,1.00,-53,0]((rnd64((rnd64((x * rnd64((x * x)))) * rnd64((x / 120)))) - rnd64((rnd64((rnd64((x * rnd64((x * x)))) * rnd64((x * rnd64((x * x)))))) / 5040))))))))
12: rnd[64,ne,1.00,-53,0]((x - rnd[64,ne,1.00,-53,0]((rnd64((rnd64((rnd64((x * x)) * x)) / 6)) - rnd64((x * rnd[64,ne,1.00,-53,0]((rnd64((rnd64((x * rnd64((x * x)))) * rnd64((x / 120)))) - rnd64((rnd64((rnd64((x * rnd64((x * x)))) * rnd64((x * rnd64((x * x)))))) / 5040))))))))))

Selected optimization method: bb-eval
bb-eval_opt: x_abs_tol = 1.000000e-02, f_rel_tol = 1.000000e-02, f_abs_tol = 1.000000e-02, iters = 1000000
bounds: [-1.015080e+00, 1.015080e+00]

Computing absolute errors
Selected optimization method: bb-eval
bb-eval_opt: x_abs_tol = 1.000000e-02, f_rel_tol = 1.000000e-02, f_abs_tol = 1.000000e-02, iters = 1000000
rmin(result = 7.919890e-18, lower = 7.919890e-18), rmax(result = 7.919890e-18, lower = 7.919890e-18)
-1: exp = -53: 7.919890e-18 (low = 7.919890e-18, subopt = 0.0%)

Solving the exact optimization problem
Selected optimization method: bb-eval
bb-eval_opt: x_abs_tol = 1.000000e-02, f_rel_tol = 1.000000e-02, f_abs_tol = 1.000000e-02, iters = 1000000
exact bound (exp = -53): 3.050797e+00 (low = 2.550016e+00, subopt = 16.4%)
total2: 8.792844e-34 (low = 8.792844e-34, subopt = 0.0%)
exact total: 3.387065e-16 (low = 2.831087e-16, subopt = 16.4%)

Computing relative errors
**WARNING**: 
Cannot compute the relative error: values of the function are close to zero

Elapsed time: 0.01408
*************************************

-------------------------------------------------------------------------------
Problem: result

Optimization lower bounds for error models:
The absolute error (exact) model: 2.831086e-16 (0x1.4666ed9919365p-52) (suboptimality = 16.4%)

Bounds (without rounding): [-1.015081, 1.015081]
Bounds (floating-point): [-1.015081, 1.015081]

Absolute error (exact): 3.387065e-16 (0x1.8680835763232p-52)

Elapsed time: 0.01

