Base path: /Users/laura.zielinski/FPTaylor
Config file: /Users/laura.zielinski/FPTaylor/default.cfg
Config file: /var/folders/38/q_vgzzt959nfc63ldktzz1gr0000gp/T/tmpbr0wkt2v.cfg
default-rnd = rnd64
nlopt-cc = gcc -std=c99 -O3
opt-exact = true
develop = false
log-append-date = start
uncertainty = false
rel-error = true
opt-approx = false
proof-record = false
find-bounds = false
proof-dir = proofs
opt-f-abs-tol = 0.01
fail-on-exception = true
print-opt-lower-bounds = true
bb-compile = {base}/b_and_b/compile.sh {base} {input} {out}
z3-python-lib = 
opt-x-abs-tol = 0.01
export-error-bounds = 
opt-f-rel-tol = 0.01
export-options = 
opt-x-rel-tol = 0.0
rel-error-threshold = 0.0001
bb-alg = opt0
log-base-dir = log
intermediate-opt = false
z3-interval-bounds = true
opt-max-iters = 1000000
abs-error = true
z3-bin = 
maxima-simplification = false
print-hex-floats = true
debug = true
print-precision = 7
export-error-bounds-data = 
fp-power2-model = true
opt = auto
default-var-type = float64
verbosity = 2
ulp-error = false
opt-timeout = 10000
nlopt-lib = -lnlopt -lm
tmp-base-dir = tmp
unique-indices = false
z3-seed = 0
tmp-date = false
z3-python-cmd = python
const-approx-real-vars = false
print-second-order-errors = false
Resetting input_parser_env
eval_const_expr: (2/5)
result: 2/5
eval_const_expr: (3/5)
result: 3/5
eval_const_expr: 0
result: 0
eval_const_expr: (3/5)
result: 3/5
eval_const_expr: (2/5)
result: 2/5
eval_const_expr: (1/5)
result: 1/5
eval_const_expr: (1/4)
result: 1/4
eval_const_expr: 0
result: 0
eval_const_expr: (1/4)
result: 1/4
eval_const_expr: (1/5)
result: 1/5
Resetting input_parser_env
|tasks| = 1
Processing: result

*************************************
Taylor form for: rnd64((rnd64((rnd64((rnd64((rnd64(m) * rnd64((rnd64(1) - rnd64(m))))) / rnd64(v))) - rnd64(1))) * rnd64((rnd64(1) - rnd64(m)))))

Conservative bound: [-0.216000, 0.480000]

Simplified rounding: rnd64((rnd[64,ne,1.00,-53,0]((rnd64((rnd64((m * rnd[64,ne,1.00,-53,0]((1 - m)))) / v)) - 1)) * rnd[64,ne,1.00,-53,0]((1 - m))))
Building Taylor forms...
var_form
const_form
sub_form
rounded_form
mul_form
rounded_form
var_form
div_form
inv_form
mul_form
rounded_form
sub_form
rounded_form
mul_form
rounded_form
Taylor forms cache stats: num_bindings = 13, num_buckets = 1024, max_bucket_length = 1
Expr cache stats: num_bindings = 40, num_buckets = 65536, max_bucket_length = 1
Simplifying Taylor forms...
success
v0 = ((((m * (1 - m)) * (1 / v)) - 1) * (1 - m))
-1: exp = -53: (1196268651020289/5070602400912917605986812821504)
1: exp = -53: (((((m * (1 - m)) * (1 / v)) - 1) * floor_power2(((1 - m) + 0))) + ((1 - m) * ((1 / v) * (m * floor_power2(((1 - m) + 0))))))
2: exp = -53: ((1 - m) * ((1 / v) * floor_power2(((m * (1 - m)) + interval(-3.33066907387547011431e-17, 3.33066907387547011431e-17)))))
3: exp = -53: ((1 - m) * floor_power2((((m * (1 - m)) * (1 / v)) + interval(-3.05311331771918196528e-16, 3.05311331771918196528e-16))))
4: exp = -53: ((1 - m) * floor_power2(((((m * (1 - m)) * (1 / v)) - 1) + interval(-4.16333634234433850570e-16, 4.16333634234433850570e-16))))
5: exp = -53: floor_power2((((((m * (1 - m)) * (1 / v)) - 1) * (1 - m)) + interval(-3.27515792264421445666e-16, 3.27515792264421445666e-16)))

Corresponding original subexpressions:
1: rnd[64,ne,1.00,-53,0]((1 - m))
2: rnd64((m * rnd[64,ne,1.00,-53,0]((1 - m))))
3: rnd64((rnd64((m * rnd[64,ne,1.00,-53,0]((1 - m)))) / v))
4: rnd[64,ne,1.00,-53,0]((rnd64((rnd64((m * rnd[64,ne,1.00,-53,0]((1 - m)))) / v)) - 1))
5: rnd64((rnd[64,ne,1.00,-53,0]((rnd64((rnd64((m * rnd[64,ne,1.00,-53,0]((1 - m)))) / v)) - 1)) * rnd[64,ne,1.00,-53,0]((1 - m))))

Selected optimization method: bb-eval
bb-eval_opt: x_abs_tol = 1.000000e-02, f_rel_tol = 1.000000e-02, f_abs_tol = 1.000000e-02, iters = 1000000
bounds: [-3.000000e-02, 1.400781e-01]

Computing absolute errors
Selected optimization method: bb-eval
bb-eval_opt: x_abs_tol = 1.000000e-02, f_rel_tol = 1.000000e-02, f_abs_tol = 1.000000e-02, iters = 1000000
rmin(result = 2.359224e-16, lower = 2.359224e-16), rmax(result = 2.359224e-16, lower = 2.359224e-16)
-1: exp = -53: 2.359224e-16 (low = 2.359224e-16, subopt = 0.0%)

Solving the exact optimization problem
Selected optimization method: bb-eval
bb-eval_opt: x_abs_tol = 1.000000e-02, f_rel_tol = 1.000000e-02, f_abs_tol = 1.000000e-02, iters = 1000000
exact bound (exp = -53): 2.267188e+00 (low = 1.859180e+00, subopt = 18.0%)
total2: 2.619265e-32 (low = 2.619265e-32, subopt = 0.0%)
exact total: 2.517084e-16 (low = 2.064104e-16, subopt = 18.0%)

Computing relative errors
**WARNING**: 
Cannot compute the relative error: values of the function are close to zero

Elapsed time: 0.00820
*************************************

-------------------------------------------------------------------------------
Problem: result

Optimization lower bounds for error models:
The absolute error (exact) model: 2.064104e-16 (0x1.dbf3333333333p-53) (suboptimality = 18.0%)

Bounds (without rounding): [-3.000001e-2, 1.400782e-1]
Bounds (floating-point): [-3.000001e-2, 1.400782e-1]

Absolute error (exact): 2.517084e-16 (0x1.2233333333336p-52)

Elapsed time: 0.01

