Base path: /Users/laura.zielinski/FPTaylor
Config file: /Users/laura.zielinski/FPTaylor/default.cfg
Config file: /var/folders/38/q_vgzzt959nfc63ldktzz1gr0000gp/T/tmp6uqtd677.cfg
default-rnd = rnd64
nlopt-cc = gcc -std=c99 -O3
opt-exact = true
develop = false
log-append-date = start
uncertainty = false
rel-error = true
opt-approx = false
proof-record = false
find-bounds = false
proof-dir = proofs
opt-f-abs-tol = 0.01
fail-on-exception = true
print-opt-lower-bounds = true
bb-compile = {base}/b_and_b/compile.sh {base} {input} {out}
z3-python-lib = 
opt-x-abs-tol = 0.01
export-error-bounds = 
opt-f-rel-tol = 0.01
export-options = 
opt-x-rel-tol = 0.0
rel-error-threshold = 0.0001
bb-alg = opt0
log-base-dir = log
intermediate-opt = false
z3-interval-bounds = true
opt-max-iters = 1000000
abs-error = true
z3-bin = 
maxima-simplification = false
print-hex-floats = true
debug = true
print-precision = 7
export-error-bounds-data = 
fp-power2-model = true
opt = auto
default-var-type = float64
verbosity = 2
ulp-error = false
opt-timeout = 10000
nlopt-lib = -lnlopt -lm
tmp-base-dir = tmp
unique-indices = false
z3-seed = 0
tmp-date = false
z3-python-cmd = python
const-approx-real-vars = false
print-second-order-errors = false
Resetting input_parser_env
eval_const_expr: (-(10))
result: -10
eval_const_expr: 0
result: 0
eval_const_expr: 0
result: 0
eval_const_expr: 0
result: 0
eval_const_expr: (-(10))
result: -10
Resetting input_parser_env
|tasks| = 1
Processing: result

*************************************
Taylor form for: rnd64((rnd64(1) / rnd64((rnd64(sqrt(rnd64((rnd64((rnd64(x) * rnd64(x))) + rnd64(1))))) - rnd64(x)))))

Conservative bound: [0.049876, 1.000000]

Simplified rounding: rnd64((1 / rnd[64,ne,1.00,-53,0]((rnd[64,ne,1.00,-53,0](sqrt(rnd[64,ne,1.00,-53,0]((rnd64((x * x)) + 1)))) - x))))
Building Taylor forms...
const_form
var_form
mul_form
rounded_form
add_form
rounded_form
sqrt_form
rounded_form
sub_form
rounded_form
div_form
inv_form
mul_form
rounded_form
Taylor forms cache stats: num_bindings = 12, num_buckets = 1024, max_bucket_length = 1
Expr cache stats: num_bindings = 44, num_buckets = 65536, max_bucket_length = 2
Simplifying Taylor forms...
success
v0 = (1 * (1 / (sqrt(((x * x) + 1)) - x)))
-1: exp = -53: (2691604464795737/2475880078570760549798248448)
1: exp = -53: (1 * (-(((floor_power2(((x * x) + 0)) / (2 * sqrt(((x * x) + 1)))) / ((sqrt(((x * x) + 1)) - x) * (sqrt(((x * x) + 1)) - x))))))
2: exp = -53: (1 * (-(((floor_power2((((x * x) + 1) + interval(-7.10542735760100343643e-15, 7.10542735760100343643e-15))) / (2 * sqrt(((x * x) + 1)))) / ((sqrt(((x * x) + 1)) - x) * (sqrt(((x * x) + 1)) - x))))))
3: exp = -53: (1 * (-((floor_power2((sqrt(((x * x) + 1)) + interval(-7.10542735760102867998e-15, 7.10542735760102867998e-15))) / ((sqrt(((x * x) + 1)) - x) * (sqrt(((x * x) + 1)) - x))))))
4: exp = -53: (1 * (-((floor_power2(((sqrt(((x * x) + 1)) - x) + interval(-7.99360577730115391232e-15, 7.99360577730115391232e-15))) / ((sqrt(((x * x) + 1)) - x) * (sqrt(((x * x) + 1)) - x))))))
5: exp = -53: floor_power2(((1 * (1 / (sqrt(((x * x) + 1)) - x))) + interval(-9.76996261670149904031e-15, 9.76996261670149904031e-15)))

Corresponding original subexpressions:
1: rnd64((x * x))
2: rnd[64,ne,1.00,-53,0]((rnd64((x * x)) + 1))
3: rnd[64,ne,1.00,-53,0](sqrt(rnd[64,ne,1.00,-53,0]((rnd64((x * x)) + 1))))
4: rnd[64,ne,1.00,-53,0]((rnd[64,ne,1.00,-53,0](sqrt(rnd[64,ne,1.00,-53,0]((rnd64((x * x)) + 1)))) - x))
5: rnd64((1 / rnd[64,ne,1.00,-53,0]((rnd[64,ne,1.00,-53,0](sqrt(rnd[64,ne,1.00,-53,0]((rnd64((x * x)) + 1)))) - x))))

Selected optimization method: bb-eval
bb-eval_opt: x_abs_tol = 1.000000e-02, f_rel_tol = 1.000000e-02, f_abs_tol = 1.000000e-02, iters = 1000000
bounds: [4.987562e-02, 1.000000e+00]

Computing absolute errors
Selected optimization method: bb-eval
bb-eval_opt: x_abs_tol = 1.000000e-02, f_rel_tol = 1.000000e-02, f_abs_tol = 1.000000e-02, iters = 1000000
rmin(result = 1.087130e-12, lower = 1.087130e-12), rmax(result = 1.087130e-12, lower = 1.087130e-12)
-1: exp = -53: 1.087130e-12 (low = 1.087130e-12, subopt = 0.0%)

Solving the exact optimization problem
Selected optimization method: bb-eval
bb-eval_opt: x_abs_tol = 1.000000e-02, f_rel_tol = 1.000000e-02, f_abs_tol = 1.000000e-02, iters = 1000000
exact bound (exp = -53): 3.500031e+00 (low = 2.975707e+00, subopt = 15.0%)
total2: 1.206957e-28 (low = 1.206957e-28, subopt = 0.0%)
exact total: 3.885814e-16 (low = 3.303698e-16, subopt = 15.0%)

Computing relative errors
Selected optimization method: bb-eval
bb-eval_opt: x_abs_tol = 1.000000e-02, f_rel_tol = 1.000000e-02, f_abs_tol = 1.000000e-02, iters = 1000000
rmin(result = 1.087130e-12, lower = 1.087130e-12), rmax(result = 1.087130e-12, lower = 1.087130e-12)
-1: exp = -53: 1.087130e-12 (low = 1.087130e-12, subopt = 0.0%)

Solving the exact optimization problem
Selected optimization method: bb-eval
bb-eval_opt: x_abs_tol = 1.000000e-02, f_rel_tol = 1.000000e-02, f_abs_tol = 1.000000e-02, iters = 1000000
exact bound-rel (exp = -53): 3.534377e+00 (low = 2.990272e+00, subopt = 15.4%)
total2: 2.419934e-27 (low = 1.206957e-28, subopt = 95.0%)
exact total-rel: 3.923947e-16 (low = 3.319869e-16, subopt = 15.4%)

Elapsed time: 0.00746
*************************************

-------------------------------------------------------------------------------
Problem: result

Optimization lower bounds for error models:
The absolute error (exact) model: 3.303697e-16 (0x1.7ce3f36c35b43p-52) (suboptimality = 15.0%)
The relative error (exact) model: 3.319868e-16 (0x1.7ec139ee1ee64p-52) (suboptimality = 15.4%)

Bounds (without rounding): [4.987562e-2, 1.000000]
Bounds (floating-point): [4.987562e-2, 1.000001]

Absolute error (exact): 3.885815e-16 (0x1.c001000000991p-52)
Relative error (exact): 3.923948e-16 (0x1.c4667a7aa091bp-52)

Elapsed time: 0.01

