Base path: /Users/laura.zielinski/FPTaylor
Config file: /Users/laura.zielinski/FPTaylor/default.cfg
Config file: /var/folders/38/q_vgzzt959nfc63ldktzz1gr0000gp/T/tmpe43mq052.cfg
default-rnd = rnd64
nlopt-cc = gcc -std=c99 -O3
opt-exact = true
develop = false
log-append-date = start
uncertainty = false
rel-error = true
opt-approx = false
proof-record = false
find-bounds = false
proof-dir = proofs
opt-f-abs-tol = 0.01
fail-on-exception = true
print-opt-lower-bounds = true
bb-compile = {base}/b_and_b/compile.sh {base} {input} {out}
z3-python-lib = 
opt-x-abs-tol = 0.01
export-error-bounds = 
opt-f-rel-tol = 0.01
export-options = 
opt-x-rel-tol = 0.0
rel-error-threshold = 0.0001
bb-alg = opt0
log-base-dir = log
intermediate-opt = false
z3-interval-bounds = true
opt-max-iters = 1000000
abs-error = true
z3-bin = 
maxima-simplification = false
print-hex-floats = true
debug = true
print-precision = 7
export-error-bounds-data = 
fp-power2-model = true
opt = auto
default-var-type = float64
verbosity = 2
ulp-error = false
opt-timeout = 10000
nlopt-lib = -lnlopt -lm
tmp-base-dir = tmp
unique-indices = false
z3-seed = 0
tmp-date = false
z3-python-cmd = python
const-approx-real-vars = false
print-second-order-errors = false
Resetting input_parser_env
eval_const_expr: (-(15))
result: -15
eval_const_expr: 15
result: 15
eval_const_expr: 0
result: 0
eval_const_expr: 15
result: 15
eval_const_expr: (-(15))
result: -15
eval_const_expr: (-(15))
result: -15
eval_const_expr: 15
result: 15
eval_const_expr: 0
result: 0
eval_const_expr: 15
result: 15
eval_const_expr: (-(15))
result: -15
eval_const_expr: (-(15))
result: -15
eval_const_expr: 15
result: 15
eval_const_expr: 0
result: 0
eval_const_expr: 15
result: 15
eval_const_expr: (-(15))
result: -15
Resetting input_parser_env
|tasks| = 1
Processing: result

*************************************
Taylor form for: rnd64((rnd64((rnd64(x2) * rnd64((rnd64((-(rnd64(2)))) * rnd64(x3))))) - rnd64((rnd64((rnd64(x2) * rnd64(x1))) + rnd64((rnd64(x1) + rnd64(x3)))))))

Conservative bound: [-705.000000, 705.000000]

Simplified rounding: rnd[64,ne,1.00,-53,0]((rnd64((x2 * rnd64(((-(2)) * x3)))) - rnd[64,ne,1.00,-53,0]((rnd64((x2 * x1)) + rnd[64,ne,1.00,-53,0]((x1 + x3))))))
Building Taylor forms...
var_form
const_form
neg_form
var_form
mul_form
rounded_form
mul_form
rounded_form
var_form
mul_form
rounded_form
add_form
rounded_form
add_form
rounded_form
sub_form
rounded_form
Taylor forms cache stats: num_bindings = 17, num_buckets = 1024, max_bucket_length = 1
Expr cache stats: num_bindings = 33, num_buckets = 65536, max_bucket_length = 1
Simplifying Taylor forms...
success
v0 = ((x2 * ((-(2)) * x3)) - ((x2 * x1) + (x1 + x3)))
-1: exp = -53: (17/4989600773836799529140931782592096415168628151088643853756368106093029729672410164462394913731589252723356117110481238109931094970983984151847929495712078550800014182377714191293844303610907467956633391861359809983327026137802175972222138171120110393767802267189390104105896238075860024819712)
1: exp = -53: (x2 * floor_power2((((-(2)) * x3) + 0)))
2: exp = -53: floor_power2(((x2 * ((-(2)) * x3)) + interval(-2.66453525910037601256e-14, 2.66453525910037601256e-14)))
3: exp = -53: (-(floor_power2(((x2 * x1) + 0))))
4: exp = -53: (-(floor_power2(((x1 + x3) + 0))))
5: exp = -53: (-(floor_power2((((x2 * x1) + (x1 + x3)) + interval(-1.59872115546022573375e-14, 1.59872115546022573375e-14)))))
6: exp = -53: floor_power2((((x2 * ((-(2)) * x3)) - ((x2 * x1) + (x1 + x3))) + interval(-8.52651282912120349263e-14, 8.52651282912120349263e-14)))

Corresponding original subexpressions:
1: rnd64(((-(2)) * x3))
2: rnd64((x2 * rnd64(((-(2)) * x3))))
3: rnd64((x2 * x1))
4: rnd[64,ne,1.00,-53,0]((x1 + x3))
5: rnd[64,ne,1.00,-53,0]((rnd64((x2 * x1)) + rnd[64,ne,1.00,-53,0]((x1 + x3))))
6: rnd[64,ne,1.00,-53,0]((rnd64((x2 * rnd64(((-(2)) * x3)))) - rnd[64,ne,1.00,-53,0]((rnd64((x2 * x1)) + rnd[64,ne,1.00,-53,0]((x1 + x3))))))

Selected optimization method: bb
bb_opt: x_abs_tol = 1.000000e-02, f_rel_tol = 1.000000e-02, f_abs_tol = 1.000000e-02, iters = 1000000
iterations(min = 0, max = 125): 125
min = -7.050000e+02 (lower_min = -7.050000e+02)
max = 7.050000e+02 (lower_max = 6.994922e+02)
subopt = 5.507812e+00 (0.8%)
bounds: [-7.050000e+02, 7.050000e+02]

Computing absolute errors
Selected optimization method: bb-eval
bb-eval_opt: x_abs_tol = 1.000000e-02, f_rel_tol = 1.000000e-02, f_abs_tol = 1.000000e-02, iters = 1000000
rmin(result = 3.407086e-291, lower = 3.407086e-291), rmax(result = 3.407086e-291, lower = 3.407086e-291)
-1: exp = -53: 3.407086e-291 (low = 3.407086e-291, subopt = 0.0%)

Solving the exact optimization problem
Selected optimization method: bb
bb_opt: x_abs_tol = 1.000000e-02, f_rel_tol = 1.000000e-02, f_abs_tol = 1.000000e-02, iters = 1000000
iterations(min = 0, max = 0): 0
min = 0.000000e+00 (lower_min = 0.000000e+00)
max = 1.280000e+03 (lower_max = 1.280000e+03)
subopt = 0.000000e+00 (0.0%)
exact bound (exp = -53): 1.280000e+03 (low = 1.280000e+03, subopt = 0.0%)
total2: 3.782626e-307 (low = 3.782626e-307, subopt = 0.0%)
exact total: 1.421085e-13 (low = 1.421085e-13, subopt = 0.0%)

Computing relative errors
**WARNING**: 
Cannot compute the relative error: values of the function are close to zero

Elapsed time: 0.91066
*************************************

-------------------------------------------------------------------------------
Problem: result

Optimization lower bounds for error models:
The absolute error (exact) model: 1.421085e-13 (0x1.4p-43) (suboptimality = 0.0%)

Bounds (without rounding): [-7.050000e+2, 7.050000e+2]
Bounds (floating-point): [-7.050001e+2, 7.050001e+2]

Absolute error (exact): 1.421086e-13 (0x1.4000000000001p-43)

Elapsed time: 0.91

