Base path: /Users/laura.zielinski/FPTaylor
Config file: /Users/laura.zielinski/FPTaylor/default.cfg
Config file: /var/folders/38/q_vgzzt959nfc63ldktzz1gr0000gp/T/tmpgl8o_qh1.cfg
default-rnd = rnd64
nlopt-cc = gcc -std=c99 -O3
opt-exact = true
develop = false
log-append-date = start
uncertainty = false
rel-error = true
opt-approx = false
proof-record = false
find-bounds = false
proof-dir = proofs
opt-f-abs-tol = 0.01
fail-on-exception = true
print-opt-lower-bounds = true
bb-compile = {base}/b_and_b/compile.sh {base} {input} {out}
z3-python-lib = 
opt-x-abs-tol = 0.01
export-error-bounds = 
opt-f-rel-tol = 0.01
export-options = 
opt-x-rel-tol = 0.0
rel-error-threshold = 0.0001
bb-alg = opt0
log-base-dir = log
intermediate-opt = false
z3-interval-bounds = true
opt-max-iters = 1000000
abs-error = true
z3-bin = 
maxima-simplification = false
print-hex-floats = true
debug = true
print-precision = 7
export-error-bounds-data = 
fp-power2-model = true
opt = auto
default-var-type = float64
verbosity = 2
ulp-error = false
opt-timeout = 10000
nlopt-lib = -lnlopt -lm
tmp-base-dir = tmp
unique-indices = false
z3-seed = 0
tmp-date = false
z3-python-cmd = python
const-approx-real-vars = false
print-second-order-errors = false
Resetting input_parser_env
eval_const_expr: 4
result: 4
eval_const_expr: (159/25)
result: 159/25
eval_const_expr: 0
result: 0
eval_const_expr: (159/25)
result: 159/25
eval_const_expr: 4
result: 4
eval_const_expr: 4
result: 4
eval_const_expr: (159/25)
result: 159/25
eval_const_expr: 0
result: 0
eval_const_expr: (159/25)
result: 159/25
eval_const_expr: 4
result: 4
eval_const_expr: 4
result: 4
eval_const_expr: (159/25)
result: 159/25
eval_const_expr: 0
result: 0
eval_const_expr: (159/25)
result: 159/25
eval_const_expr: 4
result: 4
eval_const_expr: 4
result: 4
eval_const_expr: (159/25)
result: 159/25
eval_const_expr: 0
result: 0
eval_const_expr: (159/25)
result: 159/25
eval_const_expr: 4
result: 4
eval_const_expr: 4
result: 4
eval_const_expr: (159/25)
result: 159/25
eval_const_expr: 0
result: 0
eval_const_expr: (159/25)
result: 159/25
eval_const_expr: 4
result: 4
eval_const_expr: 4
result: 4
eval_const_expr: (159/25)
result: 159/25
eval_const_expr: 0
result: 0
eval_const_expr: (159/25)
result: 159/25
eval_const_expr: 4
result: 4
Resetting input_parser_env
|tasks| = 1
Processing: result

*************************************
Taylor form for: rnd64((rnd64((rnd64((rnd64((rnd64((rnd64(x2) * rnd64(x5))) + rnd64((rnd64(x3) * rnd64(x6))))) - rnd64((rnd64(x2) * rnd64(x3))))) - rnd64((rnd64(x5) * rnd64(x6))))) + rnd64((rnd64(x1) * rnd64((rnd64((rnd64((rnd64((rnd64((rnd64((-(rnd64(x1)))) + rnd64(x2))) + rnd64(x3))) - rnd64(x4))) + rnd64(x5))) + rnd64(x6)))))))

Conservative bound: [-35.779200, 159.817600]

Simplified rounding: rnd[64,ne,1.00,-53,0]((rnd[64,ne,1.00,-53,0]((rnd[64,ne,1.00,-53,0]((rnd[64,ne,1.00,-53,0]((rnd64((x2 * x5)) + rnd64((x3 * x6)))) - rnd64((x2 * x3)))) - rnd64((x5 * x6)))) + rnd64((x1 * rnd[64,ne,1.00,-53,0]((rnd[64,ne,1.00,-53,0]((rnd[64,ne,1.00,-53,0]((rnd[64,ne,1.00,-53,0]((rnd[64,ne,1.00,-53,0](((-(x1)) + x2)) + x3)) - x4)) + x5)) + x6))))))
Building Taylor forms...
var_form
var_form
mul_form
rounded_form
var_form
var_form
mul_form
rounded_form
add_form
rounded_form
mul_form
rounded_form
sub_form
rounded_form
mul_form
rounded_form
sub_form
rounded_form
var_form
neg_form
add_form
rounded_form
add_form
rounded_form
var_form
sub_form
rounded_form
add_form
rounded_form
add_form
rounded_form
mul_form
rounded_form
add_form
rounded_form
Taylor forms cache stats: num_bindings = 35, num_buckets = 1024, max_bucket_length = 2
Expr cache stats: num_bindings = 69, num_buckets = 65536, max_bucket_length = 1
Simplifying Taylor forms...
success
v0 = (((((x2 * x5) + (x3 * x6)) - (x2 * x3)) - (x5 * x6)) + (x1 * ((((((-(x1)) + x2) + x3) - x4) + x5) + x6)))
-1: exp = -53: (5/4989600773836799529140931782592096415168628151088643853756368106093029729672410164462394913731589252723356117110481238109931094970983984151847929495712078550800014182377714191293844303610907467956633391861359809983327026137802175972222138171120110393767802267189390104105896238075860024819712)
1: exp = -53: floor_power2(((x2 * x5) + 0))
2: exp = -53: floor_power2(((x3 * x6) + 0))
3: exp = -53: floor_power2((((x2 * x5) + (x3 * x6)) + interval(-7.10542735760100343643e-15, 7.10542735760100343643e-15)))
4: exp = -53: (-(floor_power2(((x2 * x3) + 0))))
5: exp = -53: floor_power2(((((x2 * x5) + (x3 * x6)) - (x2 * x3)) + interval(-1.77635683940025078022e-14, 1.77635683940025078022e-14)))
6: exp = -53: (-(floor_power2(((x5 * x6) + 0))))
7: exp = -53: floor_power2((((((x2 * x5) + (x3 * x6)) - (x2 * x3)) - (x5 * x6)) + interval(-2.84217094304040137457e-14, 2.84217094304040137457e-14)))
8: exp = -53: (x1 * floor_power2((((-(x1)) + x2) + 0)))
9: exp = -53: (x1 * floor_power2(((((-(x1)) + x2) + x3) + interval(-2.22044604925031308085e-16, 2.22044604925031308085e-16))))
10: exp = -53: (x1 * floor_power2((((((-(x1)) + x2) + x3) - x4) + interval(-1.11022302462515654042e-15, 1.11022302462515654042e-15))))
11: exp = -53: (x1 * floor_power2(((((((-(x1)) + x2) + x3) - x4) + x5) + interval(-1.55431223447521915659e-15, 1.55431223447521915659e-15))))
12: exp = -53: (x1 * floor_power2((((((((-(x1)) + x2) + x3) - x4) + x5) + x6) + interval(-2.44249065417534438893e-15, 2.44249065417534438893e-15))))
13: exp = -53: floor_power2(((x1 * ((((((-(x1)) + x2) + x3) - x4) + x5) + x6)) + interval(-2.68318700591407903372e-14, 2.68318700591407903372e-14)))
14: exp = -53: floor_power2(((((((x2 * x5) + (x3 * x6)) - (x2 * x3)) - (x5 * x6)) + (x1 * ((((((-(x1)) + x2) + x3) - x4) + x5) + x6))) + interval(-6.59117205259463258036e-14, 6.59117205259463258036e-14)))

Corresponding original subexpressions:
1: rnd64((x2 * x5))
2: rnd64((x3 * x6))
3: rnd[64,ne,1.00,-53,0]((rnd64((x2 * x5)) + rnd64((x3 * x6))))
4: rnd64((x2 * x3))
5: rnd[64,ne,1.00,-53,0]((rnd[64,ne,1.00,-53,0]((rnd64((x2 * x5)) + rnd64((x3 * x6)))) - rnd64((x2 * x3))))
6: rnd64((x5 * x6))
7: rnd[64,ne,1.00,-53,0]((rnd[64,ne,1.00,-53,0]((rnd[64,ne,1.00,-53,0]((rnd64((x2 * x5)) + rnd64((x3 * x6)))) - rnd64((x2 * x3)))) - rnd64((x5 * x6))))
8: rnd[64,ne,1.00,-53,0](((-(x1)) + x2))
9: rnd[64,ne,1.00,-53,0]((rnd[64,ne,1.00,-53,0](((-(x1)) + x2)) + x3))
10: rnd[64,ne,1.00,-53,0]((rnd[64,ne,1.00,-53,0]((rnd[64,ne,1.00,-53,0](((-(x1)) + x2)) + x3)) - x4))
11: rnd[64,ne,1.00,-53,0]((rnd[64,ne,1.00,-53,0]((rnd[64,ne,1.00,-53,0]((rnd[64,ne,1.00,-53,0](((-(x1)) + x2)) + x3)) - x4)) + x5))
12: rnd[64,ne,1.00,-53,0]((rnd[64,ne,1.00,-53,0]((rnd[64,ne,1.00,-53,0]((rnd[64,ne,1.00,-53,0]((rnd[64,ne,1.00,-53,0](((-(x1)) + x2)) + x3)) - x4)) + x5)) + x6))
13: rnd64((x1 * rnd[64,ne,1.00,-53,0]((rnd[64,ne,1.00,-53,0]((rnd[64,ne,1.00,-53,0]((rnd[64,ne,1.00,-53,0]((rnd[64,ne,1.00,-53,0](((-(x1)) + x2)) + x3)) - x4)) + x5)) + x6))))
14: rnd[64,ne,1.00,-53,0]((rnd[64,ne,1.00,-53,0]((rnd[64,ne,1.00,-53,0]((rnd[64,ne,1.00,-53,0]((rnd64((x2 * x5)) + rnd64((x3 * x6)))) - rnd64((x2 * x3)))) - rnd64((x5 * x6)))) + rnd64((x1 * rnd[64,ne,1.00,-53,0]((rnd[64,ne,1.00,-53,0]((rnd[64,ne,1.00,-53,0]((rnd[64,ne,1.00,-53,0]((rnd[64,ne,1.00,-53,0](((-(x1)) + x2)) + x3)) - x4)) + x5)) + x6))))))

Selected optimization method: bb
bb_opt: x_abs_tol = 1.000000e-02, f_rel_tol = 1.000000e-02, f_abs_tol = 1.000000e-02, iters = 1000000
iterations(min = 39979, max = 18964): 39979
min = 2.068289e+01 (lower_min = 2.094766e+01)
max = 9.672828e+01 (lower_max = 9.579154e+01)
subopt = 9.367402e-01 (1.0%)
bounds: [2.068289e+01, 9.672828e+01]

Computing absolute errors
Selected optimization method: bb-eval
bb-eval_opt: x_abs_tol = 1.000000e-02, f_rel_tol = 1.000000e-02, f_abs_tol = 1.000000e-02, iters = 1000000
rmin(result = 1.002084e-291, lower = 1.002084e-291), rmax(result = 1.002084e-291, lower = 1.002084e-291)
-1: exp = -53: 1.002084e-291 (low = 1.002084e-291, subopt = 0.0%)

Solving the exact optimization problem
Selected optimization method: bb
bb_opt: x_abs_tol = 1.000000e-02, f_rel_tol = 1.000000e-02, f_abs_tol = 1.000000e-02, iters = 1000000
iterations(min = 0, max = 148129): 148129
min = 0.000000e+00 (lower_min = 0.000000e+00)
max = 5.271964e+02 (lower_max = 5.263892e+02)
subopt = 8.071875e-01 (0.2%)
exact bound (exp = -53): 5.271964e+02 (low = 5.263892e+02, subopt = 0.2%)
total2: 1.112537e-307 (low = 1.112537e-307, subopt = 0.0%)
exact total: 5.853056e-14 (low = 5.844094e-14, subopt = 0.2%)

Computing relative errors
Selected optimization method: bb-eval
bb-eval_opt: x_abs_tol = 1.000000e-02, f_rel_tol = 1.000000e-02, f_abs_tol = 1.000000e-02, iters = 1000000
rmin(result = 1.002084e-291, lower = 1.002084e-291), rmax(result = 1.002084e-291, lower = 1.002084e-291)
-1: exp = -53: 1.002084e-291 (low = 1.002084e-291, subopt = 0.0%)

Solving the exact optimization problem
Selected optimization method: bb
bb_opt: x_abs_tol = 1.000000e-02, f_rel_tol = 1.000000e-02, f_abs_tol = 1.000000e-02, iters = 1000000
iterations(min = 0, max = 1000000): 1000000
min = 0.000000e+00 (lower_min = 0.000000e+00)
max = 1.086966e+01 (lower_max = 9.217722e+00)
subopt = 1.651940e+00 (15.2%)
exact bound-rel (exp = -53): 1.086966e+01 (low = 9.217722e+00, subopt = 15.2%)
total2: 5.379020e-309 (low = 1.150167e-309, subopt = 78.6%)
exact total-rel: 1.206775e-15 (low = 1.023373e-15, subopt = 15.2%)

Elapsed time: 8.49696
*************************************

-------------------------------------------------------------------------------
Problem: result

Optimization lower bounds for error models:
The absolute error (exact) model: 5.844094e-14 (0x1.0731d1eb851eap-44) (suboptimality = 0.2%)
The relative error (exact) model: 1.023372e-15 (0x1.26f7945191a7ap-50) (suboptimality = 15.2%)

Bounds (without rounding): [2.068289e+1, 9.672828e+1]
Bounds (floating-point): [2.068289e+1, 9.672828e+1]

Absolute error (exact): 5.853056e-14 (0x1.079923d70a3d9p-44)
Relative error (exact): 1.206775e-15 (0x1.5bd4454ade454p-50)

Elapsed time: 8.50

