Base path: /Users/laura.zielinski/FPTaylor
Config file: /Users/laura.zielinski/FPTaylor/default.cfg
Config file: /var/folders/38/q_vgzzt959nfc63ldktzz1gr0000gp/T/tmp260axhe6.cfg
default-rnd = rnd64
nlopt-cc = gcc -std=c99 -O3
opt-exact = true
develop = false
log-append-date = start
uncertainty = false
rel-error = true
opt-approx = false
proof-record = false
find-bounds = false
proof-dir = proofs
opt-f-abs-tol = 0.01
fail-on-exception = true
print-opt-lower-bounds = true
bb-compile = {base}/b_and_b/compile.sh {base} {input} {out}
z3-python-lib = 
opt-x-abs-tol = 0.01
export-error-bounds = 
opt-f-rel-tol = 0.01
export-options = 
opt-x-rel-tol = 0.0
rel-error-threshold = 0.0001
bb-alg = opt0
log-base-dir = log
intermediate-opt = false
z3-interval-bounds = true
opt-max-iters = 1000000
abs-error = true
z3-bin = 
maxima-simplification = false
print-hex-floats = true
debug = true
print-precision = 7
export-error-bounds-data = 
fp-power2-model = true
opt = auto
default-var-type = float64
verbosity = 2
ulp-error = false
opt-timeout = 10000
nlopt-lib = -lnlopt -lm
tmp-base-dir = tmp
unique-indices = false
z3-seed = 0
tmp-date = false
z3-python-cmd = python
const-approx-real-vars = false
print-second-order-errors = false
Resetting input_parser_env
eval_const_expr: 1
result: 1
eval_const_expr: 100
result: 100
eval_const_expr: 0
result: 0
eval_const_expr: 100
result: 100
eval_const_expr: 1
result: 1
eval_const_expr: (-(100))
result: -100
eval_const_expr: 0
result: 0
eval_const_expr: 0
result: 0
eval_const_expr: 0
result: 0
eval_const_expr: (-(100))
result: -100
eval_const_expr: (-(100))
result: -100
eval_const_expr: (-(1))
result: -1
eval_const_expr: 0
result: 0
eval_const_expr: (-(1))
result: -1
eval_const_expr: (-(100))
result: -100
Resetting input_parser_env
|tasks| = 1
Processing: result

*************************************
Taylor form for: rnd64((rnd64((rnd64((rnd64(c) * rnd64(a))) / rnd64((rnd64(b2) - rnd64(sqrt(rnd64((rnd64((rnd64(b2) * rnd64(b2))) - rnd64((rnd64(c) * rnd64(a))))))))))) / rnd64((-(rnd64(a))))))

Conservative bound: [-10000.000000, -0.000041]

Simplified rounding: rnd64((rnd64((rnd64((c * a)) / rnd[64,ne,1.00,-53,0]((b2 - rnd[64,ne,1.00,-53,0](sqrt(rnd[64,ne,1.00,-53,0]((rnd64((b2 * b2)) - rnd64((c * a)))))))))) / (-(a))))
Building Taylor forms...
var_form
var_form
mul_form
rounded_form
var_form
mul_form
rounded_form
sub_form
rounded_form
sqrt_form
rounded_form
sub_form
rounded_form
div_form
inv_form
mul_form
rounded_form
neg_form
div_form
inv_form
mul_form
rounded_form
Taylor forms cache stats: num_bindings = 18, num_buckets = 1024, max_bucket_length = 1
Expr cache stats: num_bindings = 83, num_buckets = 65536, max_bucket_length = 2
Simplifying Taylor forms...
success
v0 = (((c * a) * (1 / (b2 - sqrt(((b2 * b2) - (c * a)))))) * (1 / (-(a))))
-1: exp = -53: (8419757250370841/18446744073709551616)
1: exp = -53: ((1 / (-(a))) * (((c * a) * (-(((-(((-(floor_power2(((c * a) + 0)))) / (2 * sqrt(((b2 * b2) - (c * a))))))) / ((b2 - sqrt(((b2 * b2) - (c * a)))) * (b2 - sqrt(((b2 * b2) - (c * a))))))))) + ((1 / (b2 - sqrt(((b2 * b2) - (c * a))))) * floor_power2(((c * a) + 0)))))
2: exp = -53: ((1 / (-(a))) * ((c * a) * (-(((-((floor_power2(((b2 * b2) + 0)) / (2 * sqrt(((b2 * b2) - (c * a))))))) / ((b2 - sqrt(((b2 * b2) - (c * a)))) * (b2 - sqrt(((b2 * b2) - (c * a))))))))))
3: exp = -53: ((1 / (-(a))) * ((c * a) * (-(((-((floor_power2((((b2 * b2) - (c * a)) + interval(-1.81898940354585687973e-12, 1.81898940354585687973e-12))) / (2 * sqrt(((b2 * b2) - (c * a))))))) / ((b2 - sqrt(((b2 * b2) - (c * a)))) * (b2 - sqrt(((b2 * b2) - (c * a))))))))))
4: exp = -53: ((1 / (-(a))) * ((c * a) * (-(((-(floor_power2((sqrt(((b2 * b2) - (c * a))) + interval(-1.81898940354751124095e-12, 1.81898940354751124095e-12))))) / ((b2 - sqrt(((b2 * b2) - (c * a)))) * (b2 - sqrt(((b2 * b2) - (c * a))))))))))
5: exp = -53: ((1 / (-(a))) * ((c * a) * (-((floor_power2(((b2 - sqrt(((b2 * b2) - (c * a)))) + interval(-1.83320025826271324467e-12, 1.83320025826271324467e-12))) / ((b2 - sqrt(((b2 * b2) - (c * a)))) * (b2 - sqrt(((b2 * b2) - (c * a))))))))))
6: exp = -53: ((1 / (-(a))) * floor_power2((((c * a) * (1 / (b2 - sqrt(((b2 * b2) - (c * a)))))) + interval(-1.84741111295833448677e-08, 1.84741111295833448677e-08))))
7: exp = -53: floor_power2(((((c * a) * (1 / (b2 - sqrt(((b2 * b2) - (c * a)))))) * (1 / (-(a)))) + interval(-1.84750206242851177960e-08, 1.84750206242851177960e-08)))

Corresponding original subexpressions:
1: rnd64((c * a))
2: rnd64((b2 * b2))
3: rnd[64,ne,1.00,-53,0]((rnd64((b2 * b2)) - rnd64((c * a))))
4: rnd[64,ne,1.00,-53,0](sqrt(rnd[64,ne,1.00,-53,0]((rnd64((b2 * b2)) - rnd64((c * a))))))
5: rnd[64,ne,1.00,-53,0]((b2 - rnd[64,ne,1.00,-53,0](sqrt(rnd[64,ne,1.00,-53,0]((rnd64((b2 * b2)) - rnd64((c * a))))))))
6: rnd64((rnd64((c * a)) / rnd[64,ne,1.00,-53,0]((b2 - rnd[64,ne,1.00,-53,0](sqrt(rnd[64,ne,1.00,-53,0]((rnd64((b2 * b2)) - rnd64((c * a))))))))))
7: rnd64((rnd64((rnd64((c * a)) / rnd[64,ne,1.00,-53,0]((b2 - rnd[64,ne,1.00,-53,0](sqrt(rnd[64,ne,1.00,-53,0]((rnd64((b2 * b2)) - rnd64((c * a)))))))))) / (-(a))))

Selected optimization method: bb
bb_opt: x_abs_tol = 1.000000e-02, f_rel_tol = 1.000000e-02, f_abs_tol = 1.000000e-02, iters = 1000000
iterations(min = 30728, max = 170): 30728
min = -1.006103e+01 (lower_min = -9.993898e+00)
max = -4.142136e-05 (lower_max = -9.901951e-03)
subopt = 6.713441e-02 (0.7%)
bounds: [-1.006103e+01, -4.142136e-05]

Computing absolute errors
Selected optimization method: bb-eval
bb-eval_opt: x_abs_tol = 1.000000e-02, f_rel_tol = 1.000000e-02, f_abs_tol = 1.000000e-02, iters = 1000000
rmin(result = 4.564360e-04, lower = 4.564360e-04), rmax(result = 4.564360e-04, lower = 4.564360e-04)
-1: exp = -53: 4.564360e-04 (low = 4.564360e-04, subopt = 0.0%)

Solving the exact optimization problem
Selected optimization method: bb
bb_opt: x_abs_tol = 1.000000e-02, f_rel_tol = 1.000000e-02, f_abs_tol = 1.000000e-02, iters = 1000000
iterations(min = 0, max = 75816): 75816
min = 0.000000e+00 (lower_min = 0.000000e+00)
max = 4.217463e+01 (lower_max = 3.996282e+01)
subopt = 2.211820e+00 (5.2%)
exact bound (exp = -53): 4.217463e+01 (low = 3.996282e+01, subopt = 5.2%)
total2: 5.067457e-20 (low = 5.067457e-20, subopt = 0.0%)
exact total: 4.682376e-15 (low = 4.436814e-15, subopt = 5.2%)

Computing relative errors
**WARNING**: 
Cannot compute the relative error: values of the function are close to zero

Elapsed time: 1.58110
*************************************

-------------------------------------------------------------------------------
Problem: result

Optimization lower bounds for error models:
The absolute error (exact) model: 4.436814e-15 (0x1.3fb4c7d648efap-48) (suboptimality = 5.2%)

Bounds (without rounding): [-1.006104e+1, -4.142135e-5]
Bounds (floating-point): [-1.006104e+1, -4.142135e-5]

Absolute error (exact): 4.682376e-15 (0x1.5166964ac7361p-48)

Elapsed time: 1.58

