Base path: /Users/laura.zielinski/FPTaylor
Config file: /Users/laura.zielinski/FPTaylor/default.cfg
Config file: /var/folders/38/q_vgzzt959nfc63ldktzz1gr0000gp/T/tmpzs1pjxh5.cfg
default-rnd = rnd64
nlopt-cc = gcc -std=c99 -O3
opt-exact = true
develop = false
log-append-date = start
uncertainty = false
rel-error = true
opt-approx = false
proof-record = false
find-bounds = false
proof-dir = proofs
opt-f-abs-tol = 0.01
fail-on-exception = true
print-opt-lower-bounds = true
bb-compile = {base}/b_and_b/compile.sh {base} {input} {out}
z3-python-lib = 
opt-x-abs-tol = 0.01
export-error-bounds = 
opt-f-rel-tol = 0.01
export-options = 
opt-x-rel-tol = 0.0
rel-error-threshold = 0.0001
bb-alg = opt0
log-base-dir = log
intermediate-opt = false
z3-interval-bounds = true
opt-max-iters = 1000000
abs-error = true
z3-bin = 
maxima-simplification = false
print-hex-floats = true
debug = true
print-precision = 7
export-error-bounds-data = 
fp-power2-model = true
opt = auto
default-var-type = float64
verbosity = 2
ulp-error = false
opt-timeout = 10000
nlopt-lib = -lnlopt -lm
tmp-base-dir = tmp
unique-indices = false
z3-seed = 0
tmp-date = false
z3-python-cmd = python
const-approx-real-vars = false
print-second-order-errors = false
Resetting input_parser_env
eval_const_expr: 4
result: 4
eval_const_expr: (3969/625)
result: 3969/625
eval_const_expr: 0
result: 0
eval_const_expr: (3969/625)
result: 3969/625
eval_const_expr: 4
result: 4
eval_const_expr: 4
result: 4
eval_const_expr: (3969/625)
result: 3969/625
eval_const_expr: 0
result: 0
eval_const_expr: (3969/625)
result: 3969/625
eval_const_expr: 4
result: 4
eval_const_expr: 4
result: 4
eval_const_expr: (3969/625)
result: 3969/625
eval_const_expr: 0
result: 0
eval_const_expr: (3969/625)
result: 3969/625
eval_const_expr: 4
result: 4
eval_const_expr: 4
result: 4
eval_const_expr: (3969/625)
result: 3969/625
eval_const_expr: 0
result: 0
eval_const_expr: (3969/625)
result: 3969/625
eval_const_expr: 4
result: 4
eval_const_expr: 4
result: 4
eval_const_expr: (3969/625)
result: 3969/625
eval_const_expr: 0
result: 0
eval_const_expr: (3969/625)
result: 3969/625
eval_const_expr: 4
result: 4
eval_const_expr: 4
result: 4
eval_const_expr: (3969/625)
result: 3969/625
eval_const_expr: 0
result: 0
eval_const_expr: (3969/625)
result: 3969/625
eval_const_expr: 4
result: 4
Resetting input_parser_env
|tasks| = 1
Processing: result

*************************************
Taylor form for: rnd64((rnd64((rnd64((rnd64((rnd64(x3) - rnd64(x5))) * rnd64(x6))) - rnd64((rnd64((rnd64(x1) * rnd64(x4))) - rnd64((rnd64(x2) * rnd64((rnd64(x5) - rnd64(x3))))))))) + rnd64((rnd64(x1) * rnd64((rnd64((rnd64(x5) + rnd64((rnd64(x3) - rnd64(x4))))) + rnd64((rnd64(x6) - rnd64((rnd64(x1) - rnd64(x2)))))))))))

Conservative bound: [-56.982740, 124.359081]

Simplified rounding: rnd[64,ne,1.00,-53,0]((rnd[64,ne,1.00,-53,0]((rnd64((rnd[64,ne,1.00,-53,0]((x3 - x5)) * x6)) - rnd[64,ne,1.00,-53,0]((rnd64((x1 * x4)) - rnd64((x2 * rnd[64,ne,1.00,-53,0]((x5 - x3)))))))) + rnd64((x1 * rnd[64,ne,1.00,-53,0]((rnd[64,ne,1.00,-53,0]((x5 + rnd[64,ne,1.00,-53,0]((x3 - x4)))) + rnd[64,ne,1.00,-53,0]((x6 - rnd[64,ne,1.00,-53,0]((x1 - x2))))))))))
Building Taylor forms...
var_form
var_form
sub_form
rounded_form
var_form
mul_form
rounded_form
var_form
var_form
mul_form
rounded_form
var_form
sub_form
rounded_form
mul_form
rounded_form
sub_form
rounded_form
sub_form
rounded_form
sub_form
rounded_form
add_form
rounded_form
sub_form
rounded_form
sub_form
rounded_form
add_form
rounded_form
mul_form
rounded_form
add_form
rounded_form
Taylor forms cache stats: num_bindings = 34, num_buckets = 1024, max_bucket_length = 2
Expr cache stats: num_bindings = 76, num_buckets = 65536, max_bucket_length = 2
Simplifying Taylor forms...
success
v0 = ((((x3 - x5) * x6) - ((x1 * x4) - (x2 * (x5 - x3)))) + (x1 * ((x5 + (x3 - x4)) + (x6 - (x1 - x2)))))
-1: exp = -53: (1/1247400193459199882285232945648024103792157037772160963439092026523257432418102541115598728432897313180839029277620309527482773742745996037961982373928019637700003545594428547823461075902726866989158347965339952495831756534450543993055534542780027598441950566797347526026474059518965006204928)
1: exp = -53: (x6 * floor_power2(((x3 - x5) + 0)))
2: exp = -53: floor_power2((((x3 - x5) * x6) + interval(-1.41007205911591892741e-15, 1.41007205911591892741e-15)))
3: exp = -53: (-(floor_power2(((x1 * x4) + 0))))
4: exp = -53: (-((-((x2 * floor_power2(((x5 - x3) + 0)))))))
5: exp = -53: (-((-(floor_power2(((x2 * (x5 - x3)) + interval(-1.41007205911591892741e-15, 1.41007205911591892741e-15)))))))
6: exp = -53: (-(floor_power2((((x1 * x4) - (x2 * (x5 - x3))) + interval(-5.85096415761654587796e-15, 5.85096415761654587796e-15)))))
7: exp = -53: floor_power2(((((x3 - x5) * x6) - ((x1 * x4) - (x2 * (x5 - x3)))) + interval(-1.17019283152330917559e-14, 1.17019283152330917559e-14)))
8: exp = -53: (x1 * floor_power2(((x3 - x4) + 0)))
9: exp = -53: (x1 * floor_power2(((x5 + (x3 - x4)) + interval(-2.22044604925031308085e-16, 2.22044604925031308085e-16))))
10: exp = -53: (x1 * (-(floor_power2(((x1 - x2) + 0)))))
11: exp = -53: (x1 * floor_power2(((x6 - (x1 - x2)) + interval(-2.22044604925031308085e-16, 2.22044604925031308085e-16))))
12: exp = -53: (x1 * floor_power2((((x5 + (x3 - x4)) + (x6 - (x1 - x2))) + interval(-2.22044604925031308085e-15, 2.22044604925031308085e-15))))
13: exp = -53: floor_power2(((x1 * ((x5 + (x3 - x4)) + (x6 - (x1 - x2)))) + interval(-2.53812970640865406934e-14, 2.53812970640865406934e-14)))
14: exp = -53: floor_power2((((((x3 - x5) * x6) - ((x1 * x4) - (x2 * (x5 - x3)))) + (x1 * ((x5 + (x3 - x4)) + (x6 - (x1 - x2))))) + interval(-5.12940800945216408999e-14, 5.12940800945216408999e-14)))

Corresponding original subexpressions:
1: rnd[64,ne,1.00,-53,0]((x3 - x5))
2: rnd64((rnd[64,ne,1.00,-53,0]((x3 - x5)) * x6))
3: rnd64((x1 * x4))
4: rnd[64,ne,1.00,-53,0]((x5 - x3))
5: rnd64((x2 * rnd[64,ne,1.00,-53,0]((x5 - x3))))
6: rnd[64,ne,1.00,-53,0]((rnd64((x1 * x4)) - rnd64((x2 * rnd[64,ne,1.00,-53,0]((x5 - x3))))))
7: rnd[64,ne,1.00,-53,0]((rnd64((rnd[64,ne,1.00,-53,0]((x3 - x5)) * x6)) - rnd[64,ne,1.00,-53,0]((rnd64((x1 * x4)) - rnd64((x2 * rnd[64,ne,1.00,-53,0]((x5 - x3))))))))
8: rnd[64,ne,1.00,-53,0]((x3 - x4))
9: rnd[64,ne,1.00,-53,0]((x5 + rnd[64,ne,1.00,-53,0]((x3 - x4))))
10: rnd[64,ne,1.00,-53,0]((x1 - x2))
11: rnd[64,ne,1.00,-53,0]((x6 - rnd[64,ne,1.00,-53,0]((x1 - x2))))
12: rnd[64,ne,1.00,-53,0]((rnd[64,ne,1.00,-53,0]((x5 + rnd[64,ne,1.00,-53,0]((x3 - x4)))) + rnd[64,ne,1.00,-53,0]((x6 - rnd[64,ne,1.00,-53,0]((x1 - x2))))))
13: rnd64((x1 * rnd[64,ne,1.00,-53,0]((rnd[64,ne,1.00,-53,0]((x5 + rnd[64,ne,1.00,-53,0]((x3 - x4)))) + rnd[64,ne,1.00,-53,0]((x6 - rnd[64,ne,1.00,-53,0]((x1 - x2))))))))
14: rnd[64,ne,1.00,-53,0]((rnd[64,ne,1.00,-53,0]((rnd64((rnd[64,ne,1.00,-53,0]((x3 - x5)) * x6)) - rnd[64,ne,1.00,-53,0]((rnd64((x1 * x4)) - rnd64((x2 * rnd[64,ne,1.00,-53,0]((x5 - x3)))))))) + rnd64((x1 * rnd[64,ne,1.00,-53,0]((rnd[64,ne,1.00,-53,0]((x5 + rnd[64,ne,1.00,-53,0]((x3 - x4)))) + rnd[64,ne,1.00,-53,0]((x6 - rnd[64,ne,1.00,-53,0]((x1 - x2))))))))))

Selected optimization method: bb
bb_opt: x_abs_tol = 1.000000e-02, f_rel_tol = 1.000000e-02, f_abs_tol = 1.000000e-02, iters = 1000000
iterations(min = 15334, max = 27778): 27778
min = -1.948025e+01 (lower_min = -1.917367e+01)
max = 7.060282e+01 (lower_max = 6.994632e+01)
subopt = 6.564961e-01 (0.9%)
bounds: [-1.948025e+01, 7.060282e+01]

Computing absolute errors
Selected optimization method: bb-eval
bb-eval_opt: x_abs_tol = 1.000000e-02, f_rel_tol = 1.000000e-02, f_abs_tol = 1.000000e-02, iters = 1000000
rmin(result = 8.016673e-292, lower = 8.016673e-292), rmax(result = 8.016673e-292, lower = 8.016673e-292)
-1: exp = -53: 8.016673e-292 (low = 8.016673e-292, subopt = 0.0%)

Solving the exact optimization problem
Selected optimization method: bb
bb_opt: x_abs_tol = 1.000000e-02, f_rel_tol = 1.000000e-02, f_abs_tol = 1.000000e-02, iters = 1000000
iterations(min = 0, max = 46719): 46719
min = 0.000000e+00 (lower_min = 0.000000e+00)
max = 3.459460e+02 (lower_max = 3.453768e+02)
subopt = 5.692375e-01 (0.2%)
exact bound (exp = -53): 3.459460e+02 (low = 3.453768e+02, subopt = 0.2%)
total2: 8.900295e-308 (low = 8.900295e-308, subopt = 0.0%)
exact total: 3.840772e-14 (low = 3.834452e-14, subopt = 0.2%)

Computing relative errors
**WARNING**: 
Cannot compute the relative error: values of the function are close to zero

Elapsed time: 2.01692
*************************************

-------------------------------------------------------------------------------
Problem: result

Optimization lower bounds for error models:
The absolute error (exact) model: 3.834452e-14 (0x1.59607381d7dbdp-45) (suboptimality = 0.2%)

Bounds (without rounding): [-1.948025e+1, 7.060282e+1]
Bounds (floating-point): [-1.948025e+1, 7.060282e+1]

Absolute error (exact): 3.840773e-14 (0x1.59f22d0e56044p-45)

Elapsed time: 2.02

