Base path: /Users/laura.zielinski/FPTaylor
Config file: /Users/laura.zielinski/FPTaylor/default.cfg
Config file: /var/folders/38/q_vgzzt959nfc63ldktzz1gr0000gp/T/tmpwej37e0u.cfg
default-rnd = rnd64
nlopt-cc = gcc -std=c99 -O3
opt-exact = true
develop = false
log-append-date = start
uncertainty = false
rel-error = true
opt-approx = false
proof-record = false
find-bounds = false
proof-dir = proofs
opt-f-abs-tol = 0.01
fail-on-exception = true
print-opt-lower-bounds = true
bb-compile = {base}/b_and_b/compile.sh {base} {input} {out}
z3-python-lib = 
opt-x-abs-tol = 0.01
export-error-bounds = 
opt-f-rel-tol = 0.01
export-options = 
opt-x-rel-tol = 0.0
rel-error-threshold = 0.0001
bb-alg = opt0
log-base-dir = log
intermediate-opt = false
z3-interval-bounds = true
opt-max-iters = 1000000
abs-error = true
z3-bin = 
maxima-simplification = false
print-hex-floats = true
debug = true
print-precision = 7
export-error-bounds-data = 
fp-power2-model = true
opt = auto
default-var-type = float64
verbosity = 2
ulp-error = false
opt-timeout = 10000
nlopt-lib = -lnlopt -lm
tmp-base-dir = tmp
unique-indices = false
z3-seed = 0
tmp-date = false
z3-python-cmd = python
const-approx-real-vars = false
print-second-order-errors = false
Resetting input_parser_env
eval_const_expr: 4
result: 4
eval_const_expr: (3969/625)
result: 3969/625
eval_const_expr: 0
result: 0
eval_const_expr: (3969/625)
result: 3969/625
eval_const_expr: 4
result: 4
eval_const_expr: 4
result: 4
eval_const_expr: (3969/625)
result: 3969/625
eval_const_expr: 0
result: 0
eval_const_expr: (3969/625)
result: 3969/625
eval_const_expr: 4
result: 4
eval_const_expr: 4
result: 4
eval_const_expr: (3969/625)
result: 3969/625
eval_const_expr: 0
result: 0
eval_const_expr: (3969/625)
result: 3969/625
eval_const_expr: 4
result: 4
eval_const_expr: 4
result: 4
eval_const_expr: (3969/625)
result: 3969/625
eval_const_expr: 0
result: 0
eval_const_expr: (3969/625)
result: 3969/625
eval_const_expr: 4
result: 4
eval_const_expr: 4
result: 4
eval_const_expr: (3969/625)
result: 3969/625
eval_const_expr: 0
result: 0
eval_const_expr: (3969/625)
result: 3969/625
eval_const_expr: 4
result: 4
eval_const_expr: 4
result: 4
eval_const_expr: (3969/625)
result: 3969/625
eval_const_expr: 0
result: 0
eval_const_expr: (3969/625)
result: 3969/625
eval_const_expr: 4
result: 4
Resetting input_parser_env
|tasks| = 1
Processing: result

*************************************
Taylor form for: rnd64((rnd64((rnd64((rnd64((rnd64(x3) * rnd64((-(rnd64(x2)))))) - rnd64((rnd64((rnd64((rnd64(x1) * rnd64(x4))) - rnd64((rnd64(x2) * rnd64(x5))))) - rnd64((rnd64(x6) * rnd64((rnd64(x3) - rnd64(x5))))))))) + rnd64((rnd64((rnd64((rnd64(x2) - rnd64(x1))) * rnd64(x1))) + rnd64((rnd64((rnd64(x3) - rnd64(x4))) * rnd64(x1))))))) + rnd64((rnd64(x1) * rnd64((rnd64(x5) + rnd64(x6)))))))

Conservative bound: [-77.433101, 133.760681]

Simplified rounding: rnd[64,ne,1.00,-53,0]((rnd[64,ne,1.00,-53,0]((rnd[64,ne,1.00,-53,0]((rnd64((x3 * (-(x2)))) - rnd[64,ne,1.00,-53,0]((rnd[64,ne,1.00,-53,0]((rnd64((x1 * x4)) - rnd64((x2 * x5)))) - rnd64((x6 * rnd[64,ne,1.00,-53,0]((x3 - x5)))))))) + rnd[64,ne,1.00,-53,0]((rnd64((rnd[64,ne,1.00,-53,0]((x2 - x1)) * x1)) + rnd64((rnd[64,ne,1.00,-53,0]((x3 - x4)) * x1)))))) + rnd64((x1 * rnd[64,ne,1.00,-53,0]((x5 + x6))))))
Building Taylor forms...
var_form
var_form
neg_form
mul_form
rounded_form
var_form
var_form
mul_form
rounded_form
var_form
mul_form
rounded_form
sub_form
rounded_form
var_form
sub_form
rounded_form
mul_form
rounded_form
sub_form
rounded_form
sub_form
rounded_form
sub_form
rounded_form
mul_form
rounded_form
sub_form
rounded_form
mul_form
rounded_form
add_form
rounded_form
add_form
rounded_form
add_form
rounded_form
mul_form
rounded_form
add_form
rounded_form
Taylor forms cache stats: num_bindings = 41, num_buckets = 1024, max_bucket_length = 2
Expr cache stats: num_bindings = 86, num_buckets = 65536, max_bucket_length = 1
Simplifying Taylor forms...
success
v0 = ((((x3 * (-(x2))) - (((x1 * x4) - (x2 * x5)) - (x6 * (x3 - x5)))) + (((x2 - x1) * x1) + ((x3 - x4) * x1))) + (x1 * (x5 + x6)))
-1: exp = -53: (7/4989600773836799529140931782592096415168628151088643853756368106093029729672410164462394913731589252723356117110481238109931094970983984151847929495712078550800014182377714191293844303610907467956633391861359809983327026137802175972222138171120110393767802267189390104105896238075860024819712)
1: exp = -53: floor_power2(((x3 * (-(x2))) + 0))
2: exp = -53: (-(floor_power2(((x1 * x4) + 0))))
3: exp = -53: (-((-(floor_power2(((x2 * x5) + 0))))))
4: exp = -53: (-(floor_power2((((x1 * x4) - (x2 * x5)) + interval(-7.10542735760100343643e-15, 7.10542735760100343643e-15)))))
5: exp = -53: (-((-((x6 * floor_power2(((x3 - x5) + 0)))))))
6: exp = -53: (-((-(floor_power2(((x6 * (x3 - x5)) + interval(-1.41007205911591892741e-15, 1.41007205911591892741e-15)))))))
7: exp = -53: (-(floor_power2(((((x1 * x4) - (x2 * x5)) - (x6 * (x3 - x5))) + interval(-1.11800346758172980609e-14, 1.11800346758172980609e-14)))))
8: exp = -53: floor_power2((((x3 * (-(x2))) - (((x1 * x4) - (x2 * x5)) - (x6 * (x3 - x5)))) + interval(-1.82854620334182999196e-14, 1.82854620334182999196e-14)))
9: exp = -53: (x1 * floor_power2(((x2 - x1) + 0)))
10: exp = -53: floor_power2((((x2 - x1) * x1) + interval(-1.41007205911591892741e-15, 1.41007205911591892741e-15)))
11: exp = -53: (x1 * floor_power2(((x3 - x4) + 0)))
12: exp = -53: floor_power2((((x3 - x4) * x1) + interval(-1.41007205911591892741e-15, 1.41007205911591892741e-15)))
13: exp = -53: floor_power2(((((x2 - x1) * x1) + ((x3 - x4) * x1)) + interval(-4.59650095763208910836e-15, 4.59650095763208910836e-15)))
14: exp = -53: floor_power2(((((x3 * (-(x2))) - (((x1 * x4) - (x2 * x5)) - (x6 * (x3 - x5)))) + (((x2 - x1) * x1) + ((x3 - x4) * x1))) + interval(-3.17637471880516437179e-14, 3.17637471880516437179e-14)))
15: exp = -53: (x1 * floor_power2(((x5 + x6) + 0)))
16: exp = -53: floor_power2(((x1 * (x5 + x6)) + interval(-5.64028823646367570963e-15, 5.64028823646367570963e-15)))
17: exp = -53: floor_power2((((((x3 * (-(x2))) - (((x1 * x4) - (x2 * x5)) - (x6 * (x3 - x5)))) + (((x2 - x1) * x1) + ((x3 - x4) * x1))) + (x1 * (x5 + x6))) + interval(-5.16148901397173231450e-14, 5.16148901397173231450e-14)))

Corresponding original subexpressions:
1: rnd64((x3 * (-(x2))))
2: rnd64((x1 * x4))
3: rnd64((x2 * x5))
4: rnd[64,ne,1.00,-53,0]((rnd64((x1 * x4)) - rnd64((x2 * x5))))
5: rnd[64,ne,1.00,-53,0]((x3 - x5))
6: rnd64((x6 * rnd[64,ne,1.00,-53,0]((x3 - x5))))
7: rnd[64,ne,1.00,-53,0]((rnd[64,ne,1.00,-53,0]((rnd64((x1 * x4)) - rnd64((x2 * x5)))) - rnd64((x6 * rnd[64,ne,1.00,-53,0]((x3 - x5))))))
8: rnd[64,ne,1.00,-53,0]((rnd64((x3 * (-(x2)))) - rnd[64,ne,1.00,-53,0]((rnd[64,ne,1.00,-53,0]((rnd64((x1 * x4)) - rnd64((x2 * x5)))) - rnd64((x6 * rnd[64,ne,1.00,-53,0]((x3 - x5))))))))
9: rnd[64,ne,1.00,-53,0]((x2 - x1))
10: rnd64((rnd[64,ne,1.00,-53,0]((x2 - x1)) * x1))
11: rnd[64,ne,1.00,-53,0]((x3 - x4))
12: rnd64((rnd[64,ne,1.00,-53,0]((x3 - x4)) * x1))
13: rnd[64,ne,1.00,-53,0]((rnd64((rnd[64,ne,1.00,-53,0]((x2 - x1)) * x1)) + rnd64((rnd[64,ne,1.00,-53,0]((x3 - x4)) * x1))))
14: rnd[64,ne,1.00,-53,0]((rnd[64,ne,1.00,-53,0]((rnd64((x3 * (-(x2)))) - rnd[64,ne,1.00,-53,0]((rnd[64,ne,1.00,-53,0]((rnd64((x1 * x4)) - rnd64((x2 * x5)))) - rnd64((x6 * rnd[64,ne,1.00,-53,0]((x3 - x5)))))))) + rnd[64,ne,1.00,-53,0]((rnd64((rnd[64,ne,1.00,-53,0]((x2 - x1)) * x1)) + rnd64((rnd[64,ne,1.00,-53,0]((x3 - x4)) * x1))))))
15: rnd[64,ne,1.00,-53,0]((x5 + x6))
16: rnd64((x1 * rnd[64,ne,1.00,-53,0]((x5 + x6))))
17: rnd[64,ne,1.00,-53,0]((rnd[64,ne,1.00,-53,0]((rnd[64,ne,1.00,-53,0]((rnd64((x3 * (-(x2)))) - rnd[64,ne,1.00,-53,0]((rnd[64,ne,1.00,-53,0]((rnd64((x1 * x4)) - rnd64((x2 * x5)))) - rnd64((x6 * rnd[64,ne,1.00,-53,0]((x3 - x5)))))))) + rnd[64,ne,1.00,-53,0]((rnd64((rnd[64,ne,1.00,-53,0]((x2 - x1)) * x1)) + rnd64((rnd[64,ne,1.00,-53,0]((x3 - x4)) * x1)))))) + rnd64((x1 * rnd[64,ne,1.00,-53,0]((x5 + x6))))))

Selected optimization method: bb
bb_opt: x_abs_tol = 1.000000e-02, f_rel_tol = 1.000000e-02, f_abs_tol = 1.000000e-02, iters = 1000000
iterations(min = 32831, max = 45752): 45752
min = -1.956013e+01 (lower_min = -1.917367e+01)
max = 7.056576e+01 (lower_max = 6.994632e+01)
subopt = 6.194339e-01 (0.9%)
bounds: [-1.956013e+01, 7.056576e+01]

Computing absolute errors
Selected optimization method: bb-eval
bb-eval_opt: x_abs_tol = 1.000000e-02, f_rel_tol = 1.000000e-02, f_abs_tol = 1.000000e-02, iters = 1000000
rmin(result = 1.402918e-291, lower = 1.402918e-291), rmax(result = 1.402918e-291, lower = 1.402918e-291)
-1: exp = -53: 1.402918e-291 (low = 1.402918e-291, subopt = 0.0%)

Solving the exact optimization problem
Selected optimization method: bb
bb_opt: x_abs_tol = 1.000000e-02, f_rel_tol = 1.000000e-02, f_abs_tol = 1.000000e-02, iters = 1000000
iterations(min = 0, max = 19365): 19365
min = 0.000000e+00 (lower_min = 0.000000e+00)
max = 4.025552e+02 (lower_max = 4.025552e+02)
subopt = 1.705303e-13 (0.0%)
exact bound (exp = -53): 4.025552e+02 (low = 4.025552e+02, subopt = 0.0%)
total2: 1.557552e-307 (low = 1.557552e-307, subopt = 0.0%)
exact total: 4.469261e-14 (low = 4.469261e-14, subopt = 0.0%)

Computing relative errors
**WARNING**: 
Cannot compute the relative error: values of the function are close to zero

Elapsed time: 1.26633
*************************************

-------------------------------------------------------------------------------
Problem: result

Optimization lower bounds for error models:
The absolute error (exact) model: 4.469260e-14 (0x1.928e219652bd2p-45) (suboptimality = 0.0%)

Bounds (without rounding): [-1.956014e+1, 7.056576e+1]
Bounds (floating-point): [-1.956014e+1, 7.056576e+1]

Absolute error (exact): 4.469261e-14 (0x1.928e219652bd6p-45)

Elapsed time: 1.27

