Base path: /Users/laura.zielinski/FPTaylor
Config file: /Users/laura.zielinski/FPTaylor/default.cfg
Config file: /var/folders/38/q_vgzzt959nfc63ldktzz1gr0000gp/T/tmpxr004331.cfg
default-rnd = rnd64
nlopt-cc = gcc -std=c99 -O3
opt-exact = true
develop = false
log-append-date = start
uncertainty = false
rel-error = true
opt-approx = false
proof-record = false
find-bounds = false
proof-dir = proofs
opt-f-abs-tol = 0.01
fail-on-exception = true
print-opt-lower-bounds = true
bb-compile = {base}/b_and_b/compile.sh {base} {input} {out}
z3-python-lib = 
opt-x-abs-tol = 0.01
export-error-bounds = 
opt-f-rel-tol = 0.01
export-options = 
opt-x-rel-tol = 0.0
rel-error-threshold = 0.0001
bb-alg = opt0
log-base-dir = log
intermediate-opt = false
z3-interval-bounds = true
opt-max-iters = 1000000
abs-error = true
z3-bin = 
maxima-simplification = false
print-hex-floats = true
debug = true
print-precision = 7
export-error-bounds-data = 
fp-power2-model = true
opt = auto
default-var-type = float64
verbosity = 2
ulp-error = false
opt-timeout = 10000
nlopt-lib = -lnlopt -lm
tmp-base-dir = tmp
unique-indices = false
z3-seed = 0
tmp-date = false
z3-python-cmd = python
const-approx-real-vars = false
print-second-order-errors = false
Resetting input_parser_env
eval_const_expr: 4
result: 4
eval_const_expr: (159/25)
result: 159/25
eval_const_expr: 0
result: 0
eval_const_expr: (159/25)
result: 159/25
eval_const_expr: 4
result: 4
eval_const_expr: 4
result: 4
eval_const_expr: (159/25)
result: 159/25
eval_const_expr: 0
result: 0
eval_const_expr: (159/25)
result: 159/25
eval_const_expr: 4
result: 4
eval_const_expr: 4
result: 4
eval_const_expr: (159/25)
result: 159/25
eval_const_expr: 0
result: 0
eval_const_expr: (159/25)
result: 159/25
eval_const_expr: 4
result: 4
eval_const_expr: 4
result: 4
eval_const_expr: (159/25)
result: 159/25
eval_const_expr: 0
result: 0
eval_const_expr: (159/25)
result: 159/25
eval_const_expr: 4
result: 4
Resetting input_parser_env
|tasks| = 1
Processing: result

*************************************
Taylor form for: rnd64((rnd64((rnd64((rnd64((rnd64((rnd64((rnd64((rnd64((rnd64(x1) * rnd64(x4))) * rnd64((rnd64((rnd64((rnd64((-(rnd64(x1)))) + rnd64(x2))) + rnd64(x3))) - rnd64(x4))))) + rnd64((rnd64(x2) * rnd64((rnd64((rnd64((rnd64(x1) - rnd64(x2))) + rnd64(x3))) + rnd64(x4))))))) + rnd64((rnd64(x3) * rnd64((rnd64((rnd64((rnd64(x1) + rnd64(x2))) - rnd64(x3))) + rnd64(x4))))))) - rnd64((rnd64((rnd64(x2) * rnd64(x3))) * rnd64(x4))))) - rnd64((rnd64(x1) * rnd64(x3))))) - rnd64((rnd64(x1) * rnd64(x2))))) - rnd64(x4)))

Conservative bound: [-490.320768, 282.739712]

Simplified rounding: rnd[64,ne,1.00,-53,0]((rnd[64,ne,1.00,-53,0]((rnd[64,ne,1.00,-53,0]((rnd[64,ne,1.00,-53,0]((rnd[64,ne,1.00,-53,0]((rnd[64,ne,1.00,-53,0]((rnd64((rnd64((x1 * x4)) * rnd[64,ne,1.00,-53,0]((rnd[64,ne,1.00,-53,0]((rnd[64,ne,1.00,-53,0](((-(x1)) + x2)) + x3)) - x4)))) + rnd64((x2 * rnd[64,ne,1.00,-53,0]((rnd[64,ne,1.00,-53,0]((rnd[64,ne,1.00,-53,0]((x1 - x2)) + x3)) + x4)))))) + rnd64((x3 * rnd[64,ne,1.00,-53,0]((rnd[64,ne,1.00,-53,0]((rnd[64,ne,1.00,-53,0]((x1 + x2)) - x3)) + x4)))))) - rnd64((rnd64((x2 * x3)) * x4)))) - rnd64((x1 * x3)))) - rnd64((x1 * x2)))) - x4))
Building Taylor forms...
var_form
var_form
mul_form
rounded_form
neg_form
var_form
add_form
rounded_form
var_form
add_form
rounded_form
sub_form
rounded_form
mul_form
rounded_form
sub_form
rounded_form
add_form
rounded_form
add_form
rounded_form
mul_form
rounded_form
add_form
rounded_form
add_form
rounded_form
sub_form
rounded_form
add_form
rounded_form
mul_form
rounded_form
add_form
rounded_form
mul_form
rounded_form
mul_form
rounded_form
sub_form
rounded_form
mul_form
rounded_form
sub_form
rounded_form
mul_form
rounded_form
sub_form
rounded_form
sub_form
rounded_form
Taylor forms cache stats: num_bindings = 51, num_buckets = 1024, max_bucket_length = 2
Expr cache stats: num_bindings = 119, num_buckets = 65536, max_bucket_length = 1
Simplifying Taylor forms...
success
v0 = ((((((((x1 * x4) * ((((-(x1)) + x2) + x3) - x4)) + (x2 * (((x1 - x2) + x3) + x4))) + (x3 * (((x1 + x2) - x3) + x4))) - ((x2 * x3) * x4)) - (x1 * x3)) - (x1 * x2)) - x4)
-1: exp = -53: (985162418487297/19807040628566084398385987584)
1: exp = -53: (((((-(x1)) + x2) + x3) - x4) * floor_power2(((x1 * x4) + 0)))
2: exp = -53: ((x1 * x4) * floor_power2((((-(x1)) + x2) + 0)))
3: exp = -53: ((x1 * x4) * floor_power2(((((-(x1)) + x2) + x3) + interval(-2.22044604925031308085e-16, 2.22044604925031308085e-16))))
4: exp = -53: ((x1 * x4) * floor_power2((((((-(x1)) + x2) + x3) - x4) + interval(-1.11022302462515654042e-15, 1.11022302462515654042e-15))))
5: exp = -53: floor_power2((((x1 * x4) * ((((-(x1)) + x2) + x3) - x4)) + interval(-7.96401167235672351869e-14, 7.96401167235672351869e-14)))
6: exp = -53: (x2 * floor_power2(((x1 - x2) + 0)))
7: exp = -53: (x2 * floor_power2((((x1 - x2) + x3) + interval(-2.22044604925031308085e-16, 2.22044604925031308085e-16))))
8: exp = -53: (x2 * floor_power2(((((x1 - x2) + x3) + x4) + interval(-1.11022302462515654042e-15, 1.11022302462515654042e-15))))
9: exp = -53: floor_power2(((x2 * (((x1 - x2) + x3) + x4)) + interval(-1.27098331859087940943e-14, 1.27098331859087940943e-14)))
10: exp = -53: floor_power2(((((x1 * x4) * ((((-(x1)) + x2) + x3) - x4)) + (x2 * (((x1 - x2) + x3) + x4))) + interval(-1.13666231982279060101e-13, 1.13666231982279060101e-13)))
11: exp = -53: (x3 * floor_power2(((x1 + x2) + 0)))
12: exp = -53: (x3 * floor_power2((((x1 + x2) - x3) + interval(-8.88178419700125232339e-16, 8.88178419700125232339e-16))))
13: exp = -53: (x3 * floor_power2(((((x1 + x2) - x3) + x4) + interval(-1.77635683940025046468e-15, 1.77635683940025046468e-15))))
14: exp = -53: floor_power2(((x3 * (((x1 + x2) - x3) + x4)) + interval(-1.69464442478783910739e-14, 1.69464442478783910739e-14)))
15: exp = -53: floor_power2((((((x1 * x4) * ((((-(x1)) + x2) + x3) - x4)) + (x2 * (((x1 - x2) + x3) + x4))) + (x3 * (((x1 + x2) - x3) + x4))) + interval(-1.66139813018162495178e-13, 1.66139813018162495178e-13)))
16: exp = -53: (-((x4 * floor_power2(((x2 * x3) + 0)))))
17: exp = -53: (-(floor_power2((((x2 * x3) * x4) + interval(-2.25952589971711902021e-14, 2.25952589971711902021e-14)))))
18: exp = -53: floor_power2(((((((x1 * x4) * ((((-(x1)) + x2) + x3) - x4)) + (x2 * (((x1 - x2) + x3) + x4))) + (x3 * (((x1 + x2) - x3) + x4))) - ((x2 * x3) * x4)) + interval(-2.45578490876141744426e-13, 2.45578490876141744426e-13)))
19: exp = -53: (-(floor_power2(((x1 * x3) + 0))))
20: exp = -53: floor_power2((((((((x1 * x4) * ((((-(x1)) + x2) + x3) - x4)) + (x2 * (((x1 - x2) + x3) + x4))) + (x3 * (((x1 + x2) - x3) + x4))) - ((x2 * x3) * x4)) - (x1 * x3)) + interval(-2.77552913985346252790e-13, 2.77552913985346252790e-13)))
21: exp = -53: (-(floor_power2(((x1 * x2) + 0))))
22: exp = -53: floor_power2(((((((((x1 * x4) * ((((-(x1)) + x2) + x3) - x4)) + (x2 * (((x1 - x2) + x3) + x4))) + (x3 * (((x1 + x2) - x3) + x4))) - ((x2 * x3) * x4)) - (x1 * x3)) - (x1 * x2)) + interval(-3.09527337094550761155e-13, 3.09527337094550761155e-13)))
23: exp = -53: floor_power2((((((((((x1 * x4) * ((((-(x1)) + x2) + x3) - x4)) + (x2 * (((x1 - x2) + x3) + x4))) + (x3 * (((x1 + x2) - x3) + x4))) - ((x2 * x3) * x4)) - (x1 * x3)) - (x1 * x2)) - x4) + interval(-3.37949046524954768589e-13, 3.37949046524954768589e-13)))

Corresponding original subexpressions:
1: rnd64((x1 * x4))
2: rnd[64,ne,1.00,-53,0](((-(x1)) + x2))
3: rnd[64,ne,1.00,-53,0]((rnd[64,ne,1.00,-53,0](((-(x1)) + x2)) + x3))
4: rnd[64,ne,1.00,-53,0]((rnd[64,ne,1.00,-53,0]((rnd[64,ne,1.00,-53,0](((-(x1)) + x2)) + x3)) - x4))
5: rnd64((rnd64((x1 * x4)) * rnd[64,ne,1.00,-53,0]((rnd[64,ne,1.00,-53,0]((rnd[64,ne,1.00,-53,0](((-(x1)) + x2)) + x3)) - x4))))
6: rnd[64,ne,1.00,-53,0]((x1 - x2))
7: rnd[64,ne,1.00,-53,0]((rnd[64,ne,1.00,-53,0]((x1 - x2)) + x3))
8: rnd[64,ne,1.00,-53,0]((rnd[64,ne,1.00,-53,0]((rnd[64,ne,1.00,-53,0]((x1 - x2)) + x3)) + x4))
9: rnd64((x2 * rnd[64,ne,1.00,-53,0]((rnd[64,ne,1.00,-53,0]((rnd[64,ne,1.00,-53,0]((x1 - x2)) + x3)) + x4))))
10: rnd[64,ne,1.00,-53,0]((rnd64((rnd64((x1 * x4)) * rnd[64,ne,1.00,-53,0]((rnd[64,ne,1.00,-53,0]((rnd[64,ne,1.00,-53,0](((-(x1)) + x2)) + x3)) - x4)))) + rnd64((x2 * rnd[64,ne,1.00,-53,0]((rnd[64,ne,1.00,-53,0]((rnd[64,ne,1.00,-53,0]((x1 - x2)) + x3)) + x4))))))
11: rnd[64,ne,1.00,-53,0]((x1 + x2))
12: rnd[64,ne,1.00,-53,0]((rnd[64,ne,1.00,-53,0]((x1 + x2)) - x3))
13: rnd[64,ne,1.00,-53,0]((rnd[64,ne,1.00,-53,0]((rnd[64,ne,1.00,-53,0]((x1 + x2)) - x3)) + x4))
14: rnd64((x3 * rnd[64,ne,1.00,-53,0]((rnd[64,ne,1.00,-53,0]((rnd[64,ne,1.00,-53,0]((x1 + x2)) - x3)) + x4))))
15: rnd[64,ne,1.00,-53,0]((rnd[64,ne,1.00,-53,0]((rnd64((rnd64((x1 * x4)) * rnd[64,ne,1.00,-53,0]((rnd[64,ne,1.00,-53,0]((rnd[64,ne,1.00,-53,0](((-(x1)) + x2)) + x3)) - x4)))) + rnd64((x2 * rnd[64,ne,1.00,-53,0]((rnd[64,ne,1.00,-53,0]((rnd[64,ne,1.00,-53,0]((x1 - x2)) + x3)) + x4)))))) + rnd64((x3 * rnd[64,ne,1.00,-53,0]((rnd[64,ne,1.00,-53,0]((rnd[64,ne,1.00,-53,0]((x1 + x2)) - x3)) + x4))))))
16: rnd64((x2 * x3))
17: rnd64((rnd64((x2 * x3)) * x4))
18: rnd[64,ne,1.00,-53,0]((rnd[64,ne,1.00,-53,0]((rnd[64,ne,1.00,-53,0]((rnd64((rnd64((x1 * x4)) * rnd[64,ne,1.00,-53,0]((rnd[64,ne,1.00,-53,0]((rnd[64,ne,1.00,-53,0](((-(x1)) + x2)) + x3)) - x4)))) + rnd64((x2 * rnd[64,ne,1.00,-53,0]((rnd[64,ne,1.00,-53,0]((rnd[64,ne,1.00,-53,0]((x1 - x2)) + x3)) + x4)))))) + rnd64((x3 * rnd[64,ne,1.00,-53,0]((rnd[64,ne,1.00,-53,0]((rnd[64,ne,1.00,-53,0]((x1 + x2)) - x3)) + x4)))))) - rnd64((rnd64((x2 * x3)) * x4))))
19: rnd64((x1 * x3))
20: rnd[64,ne,1.00,-53,0]((rnd[64,ne,1.00,-53,0]((rnd[64,ne,1.00,-53,0]((rnd[64,ne,1.00,-53,0]((rnd64((rnd64((x1 * x4)) * rnd[64,ne,1.00,-53,0]((rnd[64,ne,1.00,-53,0]((rnd[64,ne,1.00,-53,0](((-(x1)) + x2)) + x3)) - x4)))) + rnd64((x2 * rnd[64,ne,1.00,-53,0]((rnd[64,ne,1.00,-53,0]((rnd[64,ne,1.00,-53,0]((x1 - x2)) + x3)) + x4)))))) + rnd64((x3 * rnd[64,ne,1.00,-53,0]((rnd[64,ne,1.00,-53,0]((rnd[64,ne,1.00,-53,0]((x1 + x2)) - x3)) + x4)))))) - rnd64((rnd64((x2 * x3)) * x4)))) - rnd64((x1 * x3))))
21: rnd64((x1 * x2))
22: rnd[64,ne,1.00,-53,0]((rnd[64,ne,1.00,-53,0]((rnd[64,ne,1.00,-53,0]((rnd[64,ne,1.00,-53,0]((rnd[64,ne,1.00,-53,0]((rnd64((rnd64((x1 * x4)) * rnd[64,ne,1.00,-53,0]((rnd[64,ne,1.00,-53,0]((rnd[64,ne,1.00,-53,0](((-(x1)) + x2)) + x3)) - x4)))) + rnd64((x2 * rnd[64,ne,1.00,-53,0]((rnd[64,ne,1.00,-53,0]((rnd[64,ne,1.00,-53,0]((x1 - x2)) + x3)) + x4)))))) + rnd64((x3 * rnd[64,ne,1.00,-53,0]((rnd[64,ne,1.00,-53,0]((rnd[64,ne,1.00,-53,0]((x1 + x2)) - x3)) + x4)))))) - rnd64((rnd64((x2 * x3)) * x4)))) - rnd64((x1 * x3)))) - rnd64((x1 * x2))))
23: rnd[64,ne,1.00,-53,0]((rnd[64,ne,1.00,-53,0]((rnd[64,ne,1.00,-53,0]((rnd[64,ne,1.00,-53,0]((rnd[64,ne,1.00,-53,0]((rnd[64,ne,1.00,-53,0]((rnd64((rnd64((x1 * x4)) * rnd[64,ne,1.00,-53,0]((rnd[64,ne,1.00,-53,0]((rnd[64,ne,1.00,-53,0](((-(x1)) + x2)) + x3)) - x4)))) + rnd64((x2 * rnd[64,ne,1.00,-53,0]((rnd[64,ne,1.00,-53,0]((rnd[64,ne,1.00,-53,0]((x1 - x2)) + x3)) + x4)))))) + rnd64((x3 * rnd[64,ne,1.00,-53,0]((rnd[64,ne,1.00,-53,0]((rnd[64,ne,1.00,-53,0]((x1 + x2)) - x3)) + x4)))))) - rnd64((rnd64((x2 * x3)) * x4)))) - rnd64((x1 * x3)))) - rnd64((x1 * x2)))) - x4))

Selected optimization method: bb
bb_opt: x_abs_tol = 1.000000e-02, f_rel_tol = 1.000000e-02, f_abs_tol = 1.000000e-02, iters = 1000000
iterations(min = 1335, max = 1000000): 1000000
min = -2.497794e+02 (lower_min = -2.473763e+02)
max = -3.042056e+01 (lower_max = -3.200008e+01)
subopt = 2.403129e+00 (1.0%)
bounds: [-2.497794e+02, -3.042056e+01]

Computing absolute errors
Selected optimization method: bb-eval
bb-eval_opt: x_abs_tol = 1.000000e-02, f_rel_tol = 1.000000e-02, f_abs_tol = 1.000000e-02, iters = 1000000
rmin(result = 4.973799e-14, lower = 4.973799e-14), rmax(result = 4.973799e-14, lower = 4.973799e-14)
-1: exp = -53: 4.973799e-14 (low = 4.973799e-14, subopt = 0.0%)

Solving the exact optimization problem
Selected optimization method: bb
bb_opt: x_abs_tol = 1.000000e-02, f_rel_tol = 1.000000e-02, f_abs_tol = 1.000000e-02, iters = 1000000
iterations(min = 0, max = 1244): 1244
min = 0.000000e+00 (lower_min = 0.000000e+00)
max = 1.764521e+03 (lower_max = 1.705851e+03)
subopt = 5.867021e+01 (3.3%)
exact bound (exp = -53): 1.764521e+03 (low = 1.705851e+03, subopt = 3.3%)
total2: 5.522026e-30 (low = 5.522026e-30, subopt = 0.0%)
exact total: 1.959012e-13 (low = 1.893875e-13, subopt = 3.3%)

Computing relative errors
Selected optimization method: bb-eval
bb-eval_opt: x_abs_tol = 1.000000e-02, f_rel_tol = 1.000000e-02, f_abs_tol = 1.000000e-02, iters = 1000000
rmin(result = 4.973799e-14, lower = 4.973799e-14), rmax(result = 4.973799e-14, lower = 4.973799e-14)
-1: exp = -53: 4.973799e-14 (low = 4.973799e-14, subopt = 0.0%)

Solving the exact optimization problem
Selected optimization method: bb
bb_opt: x_abs_tol = 1.000000e-02, f_rel_tol = 1.000000e-02, f_abs_tol = 1.000000e-02, iters = 1000000
iterations(min = 0, max = 274540): 274540
min = 0.000000e+00 (lower_min = 0.000000e+00)
max = 3.447245e+01 (lower_max = 3.318579e+01)
subopt = 1.286669e+00 (3.7%)
exact bound-rel (exp = -53): 3.447245e+01 (low = 3.318579e+01, subopt = 3.7%)
total2: 1.815228e-31 (low = 2.210761e-32, subopt = 87.8%)
exact total-rel: 3.827211e-15 (low = 3.684362e-15, subopt = 3.7%)

Elapsed time: 7.13290
*************************************

-------------------------------------------------------------------------------
Problem: result

Optimization lower bounds for error models:
The absolute error (exact) model: 1.893875e-13 (0x1.aa76765fd8ad6p-43) (suboptimality = 3.3%)
The relative error (exact) model: 3.684362e-15 (0x1.097c7d96847b8p-48) (suboptimality = 3.7%)

Bounds (without rounding): [-2.497794e+2, -3.042055e+1]
Bounds (floating-point): [-2.497794e+2, -3.042055e+1]

Absolute error (exact): 1.959013e-13 (0x1.b9215b22d0e5cp-43)
Relative error (exact): 3.827212e-15 (0x1.13c79677b797cp-48)

Elapsed time: 7.13

