Base path: /Users/laura.zielinski/FPTaylor
Config file: /Users/laura.zielinski/FPTaylor/default.cfg
Config file: /var/folders/38/q_vgzzt959nfc63ldktzz1gr0000gp/T/tmp8zw7qu0r.cfg
default-rnd = rnd64
nlopt-cc = gcc -std=c99 -O3
opt-exact = true
develop = false
log-append-date = start
uncertainty = false
rel-error = true
opt-approx = false
proof-record = false
find-bounds = false
proof-dir = proofs
opt-f-abs-tol = 0.01
fail-on-exception = true
print-opt-lower-bounds = true
bb-compile = {base}/b_and_b/compile.sh {base} {input} {out}
z3-python-lib = 
opt-x-abs-tol = 0.01
export-error-bounds = 
opt-f-rel-tol = 0.01
export-options = 
opt-x-rel-tol = 0.0
rel-error-threshold = 0.0001
bb-alg = opt0
log-base-dir = log
intermediate-opt = false
z3-interval-bounds = true
opt-max-iters = 1000000
abs-error = true
z3-bin = 
maxima-simplification = false
print-hex-floats = true
debug = true
print-precision = 7
export-error-bounds-data = 
fp-power2-model = true
opt = auto
default-var-type = float64
verbosity = 2
ulp-error = false
opt-timeout = 10000
nlopt-lib = -lnlopt -lm
tmp-base-dir = tmp
unique-indices = false
z3-seed = 0
tmp-date = false
z3-python-cmd = python
const-approx-real-vars = false
print-second-order-errors = false
Resetting input_parser_env
eval_const_expr: 0
result: 0
eval_const_expr: 10
result: 10
eval_const_expr: 0
result: 0
eval_const_expr: 10
result: 10
eval_const_expr: 0
result: 0
Resetting input_parser_env
|tasks| = 1
Processing: result

*************************************
Taylor form for: rnd64((rnd64(x) + rnd64(sqrt(rnd64((rnd64(1) + rnd64((rnd64(x) * rnd64(x)))))))))

Conservative bound: [1.000000, 20.049876]

Simplified rounding: rnd[64,ne,1.00,-53,0]((x + rnd[64,ne,1.00,-53,0](sqrt(rnd[64,ne,1.00,-53,0]((1 + rnd64((x * x))))))))
Building Taylor forms...
var_form
const_form
mul_form
rounded_form
add_form
rounded_form
sqrt_form
rounded_form
add_form
rounded_form
Taylor forms cache stats: num_bindings = 10, num_buckets = 1024, max_bucket_length = 1
Expr cache stats: num_bindings = 22, num_buckets = 65536, max_bucket_length = 1
Simplifying Taylor forms...
success
v0 = (x + sqrt((1 + (x * x))))
-1: exp = -53: (2251799813685299/9903520314283042199192993792)
1: exp = -53: (floor_power2(((x * x) + 0)) / (2 * sqrt((1 + (x * x)))))
2: exp = -53: (floor_power2(((1 + (x * x)) + interval(-7.10542735760100343643e-15, 7.10542735760100343643e-15))) / (2 * sqrt((1 + (x * x)))))
3: exp = -53: floor_power2((sqrt((1 + (x * x))) + interval(-7.10542735760102867998e-15, 7.10542735760102867998e-15)))
4: exp = -53: floor_power2(((x + sqrt((1 + (x * x)))) + interval(-7.99360577730115391232e-15, 7.99360577730115391232e-15)))

Corresponding original subexpressions:
1: rnd64((x * x))
2: rnd[64,ne,1.00,-53,0]((1 + rnd64((x * x))))
3: rnd[64,ne,1.00,-53,0](sqrt(rnd[64,ne,1.00,-53,0]((1 + rnd64((x * x))))))
4: rnd[64,ne,1.00,-53,0]((x + rnd[64,ne,1.00,-53,0](sqrt(rnd[64,ne,1.00,-53,0]((1 + rnd64((x * x))))))))

Selected optimization method: bb-eval
bb-eval_opt: x_abs_tol = 1.000000e-02, f_rel_tol = 1.000000e-02, f_abs_tol = 1.000000e-02, iters = 1000000
bounds: [1.000000e+00, 2.004988e+01]

Computing absolute errors
Selected optimization method: bb-eval
bb-eval_opt: x_abs_tol = 1.000000e-02, f_rel_tol = 1.000000e-02, f_abs_tol = 1.000000e-02, iters = 1000000
rmin(result = 2.273737e-13, lower = 2.273737e-13), rmax(result = 2.273737e-13, lower = 2.273737e-13)
-1: exp = -53: 2.273737e-13 (low = 2.273737e-13, subopt = 0.0%)

Solving the exact optimization problem
Selected optimization method: bb-eval
bb-eval_opt: x_abs_tol = 1.000000e-02, f_rel_tol = 1.000000e-02, f_abs_tol = 1.000000e-02, iters = 1000000
exact bound (exp = -53): 3.212570e+01 (low = 3.181793e+01, subopt = 1.0%)
total2: 2.524355e-29 (low = 2.524355e-29, subopt = 0.0%)
exact total: 3.566670e-15 (low = 3.532500e-15, subopt = 1.0%)

Computing relative errors
Selected optimization method: bb-eval
bb-eval_opt: x_abs_tol = 1.000000e-02, f_rel_tol = 1.000000e-02, f_abs_tol = 1.000000e-02, iters = 1000000
rmin(result = 2.273737e-13, lower = 2.273737e-13), rmax(result = 2.273737e-13, lower = 2.273737e-13)
-1: exp = -53: 2.273737e-13 (low = 2.273737e-13, subopt = 0.0%)

Solving the exact optimization problem
Selected optimization method: bb-eval
bb-eval_opt: x_abs_tol = 1.000000e-02, f_rel_tol = 1.000000e-02, f_abs_tol = 1.000000e-02, iters = 1000000
exact bound-rel (exp = -53): 2.500122e+00 (low = 2.475712e+00, subopt = 1.0%)
total2: 2.524355e-29 (low = 1.259038e-30, subopt = 95.0%)
exact total-rel: 2.775693e-16 (low = 2.748592e-16, subopt = 1.0%)

Elapsed time: 0.00455
*************************************

-------------------------------------------------------------------------------
Problem: result

Optimization lower bounds for error models:
The absolute error (exact) model: 3.532500e-15 (0x1.fd1640cb38c1p-49) (suboptimality = 1.0%)
The relative error (exact) model: 2.748592e-16 (0x1.3ce41f6f1cb8fp-52) (suboptimality = 1.0%)

Bounds (without rounding): [1.000000, 2.004988e+1]
Bounds (floating-point): [9.999999e-1, 2.004988e+1]

Absolute error (exact): 3.566670e-15 (0x1.010171732d7cfp-48)
Relative error (exact): 2.775694e-16 (0x1.4004000000201p-52)

Elapsed time: 0.00

