Base path: /Users/laura.zielinski/FPTaylor
Config file: /Users/laura.zielinski/FPTaylor/default.cfg
Config file: /var/folders/38/q_vgzzt959nfc63ldktzz1gr0000gp/T/tmpbj0roxq1.cfg
default-rnd = rnd64
nlopt-cc = gcc -std=c99 -O3
opt-exact = true
develop = false
log-append-date = start
uncertainty = false
rel-error = true
opt-approx = false
proof-record = false
find-bounds = false
proof-dir = proofs
opt-f-abs-tol = 0.01
fail-on-exception = true
print-opt-lower-bounds = true
bb-compile = {base}/b_and_b/compile.sh {base} {input} {out}
z3-python-lib = 
opt-x-abs-tol = 0.01
export-error-bounds = 
opt-f-rel-tol = 0.01
export-options = 
opt-x-rel-tol = 0.0
rel-error-threshold = 0.0001
bb-alg = opt0
log-base-dir = log
intermediate-opt = false
z3-interval-bounds = true
opt-max-iters = 1000000
abs-error = true
z3-bin = 
maxima-simplification = false
print-hex-floats = true
debug = true
print-precision = 7
export-error-bounds-data = 
fp-power2-model = true
opt = auto
default-var-type = float64
verbosity = 2
ulp-error = false
opt-timeout = 10000
nlopt-lib = -lnlopt -lm
tmp-base-dir = tmp
unique-indices = false
z3-seed = 0
tmp-date = false
z3-python-cmd = python
const-approx-real-vars = false
print-second-order-errors = false
Resetting input_parser_env
eval_const_expr: 4
result: 4
eval_const_expr: (159/25)
result: 159/25
eval_const_expr: 0
result: 0
eval_const_expr: (159/25)
result: 159/25
eval_const_expr: 4
result: 4
eval_const_expr: 4
result: 4
eval_const_expr: (159/25)
result: 159/25
eval_const_expr: 0
result: 0
eval_const_expr: (159/25)
result: 159/25
eval_const_expr: 4
result: 4
eval_const_expr: 4
result: 4
eval_const_expr: (159/25)
result: 159/25
eval_const_expr: 0
result: 0
eval_const_expr: (159/25)
result: 159/25
eval_const_expr: 4
result: 4
eval_const_expr: 4
result: 4
eval_const_expr: (159/25)
result: 159/25
eval_const_expr: 0
result: 0
eval_const_expr: (159/25)
result: 159/25
eval_const_expr: 4
result: 4
Resetting input_parser_env
|tasks| = 1
Processing: result

*************************************
Taylor form for: rnd64((rnd64((rnd64((rnd64((rnd64(x2) * rnd64((rnd64((rnd64((rnd64(x1) - rnd64(x2))) + rnd64(x3))) + rnd64(x4))))) + rnd64((rnd64((rnd64((rnd64((rnd64(x1) * rnd64(x3))) + rnd64((rnd64((rnd64(x2) - rnd64(x3))) * rnd64(x3))))) + rnd64((rnd64(x3) * rnd64(x4))))) - rnd64((rnd64((rnd64(x3) * rnd64(x4))) * rnd64(x2))))))) + rnd64((rnd64(x1) * rnd64((rnd64((rnd64(x4) * rnd64((rnd64(x2) - rnd64(x1))))) + rnd64((rnd64((rnd64(x3) - rnd64(x4))) * rnd64(x4))))))))) - rnd64((rnd64((rnd64(x1) * rnd64(x3))) + rnd64((rnd64((rnd64(x1) * rnd64(x2))) + rnd64(x4)))))))

Conservative bound: [-495.890368, 282.739712]

Simplified rounding: rnd[64,ne,1.00,-53,0]((rnd[64,ne,1.00,-53,0]((rnd[64,ne,1.00,-53,0]((rnd64((x2 * rnd[64,ne,1.00,-53,0]((rnd[64,ne,1.00,-53,0]((rnd[64,ne,1.00,-53,0]((x1 - x2)) + x3)) + x4)))) + rnd[64,ne,1.00,-53,0]((rnd[64,ne,1.00,-53,0]((rnd[64,ne,1.00,-53,0]((rnd64((x1 * x3)) + rnd64((rnd[64,ne,1.00,-53,0]((x2 - x3)) * x3)))) + rnd64((x3 * x4)))) - rnd64((rnd64((x3 * x4)) * x2)))))) + rnd64((x1 * rnd[64,ne,1.00,-53,0]((rnd64((x4 * rnd[64,ne,1.00,-53,0]((x2 - x1)))) + rnd64((rnd[64,ne,1.00,-53,0]((x3 - x4)) * x4)))))))) - rnd[64,ne,1.00,-53,0]((rnd64((x1 * x3)) + rnd[64,ne,1.00,-53,0]((rnd64((x1 * x2)) + x4))))))
Building Taylor forms...
var_form
var_form
sub_form
rounded_form
var_form
add_form
rounded_form
var_form
add_form
rounded_form
mul_form
rounded_form
mul_form
rounded_form
sub_form
rounded_form
mul_form
rounded_form
add_form
rounded_form
mul_form
rounded_form
add_form
rounded_form
mul_form
rounded_form
sub_form
rounded_form
add_form
rounded_form
sub_form
rounded_form
mul_form
rounded_form
sub_form
rounded_form
mul_form
rounded_form
add_form
rounded_form
mul_form
rounded_form
add_form
rounded_form
mul_form
rounded_form
add_form
rounded_form
add_form
rounded_form
sub_form
rounded_form
Taylor forms cache stats: num_bindings = 52, num_buckets = 1024, max_bucket_length = 2
Expr cache stats: num_bindings = 126, num_buckets = 65536, max_bucket_length = 2
Simplifying Taylor forms...
success
v0 = ((((x2 * (((x1 - x2) + x3) + x4)) + ((((x1 * x3) + ((x2 - x3) * x3)) + (x3 * x4)) - ((x3 * x4) * x2))) + (x1 * ((x4 * (x2 - x1)) + ((x3 - x4) * x4)))) - ((x1 * x3) + ((x1 * x2) + x4)))
-1: exp = -53: (7622342369324565/1404447761611184302913519680303925573139044514798677009948672509044786529730476274474284979081308875165000889686495260606709295068862629863225370551870891596701311667381761603721111090634735110308227210563164107569048052205800491261514946176100212790338675864723330454999587858894372783631526221325189251072)
1: exp = -53: (x2 * floor_power2(((x1 - x2) + 0)))
2: exp = -53: (x2 * floor_power2((((x1 - x2) + x3) + interval(-2.22044604925031308085e-16, 2.22044604925031308085e-16))))
3: exp = -53: (x2 * floor_power2(((((x1 - x2) + x3) + x4) + interval(-1.11022302462515654042e-15, 1.11022302462515654042e-15))))
4: exp = -53: floor_power2(((x2 * (((x1 - x2) + x3) + x4)) + interval(-1.27098331859087940943e-14, 1.27098331859087940943e-14)))
5: exp = -53: (floor_power2(((x1 * x3) + 0)) + (-(floor_power2(((x1 * x3) + 0)))))
6: exp = -53: (x3 * floor_power2(((x2 - x3) + 0)))
7: exp = -53: floor_power2((((x2 - x3) * x3) + interval(-1.41220368732319919042e-15, 1.41220368732319919042e-15)))
8: exp = -53: floor_power2((((x1 * x3) + ((x2 - x3) * x3)) + interval(-5.85309578582382673262e-15, 5.85309578582382673262e-15)))
9: exp = -53: (floor_power2(((x3 * x4) + 0)) + (-((x2 * floor_power2(((x3 * x4) + 0))))))
10: exp = -53: floor_power2(((((x1 * x3) + ((x2 - x3) * x3)) + (x3 * x4)) + interval(-1.29585231434248285913e-14, 1.29585231434248285913e-14)))
11: exp = -53: (-(floor_power2((((x3 * x4) * x2) + interval(-2.25952589971711902021e-14, 2.25952589971711902021e-14)))))
12: exp = -53: floor_power2((((((x1 * x3) + ((x2 - x3) * x3)) + (x3 * x4)) - ((x3 * x4) * x2)) + interval(-6.66400268301004098139e-14, 6.66400268301004098139e-14)))
13: exp = -53: floor_power2((((x2 * (((x1 - x2) + x3) + x4)) + ((((x1 * x3) + ((x2 - x3) * x3)) + (x3 * x4)) - ((x3 * x4) * x2))) + interval(-1.00666142088812209484e-13, 1.00666142088812209484e-13)))
14: exp = -53: (x1 * (x4 * floor_power2(((x2 - x1) + 0))))
15: exp = -53: (x1 * floor_power2(((x4 * (x2 - x1)) + interval(-1.41220368732319919042e-15, 1.41220368732319919042e-15))))
16: exp = -53: (x1 * (x4 * floor_power2(((x3 - x4) + 0))))
17: exp = -53: (x1 * floor_power2((((x3 - x4) * x4) + interval(-1.41220368732319919042e-15, 1.41220368732319919042e-15))))
18: exp = -53: (x1 * floor_power2((((x4 * (x2 - x1)) + ((x3 - x4) * x4)) + interval(-4.60076421404664923994e-15, 4.60076421404664923994e-15))))
19: exp = -53: floor_power2(((x1 * ((x4 * (x2 - x1)) + ((x3 - x4) * x4))) + interval(-4.05584898999222972991e-14, 4.05584898999222972991e-14)))
20: exp = -53: floor_power2(((((x2 * (((x1 - x2) + x3) + x4)) + ((((x1 * x3) + ((x2 - x3) * x3)) + (x3 * x4)) - ((x3 * x4) * x2))) + (x1 * ((x4 * (x2 - x1)) + ((x3 - x4) * x4)))) + interval(-1.69646341419138571016e-13, 1.69646341419138571016e-13)))
21: exp = -53: (-(floor_power2(((x1 * x2) + 0))))
22: exp = -53: (-(floor_power2((((x1 * x2) + x4) + interval(-3.55271367880050171822e-15, 3.55271367880050171822e-15)))))
23: exp = -53: (-(floor_power2((((x1 * x3) + ((x1 * x2) + x4)) + interval(-1.06581410364015043658e-14, 1.06581410364015043658e-14)))))
24: exp = -53: floor_power2((((((x2 * (((x1 - x2) + x3) + x4)) + ((((x1 * x3) + ((x2 - x3) * x3)) + (x3 * x4)) - ((x3 * x4) * x2))) + (x1 * ((x4 * (x2 - x1)) + ((x3 - x4) * x4)))) - ((x1 * x3) + ((x1 * x2) + x4))) + interval(-2.11390727145044456936e-13, 2.11390727145044456936e-13)))

Corresponding original subexpressions:
1: rnd[64,ne,1.00,-53,0]((x1 - x2))
2: rnd[64,ne,1.00,-53,0]((rnd[64,ne,1.00,-53,0]((x1 - x2)) + x3))
3: rnd[64,ne,1.00,-53,0]((rnd[64,ne,1.00,-53,0]((rnd[64,ne,1.00,-53,0]((x1 - x2)) + x3)) + x4))
4: rnd64((x2 * rnd[64,ne,1.00,-53,0]((rnd[64,ne,1.00,-53,0]((rnd[64,ne,1.00,-53,0]((x1 - x2)) + x3)) + x4))))
5: rnd64((x1 * x3))
6: rnd[64,ne,1.00,-53,0]((x2 - x3))
7: rnd64((rnd[64,ne,1.00,-53,0]((x2 - x3)) * x3))
8: rnd[64,ne,1.00,-53,0]((rnd64((x1 * x3)) + rnd64((rnd[64,ne,1.00,-53,0]((x2 - x3)) * x3))))
9: rnd64((x3 * x4))
10: rnd[64,ne,1.00,-53,0]((rnd[64,ne,1.00,-53,0]((rnd64((x1 * x3)) + rnd64((rnd[64,ne,1.00,-53,0]((x2 - x3)) * x3)))) + rnd64((x3 * x4))))
11: rnd64((rnd64((x3 * x4)) * x2))
12: rnd[64,ne,1.00,-53,0]((rnd[64,ne,1.00,-53,0]((rnd[64,ne,1.00,-53,0]((rnd64((x1 * x3)) + rnd64((rnd[64,ne,1.00,-53,0]((x2 - x3)) * x3)))) + rnd64((x3 * x4)))) - rnd64((rnd64((x3 * x4)) * x2))))
13: rnd[64,ne,1.00,-53,0]((rnd64((x2 * rnd[64,ne,1.00,-53,0]((rnd[64,ne,1.00,-53,0]((rnd[64,ne,1.00,-53,0]((x1 - x2)) + x3)) + x4)))) + rnd[64,ne,1.00,-53,0]((rnd[64,ne,1.00,-53,0]((rnd[64,ne,1.00,-53,0]((rnd64((x1 * x3)) + rnd64((rnd[64,ne,1.00,-53,0]((x2 - x3)) * x3)))) + rnd64((x3 * x4)))) - rnd64((rnd64((x3 * x4)) * x2))))))
14: rnd[64,ne,1.00,-53,0]((x2 - x1))
15: rnd64((x4 * rnd[64,ne,1.00,-53,0]((x2 - x1))))
16: rnd[64,ne,1.00,-53,0]((x3 - x4))
17: rnd64((rnd[64,ne,1.00,-53,0]((x3 - x4)) * x4))
18: rnd[64,ne,1.00,-53,0]((rnd64((x4 * rnd[64,ne,1.00,-53,0]((x2 - x1)))) + rnd64((rnd[64,ne,1.00,-53,0]((x3 - x4)) * x4))))
19: rnd64((x1 * rnd[64,ne,1.00,-53,0]((rnd64((x4 * rnd[64,ne,1.00,-53,0]((x2 - x1)))) + rnd64((rnd[64,ne,1.00,-53,0]((x3 - x4)) * x4))))))
20: rnd[64,ne,1.00,-53,0]((rnd[64,ne,1.00,-53,0]((rnd64((x2 * rnd[64,ne,1.00,-53,0]((rnd[64,ne,1.00,-53,0]((rnd[64,ne,1.00,-53,0]((x1 - x2)) + x3)) + x4)))) + rnd[64,ne,1.00,-53,0]((rnd[64,ne,1.00,-53,0]((rnd[64,ne,1.00,-53,0]((rnd64((x1 * x3)) + rnd64((rnd[64,ne,1.00,-53,0]((x2 - x3)) * x3)))) + rnd64((x3 * x4)))) - rnd64((rnd64((x3 * x4)) * x2)))))) + rnd64((x1 * rnd[64,ne,1.00,-53,0]((rnd64((x4 * rnd[64,ne,1.00,-53,0]((x2 - x1)))) + rnd64((rnd[64,ne,1.00,-53,0]((x3 - x4)) * x4))))))))
21: rnd64((x1 * x2))
22: rnd[64,ne,1.00,-53,0]((rnd64((x1 * x2)) + x4))
23: rnd[64,ne,1.00,-53,0]((rnd64((x1 * x3)) + rnd[64,ne,1.00,-53,0]((rnd64((x1 * x2)) + x4))))
24: rnd[64,ne,1.00,-53,0]((rnd[64,ne,1.00,-53,0]((rnd[64,ne,1.00,-53,0]((rnd64((x2 * rnd[64,ne,1.00,-53,0]((rnd[64,ne,1.00,-53,0]((rnd[64,ne,1.00,-53,0]((x1 - x2)) + x3)) + x4)))) + rnd[64,ne,1.00,-53,0]((rnd[64,ne,1.00,-53,0]((rnd[64,ne,1.00,-53,0]((rnd64((x1 * x3)) + rnd64((rnd[64,ne,1.00,-53,0]((x2 - x3)) * x3)))) + rnd64((x3 * x4)))) - rnd64((rnd64((x3 * x4)) * x2)))))) + rnd64((x1 * rnd[64,ne,1.00,-53,0]((rnd64((x4 * rnd[64,ne,1.00,-53,0]((x2 - x1)))) + rnd64((rnd[64,ne,1.00,-53,0]((x3 - x4)) * x4)))))))) - rnd[64,ne,1.00,-53,0]((rnd64((x1 * x3)) + rnd[64,ne,1.00,-53,0]((rnd64((x1 * x2)) + x4))))))

Selected optimization method: bb
bb_opt: x_abs_tol = 1.000000e-02, f_rel_tol = 1.000000e-02, f_abs_tol = 1.000000e-02, iters = 1000000
iterations(min = 1385, max = 1000000): 1000000
min = -2.497797e+02 (lower_min = -2.473763e+02)
max = -3.038249e+01 (lower_max = -3.200008e+01)
subopt = 2.403469e+00 (1.0%)
bounds: [-2.497797e+02, -3.038249e+01]

Computing absolute errors
Selected optimization method: bb-eval
bb-eval_opt: x_abs_tol = 1.000000e-02, f_rel_tol = 1.000000e-02, f_abs_tol = 1.000000e-02, iters = 1000000
rmin(result = 5.427288e-291, lower = 5.427288e-291), rmax(result = 5.427288e-291, lower = 5.427288e-291)
-1: exp = -53: 5.427288e-291 (low = 5.427288e-291, subopt = 0.0%)

Solving the exact optimization problem
Selected optimization method: bb
bb_opt: x_abs_tol = 1.000000e-02, f_rel_tol = 1.000000e-02, f_abs_tol = 1.000000e-02, iters = 1000000
iterations(min = 0, max = 1259): 1259
min = 0.000000e+00 (lower_min = 0.000000e+00)
max = 1.346766e+03 (lower_max = 1.328913e+03)
subopt = 1.785295e+01 (1.3%)
exact bound (exp = -53): 1.346766e+03 (low = 1.328913e+03, subopt = 1.3%)
total2: 6.025500e-307 (low = 6.025500e-307, subopt = 0.0%)
exact total: 1.495210e-13 (low = 1.475389e-13, subopt = 1.3%)

Computing relative errors
Selected optimization method: bb-eval
bb-eval_opt: x_abs_tol = 1.000000e-02, f_rel_tol = 1.000000e-02, f_abs_tol = 1.000000e-02, iters = 1000000
rmin(result = 5.427288e-291, lower = 5.427288e-291), rmax(result = 5.427288e-291, lower = 5.427288e-291)
-1: exp = -53: 5.427288e-291 (low = 5.427288e-291, subopt = 0.0%)

Solving the exact optimization problem
Selected optimization method: bb
bb_opt: x_abs_tol = 1.000000e-02, f_rel_tol = 1.000000e-02, f_abs_tol = 1.000000e-02, iters = 1000000
iterations(min = 0, max = 302220): 302220
min = 0.000000e+00 (lower_min = 0.000000e+00)
max = 2.400088e+01 (lower_max = 2.319266e+01)
subopt = 8.082208e-01 (3.4%)
exact bound-rel (exp = -53): 2.400088e+01 (low = 2.319266e+01, subopt = 3.4%)
total2: 1.983215e-308 (low = 2.412325e-309, subopt = 87.8%)
exact total-rel: 2.664633e-15 (low = 2.574902e-15, subopt = 3.4%)

Elapsed time: 8.31855
*************************************

-------------------------------------------------------------------------------
Problem: result

Optimization lower bounds for error models:
The absolute error (exact) model: 1.475389e-13 (0x1.4c3a682f1a9f8p-43) (suboptimality = 1.3%)
The relative error (exact) model: 2.574902e-15 (0x1.7315202317eecp-49) (suboptimality = 3.4%)

Bounds (without rounding): [-2.497798e+2, -3.038248e+1]
Bounds (floating-point): [-2.497798e+2, -3.038248e+1]

Absolute error (exact): 1.495211e-13 (0x1.50b0fee48e8acp-43)
Relative error (exact): 2.664633e-15 (0x1.8003991f7d67ep-49)

Elapsed time: 8.32

