Base path: /Users/laura.zielinski/FPTaylor
Config file: /Users/laura.zielinski/FPTaylor/default.cfg
Config file: /var/folders/38/q_vgzzt959nfc63ldktzz1gr0000gp/T/tmp4qgg65ax.cfg
default-rnd = rnd64
nlopt-cc = gcc -std=c99 -O3
opt-exact = true
develop = false
log-append-date = start
uncertainty = false
rel-error = true
opt-approx = false
proof-record = false
find-bounds = false
proof-dir = proofs
opt-f-abs-tol = 0.01
fail-on-exception = true
print-opt-lower-bounds = true
bb-compile = {base}/b_and_b/compile.sh {base} {input} {out}
z3-python-lib = 
opt-x-abs-tol = 0.01
export-error-bounds = 
opt-f-rel-tol = 0.01
export-options = 
opt-x-rel-tol = 0.0
rel-error-threshold = 0.0001
bb-alg = opt0
log-base-dir = log
intermediate-opt = false
z3-interval-bounds = true
opt-max-iters = 1000000
abs-error = true
z3-bin = 
maxima-simplification = false
print-hex-floats = true
debug = true
print-precision = 7
export-error-bounds-data = 
fp-power2-model = true
opt = auto
default-var-type = float64
verbosity = 2
ulp-error = false
opt-timeout = 10000
nlopt-lib = -lnlopt -lm
tmp-base-dir = tmp
unique-indices = false
z3-seed = 0
tmp-date = false
z3-python-cmd = python
const-approx-real-vars = false
print-second-order-errors = false
Resetting input_parser_env
eval_const_expr: (-(1))
result: -1
eval_const_expr: 1
result: 1
eval_const_expr: 0
result: 0
eval_const_expr: 1
result: 1
eval_const_expr: (-(1))
result: -1
eval_const_expr: 0
result: 0
eval_const_expr: (1/10)
result: 1/10
eval_const_expr: 0
result: 0
eval_const_expr: (1/10)
result: 1/10
eval_const_expr: 0
result: 0
eval_const_expr: 1
result: 1
eval_const_expr: (21/20)
result: 21/20
eval_const_expr: 0
result: 0
eval_const_expr: (21/20)
result: 21/20
eval_const_expr: 1
result: 1
Resetting input_parser_env
|tasks| = 1
Processing: result

*************************************
Taylor form for: rnd64((rnd64((rnd64(rone_es) * rnd64((rnd64(rone_es) * rnd64((rnd64((rnd64(1) - rnd64((rnd64((rnd64(es) * rnd64(ca))) * rnd64(ca))))) * rnd64((rnd64(1) - rnd64((rnd64((rnd64(es) * rnd64(ca))) * rnd64(ca))))))))))) - rnd64(1)))

Conservative bound: [-0.190000, 0.334025]

Simplified rounding: rnd[64,ne,1.00,-53,0]((rnd64((rone_es * rnd64((rone_es * rnd64((rnd[64,ne,1.00,-53,0]((1 - rnd64((rnd64((es * ca)) * ca)))) * rnd[64,ne,1.00,-53,0]((1 - rnd64((rnd64((es * ca)) * ca)))))))))) - 1))
Building Taylor forms...
var_form
const_form
var_form
var_form
mul_form
rounded_form
mul_form
rounded_form
sub_form
rounded_form
mul_form
rounded_form
mul_form
rounded_form
mul_form
rounded_form
sub_form
rounded_form
Taylor forms cache stats: num_bindings = 18, num_buckets = 1024, max_bucket_length = 1
Expr cache stats: num_bindings = 61, num_buckets = 65536, max_bucket_length = 3
Simplifying Taylor forms...
success
v0 = ((rone_es * (rone_es * ((1 - ((es * ca) * ca)) * (1 - ((es * ca) * ca))))) - 1)
-1: exp = -53: (6284104776925847/40564819207303340847894502572032)
1: exp = -53: (rone_es * (rone_es * (((1 - ((es * ca) * ca)) * (-((ca * floor_power2(((es * ca) + 0)))))) + ((1 - ((es * ca) * ca)) * (-((ca * floor_power2(((es * ca) + 0)))))))))
2: exp = -53: (rone_es * (rone_es * (((1 - ((es * ca) * ca)) * (-(floor_power2((((es * ca) * ca) + interval(-6.93889390390722991839e-18, 6.93889390390722991839e-18)))))) + ((1 - ((es * ca) * ca)) * (-(floor_power2((((es * ca) * ca) + interval(-6.93889390390722991839e-18, 6.93889390390722991839e-18)))))))))
3: exp = -53: (rone_es * (rone_es * (((1 - ((es * ca) * ca)) * floor_power2(((1 - ((es * ca) * ca)) + interval(-1.38777878078144598368e-17, 1.38777878078144598368e-17)))) + ((1 - ((es * ca) * ca)) * floor_power2(((1 - ((es * ca) * ca)) + interval(-1.38777878078144598368e-17, 1.38777878078144598368e-17)))))))
4: exp = -53: (rone_es * (rone_es * floor_power2((((1 - ((es * ca) * ca)) * (1 - ((es * ca) * ca))) + interval(-2.74780198594726302919e-16, 2.74780198594726302919e-16)))))
5: exp = -53: (rone_es * floor_power2(((rone_es * ((1 - ((es * ca) * ca)) * (1 - ((es * ca) * ca)))) + interval(-4.05092626110104109044e-16, 4.05092626110104109044e-16))))
6: exp = -53: floor_power2(((rone_es * (rone_es * ((1 - ((es * ca) * ca)) * (1 - ((es * ca) * ca))))) + interval(-5.41920675001250852314e-16, 5.41920675001250852314e-16)))
7: exp = -53: floor_power2((((rone_es * (rone_es * ((1 - ((es * ca) * ca)) * (1 - ((es * ca) * ca))))) - 1) + interval(-6.52942977463766506356e-16, 6.52942977463766506356e-16)))

Corresponding original subexpressions:
1: rnd64((es * ca))
2: rnd64((rnd64((es * ca)) * ca))
3: rnd[64,ne,1.00,-53,0]((1 - rnd64((rnd64((es * ca)) * ca))))
4: rnd64((rnd[64,ne,1.00,-53,0]((1 - rnd64((rnd64((es * ca)) * ca)))) * rnd[64,ne,1.00,-53,0]((1 - rnd64((rnd64((es * ca)) * ca))))))
5: rnd64((rone_es * rnd64((rnd[64,ne,1.00,-53,0]((1 - rnd64((rnd64((es * ca)) * ca)))) * rnd[64,ne,1.00,-53,0]((1 - rnd64((rnd64((es * ca)) * ca))))))))
6: rnd64((rone_es * rnd64((rone_es * rnd64((rnd[64,ne,1.00,-53,0]((1 - rnd64((rnd64((es * ca)) * ca)))) * rnd[64,ne,1.00,-53,0]((1 - rnd64((rnd64((es * ca)) * ca))))))))))
7: rnd[64,ne,1.00,-53,0]((rnd64((rone_es * rnd64((rone_es * rnd64((rnd[64,ne,1.00,-53,0]((1 - rnd64((rnd64((es * ca)) * ca)))) * rnd[64,ne,1.00,-53,0]((1 - rnd64((rnd64((es * ca)) * ca)))))))))) - 1))

Selected optimization method: bb-eval
bb-eval_opt: x_abs_tol = 1.000000e-02, f_rel_tol = 1.000000e-02, f_abs_tol = 1.000000e-02, iters = 1000000
bounds: [-1.900000e-01, 1.025000e-01]

Computing absolute errors
Selected optimization method: bb-eval
bb-eval_opt: x_abs_tol = 1.000000e-02, f_rel_tol = 1.000000e-02, f_abs_tol = 1.000000e-02, iters = 1000000
rmin(result = 1.549151e-16, lower = 1.549151e-16), rmax(result = 1.549151e-16, lower = 1.549151e-16)
-1: exp = -53: 1.549151e-16 (low = 1.549151e-16, subopt = 0.0%)

Solving the exact optimization problem
Selected optimization method: bb-eval
bb-eval_opt: x_abs_tol = 1.000000e-02, f_rel_tol = 1.000000e-02, f_abs_tol = 1.000000e-02, iters = 1000000
exact bound (exp = -53): 5.437227e+00 (low = 3.813345e+00, subopt = 29.9%)
total2: 1.719904e-32 (low = 1.719904e-32, subopt = 0.0%)
exact total: 6.036534e-16 (low = 4.233663e-16, subopt = 29.9%)

Computing relative errors
**WARNING**: 
Cannot compute the relative error: values of the function are close to zero

Elapsed time: 0.23397
*************************************

-------------------------------------------------------------------------------
Problem: result

Optimization lower bounds for error models:
The absolute error (exact) model: 4.233663e-16 (0x1.e81baf0c75c27p-52) (suboptimality = 29.9%)

Bounds (without rounding): [-1.900001e-1, 1.025001e-1]
Bounds (floating-point): [-1.900001e-1, 1.025001e-1]

Absolute error (exact): 6.036535e-16 (0x1.5bfb851eb8523p-51)

Elapsed time: 0.23

