Base path: /Users/laura.zielinski/FPTaylor
Config file: /Users/laura.zielinski/FPTaylor/default.cfg
Config file: /var/folders/38/q_vgzzt959nfc63ldktzz1gr0000gp/T/tmpttn8kk40.cfg
default-rnd = rnd64
nlopt-cc = gcc -std=c99 -O3
opt-exact = true
develop = false
log-append-date = start
uncertainty = false
rel-error = true
opt-approx = false
proof-record = false
find-bounds = false
proof-dir = proofs
opt-f-abs-tol = 0.01
fail-on-exception = true
print-opt-lower-bounds = true
bb-compile = {base}/b_and_b/compile.sh {base} {input} {out}
z3-python-lib = 
opt-x-abs-tol = 0.01
export-error-bounds = 
opt-f-rel-tol = 0.01
export-options = 
opt-x-rel-tol = 0.0
rel-error-threshold = 0.0001
bb-alg = opt0
log-base-dir = log
intermediate-opt = false
z3-interval-bounds = true
opt-max-iters = 1000000
abs-error = true
z3-bin = 
maxima-simplification = false
print-hex-floats = true
debug = true
print-precision = 7
export-error-bounds-data = 
fp-power2-model = true
opt = auto
default-var-type = float64
verbosity = 2
ulp-error = false
opt-timeout = 10000
nlopt-lib = -lnlopt -lm
tmp-base-dir = tmp
unique-indices = false
z3-seed = 0
tmp-date = false
z3-python-cmd = python
const-approx-real-vars = false
print-second-order-errors = false
Resetting input_parser_env
eval_const_expr: (1/1000)
result: 1/1000
eval_const_expr: 1
result: 1
eval_const_expr: 0
result: 0
eval_const_expr: 1
result: 1
eval_const_expr: (1/1000)
result: 1/1000
eval_const_expr: 0
result: 0
eval_const_expr: 1
result: 1
eval_const_expr: 0
result: 0
eval_const_expr: 1
result: 1
eval_const_expr: 0
result: 0
Resetting input_parser_env
|tasks| = 1
Processing: result

*************************************
Taylor form for: rnd64((rnd64((rnd64((rnd64(x) + rnd64(y))) * rnd64((rnd64(x) - rnd64(y))))) / rnd64((rnd64((rnd64(y) * rnd64(y))) + rnd64((rnd64(x) * rnd64(x)))))))

Conservative bound: [-1998000.000000, 2000000.000000]

Simplified rounding: rnd64((rnd64((rnd[64,ne,1.00,-53,0]((x + y)) * rnd[64,ne,1.00,-53,0]((x - y)))) / rnd[64,ne,1.00,-53,0]((rnd64((y * y)) + rnd64((x * x))))))
Building Taylor forms...
var_form
var_form
add_form
rounded_form
sub_form
rounded_form
mul_form
rounded_form
mul_form
rounded_form
mul_form
rounded_form
add_form
rounded_form
div_form
inv_form
mul_form
rounded_form
Taylor forms cache stats: num_bindings = 16, num_buckets = 1024, max_bucket_length = 2
Expr cache stats: num_bindings = 56, num_buckets = 65536, max_bucket_length = 3
Simplifying Taylor forms...
success
v0 = (((x + y) * (x - y)) * (1 / ((y * y) + (x * x))))
-1: exp = -53: (8789068368157307/4398046511104)
1: exp = -53: ((1 / ((y * y) + (x * x))) * ((x - y) * floor_power2(((x + y) + 0))))
2: exp = -53: ((1 / ((y * y) + (x * x))) * ((x + y) * floor_power2(((x - y) + 0))))
3: exp = -53: ((1 / ((y * y) + (x * x))) * floor_power2((((x + y) * (x - y)) + interval(-2.22044604925031357389e-16, 2.22044604925031357389e-16))))
4: exp = -53: (((x + y) * (x - y)) * (-((floor_power2(((y * y) + 0)) / (((y * y) + (x * x)) * ((y * y) + (x * x)))))))
5: exp = -53: (((x + y) * (x - y)) * (-((floor_power2(((x * x) + 0)) / (((y * y) + (x * x)) * ((y * y) + (x * x)))))))
6: exp = -53: (((x + y) * (x - y)) * (-((floor_power2((((y * y) + (x * x)) + interval(-1.11022302462515678694e-16, 1.11022302462515678694e-16))) / (((y * y) + (x * x)) * ((y * y) + (x * x)))))))
7: exp = -53: floor_power2(((((x + y) * (x - y)) * (1 / ((y * y) + (x * x)))) + interval(-6.66134259086171871128e-04, 6.66134259086171871128e-04)))

Corresponding original subexpressions:
1: rnd[64,ne,1.00,-53,0]((x + y))
2: rnd[64,ne,1.00,-53,0]((x - y))
3: rnd64((rnd[64,ne,1.00,-53,0]((x + y)) * rnd[64,ne,1.00,-53,0]((x - y))))
4: rnd64((y * y))
5: rnd64((x * x))
6: rnd[64,ne,1.00,-53,0]((rnd64((y * y)) + rnd64((x * x))))
7: rnd64((rnd64((rnd[64,ne,1.00,-53,0]((x + y)) * rnd[64,ne,1.00,-53,0]((x - y)))) / rnd[64,ne,1.00,-53,0]((rnd64((y * y)) + rnd64((x * x))))))

Selected optimization method: bb-eval
bb-eval_opt: x_abs_tol = 1.000000e-02, f_rel_tol = 1.000000e-02, f_abs_tol = 1.000000e-02, iters = 1000000
bounds: [-1.132046e+02, 1.463091e+02]

Computing absolute errors
Selected optimization method: bb-eval
bb-eval_opt: x_abs_tol = 1.000000e-02, f_rel_tol = 1.000000e-02, f_abs_tol = 1.000000e-02, iters = 1000000
rmin(result = 1.998403e+03, lower = 1.998403e+03), rmax(result = 1.998403e+03, lower = 1.998403e+03)
-1: exp = -53: 1.998403e+03 (low = 1.998403e+03, subopt = 0.0%)

Solving the exact optimization problem
Selected optimization method: bb-eval
bb-eval_opt: x_abs_tol = 1.000000e-02, f_rel_tol = 1.000000e-02, f_abs_tol = 1.000000e-02, iters = 1000000
exact bound (exp = -53): 3.177247e+04 (low = 5.492011e+00, subopt = 100.0%)
total2: 2.218673e-13 (low = 2.218673e-13, subopt = 0.0%)
exact total: 3.749320e-12 (low = 2.224770e-13, subopt = 94.1%)
**WARNING**: Large second-order error: 2.218673e-13 (first-order = 3.527453e-12)
**WARNING**: Try intermediate-opt = true or manually split intervals of input variables.

Computing relative errors
**WARNING**: 
Cannot compute the relative error: values of the function are close to zero

Elapsed time: 0.09438
*************************************

-------------------------------------------------------------------------------
Problem: result

Optimization lower bounds for error models:
The absolute error (exact) model: 2.224770e-13 (0x1.f4f9443b7f357p-43) (suboptimality = 94.1%)

Bounds (without rounding): [-1.132046e+2, 1.463092e+2]
Bounds (floating-point): [-1.132046e+2, 1.463092e+2]

Absolute error (exact): 3.749321e-12 (0x1.07d5befedacdcp-38)

Elapsed time: 0.09

