Base path: /Users/laura.zielinski/FPTaylor
Config file: /Users/laura.zielinski/FPTaylor/default.cfg
Config file: /var/folders/38/q_vgzzt959nfc63ldktzz1gr0000gp/T/tmpvi9mbygf.cfg
default-rnd = rnd64
nlopt-cc = gcc -std=c99 -O3
opt-exact = true
develop = false
log-append-date = start
uncertainty = false
rel-error = true
opt-approx = false
proof-record = false
find-bounds = false
proof-dir = proofs
opt-f-abs-tol = 0.01
fail-on-exception = true
print-opt-lower-bounds = true
bb-compile = {base}/b_and_b/compile.sh {base} {input} {out}
z3-python-lib = 
opt-x-abs-tol = 0.01
export-error-bounds = 
opt-f-rel-tol = 0.01
export-options = 
opt-x-rel-tol = 0.0
rel-error-threshold = 0.0001
bb-alg = opt0
log-base-dir = log
intermediate-opt = false
z3-interval-bounds = true
opt-max-iters = 1000000
abs-error = true
z3-bin = 
maxima-simplification = false
print-hex-floats = true
debug = true
print-precision = 7
export-error-bounds-data = 
fp-power2-model = true
opt = auto
default-var-type = float64
verbosity = 2
ulp-error = false
opt-timeout = 10000
nlopt-lib = -lnlopt -lm
tmp-base-dir = tmp
unique-indices = false
z3-seed = 0
tmp-date = false
z3-python-cmd = python
const-approx-real-vars = false
print-second-order-errors = false
Resetting input_parser_env
eval_const_expr: (-(1))
result: -1
eval_const_expr: 1
result: 1
eval_const_expr: 0
result: 0
eval_const_expr: 1
result: 1
eval_const_expr: (-(1))
result: -1
Resetting input_parser_env
|tasks| = 1
Processing: result

*************************************
Taylor form for: rnd64((rnd64((rnd64((rnd64(x) + rnd64(1))) * rnd64((rnd64(x) + rnd64(1))))) - rnd64(1)))

Conservative bound: [-1.000000, 3.000000]

Simplified rounding: rnd[64,ne,1.00,-53,0]((rnd64((rnd[64,ne,1.00,-53,0]((x + 1)) * rnd[64,ne,1.00,-53,0]((x + 1)))) - 1))
Building Taylor forms...
var_form
const_form
add_form
rounded_form
mul_form
rounded_form
sub_form
rounded_form
Taylor forms cache stats: num_bindings = 8, num_buckets = 1024, max_bucket_length = 1
Expr cache stats: num_bindings = 16, num_buckets = 65536, max_bucket_length = 1
Simplifying Taylor forms...
success
v0 = (((x + 1) * (x + 1)) - 1)
-1: exp = -53: (4503599627370497/40564819207303340847894502572032)
1: exp = -53: (((x + 1) * floor_power2(((x + 1) + 0))) + ((x + 1) * floor_power2(((x + 1) + 0))))
2: exp = -53: floor_power2((((x + 1) * (x + 1)) + interval(-4.44089209850062714777e-16, 4.44089209850062714777e-16)))
3: exp = -53: floor_power2(((((x + 1) * (x + 1)) - 1) + interval(-8.88178419700125429554e-16, 8.88178419700125429554e-16)))

Corresponding original subexpressions:
1: rnd[64,ne,1.00,-53,0]((x + 1))
2: rnd64((rnd[64,ne,1.00,-53,0]((x + 1)) * rnd[64,ne,1.00,-53,0]((x + 1))))
3: rnd[64,ne,1.00,-53,0]((rnd64((rnd[64,ne,1.00,-53,0]((x + 1)) * rnd[64,ne,1.00,-53,0]((x + 1)))) - 1))

Selected optimization method: bb-eval
bb-eval_opt: x_abs_tol = 1.000000e-02, f_rel_tol = 1.000000e-02, f_abs_tol = 1.000000e-02, iters = 1000000
bounds: [-1.000000e+00, 3.000000e+00]

Computing absolute errors
Selected optimization method: bb-eval
bb-eval_opt: x_abs_tol = 1.000000e-02, f_rel_tol = 1.000000e-02, f_abs_tol = 1.000000e-02, iters = 1000000
rmin(result = 1.110223e-16, lower = 1.110223e-16), rmax(result = 1.110223e-16, lower = 1.110223e-16)
-1: exp = -53: 1.110223e-16 (low = 1.110223e-16, subopt = 0.0%)

Solving the exact optimization problem
Selected optimization method: bb-eval
bb-eval_opt: x_abs_tol = 1.000000e-02, f_rel_tol = 1.000000e-02, f_abs_tol = 1.000000e-02, iters = 1000000
exact bound (exp = -53): 1.000000e+01 (low = 8.000000e+00, subopt = 20.0%)
total2: 1.232595e-32 (low = 1.232595e-32, subopt = 0.0%)
exact total: 1.110223e-15 (low = 8.881784e-16, subopt = 20.0%)

Computing relative errors
**WARNING**: 
Cannot compute the relative error: values of the function are close to zero

Elapsed time: 0.00299
*************************************

-------------------------------------------------------------------------------
Problem: result

Optimization lower bounds for error models:
The absolute error (exact) model: 8.881784e-16 (0x1p-50) (suboptimality = 20.0%)

Bounds (without rounding): [-1.000000, 3.000000]
Bounds (floating-point): [-1.000001, 3.000001]

Absolute error (exact): 1.110224e-15 (0x1.4000000000001p-50)

Elapsed time: 0.00

