Base path: /Users/laura.zielinski/FPTaylor
Config file: /Users/laura.zielinski/FPTaylor/default.cfg
Config file: /var/folders/38/q_vgzzt959nfc63ldktzz1gr0000gp/T/tmps1zh_mcm.cfg
default-rnd = rnd64
nlopt-cc = gcc -std=c99 -O3
opt-exact = true
develop = false
log-append-date = start
uncertainty = false
rel-error = true
opt-approx = false
proof-record = false
find-bounds = false
proof-dir = proofs
opt-f-abs-tol = 0.01
fail-on-exception = true
print-opt-lower-bounds = true
bb-compile = {base}/b_and_b/compile.sh {base} {input} {out}
z3-python-lib = 
opt-x-abs-tol = 0.01
export-error-bounds = 
opt-f-rel-tol = 0.01
export-options = 
opt-x-rel-tol = 0.0
rel-error-threshold = 0.0001
bb-alg = opt0
log-base-dir = log
intermediate-opt = false
z3-interval-bounds = true
opt-max-iters = 1000000
abs-error = true
z3-bin = 
maxima-simplification = false
print-hex-floats = true
debug = true
print-precision = 7
export-error-bounds-data = 
fp-power2-model = true
opt = auto
default-var-type = float64
verbosity = 2
ulp-error = false
opt-timeout = 10000
nlopt-lib = -lnlopt -lm
tmp-base-dir = tmp
unique-indices = false
z3-seed = 0
tmp-date = false
z3-python-cmd = python
const-approx-real-vars = false
print-second-order-errors = false
Resetting input_parser_env
eval_const_expr: (10001/10000)
result: 10001/10000
eval_const_expr: (1001/1000)
result: 1001/1000
eval_const_expr: 0
result: 0
eval_const_expr: (1001/1000)
result: 1001/1000
eval_const_expr: (10001/10000)
result: 10001/10000
Resetting input_parser_env
|tasks| = 1
Processing: result

*************************************
Taylor form for: rnd64((rnd64((rnd64((-(rnd64(10)))) / rnd64((rnd64(x) + rnd64(1))))) / rnd64((rnd64((-(rnd64(1)))) + rnd64(x)))))

Conservative bound: [-49997.500125, -4997.501249]

Simplified rounding: rnd64((rnd64(((-(10)) / rnd[64,ne,1.00,-53,0]((x + 1)))) / rnd[64,ne,1.00,-53,0](((-(1)) + x))))
Building Taylor forms...
const_form
neg_form
var_form
const_form
add_form
rounded_form
div_form
inv_form
mul_form
rounded_form
neg_form
add_form
rounded_form
div_form
inv_form
mul_form
rounded_form
Taylor forms cache stats: num_bindings = 13, num_buckets = 1024, max_bucket_length = 1
Expr cache stats: num_bindings = 45, num_buckets = 65536, max_bucket_length = 2
Simplifying Taylor forms...
success
v0 = (((-(10)) * (1 / (x + 1))) * (1 / ((-(1)) + x)))
-1: exp = -53: (3058544513437373/4835703278458516698824704)
1: exp = -53: ((1 / ((-(1)) + x)) * ((-(10)) * (-((floor_power2(((x + 1) + 0)) / ((x + 1) * (x + 1)))))))
2: exp = -53: ((1 / ((-(1)) + x)) * floor_power2((((-(10)) * (1 / (x + 1))) + interval(-5.55056005324406149540e-16, 5.55056005324406149540e-16))))
3: exp = -53: (((-(10)) * (1 / (x + 1))) * (-((floor_power2((((-(1)) + x) + 0)) / (((-(1)) + x) * ((-(1)) + x))))))
4: exp = -53: floor_power2(((((-(10)) * (1 / (x + 1))) * (1 / ((-(1)) + x))) + interval(-6.41988504061203390990e-11, 6.41988504061203390990e-11)))

Corresponding original subexpressions:
1: rnd[64,ne,1.00,-53,0]((x + 1))
2: rnd64(((-(10)) / rnd[64,ne,1.00,-53,0]((x + 1))))
3: rnd[64,ne,1.00,-53,0](((-(1)) + x))
4: rnd64((rnd64(((-(10)) / rnd[64,ne,1.00,-53,0]((x + 1)))) / rnd[64,ne,1.00,-53,0](((-(1)) + x))))

Selected optimization method: bb-eval
bb-eval_opt: x_abs_tol = 1.000000e-02, f_rel_tol = 1.000000e-02, f_abs_tol = 1.000000e-02, iters = 1000000
bounds: [-4.999750e+04, -4.997501e+03]

Computing absolute errors
Selected optimization method: bb-eval
bb-eval_opt: x_abs_tol = 1.000000e-02, f_rel_tol = 1.000000e-02, f_abs_tol = 1.000000e-02, iters = 1000000
rmin(result = 6.324922e-10, lower = 6.324922e-10), rmax(result = 6.324922e-10, lower = 6.324922e-10)
-1: exp = -53: 6.324922e-10 (low = 6.324922e-10, subopt = 0.0%)

Solving the exact optimization problem
Selected optimization method: bb-eval
bb-eval_opt: x_abs_tol = 1.000000e-02, f_rel_tol = 1.000000e-02, f_abs_tol = 1.000000e-02, iters = 1000000
exact bound (exp = -53): 6.110198e+05 (low = 1.532791e+05, subopt = 74.9%)
total2: 7.022074e-26 (low = 7.022074e-26, subopt = 0.0%)
exact total: 6.783683e-11 (low = 1.701739e-11, subopt = 74.9%)

Computing relative errors
Selected optimization method: bb-eval
bb-eval_opt: x_abs_tol = 1.000000e-02, f_rel_tol = 1.000000e-02, f_abs_tol = 1.000000e-02, iters = 1000000
rmin(result = 6.324922e-10, lower = 6.324922e-10), rmax(result = 6.324922e-10, lower = 6.324922e-10)
-1: exp = -53: 6.324922e-10 (low = 6.324922e-10, subopt = 0.0%)

Solving the exact optimization problem
Selected optimization method: bb-eval
bb-eval_opt: x_abs_tol = 1.000000e-02, f_rel_tol = 1.000000e-02, f_abs_tol = 1.000000e-02, iters = 1000000
exact bound-rel (exp = -53): 1.222651e+02 (low = 3.596072e+00, subopt = 97.1%)
total2: 1.405117e-29 (low = 1.404485e-30, subopt = 90.0%)
exact total-rel: 1.357415e-14 (low = 3.992442e-16, subopt = 97.1%)

Elapsed time: 0.00426
*************************************

-------------------------------------------------------------------------------
Problem: result

Optimization lower bounds for error models:
The absolute error (exact) model: 1.701739e-11 (0x1.2b5f86bec9a16p-36) (suboptimality = 74.9%)
The relative error (exact) model: 3.992442e-16 (0x1.cc4c194861b18p-52) (suboptimality = 97.1%)

Bounds (without rounding): [-4.999751e+4, -4.997501e+3]
Bounds (floating-point): [-4.999751e+4, -4.997501e+3]

Absolute error (exact): 6.783683e-11 (0x1.2a597acd12801p-34)
Relative error (exact): 1.357415e-14 (0x1.e90f6e6061fc4p-47)

Elapsed time: 0.00

