Base path: /Users/laura.zielinski/FPTaylor
Config file: /Users/laura.zielinski/FPTaylor/default.cfg
Config file: /var/folders/38/q_vgzzt959nfc63ldktzz1gr0000gp/T/tmp_g9pb2ft.cfg
default-rnd = rnd64
nlopt-cc = gcc -std=c99 -O3
opt-exact = true
develop = false
log-append-date = start
uncertainty = false
rel-error = true
opt-approx = false
proof-record = false
find-bounds = false
proof-dir = proofs
opt-f-abs-tol = 0.01
fail-on-exception = true
print-opt-lower-bounds = true
bb-compile = {base}/b_and_b/compile.sh {base} {input} {out}
z3-python-lib = 
opt-x-abs-tol = 0.01
export-error-bounds = 
opt-f-rel-tol = 0.01
export-options = 
opt-x-rel-tol = 0.0
rel-error-threshold = 0.0001
bb-alg = opt0
log-base-dir = log
intermediate-opt = false
z3-interval-bounds = true
opt-max-iters = 1000000
abs-error = true
z3-bin = 
maxima-simplification = false
print-hex-floats = true
debug = true
print-precision = 7
export-error-bounds-data = 
fp-power2-model = true
opt = auto
default-var-type = float64
verbosity = 2
ulp-error = false
opt-timeout = 10000
nlopt-lib = -lnlopt -lm
tmp-base-dir = tmp
unique-indices = false
z3-seed = 0
tmp-date = false
z3-python-cmd = python
const-approx-real-vars = false
print-second-order-errors = false
Resetting input_parser_env
eval_const_expr: 0
result: 0
eval_const_expr: 6
result: 6
eval_const_expr: 0
result: 0
eval_const_expr: 6
result: 6
eval_const_expr: 0
result: 0
eval_const_expr: 0
result: 0
eval_const_expr: 6
result: 6
eval_const_expr: 0
result: 0
eval_const_expr: 6
result: 6
eval_const_expr: 0
result: 0
eval_const_expr: 1
result: 1
eval_const_expr: 5
result: 5
eval_const_expr: 0
result: 0
eval_const_expr: 5
result: 5
eval_const_expr: 1
result: 1
eval_const_expr: 0
result: 0
eval_const_expr: 6
result: 6
eval_const_expr: 0
result: 0
eval_const_expr: 6
result: 6
eval_const_expr: 0
result: 0
eval_const_expr: 0
result: 0
eval_const_expr: 6
result: 6
eval_const_expr: 0
result: 0
eval_const_expr: 6
result: 6
eval_const_expr: 0
result: 0
eval_const_expr: 0
result: 0
eval_const_expr: 10
result: 10
eval_const_expr: 0
result: 0
eval_const_expr: 10
result: 10
eval_const_expr: 0
result: 0
Resetting input_parser_env
|tasks| = 1
Processing: result

*************************************
Taylor form for: rnd64((rnd64((rnd64((rnd64((rnd64((rnd64(x5) + rnd64((rnd64(x5) + rnd64((-(rnd64(1)))))))) + rnd64((rnd64((rnd64(x4) - rnd64(4))) * rnd64((rnd64(4) - rnd64(x4))))))) - rnd64((rnd64(x5) * rnd64(x5))))) + rnd64((rnd64((rnd64((rnd64(x6) - rnd64(4))) * rnd64((rnd64(4) - rnd64(x6))))) - rnd64((rnd64((rnd64((rnd64(x2) + rnd64((-(rnd64(2)))))) * rnd64((rnd64(x2) + rnd64((-(rnd64(2)))))))) - rnd64((rnd64((rnd64(1) - rnd64(x3))) * rnd64((rnd64(x3) - rnd64(1))))))))))) + rnd64((rnd64((rnd64((-(rnd64(25)))) * rnd64((rnd64(2) - rnd64(x1))))) * rnd64((rnd64(2) - rnd64(x1)))))))

Conservative bound: [-521.000000, 243.000000]

Simplified rounding: rnd[64,ne,1.00,-53,0]((rnd[64,ne,1.00,-53,0]((rnd[64,ne,1.00,-53,0]((rnd[64,ne,1.00,-53,0]((rnd[64,ne,1.00,-53,0]((x5 + rnd[64,ne,1.00,-53,0]((x5 + (-(1)))))) + rnd64((rnd[64,ne,1.00,-53,0]((x4 - 4)) * rnd[64,ne,1.00,-53,0]((4 - x4)))))) - rnd64((x5 * x5)))) + rnd[64,ne,1.00,-53,0]((rnd64((rnd[64,ne,1.00,-53,0]((x6 - 4)) * rnd[64,ne,1.00,-53,0]((4 - x6)))) - rnd[64,ne,1.00,-53,0]((rnd64((rnd[64,ne,1.00,-53,0]((x2 + (-(2)))) * rnd[64,ne,1.00,-53,0]((x2 + (-(2)))))) - rnd64((rnd[64,ne,1.00,-53,0]((1 - x3)) * rnd[64,ne,1.00,-53,0]((x3 - 1)))))))))) + rnd64((rnd64(((-(25)) * rnd[64,ne,1.00,-53,0]((2 - x1)))) * rnd[64,ne,1.00,-53,0]((2 - x1))))))
Building Taylor forms...
var_form
const_form
neg_form
add_form
rounded_form
add_form
rounded_form
var_form
const_form
sub_form
rounded_form
sub_form
rounded_form
mul_form
rounded_form
add_form
rounded_form
mul_form
rounded_form
sub_form
rounded_form
var_form
sub_form
rounded_form
sub_form
rounded_form
mul_form
rounded_form
var_form
const_form
neg_form
add_form
rounded_form
mul_form
rounded_form
var_form
sub_form
rounded_form
sub_form
rounded_form
mul_form
rounded_form
sub_form
rounded_form
sub_form
rounded_form
add_form
rounded_form
const_form
neg_form
var_form
sub_form
rounded_form
mul_form
rounded_form
mul_form
rounded_form
add_form
rounded_form
Taylor forms cache stats: num_bindings = 59, num_buckets = 1024, max_bucket_length = 5
Expr cache stats: num_bindings = 141, num_buckets = 65536, max_bucket_length = 5
Simplifying Taylor forms...
success
v0 = (((((x5 + (x5 + (-(1)))) + ((x4 - 4) * (4 - x4))) - (x5 * x5)) + (((x6 - 4) * (4 - x6)) - (((x2 + (-(2))) * (x2 + (-(2)))) - ((1 - x3) * (x3 - 1))))) + (((-(25)) * (2 - x1)) * (2 - x1)))
-1: exp = -53: (2251799813685249/79228162514264337593543950336)
1: exp = -53: floor_power2(((x5 + (-(1))) + 0))
2: exp = -53: floor_power2(((x5 + (x5 + (-(1)))) + interval(-4.44089209850062616169e-16, 4.44089209850062616169e-16)))
3: exp = -53: ((4 - x4) * floor_power2(((x4 - 4) + 0)))
4: exp = -53: ((x4 - 4) * floor_power2(((4 - x4) + 0)))
5: exp = -53: floor_power2((((x4 - 4) * (4 - x4)) + interval(-1.77635683940025085911e-15, 1.77635683940025085911e-15)))
6: exp = -53: floor_power2((((x5 + (x5 + (-(1)))) + ((x4 - 4) * (4 - x4))) + interval(-4.88498130835068956672e-15, 4.88498130835068956672e-15)))
7: exp = -53: (-(floor_power2(((x5 * x5) + 0))))
8: exp = -53: floor_power2(((((x5 + (x5 + (-(1)))) + ((x4 - 4) * (4 - x4))) - (x5 * x5)) + interval(-1.02140518265514417496e-14, 1.02140518265514417496e-14)))
9: exp = -53: ((4 - x6) * floor_power2(((x6 - 4) + 0)))
10: exp = -53: ((x6 - 4) * floor_power2(((4 - x6) + 0)))
11: exp = -53: floor_power2((((x6 - 4) * (4 - x6)) + interval(-5.32907051820075218289e-15, 5.32907051820075218289e-15)))
12: exp = -53: (-((((x2 + (-(2))) * floor_power2(((x2 + (-(2))) + 0))) + ((x2 + (-(2))) * floor_power2(((x2 + (-(2))) + 0))))))
13: exp = -53: (-(floor_power2((((x2 + (-(2))) * (x2 + (-(2)))) + interval(-1.77635683940025085911e-15, 1.77635683940025085911e-15)))))
14: exp = -53: (-((-(((x3 - 1) * floor_power2(((1 - x3) + 0)))))))
15: exp = -53: (-((-(((1 - x3) * floor_power2(((x3 - 1) + 0)))))))
16: exp = -53: (-((-(floor_power2((((1 - x3) * (x3 - 1)) + interval(-1.77635683940025085911e-15, 1.77635683940025085911e-15)))))))
17: exp = -53: (-(floor_power2(((((x2 + (-(2))) * (x2 + (-(2)))) - ((1 - x3) * (x3 - 1))) + interval(-7.10542735760100343643e-15, 7.10542735760100343643e-15)))))
18: exp = -53: floor_power2(((((x6 - 4) * (4 - x6)) - (((x2 + (-(2))) * (x2 + (-(2)))) - ((1 - x3) * (x3 - 1)))) + interval(-1.95399252334027582669e-14, 1.95399252334027582669e-14)))
19: exp = -53: floor_power2((((((x5 + (x5 + (-(1)))) + ((x4 - 4) * (4 - x4))) - (x5 * x5)) + (((x6 - 4) * (4 - x6)) - (((x2 + (-(2))) * (x2 + (-(2)))) - ((1 - x3) * (x3 - 1))))) + interval(-4.04121180963557043823e-14, 4.04121180963557043823e-14)))
20: exp = -53: ((((-(25)) * (2 - x1)) * floor_power2(((2 - x1) + 0))) + ((2 - x1) * ((-(25)) * floor_power2(((2 - x1) + 0)))))
21: exp = -53: ((2 - x1) * floor_power2((((-(25)) * (2 - x1)) + interval(-5.55111512312578270212e-15, 5.55111512312578270212e-15))))
22: exp = -53: floor_power2(((((-(25)) * (2 - x1)) * (2 - x1)) + interval(-7.28306304154102816736e-14, 7.28306304154102816736e-14)))
23: exp = -53: floor_power2(((((((x5 + (x5 + (-(1)))) + ((x4 - 4) * (4 - x4))) - (x5 * x5)) + (((x6 - 4) * (4 - x6)) - (((x2 + (-(2))) * (x2 + (-(2)))) - ((1 - x3) * (x3 - 1))))) + (((-(25)) * (2 - x1)) * (2 - x1))) + interval(-1.48769885299771001660e-13, 1.48769885299771001660e-13)))

Corresponding original subexpressions:
1: rnd[64,ne,1.00,-53,0]((x5 + (-(1))))
2: rnd[64,ne,1.00,-53,0]((x5 + rnd[64,ne,1.00,-53,0]((x5 + (-(1))))))
3: rnd[64,ne,1.00,-53,0]((x4 - 4))
4: rnd[64,ne,1.00,-53,0]((4 - x4))
5: rnd64((rnd[64,ne,1.00,-53,0]((x4 - 4)) * rnd[64,ne,1.00,-53,0]((4 - x4))))
6: rnd[64,ne,1.00,-53,0]((rnd[64,ne,1.00,-53,0]((x5 + rnd[64,ne,1.00,-53,0]((x5 + (-(1)))))) + rnd64((rnd[64,ne,1.00,-53,0]((x4 - 4)) * rnd[64,ne,1.00,-53,0]((4 - x4))))))
7: rnd64((x5 * x5))
8: rnd[64,ne,1.00,-53,0]((rnd[64,ne,1.00,-53,0]((rnd[64,ne,1.00,-53,0]((x5 + rnd[64,ne,1.00,-53,0]((x5 + (-(1)))))) + rnd64((rnd[64,ne,1.00,-53,0]((x4 - 4)) * rnd[64,ne,1.00,-53,0]((4 - x4)))))) - rnd64((x5 * x5))))
9: rnd[64,ne,1.00,-53,0]((x6 - 4))
10: rnd[64,ne,1.00,-53,0]((4 - x6))
11: rnd64((rnd[64,ne,1.00,-53,0]((x6 - 4)) * rnd[64,ne,1.00,-53,0]((4 - x6))))
12: rnd[64,ne,1.00,-53,0]((x2 + (-(2))))
13: rnd64((rnd[64,ne,1.00,-53,0]((x2 + (-(2)))) * rnd[64,ne,1.00,-53,0]((x2 + (-(2))))))
14: rnd[64,ne,1.00,-53,0]((1 - x3))
15: rnd[64,ne,1.00,-53,0]((x3 - 1))
16: rnd64((rnd[64,ne,1.00,-53,0]((1 - x3)) * rnd[64,ne,1.00,-53,0]((x3 - 1))))
17: rnd[64,ne,1.00,-53,0]((rnd64((rnd[64,ne,1.00,-53,0]((x2 + (-(2)))) * rnd[64,ne,1.00,-53,0]((x2 + (-(2)))))) - rnd64((rnd[64,ne,1.00,-53,0]((1 - x3)) * rnd[64,ne,1.00,-53,0]((x3 - 1))))))
18: rnd[64,ne,1.00,-53,0]((rnd64((rnd[64,ne,1.00,-53,0]((x6 - 4)) * rnd[64,ne,1.00,-53,0]((4 - x6)))) - rnd[64,ne,1.00,-53,0]((rnd64((rnd[64,ne,1.00,-53,0]((x2 + (-(2)))) * rnd[64,ne,1.00,-53,0]((x2 + (-(2)))))) - rnd64((rnd[64,ne,1.00,-53,0]((1 - x3)) * rnd[64,ne,1.00,-53,0]((x3 - 1))))))))
19: rnd[64,ne,1.00,-53,0]((rnd[64,ne,1.00,-53,0]((rnd[64,ne,1.00,-53,0]((rnd[64,ne,1.00,-53,0]((x5 + rnd[64,ne,1.00,-53,0]((x5 + (-(1)))))) + rnd64((rnd[64,ne,1.00,-53,0]((x4 - 4)) * rnd[64,ne,1.00,-53,0]((4 - x4)))))) - rnd64((x5 * x5)))) + rnd[64,ne,1.00,-53,0]((rnd64((rnd[64,ne,1.00,-53,0]((x6 - 4)) * rnd[64,ne,1.00,-53,0]((4 - x6)))) - rnd[64,ne,1.00,-53,0]((rnd64((rnd[64,ne,1.00,-53,0]((x2 + (-(2)))) * rnd[64,ne,1.00,-53,0]((x2 + (-(2)))))) - rnd64((rnd[64,ne,1.00,-53,0]((1 - x3)) * rnd[64,ne,1.00,-53,0]((x3 - 1))))))))))
20: rnd[64,ne,1.00,-53,0]((2 - x1))
21: rnd64(((-(25)) * rnd[64,ne,1.00,-53,0]((2 - x1))))
22: rnd64((rnd64(((-(25)) * rnd[64,ne,1.00,-53,0]((2 - x1)))) * rnd[64,ne,1.00,-53,0]((2 - x1))))
23: rnd[64,ne,1.00,-53,0]((rnd[64,ne,1.00,-53,0]((rnd[64,ne,1.00,-53,0]((rnd[64,ne,1.00,-53,0]((rnd[64,ne,1.00,-53,0]((x5 + rnd[64,ne,1.00,-53,0]((x5 + (-(1)))))) + rnd64((rnd[64,ne,1.00,-53,0]((x4 - 4)) * rnd[64,ne,1.00,-53,0]((4 - x4)))))) - rnd64((x5 * x5)))) + rnd[64,ne,1.00,-53,0]((rnd64((rnd[64,ne,1.00,-53,0]((x6 - 4)) * rnd[64,ne,1.00,-53,0]((4 - x6)))) - rnd[64,ne,1.00,-53,0]((rnd64((rnd[64,ne,1.00,-53,0]((x2 + (-(2)))) * rnd[64,ne,1.00,-53,0]((x2 + (-(2)))))) - rnd64((rnd[64,ne,1.00,-53,0]((1 - x3)) * rnd[64,ne,1.00,-53,0]((x3 - 1)))))))))) + rnd64((rnd64(((-(25)) * rnd[64,ne,1.00,-53,0]((2 - x1)))) * rnd[64,ne,1.00,-53,0]((2 - x1))))))

Selected optimization method: bb
bb_opt: x_abs_tol = 1.000000e-02, f_rel_tol = 1.000000e-02, f_abs_tol = 1.000000e-02, iters = 1000000
iterations(min = 78, max = 1000000): 1000000
min = -5.097500e+02 (lower_min = -5.061406e+02)
max = 5.120850e-02 (lower_max = -7.781982e-04)
subopt = 3.609375e+00 (0.7%)
bounds: [-5.097500e+02, 5.120850e-02]

Computing absolute errors
Selected optimization method: bb-eval
bb-eval_opt: x_abs_tol = 1.000000e-02, f_rel_tol = 1.000000e-02, f_abs_tol = 1.000000e-02, iters = 1000000
rmin(result = 2.842171e-14, lower = 2.842171e-14), rmax(result = 2.842171e-14, lower = 2.842171e-14)
-1: exp = -53: 2.842171e-14 (low = 2.842171e-14, subopt = 0.0%)

Solving the exact optimization problem
Selected optimization method: bb
bb_opt: x_abs_tol = 1.000000e-02, f_rel_tol = 1.000000e-02, f_abs_tol = 1.000000e-02, iters = 1000000
iterations(min = 0, max = 1000000): 1000000
min = 0.000000e+00 (lower_min = 0.000000e+00)
max = 1.584000e+03 (lower_max = 1.543953e+03)
subopt = 4.004688e+01 (2.5%)
exact bound (exp = -53): 1.584000e+03 (low = 1.543953e+03, subopt = 2.5%)
total2: 3.155444e-30 (low = 3.155444e-30, subopt = 0.0%)
exact total: 1.758593e-13 (low = 1.714132e-13, subopt = 2.5%)

Computing relative errors
**WARNING**: 
Cannot compute the relative error: values of the function are close to zero

Elapsed time: 14.24823
*************************************

-------------------------------------------------------------------------------
Problem: result

Optimization lower bounds for error models:
The absolute error (exact) model: 1.714132e-13 (0x1.81fdp-43) (suboptimality = 2.5%)

Bounds (without rounding): [-5.097500e+2, 5.120850e-2]
Bounds (floating-point): [-5.097501e+2, 5.120850e-2]

Absolute error (exact): 1.758594e-13 (0x1.8c00000000001p-43)

Elapsed time: 14.25

