Base path: /Users/laura.zielinski/FPTaylor
Config file: /Users/laura.zielinski/FPTaylor/default.cfg
Config file: /var/folders/38/q_vgzzt959nfc63ldktzz1gr0000gp/T/tmpiiczj9qq.cfg
default-rnd = rnd64
nlopt-cc = gcc -std=c99 -O3
opt-exact = true
develop = false
log-append-date = start
uncertainty = false
rel-error = true
opt-approx = false
proof-record = false
find-bounds = false
proof-dir = proofs
opt-f-abs-tol = 0.01
fail-on-exception = true
print-opt-lower-bounds = true
bb-compile = {base}/b_and_b/compile.sh {base} {input} {out}
z3-python-lib = 
opt-x-abs-tol = 0.01
export-error-bounds = 
opt-f-rel-tol = 0.01
export-options = 
opt-x-rel-tol = 0.0
rel-error-threshold = 0.0001
bb-alg = opt0
log-base-dir = log
intermediate-opt = false
z3-interval-bounds = true
opt-max-iters = 1000000
abs-error = true
z3-bin = 
maxima-simplification = false
print-hex-floats = true
debug = true
print-precision = 7
export-error-bounds-data = 
fp-power2-model = true
opt = auto
default-var-type = float64
verbosity = 2
ulp-error = false
opt-timeout = 10000
nlopt-lib = -lnlopt -lm
tmp-base-dir = tmp
unique-indices = false
z3-seed = 0
tmp-date = false
z3-python-cmd = python
const-approx-real-vars = false
print-second-order-errors = false
Resetting input_parser_env
eval_const_expr: 4
result: 4
eval_const_expr: (159/25)
result: 159/25
eval_const_expr: 0
result: 0
eval_const_expr: (159/25)
result: 159/25
eval_const_expr: 4
result: 4
eval_const_expr: 4
result: 4
eval_const_expr: (159/25)
result: 159/25
eval_const_expr: 0
result: 0
eval_const_expr: (159/25)
result: 159/25
eval_const_expr: 4
result: 4
eval_const_expr: 4
result: 4
eval_const_expr: (159/25)
result: 159/25
eval_const_expr: 0
result: 0
eval_const_expr: (159/25)
result: 159/25
eval_const_expr: 4
result: 4
eval_const_expr: 4
result: 4
eval_const_expr: (159/25)
result: 159/25
eval_const_expr: 0
result: 0
eval_const_expr: (159/25)
result: 159/25
eval_const_expr: 4
result: 4
Resetting input_parser_env
|tasks| = 1
Processing: result

*************************************
Taylor form for: rnd64((rnd64((rnd64((rnd64((rnd64(x2) - rnd64((rnd64(x3) - rnd64(x4))))) * rnd64(x3))) - rnd64((rnd64(x3) * rnd64((rnd64(x4) * rnd64(x2))))))) - rnd64((rnd64(x4) + rnd64((rnd64((rnd64(x2) * rnd64((rnd64((rnd64(x2) - rnd64(x4))) - rnd64(x3))))) - rnd64((rnd64((rnd64((rnd64((rnd64(x3) - rnd64(x1))) + rnd64((rnd64(x2) - rnd64(x4))))) * rnd64(x1))) * rnd64(x4)))))))))

Conservative bound: [-441.421568, 233.840512]

Simplified rounding: rnd[64,ne,1.00,-53,0]((rnd[64,ne,1.00,-53,0]((rnd64((rnd[64,ne,1.00,-53,0]((x2 - rnd[64,ne,1.00,-53,0]((x3 - x4)))) * x3)) - rnd64((x3 * rnd64((x4 * x2)))))) - rnd[64,ne,1.00,-53,0]((x4 + rnd[64,ne,1.00,-53,0]((rnd64((x2 * rnd[64,ne,1.00,-53,0]((rnd[64,ne,1.00,-53,0]((x2 - x4)) - x3)))) - rnd64((rnd64((rnd[64,ne,1.00,-53,0]((rnd[64,ne,1.00,-53,0]((x3 - x1)) + rnd[64,ne,1.00,-53,0]((x2 - x4)))) * x1)) * x4))))))))
Building Taylor forms...
var_form
var_form
var_form
sub_form
rounded_form
sub_form
rounded_form
mul_form
rounded_form
mul_form
rounded_form
mul_form
rounded_form
sub_form
rounded_form
sub_form
rounded_form
sub_form
rounded_form
mul_form
rounded_form
var_form
sub_form
rounded_form
add_form
rounded_form
mul_form
rounded_form
mul_form
rounded_form
sub_form
rounded_form
add_form
rounded_form
sub_form
rounded_form
Taylor forms cache stats: num_bindings = 36, num_buckets = 1024, max_bucket_length = 1
Expr cache stats: num_bindings = 102, num_buckets = 65536, max_bucket_length = 1
Simplifying Taylor forms...
success
v0 = ((((x2 - (x3 - x4)) * x3) - (x3 * (x4 * x2))) - (x4 + ((x2 * ((x2 - x4) - x3)) - ((((x3 - x1) + (x2 - x4)) * x1) * x4))))
-1: exp = -53: (4706261610602169/1404447761611184302913519680303925573139044514798677009948672509044786529730476274474284979081308875165000889686495260606709295068862629863225370551870891596701311667381761603721111090634735110308227210563164107569048052205800491261514946176100212790338675864723330454999587858894372783631526221325189251072)
1: exp = -53: (x3 * (-(floor_power2(((x3 - x4) + 0)))))
2: exp = -53: (x3 * floor_power2(((x2 - (x3 - x4)) + interval(-2.22044604925031308085e-16, 2.22044604925031308085e-16))))
3: exp = -53: floor_power2((((x2 - (x3 - x4)) * x3) + interval(-7.06101843661599654373e-15, 7.06101843661599654373e-15)))
4: exp = -53: (-((x3 * floor_power2(((x4 * x2) + 0)))))
5: exp = -53: (-(floor_power2(((x3 * (x4 * x2)) + interval(-2.25952589971711902021e-14, 2.25952589971711902021e-14)))))
6: exp = -53: floor_power2(((((x2 - (x3 - x4)) * x3) - (x3 * (x4 * x2))) + interval(-6.16307005429917029986e-14, 6.16307005429917029986e-14)))
7: exp = -53: (-(((x2 * floor_power2(((x2 - x4) + 0))) + (-((x4 * (x1 * floor_power2(((x2 - x4) + 0)))))))))
8: exp = -53: (-((x2 * floor_power2((((x2 - x4) - x3) + interval(-2.22044604925031308085e-16, 2.22044604925031308085e-16))))))
9: exp = -53: (-(floor_power2(((x2 * ((x2 - x4) - x3)) + interval(-7.06101843661599654373e-15, 7.06101843661599654373e-15)))))
10: exp = -53: (-((-((x4 * (x1 * floor_power2(((x3 - x1) + 0))))))))
11: exp = -53: (-((-((x4 * (x1 * floor_power2((((x3 - x1) + (x2 - x4)) + interval(-4.44089209850062616169e-16, 4.44089209850062616169e-16)))))))))
12: exp = -53: (-((-((x4 * floor_power2(((((x3 - x1) + (x2 - x4)) * x1) + interval(-5.64881474929279676167e-15, 5.64881474929279676167e-15))))))))
13: exp = -53: (-((-(floor_power2((((((x3 - x1) + (x2 - x4)) * x1) * x4) + interval(-4.72240913040877998286e-14, 4.72240913040877998286e-14)))))))
14: exp = -53: (-(floor_power2((((x2 * ((x2 - x4) - x3)) - ((((x3 - x1) + (x2 - x4)) * x1) * x4)) + interval(-7.20486781347063089077e-14, 7.20486781347063089077e-14)))))
15: exp = -53: (-(floor_power2(((x4 + ((x2 * ((x2 - x4) - x3)) - ((((x3 - x1) + (x2 - x4)) * x1) * x4))) + interval(-8.62595328499083126252e-14, 8.62595328499083126252e-14)))))
16: exp = -53: floor_power2((((((x2 - (x3 - x4)) * x3) - (x3 * (x4 * x2))) - (x4 + ((x2 * ((x2 - x4) - x3)) - ((((x3 - x1) + (x2 - x4)) * x1) * x4)))) + interval(-1.76311942823304060924e-13, 1.76311942823304060924e-13)))

Corresponding original subexpressions:
1: rnd[64,ne,1.00,-53,0]((x3 - x4))
2: rnd[64,ne,1.00,-53,0]((x2 - rnd[64,ne,1.00,-53,0]((x3 - x4))))
3: rnd64((rnd[64,ne,1.00,-53,0]((x2 - rnd[64,ne,1.00,-53,0]((x3 - x4)))) * x3))
4: rnd64((x4 * x2))
5: rnd64((x3 * rnd64((x4 * x2))))
6: rnd[64,ne,1.00,-53,0]((rnd64((rnd[64,ne,1.00,-53,0]((x2 - rnd[64,ne,1.00,-53,0]((x3 - x4)))) * x3)) - rnd64((x3 * rnd64((x4 * x2))))))
7: rnd[64,ne,1.00,-53,0]((x2 - x4))
8: rnd[64,ne,1.00,-53,0]((rnd[64,ne,1.00,-53,0]((x2 - x4)) - x3))
9: rnd64((x2 * rnd[64,ne,1.00,-53,0]((rnd[64,ne,1.00,-53,0]((x2 - x4)) - x3))))
10: rnd[64,ne,1.00,-53,0]((x3 - x1))
11: rnd[64,ne,1.00,-53,0]((rnd[64,ne,1.00,-53,0]((x3 - x1)) + rnd[64,ne,1.00,-53,0]((x2 - x4))))
12: rnd64((rnd[64,ne,1.00,-53,0]((rnd[64,ne,1.00,-53,0]((x3 - x1)) + rnd[64,ne,1.00,-53,0]((x2 - x4)))) * x1))
13: rnd64((rnd64((rnd[64,ne,1.00,-53,0]((rnd[64,ne,1.00,-53,0]((x3 - x1)) + rnd[64,ne,1.00,-53,0]((x2 - x4)))) * x1)) * x4))
14: rnd[64,ne,1.00,-53,0]((rnd64((x2 * rnd[64,ne,1.00,-53,0]((rnd[64,ne,1.00,-53,0]((x2 - x4)) - x3)))) - rnd64((rnd64((rnd[64,ne,1.00,-53,0]((rnd[64,ne,1.00,-53,0]((x3 - x1)) + rnd[64,ne,1.00,-53,0]((x2 - x4)))) * x1)) * x4))))
15: rnd[64,ne,1.00,-53,0]((x4 + rnd[64,ne,1.00,-53,0]((rnd64((x2 * rnd[64,ne,1.00,-53,0]((rnd[64,ne,1.00,-53,0]((x2 - x4)) - x3)))) - rnd64((rnd64((rnd[64,ne,1.00,-53,0]((rnd[64,ne,1.00,-53,0]((x3 - x1)) + rnd[64,ne,1.00,-53,0]((x2 - x4)))) * x1)) * x4))))))
16: rnd[64,ne,1.00,-53,0]((rnd[64,ne,1.00,-53,0]((rnd64((rnd[64,ne,1.00,-53,0]((x2 - rnd[64,ne,1.00,-53,0]((x3 - x4)))) * x3)) - rnd64((x3 * rnd64((x4 * x2)))))) - rnd[64,ne,1.00,-53,0]((x4 + rnd[64,ne,1.00,-53,0]((rnd64((x2 * rnd[64,ne,1.00,-53,0]((rnd[64,ne,1.00,-53,0]((x2 - x4)) - x3)))) - rnd64((rnd64((rnd[64,ne,1.00,-53,0]((rnd[64,ne,1.00,-53,0]((x3 - x1)) + rnd[64,ne,1.00,-53,0]((x2 - x4)))) * x1)) * x4))))))))

Selected optimization method: bb
bb_opt: x_abs_tol = 1.000000e-02, f_rel_tol = 1.000000e-02, f_abs_tol = 1.000000e-02, iters = 1000000
iterations(min = 800, max = 1000000): 1000000
min = -2.495449e+02 (lower_min = -2.473763e+02)
max = -3.097864e+01 (lower_max = -3.200000e+01)
subopt = 2.168604e+00 (0.9%)
bounds: [-2.495449e+02, -3.097864e+01]

Computing absolute errors
Selected optimization method: bb-eval
bb-eval_opt: x_abs_tol = 1.000000e-02, f_rel_tol = 1.000000e-02, f_abs_tol = 1.000000e-02, iters = 1000000
rmin(result = 3.350969e-291, lower = 3.350969e-291), rmax(result = 3.350969e-291, lower = 3.350969e-291)
-1: exp = -53: 3.350969e-291 (low = 3.350969e-291, subopt = 0.0%)

Solving the exact optimization problem
Selected optimization method: bb
bb_opt: x_abs_tol = 1.000000e-02, f_rel_tol = 1.000000e-02, f_abs_tol = 1.000000e-02, iters = 1000000
iterations(min = 0, max = 772): 772
min = 0.000000e+00 (lower_min = 0.000000e+00)
max = 1.206585e+03 (lower_max = 1.201986e+03)
subopt = 4.599219e+00 (0.4%)
exact bound (exp = -53): 1.206585e+03 (low = 1.201986e+03, subopt = 0.4%)
total2: 3.720323e-307 (low = 3.720323e-307, subopt = 0.0%)
exact total: 1.339578e-13 (low = 1.334472e-13, subopt = 0.4%)

Computing relative errors
Selected optimization method: bb-eval
bb-eval_opt: x_abs_tol = 1.000000e-02, f_rel_tol = 1.000000e-02, f_abs_tol = 1.000000e-02, iters = 1000000
rmin(result = 3.350969e-291, lower = 3.350969e-291), rmax(result = 3.350969e-291, lower = 3.350969e-291)
-1: exp = -53: 3.350969e-291 (low = 3.350969e-291, subopt = 0.0%)

Solving the exact optimization problem
Selected optimization method: bb
bb_opt: x_abs_tol = 1.000000e-02, f_rel_tol = 1.000000e-02, f_abs_tol = 1.000000e-02, iters = 1000000
iterations(min = 0, max = 215029): 215029
min = 0.000000e+00 (lower_min = 0.000000e+00)
max = 2.364999e+01 (lower_max = 2.285027e+01)
subopt = 7.997174e-01 (3.4%)
exact bound-rel (exp = -53): 2.364999e+01 (low = 2.285027e+01, subopt = 3.4%)
total2: 1.200932e-308 (low = 1.490843e-309, subopt = 87.6%)
exact total-rel: 2.625677e-15 (low = 2.536890e-15, subopt = 3.4%)

Elapsed time: 5.99985
*************************************

-------------------------------------------------------------------------------
Problem: result

Optimization lower bounds for error models:
The absolute error (exact) model: 1.334472e-13 (0x1.2c7f13404ea48p-43) (suboptimality = 0.4%)
The relative error (exact) model: 2.536890e-15 (0x1.6d9ab94269872p-49) (suboptimality = 3.4%)

Bounds (without rounding): [-2.495449e+2, -3.097864e+1]
Bounds (floating-point): [-2.495449e+2, -3.097864e+1]

Absolute error (exact): 1.339579e-13 (0x1.2da56cd9e83e9p-43)
Relative error (exact): 2.625677e-15 (0x1.7a665daefd838p-49)

Elapsed time: 6.00

