Base path: /Users/laura.zielinski/FPTaylor
Config file: /Users/laura.zielinski/FPTaylor/default.cfg
Config file: /var/folders/38/q_vgzzt959nfc63ldktzz1gr0000gp/T/tmpkuvmyb4y.cfg
default-rnd = rnd64
nlopt-cc = gcc -std=c99 -O3
opt-exact = true
develop = false
log-append-date = start
uncertainty = false
rel-error = true
opt-approx = false
proof-record = false
find-bounds = false
proof-dir = proofs
opt-f-abs-tol = 0.01
fail-on-exception = true
print-opt-lower-bounds = true
bb-compile = {base}/b_and_b/compile.sh {base} {input} {out}
z3-python-lib = 
opt-x-abs-tol = 0.01
export-error-bounds = 
opt-f-rel-tol = 0.01
export-options = 
opt-x-rel-tol = 0.0
rel-error-threshold = 0.0001
bb-alg = opt0
log-base-dir = log
intermediate-opt = false
z3-interval-bounds = true
opt-max-iters = 1000000
abs-error = true
z3-bin = 
maxima-simplification = false
print-hex-floats = true
debug = true
print-precision = 7
export-error-bounds-data = 
fp-power2-model = true
opt = auto
default-var-type = float64
verbosity = 2
ulp-error = false
opt-timeout = 10000
nlopt-lib = -lnlopt -lm
tmp-base-dir = tmp
unique-indices = false
z3-seed = 0
tmp-date = false
z3-python-cmd = python
const-approx-real-vars = false
print-second-order-errors = false
Resetting input_parser_env
eval_const_expr: 4
result: 4
eval_const_expr: (159/25)
result: 159/25
eval_const_expr: 0
result: 0
eval_const_expr: (159/25)
result: 159/25
eval_const_expr: 4
result: 4
eval_const_expr: 4
result: 4
eval_const_expr: (159/25)
result: 159/25
eval_const_expr: 0
result: 0
eval_const_expr: (159/25)
result: 159/25
eval_const_expr: 4
result: 4
eval_const_expr: 4
result: 4
eval_const_expr: (159/25)
result: 159/25
eval_const_expr: 0
result: 0
eval_const_expr: (159/25)
result: 159/25
eval_const_expr: 4
result: 4
eval_const_expr: 4
result: 4
eval_const_expr: (159/25)
result: 159/25
eval_const_expr: 0
result: 0
eval_const_expr: (159/25)
result: 159/25
eval_const_expr: 4
result: 4
eval_const_expr: 4
result: 4
eval_const_expr: (159/25)
result: 159/25
eval_const_expr: 0
result: 0
eval_const_expr: (159/25)
result: 159/25
eval_const_expr: 4
result: 4
eval_const_expr: 4
result: 4
eval_const_expr: (159/25)
result: 159/25
eval_const_expr: 0
result: 0
eval_const_expr: (159/25)
result: 159/25
eval_const_expr: 4
result: 4
Resetting input_parser_env
|tasks| = 1
Processing: result

*************************************
Taylor form for: rnd64((rnd64((rnd64((rnd64((rnd64((rnd64((rnd64((rnd64((rnd64(x1) * rnd64(x4))) * rnd64((rnd64((rnd64((rnd64((rnd64((rnd64((-(rnd64(x1)))) + rnd64(x2))) + rnd64(x3))) - rnd64(x4))) + rnd64(x5))) + rnd64(x6))))) + rnd64((rnd64((rnd64(x2) * rnd64(x5))) * rnd64((rnd64((rnd64((rnd64((rnd64((rnd64(x1) - rnd64(x2))) + rnd64(x3))) + rnd64(x4))) - rnd64(x5))) + rnd64(x6))))))) + rnd64((rnd64((rnd64(x3) * rnd64(x6))) * rnd64((rnd64((rnd64((rnd64((rnd64((rnd64(x1) + rnd64(x2))) - rnd64(x3))) + rnd64(x4))) + rnd64(x5))) - rnd64(x6))))))) - rnd64((rnd64((rnd64(x2) * rnd64(x3))) * rnd64(x4))))) - rnd64((rnd64((rnd64(x1) * rnd64(x3))) * rnd64(x5))))) - rnd64((rnd64((rnd64(x1) * rnd64(x2))) * rnd64(x6))))) - rnd64((rnd64((rnd64(x4) * rnd64(x5))) * rnd64(x6)))))

Conservative bound: [-871.597824, 1860.323072]

Simplified rounding: rnd[64,ne,1.00,-53,0]((rnd[64,ne,1.00,-53,0]((rnd[64,ne,1.00,-53,0]((rnd[64,ne,1.00,-53,0]((rnd[64,ne,1.00,-53,0]((rnd[64,ne,1.00,-53,0]((rnd64((rnd64((x1 * x4)) * rnd[64,ne,1.00,-53,0]((rnd[64,ne,1.00,-53,0]((rnd[64,ne,1.00,-53,0]((rnd[64,ne,1.00,-53,0]((rnd[64,ne,1.00,-53,0](((-(x1)) + x2)) + x3)) - x4)) + x5)) + x6)))) + rnd64((rnd64((x2 * x5)) * rnd[64,ne,1.00,-53,0]((rnd[64,ne,1.00,-53,0]((rnd[64,ne,1.00,-53,0]((rnd[64,ne,1.00,-53,0]((rnd[64,ne,1.00,-53,0]((x1 - x2)) + x3)) + x4)) - x5)) + x6)))))) + rnd64((rnd64((x3 * x6)) * rnd[64,ne,1.00,-53,0]((rnd[64,ne,1.00,-53,0]((rnd[64,ne,1.00,-53,0]((rnd[64,ne,1.00,-53,0]((rnd[64,ne,1.00,-53,0]((x1 + x2)) - x3)) + x4)) + x5)) - x6)))))) - rnd64((rnd64((x2 * x3)) * x4)))) - rnd64((rnd64((x1 * x3)) * x5)))) - rnd64((rnd64((x1 * x2)) * x6)))) - rnd64((rnd64((x4 * x5)) * x6))))
Building Taylor forms...
var_form
var_form
mul_form
rounded_form
neg_form
var_form
add_form
rounded_form
var_form
add_form
rounded_form
sub_form
rounded_form
var_form
add_form
rounded_form
var_form
add_form
rounded_form
mul_form
rounded_form
mul_form
rounded_form
sub_form
rounded_form
add_form
rounded_form
add_form
rounded_form
sub_form
rounded_form
add_form
rounded_form
mul_form
rounded_form
add_form
rounded_form
mul_form
rounded_form
add_form
rounded_form
sub_form
rounded_form
add_form
rounded_form
add_form
rounded_form
sub_form
rounded_form
mul_form
rounded_form
add_form
rounded_form
mul_form
rounded_form
mul_form
rounded_form
sub_form
rounded_form
mul_form
rounded_form
mul_form
rounded_form
sub_form
rounded_form
mul_form
rounded_form
mul_form
rounded_form
sub_form
rounded_form
mul_form
rounded_form
mul_form
rounded_form
sub_form
rounded_form
Taylor forms cache stats: num_bindings = 77, num_buckets = 1024, max_bucket_length = 2
Expr cache stats: num_bindings = 188, num_buckets = 65536, max_bucket_length = 1
Simplifying Taylor forms...
success
v0 = ((((((((x1 * x4) * ((((((-(x1)) + x2) + x3) - x4) + x5) + x6)) + ((x2 * x5) * (((((x1 - x2) + x3) + x4) - x5) + x6))) + ((x3 * x6) * (((((x1 + x2) - x3) + x4) + x5) - x6))) - ((x2 * x3) * x4)) - ((x1 * x3) * x5)) - ((x1 * x2) * x6)) - ((x4 * x5) * x6))
-1: exp = -53: (4785074604081159/9903520314283042199192993792)
1: exp = -53: (((((((-(x1)) + x2) + x3) - x4) + x5) + x6) * floor_power2(((x1 * x4) + 0)))
2: exp = -53: ((x1 * x4) * floor_power2((((-(x1)) + x2) + 0)))
3: exp = -53: ((x1 * x4) * floor_power2(((((-(x1)) + x2) + x3) + interval(-2.22044604925031308085e-16, 2.22044604925031308085e-16))))
4: exp = -53: ((x1 * x4) * floor_power2((((((-(x1)) + x2) + x3) - x4) + interval(-1.11022302462515654042e-15, 1.11022302462515654042e-15))))
5: exp = -53: ((x1 * x4) * floor_power2(((((((-(x1)) + x2) + x3) - x4) + x5) + interval(-1.55431223447521915659e-15, 1.55431223447521915659e-15))))
6: exp = -53: ((x1 * x4) * floor_power2((((((((-(x1)) + x2) + x3) - x4) + x5) + x6) + interval(-2.44249065417534438893e-15, 2.44249065417534438893e-15))))
7: exp = -53: floor_power2((((x1 * x4) * ((((((-(x1)) + x2) + x3) - x4) + x5) + x6)) + interval(-2.32610020134416270795e-13, 2.32610020134416270795e-13)))
8: exp = -53: ((((((x1 - x2) + x3) + x4) - x5) + x6) * floor_power2(((x2 * x5) + 0)))
9: exp = -53: ((x2 * x5) * floor_power2(((x1 - x2) + 0)))
10: exp = -53: ((x2 * x5) * floor_power2((((x1 - x2) + x3) + interval(-2.22044604925031308085e-16, 2.22044604925031308085e-16))))
11: exp = -53: ((x2 * x5) * floor_power2(((((x1 - x2) + x3) + x4) + interval(-1.11022302462515654042e-15, 1.11022302462515654042e-15))))
12: exp = -53: ((x2 * x5) * floor_power2((((((x1 - x2) + x3) + x4) - x5) + interval(-1.99840144432528177276e-15, 1.99840144432528177276e-15))))
13: exp = -53: ((x2 * x5) * floor_power2(((((((x1 - x2) + x3) + x4) - x5) + x6) + interval(-2.88657986402540700510e-15, 2.88657986402540700510e-15))))
14: exp = -53: floor_power2((((x2 * x5) * (((((x1 - x2) + x3) + x4) - x5) + x6)) + interval(-2.50573251037167377892e-13, 2.50573251037167377892e-13)))
15: exp = -53: floor_power2(((((x1 * x4) * ((((((-(x1)) + x2) + x3) - x4) + x5) + x6)) + ((x2 * x5) * (((((x1 - x2) + x3) + x4) - x5) + x6))) + interval(-5.96870108893199728913e-13, 5.96870108893199728913e-13)))
16: exp = -53: ((((((x1 + x2) - x3) + x4) + x5) - x6) * floor_power2(((x3 * x6) + 0)))
17: exp = -53: ((x3 * x6) * floor_power2(((x1 + x2) + 0)))
18: exp = -53: ((x3 * x6) * floor_power2((((x1 + x2) - x3) + interval(-8.88178419700125232339e-16, 8.88178419700125232339e-16))))
19: exp = -53: ((x3 * x6) * floor_power2(((((x1 + x2) - x3) + x4) + interval(-1.77635683940025046468e-15, 1.77635683940025046468e-15))))
20: exp = -53: ((x3 * x6) * floor_power2((((((x1 + x2) - x3) + x4) + x5) + interval(-2.66453525910037569702e-15, 2.66453525910037569702e-15))))
21: exp = -53: ((x3 * x6) * floor_power2(((((((x1 + x2) - x3) + x4) + x5) - x6) + interval(-4.44089209850062616169e-15, 4.44089209850062616169e-15))))
22: exp = -53: floor_power2((((x3 * x6) * (((((x1 + x2) - x3) + x4) + x5) - x6)) + interval(-3.13444559196796227487e-13, 3.13444559196796227487e-13)))
23: exp = -53: floor_power2((((((x1 * x4) * ((((((-(x1)) + x2) + x3) - x4) + x5) + x6)) + ((x2 * x5) * (((((x1 - x2) + x3) + x4) - x5) + x6))) + ((x3 * x6) * (((((x1 + x2) - x3) + x4) + x5) - x6))) + interval(-1.08084492467242020296e-12, 1.08084492467242020296e-12)))
24: exp = -53: (-((x4 * floor_power2(((x2 * x3) + 0)))))
25: exp = -53: (-(floor_power2((((x2 * x3) * x4) + interval(-2.25952589971711902021e-14, 2.25952589971711902021e-14)))))
26: exp = -53: floor_power2(((((((x1 * x4) * ((((((-(x1)) + x2) + x3) - x4) + x5) + x6)) + ((x2 * x5) * (((((x1 - x2) + x3) + x4) - x5) + x6))) + ((x3 * x6) * (((((x1 + x2) - x3) + x4) + x5) - x6))) - ((x2 * x3) * x4)) + interval(-1.35923556854322750425e-12, 1.35923556854322750425e-12)))
27: exp = -53: (-((x5 * floor_power2(((x1 * x3) + 0)))))
28: exp = -53: (-(floor_power2((((x1 * x3) * x5) + interval(-2.25952589971711902021e-14, 2.25952589971711902021e-14)))))
29: exp = -53: floor_power2((((((((x1 * x4) * ((((((-(x1)) + x2) + x3) - x4) + x5) + x6)) + ((x2 * x5) * (((((x1 - x2) + x3) + x4) - x5) + x6))) + ((x3 * x6) * (((((x1 + x2) - x3) + x4) + x5) - x6))) - ((x2 * x3) * x4)) - ((x1 * x3) * x5)) + interval(-1.63762621241403480554e-12, 1.63762621241403480554e-12)))
30: exp = -53: (-((x6 * floor_power2(((x1 * x2) + 0)))))
31: exp = -53: (-(floor_power2((((x1 * x2) * x6) + interval(-2.25952589971711902021e-14, 2.25952589971711902021e-14)))))
32: exp = -53: floor_power2(((((((((x1 * x4) * ((((((-(x1)) + x2) + x3) - x4) + x5) + x6)) + ((x2 * x5) * (((((x1 - x2) + x3) + x4) - x5) + x6))) + ((x3 * x6) * (((((x1 + x2) - x3) + x4) + x5) - x6))) - ((x2 * x3) * x4)) - ((x1 * x3) * x5)) - ((x1 * x2) * x6)) + interval(-1.80233001856322607709e-12, 1.80233001856322607709e-12)))
33: exp = -53: (-((x6 * floor_power2(((x4 * x5) + 0)))))
34: exp = -53: (-(floor_power2((((x4 * x5) * x6) + interval(-2.25952589971711902021e-14, 2.25952589971711902021e-14)))))
35: exp = -53: floor_power2((((((((((x1 * x4) * ((((((-(x1)) + x2) + x3) - x4) + x5) + x6)) + ((x2 * x5) * (((((x1 - x2) + x3) + x4) - x5) + x6))) + ((x3 * x6) * (((((x1 + x2) - x3) + x4) + x5) - x6))) - ((x2 * x3) * x4)) - ((x1 * x3) * x5)) - ((x1 * x2) * x6)) - ((x4 * x5) * x6)) + interval(-1.96703382471241755059e-12, 1.96703382471241755059e-12)))

Corresponding original subexpressions:
1: rnd64((x1 * x4))
2: rnd[64,ne,1.00,-53,0](((-(x1)) + x2))
3: rnd[64,ne,1.00,-53,0]((rnd[64,ne,1.00,-53,0](((-(x1)) + x2)) + x3))
4: rnd[64,ne,1.00,-53,0]((rnd[64,ne,1.00,-53,0]((rnd[64,ne,1.00,-53,0](((-(x1)) + x2)) + x3)) - x4))
5: rnd[64,ne,1.00,-53,0]((rnd[64,ne,1.00,-53,0]((rnd[64,ne,1.00,-53,0]((rnd[64,ne,1.00,-53,0](((-(x1)) + x2)) + x3)) - x4)) + x5))
6: rnd[64,ne,1.00,-53,0]((rnd[64,ne,1.00,-53,0]((rnd[64,ne,1.00,-53,0]((rnd[64,ne,1.00,-53,0]((rnd[64,ne,1.00,-53,0](((-(x1)) + x2)) + x3)) - x4)) + x5)) + x6))
7: rnd64((rnd64((x1 * x4)) * rnd[64,ne,1.00,-53,0]((rnd[64,ne,1.00,-53,0]((rnd[64,ne,1.00,-53,0]((rnd[64,ne,1.00,-53,0]((rnd[64,ne,1.00,-53,0](((-(x1)) + x2)) + x3)) - x4)) + x5)) + x6))))
8: rnd64((x2 * x5))
9: rnd[64,ne,1.00,-53,0]((x1 - x2))
10: rnd[64,ne,1.00,-53,0]((rnd[64,ne,1.00,-53,0]((x1 - x2)) + x3))
11: rnd[64,ne,1.00,-53,0]((rnd[64,ne,1.00,-53,0]((rnd[64,ne,1.00,-53,0]((x1 - x2)) + x3)) + x4))
12: rnd[64,ne,1.00,-53,0]((rnd[64,ne,1.00,-53,0]((rnd[64,ne,1.00,-53,0]((rnd[64,ne,1.00,-53,0]((x1 - x2)) + x3)) + x4)) - x5))
13: rnd[64,ne,1.00,-53,0]((rnd[64,ne,1.00,-53,0]((rnd[64,ne,1.00,-53,0]((rnd[64,ne,1.00,-53,0]((rnd[64,ne,1.00,-53,0]((x1 - x2)) + x3)) + x4)) - x5)) + x6))
14: rnd64((rnd64((x2 * x5)) * rnd[64,ne,1.00,-53,0]((rnd[64,ne,1.00,-53,0]((rnd[64,ne,1.00,-53,0]((rnd[64,ne,1.00,-53,0]((rnd[64,ne,1.00,-53,0]((x1 - x2)) + x3)) + x4)) - x5)) + x6))))
15: rnd[64,ne,1.00,-53,0]((rnd64((rnd64((x1 * x4)) * rnd[64,ne,1.00,-53,0]((rnd[64,ne,1.00,-53,0]((rnd[64,ne,1.00,-53,0]((rnd[64,ne,1.00,-53,0]((rnd[64,ne,1.00,-53,0](((-(x1)) + x2)) + x3)) - x4)) + x5)) + x6)))) + rnd64((rnd64((x2 * x5)) * rnd[64,ne,1.00,-53,0]((rnd[64,ne,1.00,-53,0]((rnd[64,ne,1.00,-53,0]((rnd[64,ne,1.00,-53,0]((rnd[64,ne,1.00,-53,0]((x1 - x2)) + x3)) + x4)) - x5)) + x6))))))
16: rnd64((x3 * x6))
17: rnd[64,ne,1.00,-53,0]((x1 + x2))
18: rnd[64,ne,1.00,-53,0]((rnd[64,ne,1.00,-53,0]((x1 + x2)) - x3))
19: rnd[64,ne,1.00,-53,0]((rnd[64,ne,1.00,-53,0]((rnd[64,ne,1.00,-53,0]((x1 + x2)) - x3)) + x4))
20: rnd[64,ne,1.00,-53,0]((rnd[64,ne,1.00,-53,0]((rnd[64,ne,1.00,-53,0]((rnd[64,ne,1.00,-53,0]((x1 + x2)) - x3)) + x4)) + x5))
21: rnd[64,ne,1.00,-53,0]((rnd[64,ne,1.00,-53,0]((rnd[64,ne,1.00,-53,0]((rnd[64,ne,1.00,-53,0]((rnd[64,ne,1.00,-53,0]((x1 + x2)) - x3)) + x4)) + x5)) - x6))
22: rnd64((rnd64((x3 * x6)) * rnd[64,ne,1.00,-53,0]((rnd[64,ne,1.00,-53,0]((rnd[64,ne,1.00,-53,0]((rnd[64,ne,1.00,-53,0]((rnd[64,ne,1.00,-53,0]((x1 + x2)) - x3)) + x4)) + x5)) - x6))))
23: rnd[64,ne,1.00,-53,0]((rnd[64,ne,1.00,-53,0]((rnd64((rnd64((x1 * x4)) * rnd[64,ne,1.00,-53,0]((rnd[64,ne,1.00,-53,0]((rnd[64,ne,1.00,-53,0]((rnd[64,ne,1.00,-53,0]((rnd[64,ne,1.00,-53,0](((-(x1)) + x2)) + x3)) - x4)) + x5)) + x6)))) + rnd64((rnd64((x2 * x5)) * rnd[64,ne,1.00,-53,0]((rnd[64,ne,1.00,-53,0]((rnd[64,ne,1.00,-53,0]((rnd[64,ne,1.00,-53,0]((rnd[64,ne,1.00,-53,0]((x1 - x2)) + x3)) + x4)) - x5)) + x6)))))) + rnd64((rnd64((x3 * x6)) * rnd[64,ne,1.00,-53,0]((rnd[64,ne,1.00,-53,0]((rnd[64,ne,1.00,-53,0]((rnd[64,ne,1.00,-53,0]((rnd[64,ne,1.00,-53,0]((x1 + x2)) - x3)) + x4)) + x5)) - x6))))))
24: rnd64((x2 * x3))
25: rnd64((rnd64((x2 * x3)) * x4))
26: rnd[64,ne,1.00,-53,0]((rnd[64,ne,1.00,-53,0]((rnd[64,ne,1.00,-53,0]((rnd64((rnd64((x1 * x4)) * rnd[64,ne,1.00,-53,0]((rnd[64,ne,1.00,-53,0]((rnd[64,ne,1.00,-53,0]((rnd[64,ne,1.00,-53,0]((rnd[64,ne,1.00,-53,0](((-(x1)) + x2)) + x3)) - x4)) + x5)) + x6)))) + rnd64((rnd64((x2 * x5)) * rnd[64,ne,1.00,-53,0]((rnd[64,ne,1.00,-53,0]((rnd[64,ne,1.00,-53,0]((rnd[64,ne,1.00,-53,0]((rnd[64,ne,1.00,-53,0]((x1 - x2)) + x3)) + x4)) - x5)) + x6)))))) + rnd64((rnd64((x3 * x6)) * rnd[64,ne,1.00,-53,0]((rnd[64,ne,1.00,-53,0]((rnd[64,ne,1.00,-53,0]((rnd[64,ne,1.00,-53,0]((rnd[64,ne,1.00,-53,0]((x1 + x2)) - x3)) + x4)) + x5)) - x6)))))) - rnd64((rnd64((x2 * x3)) * x4))))
27: rnd64((x1 * x3))
28: rnd64((rnd64((x1 * x3)) * x5))
29: rnd[64,ne,1.00,-53,0]((rnd[64,ne,1.00,-53,0]((rnd[64,ne,1.00,-53,0]((rnd[64,ne,1.00,-53,0]((rnd64((rnd64((x1 * x4)) * rnd[64,ne,1.00,-53,0]((rnd[64,ne,1.00,-53,0]((rnd[64,ne,1.00,-53,0]((rnd[64,ne,1.00,-53,0]((rnd[64,ne,1.00,-53,0](((-(x1)) + x2)) + x3)) - x4)) + x5)) + x6)))) + rnd64((rnd64((x2 * x5)) * rnd[64,ne,1.00,-53,0]((rnd[64,ne,1.00,-53,0]((rnd[64,ne,1.00,-53,0]((rnd[64,ne,1.00,-53,0]((rnd[64,ne,1.00,-53,0]((x1 - x2)) + x3)) + x4)) - x5)) + x6)))))) + rnd64((rnd64((x3 * x6)) * rnd[64,ne,1.00,-53,0]((rnd[64,ne,1.00,-53,0]((rnd[64,ne,1.00,-53,0]((rnd[64,ne,1.00,-53,0]((rnd[64,ne,1.00,-53,0]((x1 + x2)) - x3)) + x4)) + x5)) - x6)))))) - rnd64((rnd64((x2 * x3)) * x4)))) - rnd64((rnd64((x1 * x3)) * x5))))
30: rnd64((x1 * x2))
31: rnd64((rnd64((x1 * x2)) * x6))
32: rnd[64,ne,1.00,-53,0]((rnd[64,ne,1.00,-53,0]((rnd[64,ne,1.00,-53,0]((rnd[64,ne,1.00,-53,0]((rnd[64,ne,1.00,-53,0]((rnd64((rnd64((x1 * x4)) * rnd[64,ne,1.00,-53,0]((rnd[64,ne,1.00,-53,0]((rnd[64,ne,1.00,-53,0]((rnd[64,ne,1.00,-53,0]((rnd[64,ne,1.00,-53,0](((-(x1)) + x2)) + x3)) - x4)) + x5)) + x6)))) + rnd64((rnd64((x2 * x5)) * rnd[64,ne,1.00,-53,0]((rnd[64,ne,1.00,-53,0]((rnd[64,ne,1.00,-53,0]((rnd[64,ne,1.00,-53,0]((rnd[64,ne,1.00,-53,0]((x1 - x2)) + x3)) + x4)) - x5)) + x6)))))) + rnd64((rnd64((x3 * x6)) * rnd[64,ne,1.00,-53,0]((rnd[64,ne,1.00,-53,0]((rnd[64,ne,1.00,-53,0]((rnd[64,ne,1.00,-53,0]((rnd[64,ne,1.00,-53,0]((x1 + x2)) - x3)) + x4)) + x5)) - x6)))))) - rnd64((rnd64((x2 * x3)) * x4)))) - rnd64((rnd64((x1 * x3)) * x5)))) - rnd64((rnd64((x1 * x2)) * x6))))
33: rnd64((x4 * x5))
34: rnd64((rnd64((x4 * x5)) * x6))
35: rnd[64,ne,1.00,-53,0]((rnd[64,ne,1.00,-53,0]((rnd[64,ne,1.00,-53,0]((rnd[64,ne,1.00,-53,0]((rnd[64,ne,1.00,-53,0]((rnd[64,ne,1.00,-53,0]((rnd64((rnd64((x1 * x4)) * rnd[64,ne,1.00,-53,0]((rnd[64,ne,1.00,-53,0]((rnd[64,ne,1.00,-53,0]((rnd[64,ne,1.00,-53,0]((rnd[64,ne,1.00,-53,0](((-(x1)) + x2)) + x3)) - x4)) + x5)) + x6)))) + rnd64((rnd64((x2 * x5)) * rnd[64,ne,1.00,-53,0]((rnd[64,ne,1.00,-53,0]((rnd[64,ne,1.00,-53,0]((rnd[64,ne,1.00,-53,0]((rnd[64,ne,1.00,-53,0]((x1 - x2)) + x3)) + x4)) - x5)) + x6)))))) + rnd64((rnd64((x3 * x6)) * rnd[64,ne,1.00,-53,0]((rnd[64,ne,1.00,-53,0]((rnd[64,ne,1.00,-53,0]((rnd[64,ne,1.00,-53,0]((rnd[64,ne,1.00,-53,0]((x1 + x2)) - x3)) + x4)) + x5)) - x6)))))) - rnd64((rnd64((x2 * x3)) * x4)))) - rnd64((rnd64((x1 * x3)) * x5)))) - rnd64((rnd64((x1 * x2)) * x6)))) - rnd64((rnd64((x4 * x5)) * x6))))

Selected optimization method: bb
bb_opt: x_abs_tol = 1.000000e-02, f_rel_tol = 1.000000e-02, f_abs_tol = 1.000000e-02, iters = 1000000
iterations(min = 1000000, max = 1000000): 1000000
min = 4.643808e+01 (lower_min = 1.280000e+02)
max = 5.589818e+02 (lower_max = 5.145189e+02)
subopt = 4.446288e+01 (8.0%)
bounds: [4.643808e+01, 5.589818e+02]

Computing absolute errors
Selected optimization method: bb-eval
bb-eval_opt: x_abs_tol = 1.000000e-02, f_rel_tol = 1.000000e-02, f_abs_tol = 1.000000e-02, iters = 1000000
rmin(result = 4.831691e-13, lower = 4.831691e-13), rmax(result = 4.831691e-13, lower = 4.831691e-13)
-1: exp = -53: 4.831691e-13 (low = 4.831691e-13, subopt = 0.0%)

Solving the exact optimization problem
Selected optimization method: bb
bb_opt: x_abs_tol = 1.000000e-02, f_rel_tol = 1.000000e-02, f_abs_tol = 1.000000e-02, iters = 1000000
iterations(min = 0, max = 134): 134
min = 0.000000e+00 (lower_min = 0.000000e+00)
max = 1.323838e+04 (lower_max = 1.311297e+04)
subopt = 1.254096e+02 (0.9%)
exact bound (exp = -53): 1.323838e+04 (low = 1.311297e+04, subopt = 0.9%)
total2: 5.364254e-29 (low = 5.364254e-29, subopt = 0.0%)
exact total: 1.469755e-12 (low = 1.455832e-12, subopt = 0.9%)

Computing relative errors
Selected optimization method: bb-eval
bb-eval_opt: x_abs_tol = 1.000000e-02, f_rel_tol = 1.000000e-02, f_abs_tol = 1.000000e-02, iters = 1000000
rmin(result = 4.831691e-13, lower = 4.831691e-13), rmax(result = 4.831691e-13, lower = 4.831691e-13)
-1: exp = -53: 4.831691e-13 (low = 4.831691e-13, subopt = 0.0%)

Solving the exact optimization problem
Selected optimization method: bb
bb_opt: x_abs_tol = 1.000000e-02, f_rel_tol = 1.000000e-02, f_abs_tol = 1.000000e-02, iters = 1000000
iterations(min = 0, max = 1000000): 1000000
min = 0.000000e+00 (lower_min = 0.000000e+00)
max = 1.511585e+02 (lower_max = 3.098196e+01)
subopt = 1.201766e+02 (79.5%)
exact bound-rel (exp = -53): 1.511585e+02 (low = 3.098196e+01, subopt = 79.5%)
total2: 1.155141e-30 (low = 9.596474e-32, subopt = 91.7%)
exact total-rel: 1.678197e-14 (low = 3.439688e-15, subopt = 79.5%)

Elapsed time: 32.70158
*************************************

-------------------------------------------------------------------------------
Problem: result

Optimization lower bounds for error models:
The absolute error (exact) model: 1.455831e-12 (0x1.99c7bb2fec568p-40) (suboptimality = 0.9%)
The relative error (exact) model: 3.439688e-15 (0x1.efb61a73c5a46p-49) (suboptimality = 79.5%)

Bounds (without rounding): [4.643807e+1, 5.589818e+2]
Bounds (floating-point): [4.643807e+1, 5.589818e+2]

Absolute error (exact): 1.469755e-12 (0x1.9db3020c49bb2p-40)
Relative error (exact): 1.678197e-14 (0x1.2e512c279d5f9p-46)

Elapsed time: 32.70

