Base path: /Users/laura.zielinski/FPTaylor
Config file: /Users/laura.zielinski/FPTaylor/default.cfg
Config file: /var/folders/38/q_vgzzt959nfc63ldktzz1gr0000gp/T/tmp68er8tky.cfg
default-rnd = rnd64
nlopt-cc = gcc -std=c99 -O3
opt-exact = true
develop = false
log-append-date = start
uncertainty = false
rel-error = true
opt-approx = false
proof-record = false
find-bounds = false
proof-dir = proofs
opt-f-abs-tol = 0.01
fail-on-exception = true
print-opt-lower-bounds = true
bb-compile = {base}/b_and_b/compile.sh {base} {input} {out}
z3-python-lib = 
opt-x-abs-tol = 0.01
export-error-bounds = 
opt-f-rel-tol = 0.01
export-options = 
opt-x-rel-tol = 0.0
rel-error-threshold = 0.0001
bb-alg = opt0
log-base-dir = log
intermediate-opt = false
z3-interval-bounds = true
opt-max-iters = 1000000
abs-error = true
z3-bin = 
maxima-simplification = false
print-hex-floats = true
debug = true
print-precision = 7
export-error-bounds-data = 
fp-power2-model = true
opt = auto
default-var-type = float64
verbosity = 2
ulp-error = false
opt-timeout = 10000
nlopt-lib = -lnlopt -lm
tmp-base-dir = tmp
unique-indices = false
z3-seed = 0
tmp-date = false
z3-python-cmd = python
const-approx-real-vars = false
print-second-order-errors = false
Resetting input_parser_env
eval_const_expr: (-(10))
result: -10
eval_const_expr: 10
result: 10
eval_const_expr: 0
result: 0
eval_const_expr: 10
result: 10
eval_const_expr: (-(10))
result: -10
eval_const_expr: (-(10))
result: -10
eval_const_expr: 10
result: 10
eval_const_expr: 0
result: 0
eval_const_expr: 10
result: 10
eval_const_expr: (-(10))
result: -10
eval_const_expr: (-(10))
result: -10
eval_const_expr: 10
result: 10
eval_const_expr: 0
result: 0
eval_const_expr: 10
result: 10
eval_const_expr: (-(10))
result: -10
eval_const_expr: (-(10))
result: -10
eval_const_expr: 10
result: 10
eval_const_expr: 0
result: 0
eval_const_expr: 10
result: 10
eval_const_expr: (-(10))
result: -10
eval_const_expr: (-(10))
result: -10
eval_const_expr: 10
result: 10
eval_const_expr: 0
result: 0
eval_const_expr: 10
result: 10
eval_const_expr: (-(10))
result: -10
eval_const_expr: (-(10))
result: -10
eval_const_expr: 10
result: 10
eval_const_expr: 0
result: 0
eval_const_expr: 10
result: 10
eval_const_expr: (-(10))
result: -10
eval_const_expr: (-(10))
result: -10
eval_const_expr: 10
result: 10
eval_const_expr: 0
result: 0
eval_const_expr: 10
result: 10
eval_const_expr: (-(10))
result: -10
eval_const_expr: (-(10))
result: -10
eval_const_expr: 10
result: 10
eval_const_expr: 0
result: 0
eval_const_expr: 10
result: 10
eval_const_expr: (-(10))
result: -10
eval_const_expr: (-(10))
result: -10
eval_const_expr: 10
result: 10
eval_const_expr: 0
result: 0
eval_const_expr: 10
result: 10
eval_const_expr: (-(10))
result: -10
Resetting input_parser_env
|tasks| = 1
Processing: result

*************************************
Taylor form for: rnd64((rnd64((rnd64((rnd64((rnd64((rnd64(a) * rnd64(e))) - rnd64((rnd64(d) * rnd64(b))))) * rnd64(i))) + rnd64((rnd64((rnd64((rnd64(b) * rnd64(f))) - rnd64((rnd64(c) * rnd64(e))))) * rnd64(g))))) - rnd64((rnd64(h) * rnd64((rnd64((rnd64(a) * rnd64(f))) - rnd64((rnd64(c) * rnd64(d)))))))))

Conservative bound: [-6000.000000, 6000.000000]

Simplified rounding: rnd[64,ne,1.00,-53,0]((rnd[64,ne,1.00,-53,0]((rnd64((rnd[64,ne,1.00,-53,0]((rnd64((a * e)) - rnd64((d * b)))) * i)) + rnd64((rnd[64,ne,1.00,-53,0]((rnd64((b * f)) - rnd64((c * e)))) * g)))) - rnd64((h * rnd[64,ne,1.00,-53,0]((rnd64((a * f)) - rnd64((c * d))))))))
Building Taylor forms...
var_form
var_form
mul_form
rounded_form
var_form
var_form
mul_form
rounded_form
sub_form
rounded_form
var_form
mul_form
rounded_form
var_form
mul_form
rounded_form
var_form
mul_form
rounded_form
sub_form
rounded_form
var_form
mul_form
rounded_form
add_form
rounded_form
var_form
mul_form
rounded_form
mul_form
rounded_form
sub_form
rounded_form
mul_form
rounded_form
sub_form
rounded_form
Taylor forms cache stats: num_bindings = 37, num_buckets = 1024, max_bucket_length = 1
Expr cache stats: num_bindings = 79, num_buckets = 65536, max_bucket_length = 1
Simplifying Taylor forms...
success
v0 = (((((a * e) - (d * b)) * i) + (((b * f) - (c * e)) * g)) - (h * ((a * f) - (c * d))))
-1: exp = -53: (63/4989600773836799529140931782592096415168628151088643853756368106093029729672410164462394913731589252723356117110481238109931094970983984151847929495712078550800014182377714191293844303610907467956633391861359809983327026137802175972222138171120110393767802267189390104105896238075860024819712)
1: exp = -53: (i * floor_power2(((a * e) + 0)))
2: exp = -53: (i * (-(floor_power2(((d * b) + 0)))))
3: exp = -53: (i * floor_power2((((a * e) - (d * b)) + interval(-1.42108547152020068729e-14, 1.42108547152020068729e-14))))
4: exp = -53: floor_power2(((((a * e) - (d * b)) * i) + interval(-2.84217094304040124836e-13, 2.84217094304040124836e-13)))
5: exp = -53: (g * floor_power2(((b * f) + 0)))
6: exp = -53: (g * (-(floor_power2(((c * e) + 0)))))
7: exp = -53: (g * floor_power2((((b * f) - (c * e)) + interval(-1.42108547152020068729e-14, 1.42108547152020068729e-14))))
8: exp = -53: floor_power2(((((b * f) - (c * e)) * g) + interval(-2.84217094304040124836e-13, 2.84217094304040124836e-13)))
9: exp = -53: floor_power2((((((a * e) - (d * b)) * i) + (((b * f) - (c * e)) * g)) + interval(-7.95807864051312309150e-13, 7.95807864051312309150e-13)))
10: exp = -53: (-((h * floor_power2(((a * f) + 0)))))
11: exp = -53: (-((h * (-(floor_power2(((c * d) + 0)))))))
12: exp = -53: (-((h * floor_power2((((a * f) - (c * d)) + interval(-1.42108547152020068729e-14, 1.42108547152020068729e-14))))))
13: exp = -53: (-(floor_power2(((h * ((a * f) - (c * d))) + interval(-2.84217094304040124836e-13, 2.84217094304040124836e-13)))))
14: exp = -53: floor_power2(((((((a * e) - (d * b)) * i) + (((b * f) - (c * e)) * g)) - (h * ((a * f) - (c * d)))) + interval(-1.42108547152020057369e-12, 1.42108547152020057369e-12)))

Corresponding original subexpressions:
1: rnd64((a * e))
2: rnd64((d * b))
3: rnd[64,ne,1.00,-53,0]((rnd64((a * e)) - rnd64((d * b))))
4: rnd64((rnd[64,ne,1.00,-53,0]((rnd64((a * e)) - rnd64((d * b)))) * i))
5: rnd64((b * f))
6: rnd64((c * e))
7: rnd[64,ne,1.00,-53,0]((rnd64((b * f)) - rnd64((c * e))))
8: rnd64((rnd[64,ne,1.00,-53,0]((rnd64((b * f)) - rnd64((c * e)))) * g))
9: rnd[64,ne,1.00,-53,0]((rnd64((rnd[64,ne,1.00,-53,0]((rnd64((a * e)) - rnd64((d * b)))) * i)) + rnd64((rnd[64,ne,1.00,-53,0]((rnd64((b * f)) - rnd64((c * e)))) * g))))
10: rnd64((a * f))
11: rnd64((c * d))
12: rnd[64,ne,1.00,-53,0]((rnd64((a * f)) - rnd64((c * d))))
13: rnd64((h * rnd[64,ne,1.00,-53,0]((rnd64((a * f)) - rnd64((c * d))))))
14: rnd[64,ne,1.00,-53,0]((rnd[64,ne,1.00,-53,0]((rnd64((rnd[64,ne,1.00,-53,0]((rnd64((a * e)) - rnd64((d * b)))) * i)) + rnd64((rnd[64,ne,1.00,-53,0]((rnd64((b * f)) - rnd64((c * e)))) * g)))) - rnd64((h * rnd[64,ne,1.00,-53,0]((rnd64((a * f)) - rnd64((c * d))))))))

Selected optimization method: bb
bb_opt: x_abs_tol = 1.000000e-02, f_rel_tol = 1.000000e-02, f_abs_tol = 1.000000e-02, iters = 1000000
iterations(min = 1000000, max = 1000000): 1000000
min = -4.061523e+03 (lower_min = -3.998062e+03)
max = 4.061523e+03 (lower_max = 3.998062e+03)
subopt = 6.346130e+01 (1.6%)
bounds: [-4.061523e+03, 4.061523e+03]

Computing absolute errors
Selected optimization method: bb-eval
bb-eval_opt: x_abs_tol = 1.000000e-02, f_rel_tol = 1.000000e-02, f_abs_tol = 1.000000e-02, iters = 1000000
rmin(result = 1.262626e-290, lower = 1.262626e-290), rmax(result = 1.262626e-290, lower = 1.262626e-290)
-1: exp = -53: 1.262626e-290 (low = 1.262626e-290, subopt = 0.0%)

Solving the exact optimization problem
Selected optimization method: bb
bb_opt: x_abs_tol = 1.000000e-02, f_rel_tol = 1.000000e-02, f_abs_tol = 1.000000e-02, iters = 1000000
iterations(min = 0, max = 369705): 369705
min = 0.000000e+00 (lower_min = 0.000000e+00)
max = 1.312000e+04 (lower_max = 1.312000e+04)
subopt = 0.000000e+00 (0.0%)
exact bound (exp = -53): 1.312000e+04 (low = 1.312000e+04, subopt = 0.0%)
total2: 1.401797e-306 (low = 1.401797e-306, subopt = 0.0%)
exact total: 1.456613e-12 (low = 1.456613e-12, subopt = 0.0%)

Computing relative errors
**WARNING**: 
Cannot compute the relative error: values of the function are close to zero

Elapsed time: 7.93266
*************************************

-------------------------------------------------------------------------------
Problem: result

Optimization lower bounds for error models:
The absolute error (exact) model: 1.456612e-12 (0x1.9ap-40) (suboptimality = 0.0%)

Bounds (without rounding): [-4.061524e+3, 4.061524e+3]
Bounds (floating-point): [-4.061524e+3, 4.061524e+3]

Absolute error (exact): 1.456613e-12 (0x1.9a00000000001p-40)

Elapsed time: 7.93

