Base path: /Users/laura.zielinski/FPTaylor
Config file: /Users/laura.zielinski/FPTaylor/default.cfg
Config file: /var/folders/38/q_vgzzt959nfc63ldktzz1gr0000gp/T/tmpe81cppam.cfg
default-rnd = rnd64
nlopt-cc = gcc -std=c99 -O3
opt-exact = true
develop = false
log-append-date = start
uncertainty = false
rel-error = true
opt-approx = false
proof-record = false
find-bounds = false
proof-dir = proofs
opt-f-abs-tol = 0.01
fail-on-exception = true
print-opt-lower-bounds = true
bb-compile = {base}/b_and_b/compile.sh {base} {input} {out}
z3-python-lib = 
opt-x-abs-tol = 0.01
export-error-bounds = 
opt-f-rel-tol = 0.01
export-options = 
opt-x-rel-tol = 0.0
rel-error-threshold = 0.0001
bb-alg = opt0
log-base-dir = log
intermediate-opt = false
z3-interval-bounds = true
opt-max-iters = 1000000
abs-error = true
z3-bin = 
maxima-simplification = false
print-hex-floats = true
debug = true
print-precision = 7
export-error-bounds-data = 
fp-power2-model = true
opt = auto
default-var-type = float64
verbosity = 2
ulp-error = false
opt-timeout = 10000
nlopt-lib = -lnlopt -lm
tmp-base-dir = tmp
unique-indices = false
z3-seed = 0
tmp-date = false
z3-python-cmd = python
const-approx-real-vars = false
print-second-order-errors = false
Resetting input_parser_env
eval_const_expr: 4
result: 4
eval_const_expr: (159/25)
result: 159/25
eval_const_expr: 0
result: 0
eval_const_expr: (159/25)
result: 159/25
eval_const_expr: 4
result: 4
eval_const_expr: 4
result: 4
eval_const_expr: (159/25)
result: 159/25
eval_const_expr: 0
result: 0
eval_const_expr: (159/25)
result: 159/25
eval_const_expr: 4
result: 4
eval_const_expr: 4
result: 4
eval_const_expr: (159/25)
result: 159/25
eval_const_expr: 0
result: 0
eval_const_expr: (159/25)
result: 159/25
eval_const_expr: 4
result: 4
eval_const_expr: 4
result: 4
eval_const_expr: (159/25)
result: 159/25
eval_const_expr: 0
result: 0
eval_const_expr: (159/25)
result: 159/25
eval_const_expr: 4
result: 4
eval_const_expr: 4
result: 4
eval_const_expr: (159/25)
result: 159/25
eval_const_expr: 0
result: 0
eval_const_expr: (159/25)
result: 159/25
eval_const_expr: 4
result: 4
eval_const_expr: 4
result: 4
eval_const_expr: (159/25)
result: 159/25
eval_const_expr: 0
result: 0
eval_const_expr: (159/25)
result: 159/25
eval_const_expr: 4
result: 4
Resetting input_parser_env
|tasks| = 1
Processing: result

*************************************
Taylor form for: rnd64((rnd64((rnd64((rnd64(x3) * rnd64(x1))) + rnd64((rnd64((rnd64((rnd64(x2) - rnd64(x1))) * rnd64(x1))) + rnd64((rnd64((rnd64((rnd64(x6) - rnd64(x2))) * rnd64((rnd64(x3) - rnd64(x5))))) - rnd64((rnd64((rnd64(x4) - rnd64(x5))) * rnd64(x1))))))))) + rnd64((rnd64(x6) * rnd64(x1)))))

Conservative bound: [-3.588800, 116.488000]

Simplified rounding: rnd[64,ne,1.00,-53,0]((rnd[64,ne,1.00,-53,0]((rnd64((x3 * x1)) + rnd[64,ne,1.00,-53,0]((rnd64((rnd[64,ne,1.00,-53,0]((x2 - x1)) * x1)) + rnd[64,ne,1.00,-53,0]((rnd64((rnd[64,ne,1.00,-53,0]((x6 - x2)) * rnd[64,ne,1.00,-53,0]((x3 - x5)))) - rnd64((rnd[64,ne,1.00,-53,0]((x4 - x5)) * x1)))))))) + rnd64((x6 * x1))))
Building Taylor forms...
var_form
var_form
mul_form
rounded_form
var_form
sub_form
rounded_form
mul_form
rounded_form
var_form
sub_form
rounded_form
var_form
sub_form
rounded_form
mul_form
rounded_form
var_form
sub_form
rounded_form
mul_form
rounded_form
sub_form
rounded_form
add_form
rounded_form
add_form
rounded_form
mul_form
rounded_form
add_form
rounded_form
Taylor forms cache stats: num_bindings = 32, num_buckets = 1024, max_bucket_length = 1
Expr cache stats: num_bindings = 66, num_buckets = 65536, max_bucket_length = 1
Simplifying Taylor forms...
success
v0 = (((x3 * x1) + (((x2 - x1) * x1) + (((x6 - x2) * (x3 - x5)) - ((x4 - x5) * x1)))) + (x6 * x1))
-1: exp = -53: (4503599627370501/10141204801825835211973625643008)
1: exp = -53: floor_power2(((x3 * x1) + 0))
2: exp = -53: (x1 * floor_power2(((x2 - x1) + 0)))
3: exp = -53: floor_power2((((x2 - x1) * x1) + interval(-1.41220368732319919042e-15, 1.41220368732319919042e-15)))
4: exp = -53: ((x3 - x5) * floor_power2(((x6 - x2) + 0)))
5: exp = -53: ((x6 - x2) * floor_power2(((x3 - x5) + 0)))
6: exp = -53: floor_power2((((x6 - x2) * (x3 - x5)) + interval(-1.04805053524614811337e-15, 1.04805053524614811337e-15)))
7: exp = -53: (-((x1 * floor_power2(((x4 - x5) + 0)))))
8: exp = -53: (-(floor_power2((((x4 - x5) * x1) + interval(-1.41220368732319919042e-15, 1.41220368732319919042e-15)))))
9: exp = -53: floor_power2(((((x6 - x2) * (x3 - x5)) - ((x4 - x5) * x1)) + interval(-3.79252185211953515229e-15, 3.79252185211953515229e-15)))
10: exp = -53: floor_power2(((((x2 - x1) * x1) + (((x6 - x2) * (x3 - x5)) - ((x4 - x5) * x1))) + interval(-7.86926079854311220910e-15, 7.86926079854311220910e-15)))
11: exp = -53: floor_power2((((x3 * x1) + (((x2 - x1) * x1) + (((x6 - x2) * (x3 - x5)) - ((x4 - x5) * x1)))) + interval(-1.49746881561441172233e-14, 1.49746881561441172233e-14)))
12: exp = -53: floor_power2(((x6 * x1) + 0))
13: exp = -53: floor_power2(((((x3 * x1) + (((x2 - x1) * x1) + (((x6 - x2) * (x3 - x5)) - ((x4 - x5) * x1)))) + (x6 * x1)) + interval(-2.56328291925456200113e-14, 2.56328291925456200113e-14)))

Corresponding original subexpressions:
1: rnd64((x3 * x1))
2: rnd[64,ne,1.00,-53,0]((x2 - x1))
3: rnd64((rnd[64,ne,1.00,-53,0]((x2 - x1)) * x1))
4: rnd[64,ne,1.00,-53,0]((x6 - x2))
5: rnd[64,ne,1.00,-53,0]((x3 - x5))
6: rnd64((rnd[64,ne,1.00,-53,0]((x6 - x2)) * rnd[64,ne,1.00,-53,0]((x3 - x5))))
7: rnd[64,ne,1.00,-53,0]((x4 - x5))
8: rnd64((rnd[64,ne,1.00,-53,0]((x4 - x5)) * x1))
9: rnd[64,ne,1.00,-53,0]((rnd64((rnd[64,ne,1.00,-53,0]((x6 - x2)) * rnd[64,ne,1.00,-53,0]((x3 - x5)))) - rnd64((rnd[64,ne,1.00,-53,0]((x4 - x5)) * x1))))
10: rnd[64,ne,1.00,-53,0]((rnd64((rnd[64,ne,1.00,-53,0]((x2 - x1)) * x1)) + rnd[64,ne,1.00,-53,0]((rnd64((rnd[64,ne,1.00,-53,0]((x6 - x2)) * rnd[64,ne,1.00,-53,0]((x3 - x5)))) - rnd64((rnd[64,ne,1.00,-53,0]((x4 - x5)) * x1))))))
11: rnd[64,ne,1.00,-53,0]((rnd64((x3 * x1)) + rnd[64,ne,1.00,-53,0]((rnd64((rnd[64,ne,1.00,-53,0]((x2 - x1)) * x1)) + rnd[64,ne,1.00,-53,0]((rnd64((rnd[64,ne,1.00,-53,0]((x6 - x2)) * rnd[64,ne,1.00,-53,0]((x3 - x5)))) - rnd64((rnd[64,ne,1.00,-53,0]((x4 - x5)) * x1))))))))
12: rnd64((x6 * x1))
13: rnd[64,ne,1.00,-53,0]((rnd[64,ne,1.00,-53,0]((rnd64((x3 * x1)) + rnd[64,ne,1.00,-53,0]((rnd64((rnd[64,ne,1.00,-53,0]((x2 - x1)) * x1)) + rnd[64,ne,1.00,-53,0]((rnd64((rnd[64,ne,1.00,-53,0]((x6 - x2)) * rnd[64,ne,1.00,-53,0]((x3 - x5)))) - rnd64((rnd[64,ne,1.00,-53,0]((x4 - x5)) * x1)))))))) + rnd64((x6 * x1))))

Selected optimization method: bb
bb_opt: x_abs_tol = 1.000000e-02, f_rel_tol = 1.000000e-02, f_abs_tol = 1.000000e-02, iters = 1000000
iterations(min = 3795, max = 697): 3795
min = 2.078671e+01 (lower_min = 2.100359e+01)
max = 9.638329e+01 (lower_max = 9.543975e+01)
subopt = 9.435391e-01 (1.0%)
bounds: [2.078671e+01, 9.638329e+01]

Computing absolute errors
Selected optimization method: bb-eval
bb-eval_opt: x_abs_tol = 1.000000e-02, f_rel_tol = 1.000000e-02, f_abs_tol = 1.000000e-02, iters = 1000000
rmin(result = 4.440892e-16, lower = 4.440892e-16), rmax(result = 4.440892e-16, lower = 4.440892e-16)
-1: exp = -53: 4.440892e-16 (low = 4.440892e-16, subopt = 0.0%)

Solving the exact optimization problem
Selected optimization method: bb
bb_opt: x_abs_tol = 1.000000e-02, f_rel_tol = 1.000000e-02, f_abs_tol = 1.000000e-02, iters = 1000000
iterations(min = 0, max = 212602): 212602
min = 0.000000e+00 (lower_min = 0.000000e+00)
max = 2.180863e+02 (lower_max = 2.174225e+02)
subopt = 6.637500e-01 (0.3%)
exact bound (exp = -53): 2.180863e+02 (low = 2.174225e+02, subopt = 0.3%)
total2: 4.930381e-32 (low = 4.930381e-32, subopt = 0.0%)
exact total: 2.421244e-14 (low = 2.413875e-14, subopt = 0.3%)

Computing relative errors
Selected optimization method: bb-eval
bb-eval_opt: x_abs_tol = 1.000000e-02, f_rel_tol = 1.000000e-02, f_abs_tol = 1.000000e-02, iters = 1000000
rmin(result = 4.440892e-16, lower = 4.440892e-16), rmax(result = 4.440892e-16, lower = 4.440892e-16)
-1: exp = -53: 4.440892e-16 (low = 4.440892e-16, subopt = 0.0%)

Solving the exact optimization problem
Selected optimization method: bb
bb_opt: x_abs_tol = 1.000000e-02, f_rel_tol = 1.000000e-02, f_abs_tol = 1.000000e-02, iters = 1000000
iterations(min = 0, max = 20049): 20049
min = 0.000000e+00 (lower_min = 0.000000e+00)
max = 5.649803e+00 (lower_max = 5.588975e+00)
subopt = 6.082859e-02 (1.1%)
exact bound-rel (exp = -53): 5.649803e+00 (low = 5.588975e+00, subopt = 1.1%)
total2: 2.371891e-33 (low = 5.115390e-34, subopt = 78.4%)
exact total-rel: 6.272542e-16 (low = 6.205008e-16, subopt = 1.1%)

Elapsed time: 2.61641
*************************************

-------------------------------------------------------------------------------
Problem: result

Optimization lower bounds for error models:
The absolute error (exact) model: 2.413874e-14 (0x1.b2d851eb851eap-46) (suboptimality = 0.3%)
The relative error (exact) model: 6.205008e-16 (0x1.65b1c26d0c13bp-51) (suboptimality = 1.1%)

Bounds (without rounding): [2.078671e+1, 9.638329e+1]
Bounds (floating-point): [2.078671e+1, 9.638329e+1]

Absolute error (exact): 2.421244e-14 (0x1.b42c28f5c28fap-46)
Relative error (exact): 6.272542e-16 (0x1.699660055c0b3p-51)

Elapsed time: 2.62

