Base path: /Users/laura.zielinski/FPTaylor
Config file: /Users/laura.zielinski/FPTaylor/default.cfg
Config file: /var/folders/38/q_vgzzt959nfc63ldktzz1gr0000gp/T/tmpisfzwmb4.cfg
default-rnd = rnd64
nlopt-cc = gcc -std=c99 -O3
opt-exact = true
develop = false
log-append-date = start
uncertainty = false
rel-error = true
opt-approx = false
proof-record = false
find-bounds = false
proof-dir = proofs
opt-f-abs-tol = 0.01
fail-on-exception = true
print-opt-lower-bounds = true
bb-compile = {base}/b_and_b/compile.sh {base} {input} {out}
z3-python-lib = 
opt-x-abs-tol = 0.01
export-error-bounds = 
opt-f-rel-tol = 0.01
export-options = 
opt-x-rel-tol = 0.0
rel-error-threshold = 0.0001
bb-alg = opt0
log-base-dir = log
intermediate-opt = false
z3-interval-bounds = true
opt-max-iters = 1000000
abs-error = true
z3-bin = 
maxima-simplification = false
print-hex-floats = true
debug = true
print-precision = 7
export-error-bounds-data = 
fp-power2-model = true
opt = auto
default-var-type = float64
verbosity = 2
ulp-error = false
opt-timeout = 10000
nlopt-lib = -lnlopt -lm
tmp-base-dir = tmp
unique-indices = false
z3-seed = 0
tmp-date = false
z3-python-cmd = python
const-approx-real-vars = false
print-second-order-errors = false
Resetting input_parser_env
eval_const_expr: (1/10000)
result: 1/10000
eval_const_expr: 100
result: 100
eval_const_expr: 0
result: 0
eval_const_expr: 100
result: 100
eval_const_expr: (1/10000)
result: 1/10000
Resetting input_parser_env
|tasks| = 1
Processing: result

*************************************
Taylor form for: rnd64((rnd64((rnd64(1) / rnd64(sqrt(rnd64((rnd64((rnd64(x) * rnd64(x))) + rnd64(x))))))) / rnd64((rnd64(sqrt(rnd64((rnd64(x) - rnd64((-(rnd64(1)))))))) + rnd64(sqrt(rnd64(x)))))))

Conservative bound: [0.000496, 99.000050]

Simplified rounding: rnd64((rnd64((1 / rnd[64,ne,1.00,-53,0](sqrt(rnd[64,ne,1.00,-53,0]((rnd64((x * x)) + x)))))) / rnd[64,ne,1.00,-53,0]((rnd[64,ne,1.00,-53,0](sqrt(rnd[64,ne,1.00,-53,0]((x - (-(1)))))) + rnd[64,ne,1.00,-53,0](sqrt(x))))))
Building Taylor forms...
const_form
var_form
mul_form
rounded_form
add_form
rounded_form
sqrt_form
rounded_form
div_form
inv_form
mul_form
rounded_form
neg_form
sub_form
rounded_form
sqrt_form
rounded_form
sqrt_form
rounded_form
add_form
rounded_form
div_form
inv_form
mul_form
rounded_form
Taylor forms cache stats: num_bindings = 21, num_buckets = 1024, max_bucket_length = 1
Expr cache stats: num_bindings = 90, num_buckets = 65536, max_bucket_length = 3
Simplifying Taylor forms...
success
v0 = ((1 * (1 / sqrt(((x * x) + x)))) * (1 / (sqrt((x - (-(1)))) + sqrt(x))))
-1: exp = -53: (7784939021815173/70368744177664)
1: exp = -53: ((1 / (sqrt((x - (-(1)))) + sqrt(x))) * (1 * (-(((floor_power2(((x * x) + 0)) / (2 * sqrt(((x * x) + x)))) / (sqrt(((x * x) + x)) * sqrt(((x * x) + x))))))))
2: exp = -53: ((1 / (sqrt((x - (-(1)))) + sqrt(x))) * (1 * (-(((floor_power2((((x * x) + x) + interval(-9.09494701772928439863e-13, 9.09494701772928439863e-13))) / (2 * sqrt(((x * x) + x)))) / (sqrt(((x * x) + x)) * sqrt(((x * x) + x))))))))
3: exp = -53: ((1 / (sqrt((x - (-(1)))) + sqrt(x))) * (1 * (-((floor_power2((sqrt(((x * x) + x)) + interval(-9.09449234583443606858e-11, 9.09449234583443606858e-11))) / (sqrt(((x * x) + x)) * sqrt(((x * x) + x))))))))
4: exp = -53: ((1 / (sqrt((x - (-(1)))) + sqrt(x))) * floor_power2(((1 * (1 / sqrt(((x * x) + x)))) + interval(-9.09429354193458828410e-07, 9.09429354193458828410e-07))))
5: exp = -53: ((1 * (1 / sqrt(((x * x) + x)))) * (-(((floor_power2(((x - (-(1))) + 0)) / (2 * sqrt((x - (-(1)))))) / ((sqrt((x - (-(1)))) + sqrt(x)) * (sqrt((x - (-(1)))) + sqrt(x)))))))
6: exp = -53: ((1 * (1 / sqrt(((x * x) + x)))) * (-((floor_power2((sqrt((x - (-(1)))) + interval(-3.55253605643813391643e-15, 3.55253605643813391643e-15))) / ((sqrt((x - (-(1)))) + sqrt(x)) * (sqrt((x - (-(1)))) + sqrt(x)))))))
7: exp = -53: ((1 * (1 / sqrt(((x * x) + x)))) * (-((floor_power2((sqrt(x) + 0)) / ((sqrt((x - (-(1)))) + sqrt(x)) * (sqrt((x - (-(1)))) + sqrt(x)))))))
8: exp = -53: ((1 * (1 / sqrt(((x * x) + x)))) * (-((floor_power2(((sqrt((x - (-(1)))) + sqrt(x)) + interval(-5.32889289583838477554e-15, 5.32889289583838477554e-15))) / ((sqrt((x - (-(1)))) + sqrt(x)) * (sqrt((x - (-(1)))) + sqrt(x)))))))
9: exp = -53: floor_power2((((1 * (1 / sqrt(((x * x) + x)))) * (1 / (sqrt((x - (-(1)))) + sqrt(x)))) + interval(-9.00381234438287453729e-07, 9.00381234438287453729e-07)))

Corresponding original subexpressions:
1: rnd64((x * x))
2: rnd[64,ne,1.00,-53,0]((rnd64((x * x)) + x))
3: rnd[64,ne,1.00,-53,0](sqrt(rnd[64,ne,1.00,-53,0]((rnd64((x * x)) + x))))
4: rnd64((1 / rnd[64,ne,1.00,-53,0](sqrt(rnd[64,ne,1.00,-53,0]((rnd64((x * x)) + x))))))
5: rnd[64,ne,1.00,-53,0]((x - (-(1))))
6: rnd[64,ne,1.00,-53,0](sqrt(rnd[64,ne,1.00,-53,0]((x - (-(1))))))
7: rnd[64,ne,1.00,-53,0](sqrt(x))
8: rnd[64,ne,1.00,-53,0]((rnd[64,ne,1.00,-53,0](sqrt(rnd[64,ne,1.00,-53,0]((x - (-(1)))))) + rnd[64,ne,1.00,-53,0](sqrt(x))))
9: rnd64((rnd64((1 / rnd[64,ne,1.00,-53,0](sqrt(rnd[64,ne,1.00,-53,0]((rnd64((x * x)) + x)))))) / rnd[64,ne,1.00,-53,0]((rnd[64,ne,1.00,-53,0](sqrt(rnd[64,ne,1.00,-53,0]((x - (-(1)))))) + rnd[64,ne,1.00,-53,0](sqrt(x))))))

Selected optimization method: bb-eval
bb-eval_opt: x_abs_tol = 1.000000e-02, f_rel_tol = 1.000000e-02, f_abs_tol = 1.000000e-02, iters = 1000000
bounds: [4.962810e-04, 9.900005e+01]

Computing absolute errors
Selected optimization method: bb-eval
bb-eval_opt: x_abs_tol = 1.000000e-02, f_rel_tol = 1.000000e-02, f_abs_tol = 1.000000e-02, iters = 1000000
rmin(result = 1.106306e+02, lower = 1.106306e+02), rmax(result = 1.106306e+02, lower = 1.106306e+02)
-1: exp = -53: 1.106306e+02 (low = 1.106306e+02, subopt = 0.0%)

Solving the exact optimization problem
Selected optimization method: bb-eval
bb-eval_opt: x_abs_tol = 1.000000e-02, f_rel_tol = 1.000000e-02, f_abs_tol = 1.000000e-02, iters = 1000000
exact bound (exp = -53): 2.945750e+03 (low = 4.807170e+02, subopt = 83.7%)
total2: 1.228247e-14 (low = 1.228247e-14, subopt = 0.0%)
exact total: 3.393264e-13 (low = 6.565278e-14, subopt = 80.7%)
**WARNING**: Large second-order error: 1.228247e-14 (first-order = 3.270439e-13)
**WARNING**: Try intermediate-opt = true or manually split intervals of input variables.

Computing relative errors
Selected optimization method: bb-eval
bb-eval_opt: x_abs_tol = 1.000000e-02, f_rel_tol = 1.000000e-02, f_abs_tol = 1.000000e-02, iters = 1000000
rmin(result = 1.106306e+02, lower = 1.106306e+02), rmax(result = 1.106306e+02, lower = 1.106306e+02)
-1: exp = -53: 1.106306e+02 (low = 1.106306e+02, subopt = 0.0%)

Solving the exact optimization problem
Selected optimization method: bb-eval
bb-eval_opt: x_abs_tol = 1.000000e-02, f_rel_tol = 1.000000e-02, f_abs_tol = 1.000000e-02, iters = 1000000
exact bound-rel (exp = -53): 2.517841e+02 (low = 5.223145e+00, subopt = 97.9%)
total2: 2.474902e-11 (low = 1.240653e-16, subopt = 100.0%)
exact total-rel: 2.477697e-11 (low = 7.039509e-16, subopt = 100.0%)
**WARNING**: Large second-order error: 2.474902e-11 (first-order = 2.795365e-14)
**WARNING**: Try intermediate-opt = true or manually split intervals of input variables.

Elapsed time: 0.02136
*************************************

-------------------------------------------------------------------------------
Problem: result

Optimization lower bounds for error models:
The absolute error (exact) model: 6.565277e-14 (0x1.27ac7f476d189p-44) (suboptimality = 80.7%)
The relative error (exact) model: 7.039508e-16 (0x1.95ccd029d96d7p-51) (suboptimality = 100.0%)

Bounds (without rounding): [4.962809e-4, 9.900005e+1]
Bounds (floating-point): [4.962809e-4, 9.900005e+1]

Absolute error (exact): 3.393264e-13 (0x1.7e0c2b4b706ap-42)
Relative error (exact): 2.477698e-11 (0x1.b3e1923b7d6d4p-36)

Elapsed time: 0.02

