Base path: /Users/laura.zielinski/FPTaylor
Config file: /Users/laura.zielinski/FPTaylor/default.cfg
Config file: /var/folders/38/q_vgzzt959nfc63ldktzz1gr0000gp/T/tmpayz3iuj8.cfg
default-rnd = rnd64
nlopt-cc = gcc -std=c99 -O3
opt-exact = true
develop = false
log-append-date = start
uncertainty = false
rel-error = true
opt-approx = false
proof-record = false
find-bounds = false
proof-dir = proofs
opt-f-abs-tol = 0.01
fail-on-exception = true
print-opt-lower-bounds = true
bb-compile = {base}/b_and_b/compile.sh {base} {input} {out}
z3-python-lib = 
opt-x-abs-tol = 0.01
export-error-bounds = 
opt-f-rel-tol = 0.01
export-options = 
opt-x-rel-tol = 0.0
rel-error-threshold = 0.0001
bb-alg = opt0
log-base-dir = log
intermediate-opt = false
z3-interval-bounds = true
opt-max-iters = 1000000
abs-error = true
z3-bin = 
maxima-simplification = false
print-hex-floats = true
debug = true
print-precision = 7
export-error-bounds-data = 
fp-power2-model = true
opt = auto
default-var-type = float64
verbosity = 2
ulp-error = false
opt-timeout = 10000
nlopt-lib = -lnlopt -lm
tmp-base-dir = tmp
unique-indices = false
z3-seed = 0
tmp-date = false
z3-python-cmd = python
const-approx-real-vars = false
print-second-order-errors = false
Resetting input_parser_env
eval_const_expr: (1001/1000)
result: 1001/1000
eval_const_expr: 2
result: 2
eval_const_expr: 0
result: 0
eval_const_expr: 2
result: 2
eval_const_expr: (1001/1000)
result: 1001/1000
eval_const_expr: (1001/1000)
result: 1001/1000
eval_const_expr: 2
result: 2
eval_const_expr: 0
result: 0
eval_const_expr: 2
result: 2
eval_const_expr: (1001/1000)
result: 1001/1000
Resetting input_parser_env
|tasks| = 1
Processing: result

*************************************
Taylor form for: rnd64((rnd64((rnd64((rnd64(x) * rnd64(y))) - rnd64(1))) / rnd64((rnd64((rnd64(x) * rnd64((rnd64(y) * rnd64((rnd64(x) * rnd64(y))))))) - rnd64(1)))))

Conservative bound: [0.000133, 748.875937]

Simplified rounding: rnd64((rnd[64,ne,1.00,-53,0]((rnd64((x * y)) - 1)) / rnd[64,ne,1.00,-53,0]((rnd64((x * rnd64((y * rnd64((x * y)))))) - 1))))
Building Taylor forms...
var_form
var_form
mul_form
rounded_form
const_form
sub_form
rounded_form
mul_form
rounded_form
mul_form
rounded_form
sub_form
rounded_form
div_form
inv_form
mul_form
rounded_form
Taylor forms cache stats: num_bindings = 15, num_buckets = 1024, max_bucket_length = 1
Expr cache stats: num_bindings = 59, num_buckets = 65536, max_bucket_length = 1
Simplifying Taylor forms...
success
v0 = (((x * y) - 1) * (1 / ((x * (y * (x * y))) - 1)))
-1: exp = -53: (7046895781640415/590295810358705651712)
1: exp = -53: ((((x * y) - 1) * (-(((x * (y * floor_power2(((x * y) + 0)))) / (((x * (y * (x * y))) - 1) * ((x * (y * (x * y))) - 1)))))) + ((1 / ((x * (y * (x * y))) - 1)) * floor_power2(((x * y) + 0))))
2: exp = -53: ((1 / ((x * (y * (x * y))) - 1)) * floor_power2((((x * y) - 1) + interval(-2.22044604925031357389e-16, 2.22044604925031357389e-16))))
3: exp = -53: (((x * y) - 1) * (-(((x * floor_power2(((y * (x * y)) + interval(-4.44089209850062714777e-16, 4.44089209850062714777e-16)))) / (((x * (y * (x * y))) - 1) * ((x * (y * (x * y))) - 1))))))
4: exp = -53: (((x * y) - 1) * (-((floor_power2(((x * (y * (x * y))) + interval(-2.66453525910037609145e-15, 2.66453525910037609145e-15))) / (((x * (y * (x * y))) - 1) * ((x * (y * (x * y))) - 1))))))
5: exp = -53: (((x * y) - 1) * (-((floor_power2((((x * (y * (x * y))) - 1) + interval(-4.44089209850062695056e-15, 4.44089209850062695056e-15))) / (((x * (y * (x * y))) - 1) * ((x * (y * (x * y))) - 1))))))
6: exp = -53: floor_power2(((((x * y) - 1) * (1 / ((x * (y * (x * y))) - 1))) + interval(-9.96263281761201901621e-10, 9.96263281761201901621e-10)))

Corresponding original subexpressions:
1: rnd64((x * y))
2: rnd[64,ne,1.00,-53,0]((rnd64((x * y)) - 1))
3: rnd64((y * rnd64((x * y))))
4: rnd64((x * rnd64((y * rnd64((x * y))))))
5: rnd[64,ne,1.00,-53,0]((rnd64((x * rnd64((y * rnd64((x * y)))))) - 1))
6: rnd64((rnd[64,ne,1.00,-53,0]((rnd64((x * y)) - 1)) / rnd[64,ne,1.00,-53,0]((rnd64((x * rnd64((y * rnd64((x * y)))))) - 1))))

Selected optimization method: bb-eval
bb-eval_opt: x_abs_tol = 1.000000e-02, f_rel_tol = 1.000000e-02, f_abs_tol = 1.000000e-02, iters = 1000000
bounds: [5.607143e-02, 4.415097e+00]

Computing absolute errors
Selected optimization method: bb-eval
bb-eval_opt: x_abs_tol = 1.000000e-02, f_rel_tol = 1.000000e-02, f_abs_tol = 1.000000e-02, iters = 1000000
rmin(result = 1.193791e-05, lower = 1.193791e-05), rmax(result = 1.193791e-05, lower = 1.193791e-05)
-1: exp = -53: 1.193791e-05 (low = 1.193791e-05, subopt = 0.0%)

Solving the exact optimization problem
Selected optimization method: bb-eval
bb-eval_opt: x_abs_tol = 1.000000e-02, f_rel_tol = 1.000000e-02, f_abs_tol = 1.000000e-02, iters = 1000000
exact bound (exp = -53): 3.349877e+03 (low = 3.754130e+02, subopt = 88.8%)
total2: 1.325374e-21 (low = 1.325374e-21, subopt = 0.0%)
exact total: 3.719111e-13 (low = 4.167922e-14, subopt = 88.8%)

Computing relative errors
Selected optimization method: bb-eval
bb-eval_opt: x_abs_tol = 1.000000e-02, f_rel_tol = 1.000000e-02, f_abs_tol = 1.000000e-02, iters = 1000000
rmin(result = 1.193791e-05, lower = 1.193791e-05), rmax(result = 1.193791e-05, lower = 1.193791e-05)
-1: exp = -53: 1.193791e-05 (low = 1.193791e-05, subopt = 0.0%)

Solving the exact optimization problem
Selected optimization method: bb-eval
bb-eval_opt: x_abs_tol = 1.000000e-02, f_rel_tol = 1.000000e-02, f_abs_tol = 1.000000e-02, iters = 1000000
exact bound-rel (exp = -53): 5.974302e+04 (low = 7.515772e+02, subopt = 98.7%)
total2: 2.363724e-20 (low = 3.001913e-22, subopt = 98.7%)
exact total-rel: 6.632808e-12 (low = 8.344184e-14, subopt = 98.7%)

Elapsed time: 0.01741
*************************************

-------------------------------------------------------------------------------
Problem: result

Optimization lower bounds for error models:
The absolute error (exact) model: 4.167921e-14 (0x1.7769bc47c664p-45) (suboptimality = 88.8%)
The relative error (exact) model: 8.344183e-14 (0x1.77c9e2f4a4a72p-44) (suboptimality = 98.7%)

Bounds (without rounding): [5.607143e-2, 4.415098]
Bounds (floating-point): [5.607143e-2, 4.415098]

Absolute error (exact): 3.719111e-13 (0x1.a2bc106589526p-42)
Relative error (exact): 6.632809e-12 (0x1.d2be0c9a09c9cp-38)

Elapsed time: 0.02

