Base path: /Users/laura.zielinski/FPTaylor
Config file: /Users/laura.zielinski/FPTaylor/default.cfg
Config file: /var/folders/38/q_vgzzt959nfc63ldktzz1gr0000gp/T/tmpvwexi7it.cfg
default-rnd = rnd64
nlopt-cc = gcc -std=c99 -O3
opt-exact = true
develop = false
log-append-date = start
uncertainty = false
rel-error = true
opt-approx = false
proof-record = false
find-bounds = false
proof-dir = proofs
opt-f-abs-tol = 0.01
fail-on-exception = true
print-opt-lower-bounds = true
bb-compile = {base}/b_and_b/compile.sh {base} {input} {out}
z3-python-lib = 
opt-x-abs-tol = 0.01
export-error-bounds = 
opt-f-rel-tol = 0.01
export-options = 
opt-x-rel-tol = 0.0
rel-error-threshold = 0.0001
bb-alg = opt0
log-base-dir = log
intermediate-opt = false
z3-interval-bounds = true
opt-max-iters = 1000000
abs-error = true
z3-bin = 
maxima-simplification = false
print-hex-floats = true
debug = true
print-precision = 7
export-error-bounds-data = 
fp-power2-model = true
opt = auto
default-var-type = float64
verbosity = 2
ulp-error = false
opt-timeout = 10000
nlopt-lib = -lnlopt -lm
tmp-base-dir = tmp
unique-indices = false
z3-seed = 0
tmp-date = false
z3-python-cmd = python
const-approx-real-vars = false
print-second-order-errors = false
Resetting input_parser_env
eval_const_expr: (10001/10000)
result: 10001/10000
eval_const_expr: (1001/1000)
result: 1001/1000
eval_const_expr: 0
result: 0
eval_const_expr: (1001/1000)
result: 1001/1000
eval_const_expr: (10001/10000)
result: 10001/10000
Resetting input_parser_env
|tasks| = 1
Processing: result

*************************************
Taylor form for: rnd64((rnd64(10) / rnd64((rnd64((rnd64(x) * rnd64((rnd64(1) - rnd64(x))))) - rnd64((rnd64(x) - rnd64(1)))))))

Conservative bound: [-49997.500125, -4997.501249]

Simplified rounding: rnd64((10 / rnd[64,ne,1.00,-53,0]((rnd64((x * rnd[64,ne,1.00,-53,0]((1 - x)))) - rnd[64,ne,1.00,-53,0]((x - 1))))))
Building Taylor forms...
const_form
var_form
const_form
sub_form
rounded_form
mul_form
rounded_form
sub_form
rounded_form
sub_form
rounded_form
div_form
inv_form
mul_form
rounded_form
Taylor forms cache stats: num_bindings = 13, num_buckets = 1024, max_bucket_length = 2
Expr cache stats: num_bindings = 42, num_buckets = 65536, max_bucket_length = 2
Simplifying Taylor forms...
success
v0 = (10 * (1 / ((x * (1 - x)) - (x - 1))))
-1: exp = -53: (8001999959992721/2417851639229258349412352)
1: exp = -53: (10 * (-(((x * floor_power2(((1 - x) + 0))) / (((x * (1 - x)) - (x - 1)) * ((x * (1 - x)) - (x - 1)))))))
2: exp = -53: (10 * (-((floor_power2(((x * (1 - x)) + interval(-1.08528637465799005978e-19, 1.08528637465799005978e-19))) / (((x * (1 - x)) - (x - 1)) * ((x * (1 - x)) - (x - 1)))))))
3: exp = -53: (10 * (-(((-(floor_power2(((x - 1) + 0)))) / (((x * (1 - x)) - (x - 1)) * ((x * (1 - x)) - (x - 1)))))))
4: exp = -53: (10 * (-((floor_power2((((x * (1 - x)) - (x - 1)) + interval(-3.25369071962899916853e-19, 3.25369071962899916853e-19))) / (((x * (1 - x)) - (x - 1)) * ((x * (1 - x)) - (x - 1)))))))
5: exp = -53: floor_power2(((10 * (1 / ((x * (1 - x)) - (x - 1)))) + interval(-1.35538822393944026562e-10, 1.35538822393944026562e-10)))

Corresponding original subexpressions:
1: rnd[64,ne,1.00,-53,0]((1 - x))
2: rnd64((x * rnd[64,ne,1.00,-53,0]((1 - x))))
3: rnd[64,ne,1.00,-53,0]((x - 1))
4: rnd[64,ne,1.00,-53,0]((rnd64((x * rnd[64,ne,1.00,-53,0]((1 - x)))) - rnd[64,ne,1.00,-53,0]((x - 1))))
5: rnd64((10 / rnd[64,ne,1.00,-53,0]((rnd64((x * rnd[64,ne,1.00,-53,0]((1 - x)))) - rnd[64,ne,1.00,-53,0]((x - 1))))))

Selected optimization method: bb-eval
bb-eval_opt: x_abs_tol = 1.000000e-02, f_rel_tol = 1.000000e-02, f_abs_tol = 1.000000e-02, iters = 1000000
bounds: [-4.999750e+04, -4.997501e+03]

Computing absolute errors
Selected optimization method: bb-eval
bb-eval_opt: x_abs_tol = 1.000000e-02, f_rel_tol = 1.000000e-02, f_abs_tol = 1.000000e-02, iters = 1000000
rmin(result = 3.309550e-09, lower = 3.309550e-09), rmax(result = 3.309550e-09, lower = 3.309550e-09)
-1: exp = -53: 3.309550e-09 (low = 3.309550e-09, subopt = 0.0%)

Solving the exact optimization problem
Selected optimization method: bb-eval
bb-eval_opt: x_abs_tol = 1.000000e-02, f_rel_tol = 1.000000e-02, f_abs_tol = 1.000000e-02, iters = 1000000
exact bound (exp = -53): 1.253593e+06 (low = 1.090558e+05, subopt = 91.3%)
total2: 3.674338e-25 (low = 3.674338e-25, subopt = 0.0%)
exact total: 1.391768e-10 (low = 1.210763e-11, subopt = 91.3%)

Computing relative errors
Selected optimization method: bb-eval
bb-eval_opt: x_abs_tol = 1.000000e-02, f_rel_tol = 1.000000e-02, f_abs_tol = 1.000000e-02, iters = 1000000
rmin(result = 3.309550e-09, lower = 3.309550e-09), rmax(result = 3.309550e-09, lower = 3.309550e-09)
-1: exp = -53: 3.309550e-09 (low = 3.309550e-09, subopt = 0.0%)

Solving the exact optimization problem
Selected optimization method: bb-eval
bb-eval_opt: x_abs_tol = 1.000000e-02, f_rel_tol = 1.000000e-02, f_abs_tol = 1.000000e-02, iters = 1000000
exact bound-rel (exp = -53): 2.508440e+02 (low = 3.260284e+00, subopt = 98.7%)
total2: 7.352351e-29 (low = 7.349044e-30, subopt = 90.0%)
exact total-rel: 2.784928e-14 (low = 3.619642e-16, subopt = 98.7%)

Elapsed time: 0.00534
*************************************

-------------------------------------------------------------------------------
Problem: result

Optimization lower bounds for error models:
The absolute error (exact) model: 1.210763e-11 (0x1.a9ffd79b7fe37p-37) (suboptimality = 91.3%)
The relative error (exact) model: 3.619642e-16 (0x1.a150fab7c8551p-52) (suboptimality = 98.7%)

Bounds (without rounding): [-4.999751e+4, -4.997501e+3]
Bounds (floating-point): [-4.999751e+4, -4.997501e+3]

Absolute error (exact): 1.391769e-10 (0x1.320d92e18190ep-33)
Relative error (exact): 2.784928e-14 (0x1.f5b02027e0b44p-46)

Elapsed time: 0.01

