Base path: /Users/laura.zielinski/FPTaylor
Config file: /Users/laura.zielinski/FPTaylor/default.cfg
Config file: /var/folders/38/q_vgzzt959nfc63ldktzz1gr0000gp/T/tmpht6algra.cfg
default-rnd = rnd64
nlopt-cc = gcc -std=c99 -O3
opt-exact = true
develop = false
log-append-date = start
uncertainty = false
rel-error = true
opt-approx = false
proof-record = false
find-bounds = false
proof-dir = proofs
opt-f-abs-tol = 0.01
fail-on-exception = true
print-opt-lower-bounds = true
bb-compile = {base}/b_and_b/compile.sh {base} {input} {out}
z3-python-lib = 
opt-x-abs-tol = 0.01
export-error-bounds = 
opt-f-rel-tol = 0.01
export-options = 
opt-x-rel-tol = 0.0
rel-error-threshold = 0.0001
bb-alg = opt0
log-base-dir = log
intermediate-opt = false
z3-interval-bounds = true
opt-max-iters = 1000000
abs-error = true
z3-bin = 
maxima-simplification = false
print-hex-floats = true
debug = true
print-precision = 7
export-error-bounds-data = 
fp-power2-model = true
opt = auto
default-var-type = float64
verbosity = 2
ulp-error = false
opt-timeout = 10000
nlopt-lib = -lnlopt -lm
tmp-base-dir = tmp
unique-indices = false
z3-seed = 0
tmp-date = false
z3-python-cmd = python
const-approx-real-vars = false
print-second-order-errors = false
Resetting input_parser_env
eval_const_expr: 4
result: 4
eval_const_expr: (159/25)
result: 159/25
eval_const_expr: 0
result: 0
eval_const_expr: (159/25)
result: 159/25
eval_const_expr: 4
result: 4
eval_const_expr: 4
result: 4
eval_const_expr: (159/25)
result: 159/25
eval_const_expr: 0
result: 0
eval_const_expr: (159/25)
result: 159/25
eval_const_expr: 4
result: 4
eval_const_expr: 4
result: 4
eval_const_expr: (159/25)
result: 159/25
eval_const_expr: 0
result: 0
eval_const_expr: (159/25)
result: 159/25
eval_const_expr: 4
result: 4
eval_const_expr: 4
result: 4
eval_const_expr: (159/25)
result: 159/25
eval_const_expr: 0
result: 0
eval_const_expr: (159/25)
result: 159/25
eval_const_expr: 4
result: 4
eval_const_expr: 4
result: 4
eval_const_expr: (159/25)
result: 159/25
eval_const_expr: 0
result: 0
eval_const_expr: (159/25)
result: 159/25
eval_const_expr: 4
result: 4
eval_const_expr: 4
result: 4
eval_const_expr: (159/25)
result: 159/25
eval_const_expr: 0
result: 0
eval_const_expr: (159/25)
result: 159/25
eval_const_expr: 4
result: 4
Resetting input_parser_env
|tasks| = 1
Processing: result

*************************************
Taylor form for: rnd64((rnd64((rnd64((rnd64((rnd64((rnd64(x1) * rnd64(x4))) * rnd64((rnd64((rnd64((rnd64(x3) - rnd64(x4))) + rnd64((rnd64(x2) - rnd64(x1))))) + rnd64(x5))))) + rnd64((rnd64(x1) * rnd64((rnd64(x4) * rnd64(x6))))))) + rnd64((rnd64((rnd64((rnd64((rnd64((rnd64(x1) - rnd64(x2))) * rnd64((rnd64(x5) * rnd64(x2))))) + rnd64((rnd64(x3) * rnd64((rnd64(x5) * rnd64(x2))))))) + rnd64((rnd64((rnd64(x5) * rnd64(x2))) * rnd64((rnd64(x4) - rnd64(x5))))))) + rnd64((rnd64(x6) * rnd64((rnd64(x2) * rnd64(x5))))))))) + rnd64((rnd64((rnd64((rnd64((rnd64((rnd64(x3) * rnd64((rnd64((rnd64((rnd64(x5) - rnd64(x6))) * rnd64(x6))) + rnd64((rnd64(x6) * rnd64((rnd64((rnd64((rnd64(x2) - rnd64(x3))) + rnd64(x1))) + rnd64(x4))))))))) - rnd64((rnd64((rnd64(x2) * rnd64(x3))) * rnd64(x4))))) - rnd64((rnd64((rnd64(x1) * rnd64(x3))) * rnd64(x5))))) - rnd64((rnd64((rnd64(x1) * rnd64(x2))) * rnd64(x6))))) - rnd64((rnd64((rnd64(x5) * rnd64(x4))) * rnd64(x6)))))))

Conservative bound: [-1026.882048, 1860.323072]

Simplified rounding: rnd[64,ne,1.00,-53,0]((rnd[64,ne,1.00,-53,0]((rnd[64,ne,1.00,-53,0]((rnd64((rnd64((x1 * x4)) * rnd[64,ne,1.00,-53,0]((rnd[64,ne,1.00,-53,0]((rnd[64,ne,1.00,-53,0]((x3 - x4)) + rnd[64,ne,1.00,-53,0]((x2 - x1)))) + x5)))) + rnd64((x1 * rnd64((x4 * x6)))))) + rnd[64,ne,1.00,-53,0]((rnd[64,ne,1.00,-53,0]((rnd[64,ne,1.00,-53,0]((rnd64((rnd[64,ne,1.00,-53,0]((x1 - x2)) * rnd64((x5 * x2)))) + rnd64((x3 * rnd64((x5 * x2)))))) + rnd64((rnd64((x5 * x2)) * rnd[64,ne,1.00,-53,0]((x4 - x5)))))) + rnd64((x6 * rnd64((x2 * x5)))))))) + rnd[64,ne,1.00,-53,0]((rnd[64,ne,1.00,-53,0]((rnd[64,ne,1.00,-53,0]((rnd[64,ne,1.00,-53,0]((rnd64((x3 * rnd[64,ne,1.00,-53,0]((rnd64((rnd[64,ne,1.00,-53,0]((x5 - x6)) * x6)) + rnd64((x6 * rnd[64,ne,1.00,-53,0]((rnd[64,ne,1.00,-53,0]((rnd[64,ne,1.00,-53,0]((x2 - x3)) + x1)) + x4)))))))) - rnd64((rnd64((x2 * x3)) * x4)))) - rnd64((rnd64((x1 * x3)) * x5)))) - rnd64((rnd64((x1 * x2)) * x6)))) - rnd64((rnd64((x5 * x4)) * x6))))))
Building Taylor forms...
var_form
var_form
mul_form
rounded_form
var_form
sub_form
rounded_form
var_form
sub_form
rounded_form
add_form
rounded_form
var_form
add_form
rounded_form
mul_form
rounded_form
var_form
mul_form
rounded_form
mul_form
rounded_form
add_form
rounded_form
sub_form
rounded_form
mul_form
rounded_form
mul_form
rounded_form
mul_form
rounded_form
add_form
rounded_form
sub_form
rounded_form
mul_form
rounded_form
add_form
rounded_form
mul_form
rounded_form
mul_form
rounded_form
add_form
rounded_form
add_form
rounded_form
sub_form
rounded_form
mul_form
rounded_form
sub_form
rounded_form
add_form
rounded_form
add_form
rounded_form
mul_form
rounded_form
add_form
rounded_form
mul_form
rounded_form
mul_form
rounded_form
mul_form
rounded_form
sub_form
rounded_form
mul_form
rounded_form
mul_form
rounded_form
sub_form
rounded_form
mul_form
rounded_form
mul_form
rounded_form
sub_form
rounded_form
mul_form
rounded_form
mul_form
rounded_form
sub_form
rounded_form
add_form
rounded_form
Taylor forms cache stats: num_bindings = 90, num_buckets = 1024, max_bucket_length = 2
Expr cache stats: num_bindings = 224, num_buckets = 65536, max_bucket_length = 2
Simplifying Taylor forms...
success
v0 = (((((x1 * x4) * (((x3 - x4) + (x2 - x1)) + x5)) + (x1 * (x4 * x6))) + (((((x1 - x2) * (x5 * x2)) + (x3 * (x5 * x2))) + ((x5 * x2) * (x4 - x5))) + (x6 * (x2 * x5)))) + (((((x3 * (((x5 - x6) * x6) + (x6 * (((x2 - x3) + x1) + x4)))) - ((x2 * x3) * x4)) - ((x1 * x3) * x5)) - ((x1 * x2) * x6)) - ((x5 * x4) * x6)))
-1: exp = -53: (5629499534213127/79228162514264337593543950336)
1: exp = -53: ((((x3 - x4) + (x2 - x1)) + x5) * floor_power2(((x1 * x4) + 0)))
2: exp = -53: ((x1 * x4) * floor_power2(((x3 - x4) + 0)))
3: exp = -53: ((x1 * x4) * floor_power2(((x2 - x1) + 0)))
4: exp = -53: ((x1 * x4) * floor_power2((((x3 - x4) + (x2 - x1)) + interval(-4.44089209850062616169e-16, 4.44089209850062616169e-16))))
5: exp = -53: ((x1 * x4) * floor_power2(((((x3 - x4) + (x2 - x1)) + x5) + interval(-8.88178419700125232339e-16, 8.88178419700125232339e-16))))
6: exp = -53: floor_power2((((x1 * x4) * (((x3 - x4) + (x2 - x1)) + x5)) + interval(-1.11216991172113985248e-13, 1.11216991172113985248e-13)))
7: exp = -53: (x1 * floor_power2(((x4 * x6) + 0)))
8: exp = -53: floor_power2(((x1 * (x4 * x6)) + interval(-2.25952589971711902021e-14, 2.25952589971711902021e-14)))
9: exp = -53: floor_power2(((((x1 * x4) * (((x3 - x4) + (x2 - x1)) + x5)) + (x1 * (x4 * x6))) + interval(-1.90655669030093221875e-13, 1.90655669030093221875e-13)))
10: exp = -53: ((x5 * x2) * floor_power2(((x1 - x2) + 0)))
11: exp = -53: ((((x1 - x2) * floor_power2(((x5 * x2) + 0))) + (x3 * floor_power2(((x5 * x2) + 0)))) + ((x4 - x5) * floor_power2(((x5 * x2) + 0))))
12: exp = -53: floor_power2((((x1 - x2) * (x5 * x2)) + interval(-1.73660197333447337223e-14, 1.73660197333447337223e-14)))
13: exp = -53: floor_power2(((x3 * (x5 * x2)) + interval(-2.25952589971711902021e-14, 2.25952589971711902021e-14)))
14: exp = -53: floor_power2(((((x1 - x2) * (x5 * x2)) + (x3 * (x5 * x2))) + interval(-7.54884155185209395288e-14, 7.54884155185209395288e-14)))
15: exp = -53: ((x5 * x2) * floor_power2(((x4 - x5) + 0)))
16: exp = -53: floor_power2((((x5 * x2) * (x4 - x5)) + interval(-1.73660197333447337223e-14, 1.73660197333447337223e-14)))
17: exp = -53: floor_power2((((((x1 - x2) * (x5 * x2)) + (x3 * (x5 * x2))) + ((x5 * x2) * (x4 - x5))) + interval(-1.28381572039870695166e-13, 1.28381572039870695166e-13)))
18: exp = -53: (x6 * floor_power2(((x2 * x5) + 0)))
19: exp = -53: floor_power2(((x6 * (x2 * x5)) + interval(-2.25952589971711902021e-14, 2.25952589971711902021e-14)))
20: exp = -53: floor_power2(((((((x1 - x2) * (x5 * x2)) + (x3 * (x5 * x2))) + ((x5 * x2) * (x4 - x5))) + (x6 * (x2 * x5))) + interval(-2.07820249897849919171e-13, 2.07820249897849919171e-13)))
21: exp = -53: floor_power2((((((x1 * x4) * (((x3 - x4) + (x2 - x1)) + x5)) + (x1 * (x4 * x6))) + (((((x1 - x2) * (x5 * x2)) + (x3 * (x5 * x2))) + ((x5 * x2) * (x4 - x5))) + (x6 * (x2 * x5)))) + interval(-5.12162756649559322246e-13, 5.12162756649559322246e-13)))
22: exp = -53: (x3 * (x6 * floor_power2(((x5 - x6) + 0))))
23: exp = -53: (x3 * floor_power2((((x5 - x6) * x6) + interval(-1.41220368732319919042e-15, 1.41220368732319919042e-15))))
24: exp = -53: (x3 * (x6 * floor_power2(((x2 - x3) + 0))))
25: exp = -53: (x3 * (x6 * floor_power2((((x2 - x3) + x1) + interval(-2.22044604925031308085e-16, 2.22044604925031308085e-16)))))
26: exp = -53: (x3 * (x6 * floor_power2(((((x2 - x3) + x1) + x4) + interval(-1.11022302462515654042e-15, 1.11022302462515654042e-15)))))
27: exp = -53: (x3 * floor_power2(((x6 * (((x2 - x3) + x1) + x4)) + interval(-1.27098331859087940943e-14, 1.27098331859087940943e-14))))
28: exp = -53: (x3 * floor_power2(((((x5 - x6) * x6) + (x6 * (((x2 - x3) + x1) + x4))) + interval(-2.21156426505331201785e-14, 2.21156426505331201785e-14))))
29: exp = -53: floor_power2(((x3 * (((x5 - x6) * x6) + (x6 * (((x2 - x3) + x1) + x4)))) + interval(-1.85846005251733079644e-13, 1.85846005251733079644e-13)))
30: exp = -53: (-((x4 * floor_power2(((x2 * x3) + 0)))))
31: exp = -53: (-(floor_power2((((x2 * x3) * x4) + interval(-2.25952589971711902021e-14, 2.25952589971711902021e-14)))))
32: exp = -53: floor_power2((((x3 * (((x5 - x6) * x6) + (x6 * (((x2 - x3) + x1) + x4)))) - ((x2 * x3) * x4)) + interval(-2.93706392540116336327e-13, 2.93706392540116336327e-13)))
33: exp = -53: (-((x5 * floor_power2(((x1 * x3) + 0)))))
34: exp = -53: (-(floor_power2((((x1 * x3) * x5) + interval(-2.25952589971711902021e-14, 2.25952589971711902021e-14)))))
35: exp = -53: floor_power2(((((x3 * (((x5 - x6) * x6) + (x6 * (((x2 - x3) + x1) + x4)))) - ((x2 * x3) * x4)) - ((x1 * x3) * x5)) + interval(-4.01566779828499593010e-13, 4.01566779828499593010e-13)))
36: exp = -53: (-((x6 * floor_power2(((x1 * x2) + 0)))))
37: exp = -53: (-(floor_power2((((x1 * x2) * x6) + interval(-2.25952589971711902021e-14, 2.25952589971711902021e-14)))))
38: exp = -53: floor_power2((((((x3 * (((x5 - x6) * x6) + (x6 * (((x2 - x3) + x1) + x4)))) - ((x2 * x3) * x4)) - ((x1 * x3) * x5)) - ((x1 * x2) * x6)) + interval(-5.09427167116882900180e-13, 5.09427167116882900180e-13)))
39: exp = -53: (-((x6 * floor_power2(((x5 * x4) + 0)))))
40: exp = -53: (-(floor_power2((((x5 * x4) * x6) + interval(-2.25952589971711902021e-14, 2.25952589971711902021e-14)))))
41: exp = -53: floor_power2(((((((x3 * (((x5 - x6) * x6) + (x6 * (((x2 - x3) + x1) + x4)))) - ((x2 * x3) * x4)) - ((x1 * x3) * x5)) - ((x1 * x2) * x6)) - ((x5 * x4) * x6)) + interval(-6.17287554405266156863e-13, 6.17287554405266156863e-13)))
42: exp = -53: floor_power2(((((((x1 * x4) * (((x3 - x4) + (x2 - x1)) + x5)) + (x1 * (x4 * x6))) + (((((x1 - x2) * (x5 * x2)) + (x3 * (x5 * x2))) + ((x5 * x2) * (x4 - x5))) + (x6 * (x2 * x5)))) + (((((x3 * (((x5 - x6) * x6) + (x6 * (((x2 - x3) + x1) + x4)))) - ((x2 * x3) * x4)) - ((x1 * x3) * x5)) - ((x1 * x2) * x6)) - ((x5 * x4) * x6))) + interval(-1.29998056763724982664e-12, 1.29998056763724982664e-12)))

Corresponding original subexpressions:
1: rnd64((x1 * x4))
2: rnd[64,ne,1.00,-53,0]((x3 - x4))
3: rnd[64,ne,1.00,-53,0]((x2 - x1))
4: rnd[64,ne,1.00,-53,0]((rnd[64,ne,1.00,-53,0]((x3 - x4)) + rnd[64,ne,1.00,-53,0]((x2 - x1))))
5: rnd[64,ne,1.00,-53,0]((rnd[64,ne,1.00,-53,0]((rnd[64,ne,1.00,-53,0]((x3 - x4)) + rnd[64,ne,1.00,-53,0]((x2 - x1)))) + x5))
6: rnd64((rnd64((x1 * x4)) * rnd[64,ne,1.00,-53,0]((rnd[64,ne,1.00,-53,0]((rnd[64,ne,1.00,-53,0]((x3 - x4)) + rnd[64,ne,1.00,-53,0]((x2 - x1)))) + x5))))
7: rnd64((x4 * x6))
8: rnd64((x1 * rnd64((x4 * x6))))
9: rnd[64,ne,1.00,-53,0]((rnd64((rnd64((x1 * x4)) * rnd[64,ne,1.00,-53,0]((rnd[64,ne,1.00,-53,0]((rnd[64,ne,1.00,-53,0]((x3 - x4)) + rnd[64,ne,1.00,-53,0]((x2 - x1)))) + x5)))) + rnd64((x1 * rnd64((x4 * x6))))))
10: rnd[64,ne,1.00,-53,0]((x1 - x2))
11: rnd64((x5 * x2))
12: rnd64((rnd[64,ne,1.00,-53,0]((x1 - x2)) * rnd64((x5 * x2))))
13: rnd64((x3 * rnd64((x5 * x2))))
14: rnd[64,ne,1.00,-53,0]((rnd64((rnd[64,ne,1.00,-53,0]((x1 - x2)) * rnd64((x5 * x2)))) + rnd64((x3 * rnd64((x5 * x2))))))
15: rnd[64,ne,1.00,-53,0]((x4 - x5))
16: rnd64((rnd64((x5 * x2)) * rnd[64,ne,1.00,-53,0]((x4 - x5))))
17: rnd[64,ne,1.00,-53,0]((rnd[64,ne,1.00,-53,0]((rnd64((rnd[64,ne,1.00,-53,0]((x1 - x2)) * rnd64((x5 * x2)))) + rnd64((x3 * rnd64((x5 * x2)))))) + rnd64((rnd64((x5 * x2)) * rnd[64,ne,1.00,-53,0]((x4 - x5))))))
18: rnd64((x2 * x5))
19: rnd64((x6 * rnd64((x2 * x5))))
20: rnd[64,ne,1.00,-53,0]((rnd[64,ne,1.00,-53,0]((rnd[64,ne,1.00,-53,0]((rnd64((rnd[64,ne,1.00,-53,0]((x1 - x2)) * rnd64((x5 * x2)))) + rnd64((x3 * rnd64((x5 * x2)))))) + rnd64((rnd64((x5 * x2)) * rnd[64,ne,1.00,-53,0]((x4 - x5)))))) + rnd64((x6 * rnd64((x2 * x5))))))
21: rnd[64,ne,1.00,-53,0]((rnd[64,ne,1.00,-53,0]((rnd64((rnd64((x1 * x4)) * rnd[64,ne,1.00,-53,0]((rnd[64,ne,1.00,-53,0]((rnd[64,ne,1.00,-53,0]((x3 - x4)) + rnd[64,ne,1.00,-53,0]((x2 - x1)))) + x5)))) + rnd64((x1 * rnd64((x4 * x6)))))) + rnd[64,ne,1.00,-53,0]((rnd[64,ne,1.00,-53,0]((rnd[64,ne,1.00,-53,0]((rnd64((rnd[64,ne,1.00,-53,0]((x1 - x2)) * rnd64((x5 * x2)))) + rnd64((x3 * rnd64((x5 * x2)))))) + rnd64((rnd64((x5 * x2)) * rnd[64,ne,1.00,-53,0]((x4 - x5)))))) + rnd64((x6 * rnd64((x2 * x5))))))))
22: rnd[64,ne,1.00,-53,0]((x5 - x6))
23: rnd64((rnd[64,ne,1.00,-53,0]((x5 - x6)) * x6))
24: rnd[64,ne,1.00,-53,0]((x2 - x3))
25: rnd[64,ne,1.00,-53,0]((rnd[64,ne,1.00,-53,0]((x2 - x3)) + x1))
26: rnd[64,ne,1.00,-53,0]((rnd[64,ne,1.00,-53,0]((rnd[64,ne,1.00,-53,0]((x2 - x3)) + x1)) + x4))
27: rnd64((x6 * rnd[64,ne,1.00,-53,0]((rnd[64,ne,1.00,-53,0]((rnd[64,ne,1.00,-53,0]((x2 - x3)) + x1)) + x4))))
28: rnd[64,ne,1.00,-53,0]((rnd64((rnd[64,ne,1.00,-53,0]((x5 - x6)) * x6)) + rnd64((x6 * rnd[64,ne,1.00,-53,0]((rnd[64,ne,1.00,-53,0]((rnd[64,ne,1.00,-53,0]((x2 - x3)) + x1)) + x4))))))
29: rnd64((x3 * rnd[64,ne,1.00,-53,0]((rnd64((rnd[64,ne,1.00,-53,0]((x5 - x6)) * x6)) + rnd64((x6 * rnd[64,ne,1.00,-53,0]((rnd[64,ne,1.00,-53,0]((rnd[64,ne,1.00,-53,0]((x2 - x3)) + x1)) + x4))))))))
30: rnd64((x2 * x3))
31: rnd64((rnd64((x2 * x3)) * x4))
32: rnd[64,ne,1.00,-53,0]((rnd64((x3 * rnd[64,ne,1.00,-53,0]((rnd64((rnd[64,ne,1.00,-53,0]((x5 - x6)) * x6)) + rnd64((x6 * rnd[64,ne,1.00,-53,0]((rnd[64,ne,1.00,-53,0]((rnd[64,ne,1.00,-53,0]((x2 - x3)) + x1)) + x4)))))))) - rnd64((rnd64((x2 * x3)) * x4))))
33: rnd64((x1 * x3))
34: rnd64((rnd64((x1 * x3)) * x5))
35: rnd[64,ne,1.00,-53,0]((rnd[64,ne,1.00,-53,0]((rnd64((x3 * rnd[64,ne,1.00,-53,0]((rnd64((rnd[64,ne,1.00,-53,0]((x5 - x6)) * x6)) + rnd64((x6 * rnd[64,ne,1.00,-53,0]((rnd[64,ne,1.00,-53,0]((rnd[64,ne,1.00,-53,0]((x2 - x3)) + x1)) + x4)))))))) - rnd64((rnd64((x2 * x3)) * x4)))) - rnd64((rnd64((x1 * x3)) * x5))))
36: rnd64((x1 * x2))
37: rnd64((rnd64((x1 * x2)) * x6))
38: rnd[64,ne,1.00,-53,0]((rnd[64,ne,1.00,-53,0]((rnd[64,ne,1.00,-53,0]((rnd64((x3 * rnd[64,ne,1.00,-53,0]((rnd64((rnd[64,ne,1.00,-53,0]((x5 - x6)) * x6)) + rnd64((x6 * rnd[64,ne,1.00,-53,0]((rnd[64,ne,1.00,-53,0]((rnd[64,ne,1.00,-53,0]((x2 - x3)) + x1)) + x4)))))))) - rnd64((rnd64((x2 * x3)) * x4)))) - rnd64((rnd64((x1 * x3)) * x5)))) - rnd64((rnd64((x1 * x2)) * x6))))
39: rnd64((x5 * x4))
40: rnd64((rnd64((x5 * x4)) * x6))
41: rnd[64,ne,1.00,-53,0]((rnd[64,ne,1.00,-53,0]((rnd[64,ne,1.00,-53,0]((rnd[64,ne,1.00,-53,0]((rnd64((x3 * rnd[64,ne,1.00,-53,0]((rnd64((rnd[64,ne,1.00,-53,0]((x5 - x6)) * x6)) + rnd64((x6 * rnd[64,ne,1.00,-53,0]((rnd[64,ne,1.00,-53,0]((rnd[64,ne,1.00,-53,0]((x2 - x3)) + x1)) + x4)))))))) - rnd64((rnd64((x2 * x3)) * x4)))) - rnd64((rnd64((x1 * x3)) * x5)))) - rnd64((rnd64((x1 * x2)) * x6)))) - rnd64((rnd64((x5 * x4)) * x6))))
42: rnd[64,ne,1.00,-53,0]((rnd[64,ne,1.00,-53,0]((rnd[64,ne,1.00,-53,0]((rnd64((rnd64((x1 * x4)) * rnd[64,ne,1.00,-53,0]((rnd[64,ne,1.00,-53,0]((rnd[64,ne,1.00,-53,0]((x3 - x4)) + rnd[64,ne,1.00,-53,0]((x2 - x1)))) + x5)))) + rnd64((x1 * rnd64((x4 * x6)))))) + rnd[64,ne,1.00,-53,0]((rnd[64,ne,1.00,-53,0]((rnd[64,ne,1.00,-53,0]((rnd64((rnd[64,ne,1.00,-53,0]((x1 - x2)) * rnd64((x5 * x2)))) + rnd64((x3 * rnd64((x5 * x2)))))) + rnd64((rnd64((x5 * x2)) * rnd[64,ne,1.00,-53,0]((x4 - x5)))))) + rnd64((x6 * rnd64((x2 * x5)))))))) + rnd[64,ne,1.00,-53,0]((rnd[64,ne,1.00,-53,0]((rnd[64,ne,1.00,-53,0]((rnd[64,ne,1.00,-53,0]((rnd64((x3 * rnd[64,ne,1.00,-53,0]((rnd64((rnd[64,ne,1.00,-53,0]((x5 - x6)) * x6)) + rnd64((x6 * rnd[64,ne,1.00,-53,0]((rnd[64,ne,1.00,-53,0]((rnd[64,ne,1.00,-53,0]((x2 - x3)) + x1)) + x4)))))))) - rnd64((rnd64((x2 * x3)) * x4)))) - rnd64((rnd64((x1 * x3)) * x5)))) - rnd64((rnd64((x1 * x2)) * x6)))) - rnd64((rnd64((x5 * x4)) * x6))))))

Selected optimization method: bb
bb_opt: x_abs_tol = 1.000000e-02, f_rel_tol = 1.000000e-02, f_abs_tol = 1.000000e-02, iters = 1000000
iterations(min = 1000000, max = 1000000): 1000000
min = 3.768510e+01 (lower_min = 1.280000e+02)
max = 5.589818e+02 (lower_max = 5.145189e+02)
subopt = 4.446288e+01 (8.0%)
bounds: [3.768510e+01, 5.589818e+02]

Computing absolute errors
Selected optimization method: bb-eval
bb-eval_opt: x_abs_tol = 1.000000e-02, f_rel_tol = 1.000000e-02, f_abs_tol = 1.000000e-02, iters = 1000000
rmin(result = 7.105427e-14, lower = 7.105427e-14), rmax(result = 7.105427e-14, lower = 7.105427e-14)
-1: exp = -53: 7.105427e-14 (low = 7.105427e-14, subopt = 0.0%)

Solving the exact optimization problem
Selected optimization method: bb
bb_opt: x_abs_tol = 1.000000e-02, f_rel_tol = 1.000000e-02, f_abs_tol = 1.000000e-02, iters = 1000000
iterations(min = 0, max = 109): 109
min = 0.000000e+00 (lower_min = 0.000000e+00)
max = 9.831111e+03 (lower_max = 9.745434e+03)
subopt = 8.567720e+01 (0.9%)
exact bound (exp = -53): 9.831111e+03 (low = 9.745434e+03, subopt = 0.9%)
total2: 7.888609e-30 (low = 7.888609e-30, subopt = 0.0%)
exact total: 1.091473e-12 (low = 1.081960e-12, subopt = 0.9%)

Computing relative errors
Selected optimization method: bb-eval
bb-eval_opt: x_abs_tol = 1.000000e-02, f_rel_tol = 1.000000e-02, f_abs_tol = 1.000000e-02, iters = 1000000
rmin(result = 7.105427e-14, lower = 7.105427e-14), rmax(result = 7.105427e-14, lower = 7.105427e-14)
-1: exp = -53: 7.105427e-14 (low = 7.105427e-14, subopt = 0.0%)

Solving the exact optimization problem
Selected optimization method: bb
bb_opt: x_abs_tol = 1.000000e-02, f_rel_tol = 1.000000e-02, f_abs_tol = 1.000000e-02, iters = 1000000
iterations(min = 0, max = 1000000): 1000000
min = 0.000000e+00 (lower_min = 0.000000e+00)
max = 1.482214e+02 (lower_max = 2.375080e+01)
subopt = 1.244706e+02 (84.0%)
exact bound-rel (exp = -53): 1.482214e+02 (low = 2.375080e+01, subopt = 84.0%)
total2: 2.093297e-31 (low = 1.411246e-32, subopt = 93.3%)
exact total-rel: 1.645588e-14 (low = 2.636869e-15, subopt = 84.0%)

Elapsed time: 39.91627
*************************************

-------------------------------------------------------------------------------
Problem: result

Optimization lower bounds for error models:
The absolute error (exact) model: 1.081960e-12 (0x1.308b780346dc3p-40) (suboptimality = 0.9%)
The relative error (exact) model: 2.636868e-15 (0x1.7c0348d155771p-49) (suboptimality = 84.0%)

Bounds (without rounding): [3.768510e+1, 5.589818e+2]
Bounds (floating-point): [3.768510e+1, 5.589818e+2]

Absolute error (exact): 1.091473e-12 (0x1.3338e2eb1c43cp-40)
Relative error (exact): 1.645589e-14 (0x1.28715ce83ee7fp-46)

Elapsed time: 39.92

