Base path: /Users/laura.zielinski/FPTaylor
Config file: /Users/laura.zielinski/FPTaylor/default.cfg
Config file: /var/folders/38/q_vgzzt959nfc63ldktzz1gr0000gp/T/tmp4_sfwci3.cfg
default-rnd = rnd64
nlopt-cc = gcc -std=c99 -O3
opt-exact = true
develop = false
log-append-date = start
uncertainty = false
rel-error = true
opt-approx = false
proof-record = false
find-bounds = false
proof-dir = proofs
opt-f-abs-tol = 0.01
fail-on-exception = true
print-opt-lower-bounds = true
bb-compile = {base}/b_and_b/compile.sh {base} {input} {out}
z3-python-lib = 
opt-x-abs-tol = 0.01
export-error-bounds = 
opt-f-rel-tol = 0.01
export-options = 
opt-x-rel-tol = 0.0
rel-error-threshold = 0.0001
bb-alg = opt0
log-base-dir = log
intermediate-opt = false
z3-interval-bounds = true
opt-max-iters = 1000000
abs-error = true
z3-bin = 
maxima-simplification = false
print-hex-floats = true
debug = true
print-precision = 7
export-error-bounds-data = 
fp-power2-model = true
opt = auto
default-var-type = float64
verbosity = 2
ulp-error = false
opt-timeout = 10000
nlopt-lib = -lnlopt -lm
tmp-base-dir = tmp
unique-indices = false
z3-seed = 0
tmp-date = false
z3-python-cmd = python
const-approx-real-vars = false
print-second-order-errors = false
Resetting input_parser_env
eval_const_expr: (-(10))
result: -10
eval_const_expr: 10
result: 10
eval_const_expr: 0
result: 0
eval_const_expr: 10
result: 10
eval_const_expr: (-(10))
result: -10
eval_const_expr: (-(10))
result: -10
eval_const_expr: 10
result: 10
eval_const_expr: 0
result: 0
eval_const_expr: 10
result: 10
eval_const_expr: (-(10))
result: -10
eval_const_expr: (-(10))
result: -10
eval_const_expr: 10
result: 10
eval_const_expr: 0
result: 0
eval_const_expr: 10
result: 10
eval_const_expr: (-(10))
result: -10
eval_const_expr: (-(10))
result: -10
eval_const_expr: 10
result: 10
eval_const_expr: 0
result: 0
eval_const_expr: 10
result: 10
eval_const_expr: (-(10))
result: -10
eval_const_expr: (-(10))
result: -10
eval_const_expr: 10
result: 10
eval_const_expr: 0
result: 0
eval_const_expr: 10
result: 10
eval_const_expr: (-(10))
result: -10
eval_const_expr: (-(10))
result: -10
eval_const_expr: 10
result: 10
eval_const_expr: 0
result: 0
eval_const_expr: 10
result: 10
eval_const_expr: (-(10))
result: -10
eval_const_expr: (-(10))
result: -10
eval_const_expr: 10
result: 10
eval_const_expr: 0
result: 0
eval_const_expr: 10
result: 10
eval_const_expr: (-(10))
result: -10
eval_const_expr: (-(10))
result: -10
eval_const_expr: 10
result: 10
eval_const_expr: 0
result: 0
eval_const_expr: 10
result: 10
eval_const_expr: (-(10))
result: -10
eval_const_expr: (-(10))
result: -10
eval_const_expr: 10
result: 10
eval_const_expr: 0
result: 0
eval_const_expr: 10
result: 10
eval_const_expr: (-(10))
result: -10
Resetting input_parser_env
|tasks| = 1
Processing: result

*************************************
Taylor form for: rnd64((rnd64((rnd64((rnd64(d) * rnd64((rnd64((rnd64(c) * rnd64(h))) - rnd64((rnd64(b) * rnd64(i))))))) + rnd64((rnd64((rnd64((rnd64((rnd64(i) * rnd64(a))) - rnd64((rnd64(c) * rnd64(g))))) * rnd64(e))) - rnd64((rnd64(a) * rnd64((rnd64(h) * rnd64(f))))))))) + rnd64((rnd64(b) * rnd64((rnd64(g) * rnd64(f)))))))

Conservative bound: [-6000.000000, 6000.000000]

Simplified rounding: rnd[64,ne,1.00,-53,0]((rnd[64,ne,1.00,-53,0]((rnd64((d * rnd[64,ne,1.00,-53,0]((rnd64((c * h)) - rnd64((b * i)))))) + rnd[64,ne,1.00,-53,0]((rnd64((rnd[64,ne,1.00,-53,0]((rnd64((i * a)) - rnd64((c * g)))) * e)) - rnd64((a * rnd64((h * f)))))))) + rnd64((b * rnd64((g * f))))))
Building Taylor forms...
var_form
var_form
var_form
mul_form
rounded_form
var_form
var_form
mul_form
rounded_form
sub_form
rounded_form
mul_form
rounded_form
var_form
mul_form
rounded_form
var_form
mul_form
rounded_form
sub_form
rounded_form
var_form
mul_form
rounded_form
var_form
mul_form
rounded_form
mul_form
rounded_form
sub_form
rounded_form
add_form
rounded_form
mul_form
rounded_form
mul_form
rounded_form
add_form
rounded_form
Taylor forms cache stats: num_bindings = 39, num_buckets = 1024, max_bucket_length = 2
Expr cache stats: num_bindings = 84, num_buckets = 65536, max_bucket_length = 1
Simplifying Taylor forms...
success
v0 = (((d * ((c * h) - (b * i))) + ((((i * a) - (c * g)) * e) - (a * (h * f)))) + (b * (g * f)))
-1: exp = -53: (1/77962512091199992642827059103001506487009814860760060214943251657703589526131408819724920527056082073802439329851269345467673358921624752372623898370501227356250221599651784238966317243920429186822396747833747030989484783403158999565970908923751724902621910424834220376654628719935312887808)
1: exp = -53: (d * floor_power2(((c * h) + 0)))
2: exp = -53: (d * (-(floor_power2(((b * i) + 0)))))
3: exp = -53: (d * floor_power2((((c * h) - (b * i)) + interval(-1.42108547152020068729e-14, 1.42108547152020068729e-14))))
4: exp = -53: floor_power2(((d * ((c * h) - (b * i))) + interval(-2.84217094304040124836e-13, 2.84217094304040124836e-13)))
5: exp = -53: (e * floor_power2(((i * a) + 0)))
6: exp = -53: (e * (-(floor_power2(((c * g) + 0)))))
7: exp = -53: (e * floor_power2((((i * a) - (c * g)) + interval(-1.42108547152020068729e-14, 1.42108547152020068729e-14))))
8: exp = -53: floor_power2(((((i * a) - (c * g)) * e) + interval(-2.84217094304040124836e-13, 2.84217094304040124836e-13)))
9: exp = -53: (-((a * floor_power2(((h * f) + 0)))))
10: exp = -53: (-(floor_power2(((a * (h * f)) + interval(-7.10542735760100312089e-14, 7.10542735760100312089e-14)))))
11: exp = -53: floor_power2((((((i * a) - (c * g)) * e) - (a * (h * f))) + interval(-5.25801624462474238519e-13, 5.25801624462474238519e-13)))
12: exp = -53: floor_power2((((d * ((c * h) - (b * i))) + ((((i * a) - (c * g)) * e) - (a * (h * f)))) + interval(-1.15107923193136250306e-12, 1.15107923193136250306e-12)))
13: exp = -53: (b * floor_power2(((g * f) + 0)))
14: exp = -53: floor_power2(((b * (g * f)) + interval(-7.10542735760100312089e-14, 7.10542735760100312089e-14)))
15: exp = -53: floor_power2(((((d * ((c * h) - (b * i))) + ((((i * a) - (c * g)) * e) - (a * (h * f)))) + (b * (g * f))) + interval(-1.73372427525464465547e-12, 1.73372427525464465547e-12)))

Corresponding original subexpressions:
1: rnd64((c * h))
2: rnd64((b * i))
3: rnd[64,ne,1.00,-53,0]((rnd64((c * h)) - rnd64((b * i))))
4: rnd64((d * rnd[64,ne,1.00,-53,0]((rnd64((c * h)) - rnd64((b * i))))))
5: rnd64((i * a))
6: rnd64((c * g))
7: rnd[64,ne,1.00,-53,0]((rnd64((i * a)) - rnd64((c * g))))
8: rnd64((rnd[64,ne,1.00,-53,0]((rnd64((i * a)) - rnd64((c * g)))) * e))
9: rnd64((h * f))
10: rnd64((a * rnd64((h * f))))
11: rnd[64,ne,1.00,-53,0]((rnd64((rnd[64,ne,1.00,-53,0]((rnd64((i * a)) - rnd64((c * g)))) * e)) - rnd64((a * rnd64((h * f))))))
12: rnd[64,ne,1.00,-53,0]((rnd64((d * rnd[64,ne,1.00,-53,0]((rnd64((c * h)) - rnd64((b * i)))))) + rnd[64,ne,1.00,-53,0]((rnd64((rnd[64,ne,1.00,-53,0]((rnd64((i * a)) - rnd64((c * g)))) * e)) - rnd64((a * rnd64((h * f))))))))
13: rnd64((g * f))
14: rnd64((b * rnd64((g * f))))
15: rnd[64,ne,1.00,-53,0]((rnd[64,ne,1.00,-53,0]((rnd64((d * rnd[64,ne,1.00,-53,0]((rnd64((c * h)) - rnd64((b * i)))))) + rnd[64,ne,1.00,-53,0]((rnd64((rnd[64,ne,1.00,-53,0]((rnd64((i * a)) - rnd64((c * g)))) * e)) - rnd64((a * rnd64((h * f)))))))) + rnd64((b * rnd64((g * f))))))

Selected optimization method: bb
bb_opt: x_abs_tol = 1.000000e-02, f_rel_tol = 1.000000e-02, f_abs_tol = 1.000000e-02, iters = 1000000
iterations(min = 1000000, max = 1000000): 1000000
min = -4.148560e+03 (lower_min = -3.997101e+03)
max = 4.148560e+03 (lower_max = 3.997101e+03)
subopt = 1.514587e+02 (3.7%)
bounds: [-4.148560e+03, 4.148560e+03]

Computing absolute errors
Selected optimization method: bb-eval
bb-eval_opt: x_abs_tol = 1.000000e-02, f_rel_tol = 1.000000e-02, f_abs_tol = 1.000000e-02, iters = 1000000
rmin(result = 1.282668e-290, lower = 1.282668e-290), rmax(result = 1.282668e-290, lower = 1.282668e-290)
-1: exp = -53: 1.282668e-290 (low = 1.282668e-290, subopt = 0.0%)

Solving the exact optimization problem
Selected optimization method: bb
bb_opt: x_abs_tol = 1.000000e-02, f_rel_tol = 1.000000e-02, f_abs_tol = 1.000000e-02, iters = 1000000
iterations(min = 0, max = 1000000): 1000000
min = 0.000000e+00 (lower_min = 0.000000e+00)
max = 1.766400e+04 (lower_max = 1.764400e+04)
subopt = 2.000000e+01 (0.1%)
exact bound (exp = -53): 1.766400e+04 (low = 1.764400e+04, subopt = 0.1%)
total2: 1.424047e-306 (low = 1.424047e-306, subopt = 0.0%)
exact total: 1.961098e-12 (low = 1.958878e-12, subopt = 0.1%)

Computing relative errors
**WARNING**: 
Cannot compute the relative error: values of the function are close to zero

Elapsed time: 12.84286
*************************************

-------------------------------------------------------------------------------
Problem: result

Optimization lower bounds for error models:
The absolute error (exact) model: 1.958877e-12 (0x1.13bp-39) (suboptimality = 0.1%)

Bounds (without rounding): [-4.148560e+3, 4.148560e+3]
Bounds (floating-point): [-4.148560e+3, 4.148560e+3]

Absolute error (exact): 1.961098e-12 (0x1.1400000000001p-39)

Elapsed time: 12.84

