Base path: /Users/laura.zielinski/FPTaylor
Config file: /Users/laura.zielinski/FPTaylor/default.cfg
Config file: /var/folders/38/q_vgzzt959nfc63ldktzz1gr0000gp/T/tmp_mcxw4i4.cfg
default-rnd = rnd64
nlopt-cc = gcc -std=c99 -O3
opt-exact = true
develop = false
log-append-date = start
uncertainty = false
rel-error = true
opt-approx = false
proof-record = false
find-bounds = false
proof-dir = proofs
opt-f-abs-tol = 0.01
fail-on-exception = true
print-opt-lower-bounds = true
bb-compile = {base}/b_and_b/compile.sh {base} {input} {out}
z3-python-lib = 
opt-x-abs-tol = 0.01
export-error-bounds = 
opt-f-rel-tol = 0.01
export-options = 
opt-x-rel-tol = 0.0
rel-error-threshold = 0.0001
bb-alg = opt0
log-base-dir = log
intermediate-opt = false
z3-interval-bounds = true
opt-max-iters = 1000000
abs-error = true
z3-bin = 
maxima-simplification = false
print-hex-floats = true
debug = true
print-precision = 7
export-error-bounds-data = 
fp-power2-model = true
opt = auto
default-var-type = float64
verbosity = 2
ulp-error = false
opt-timeout = 10000
nlopt-lib = -lnlopt -lm
tmp-base-dir = tmp
unique-indices = false
z3-seed = 0
tmp-date = false
z3-python-cmd = python
const-approx-real-vars = false
print-second-order-errors = false
Resetting input_parser_env
eval_const_expr: 9
result: 9
eval_const_expr: 9
result: 9
eval_const_expr: 0
result: 0
eval_const_expr: 9
result: 9
eval_const_expr: 9
result: 9
eval_const_expr: (471/100)
result: 471/100
eval_const_expr: (489/100)
result: 489/100
eval_const_expr: 0
result: 0
eval_const_expr: (489/100)
result: 489/100
eval_const_expr: (471/100)
result: 471/100
eval_const_expr: (471/100)
result: 471/100
eval_const_expr: (489/100)
result: 489/100
eval_const_expr: 0
result: 0
eval_const_expr: (489/100)
result: 489/100
eval_const_expr: (471/100)
result: 471/100
Resetting input_parser_env
|tasks| = 1
Processing: result

*************************************
Taylor form for: rnd64(sqrt(rnd64((-(rnd64((rnd64((rnd64((rnd64((rnd64((rnd64((rnd64((rnd64(a) * rnd64((-(rnd64(2)))))) + rnd64(a))) + rnd64(b))) + rnd64(c))) * rnd64((rnd64((rnd64(a) + rnd64(b))) + rnd64(c))))) * rnd64((-(rnd64((rnd64((rnd64((rnd64((rnd64((rnd64(b) - rnd64((rnd64(a) / rnd64(2))))) * rnd64(2))) - rnd64((rnd64(b) + rnd64(c))))) / rnd64(2))) * rnd64((rnd64((rnd64((rnd64((-(rnd64(2)))) * rnd64(c))) + rnd64(a))) + rnd64((rnd64(b) + rnd64(c)))))))))))) / rnd64((-(rnd64(8)))))))))))

Conservative bound: [6.007907, 8.955935]

Simplified rounding: rnd[64,ne,1.00,-53,0](sqrt((-(rnd64((rnd64((rnd64((rnd[64,ne,1.00,-53,0]((rnd[64,ne,1.00,-53,0]((rnd[64,ne,1.00,-53,0]((rnd64((a * (-(2)))) + a)) + b)) + c)) * rnd[64,ne,1.00,-53,0]((rnd[64,ne,1.00,-53,0]((a + b)) + c)))) * (-(rnd64((rnd[64,ne,1.00,0,-1022]((rnd[64,ne,1.00,-53,0](((rnd[64,ne,1.00,-53,0]((b - rnd[64,ne,1.00,0,-1022]((a / 2)))) * 2) - rnd[64,ne,1.00,-53,0]((b + c)))) / 2)) * rnd[64,ne,1.00,-53,0]((rnd[64,ne,1.00,-53,0]((rnd64(((-(2)) * c)) + a)) + rnd[64,ne,1.00,-53,0]((b + c)))))))))) / (-(8))))))))
Building Taylor forms...
var_form
const_form
neg_form
mul_form
rounded_form
add_form
rounded_form
var_form
add_form
rounded_form
var_form
add_form
rounded_form
add_form
rounded_form
add_form
rounded_form
mul_form
rounded_form
div_form
inv_form
mul_form
rounded_form
sub_form
rounded_form
mul_form
add_form
rounded_form
sub_form
rounded_form
div_form
inv_form
mul_form
rounded_form
mul_form
rounded_form
add_form
rounded_form
add_form
rounded_form
mul_form
rounded_form
neg_form
mul_form
rounded_form
const_form
neg_form
div_form
inv_form
mul_form
rounded_form
neg_form
sqrt_form
rounded_form
Taylor forms cache stats: num_bindings = 48, num_buckets = 1024, max_bucket_length = 1
Expr cache stats: num_bindings = 213, num_buckets = 65536, max_bucket_length = 1
Simplifying Taylor forms...
success
v0 = sqrt((-((((((((a * (-(2))) + a) + b) + c) * ((a + b) + c)) * (-((((((b - (a * (1 / 2))) * 2) - (b + c)) * (1 / 2)) * ((((-(2)) * c) + a) + (b + c)))))) * (1 / (-(8)))))))
-1: exp = -53: (1262223626617049/1237940039285380274899124224)
-1: exp = -1022: ((-(((1 / (-(8))) * ((((((a * (-(2))) + a) + b) + c) * ((a + b) + c)) * (-((((((-(2)) * c) + a) + (b + c)) * ((1 / 2) * (2 * (-(1))))))))))) / (2 * sqrt((-((((((((a * (-(2))) + a) + b) + c) * ((a + b) + c)) * (-((((((b - (a * (1 / 2))) * 2) - (b + c)) * (1 / 2)) * ((((-(2)) * c) + a) + (b + c)))))) * (1 / (-(8)))))))))
1: exp = -53: ((-(((1 / (-(8))) * ((-((((((b - (a * (1 / 2))) * 2) - (b + c)) * (1 / 2)) * ((((-(2)) * c) + a) + (b + c))))) * (((a + b) + c) * floor_power2(((a * (-(2))) + 0))))))) / (2 * sqrt((-((((((((a * (-(2))) + a) + b) + c) * ((a + b) + c)) * (-((((((b - (a * (1 / 2))) * 2) - (b + c)) * (1 / 2)) * ((((-(2)) * c) + a) + (b + c)))))) * (1 / (-(8)))))))))
2: exp = -53: ((-(((1 / (-(8))) * ((-((((((b - (a * (1 / 2))) * 2) - (b + c)) * (1 / 2)) * ((((-(2)) * c) + a) + (b + c))))) * (((a + b) + c) * floor_power2((((a * (-(2))) + a) + interval(-1.77635683940025085911e-15, 1.77635683940025085911e-15)))))))) / (2 * sqrt((-((((((((a * (-(2))) + a) + b) + c) * ((a + b) + c)) * (-((((((b - (a * (1 / 2))) * 2) - (b + c)) * (1 / 2)) * ((((-(2)) * c) + a) + (b + c)))))) * (1 / (-(8)))))))))
3: exp = -53: ((-(((1 / (-(8))) * ((-((((((b - (a * (1 / 2))) * 2) - (b + c)) * (1 / 2)) * ((((-(2)) * c) + a) + (b + c))))) * (((a + b) + c) * floor_power2(((((a * (-(2))) + a) + b) + interval(-2.66453525910037609145e-15, 2.66453525910037609145e-15)))))))) / (2 * sqrt((-((((((((a * (-(2))) + a) + b) + c) * ((a + b) + c)) * (-((((((b - (a * (1 / 2))) * 2) - (b + c)) * (1 / 2)) * ((((-(2)) * c) + a) + (b + c)))))) * (1 / (-(8)))))))))
4: exp = -53: ((-(((1 / (-(8))) * ((-((((((b - (a * (1 / 2))) * 2) - (b + c)) * (1 / 2)) * ((((-(2)) * c) + a) + (b + c))))) * (((a + b) + c) * floor_power2((((((a * (-(2))) + a) + b) + c) + interval(-3.10862446895043870762e-15, 3.10862446895043870762e-15)))))))) / (2 * sqrt((-((((((((a * (-(2))) + a) + b) + c) * ((a + b) + c)) * (-((((((b - (a * (1 / 2))) * 2) - (b + c)) * (1 / 2)) * ((((-(2)) * c) + a) + (b + c)))))) * (1 / (-(8)))))))))
5: exp = -53: ((-(((1 / (-(8))) * ((-((((((b - (a * (1 / 2))) * 2) - (b + c)) * (1 / 2)) * ((((-(2)) * c) + a) + (b + c))))) * (((((a * (-(2))) + a) + b) + c) * floor_power2(((a + b) + 0))))))) / (2 * sqrt((-((((((((a * (-(2))) + a) + b) + c) * ((a + b) + c)) * (-((((((b - (a * (1 / 2))) * 2) - (b + c)) * (1 / 2)) * ((((-(2)) * c) + a) + (b + c)))))) * (1 / (-(8)))))))))
6: exp = -53: ((-(((1 / (-(8))) * ((-((((((b - (a * (1 / 2))) * 2) - (b + c)) * (1 / 2)) * ((((-(2)) * c) + a) + (b + c))))) * (((((a * (-(2))) + a) + b) + c) * floor_power2((((a + b) + c) + interval(-8.88178419700125232339e-16, 8.88178419700125232339e-16)))))))) / (2 * sqrt((-((((((((a * (-(2))) + a) + b) + c) * ((a + b) + c)) * (-((((((b - (a * (1 / 2))) * 2) - (b + c)) * (1 / 2)) * ((((-(2)) * c) + a) + (b + c)))))) * (1 / (-(8)))))))))
7: exp = -53: ((-(((1 / (-(8))) * ((-((((((b - (a * (1 / 2))) * 2) - (b + c)) * (1 / 2)) * ((((-(2)) * c) + a) + (b + c))))) * floor_power2(((((((a * (-(2))) + a) + b) + c) * ((a + b) + c)) + interval(-6.15008044491105768490e-14, 6.15008044491105768490e-14))))))) / (2 * sqrt((-((((((((a * (-(2))) + a) + b) + c) * ((a + b) + c)) * (-((((((b - (a * (1 / 2))) * 2) - (b + c)) * (1 / 2)) * ((((-(2)) * c) + a) + (b + c)))))) * (1 / (-(8)))))))))
8: exp = -53: ((-(((1 / (-(8))) * ((((((a * (-(2))) + a) + b) + c) * ((a + b) + c)) * (-((((((-(2)) * c) + a) + (b + c)) * ((1 / 2) * (2 * floor_power2(((b - (a * (1 / 2))) + interval(-2.22507385850720138309e-308, 2.22507385850720138309e-308)))))))))))) / (2 * sqrt((-((((((((a * (-(2))) + a) + b) + c) * ((a + b) + c)) * (-((((((b - (a * (1 / 2))) * 2) - (b + c)) * (1 / 2)) * ((((-(2)) * c) + a) + (b + c)))))) * (1 / (-(8)))))))))
9: exp = -53: ((-(((1 / (-(8))) * ((((((a * (-(2))) + a) + b) + c) * ((a + b) + c)) * (-(((((((b - (a * (1 / 2))) * 2) - (b + c)) * (1 / 2)) * floor_power2(((b + c) + 0))) + (((((-(2)) * c) + a) + (b + c)) * ((1 / 2) * (-(floor_power2(((b + c) + 0))))))))))))) / (2 * sqrt((-((((((((a * (-(2))) + a) + b) + c) * ((a + b) + c)) * (-((((((b - (a * (1 / 2))) * 2) - (b + c)) * (1 / 2)) * ((((-(2)) * c) + a) + (b + c)))))) * (1 / (-(8)))))))))
10: exp = -53: ((-(((1 / (-(8))) * ((((((a * (-(2))) + a) + b) + c) * ((a + b) + c)) * (-((((((-(2)) * c) + a) + (b + c)) * ((1 / 2) * floor_power2(((((b - (a * (1 / 2))) * 2) - (b + c)) + interval(-9.43689570931383256575e-16, 9.43689570931383256575e-16))))))))))) / (2 * sqrt((-((((((((a * (-(2))) + a) + b) + c) * ((a + b) + c)) * (-((((((b - (a * (1 / 2))) * 2) - (b + c)) * (1 / 2)) * ((((-(2)) * c) + a) + (b + c)))))) * (1 / (-(8)))))))))
-1: exp = -1022: ((-(((1 / (-(8))) * ((((((a * (-(2))) + a) + b) + c) * ((a + b) + c)) * (-((((((-(2)) * c) + a) + (b + c)) * 1))))))) / (2 * sqrt((-((((((((a * (-(2))) + a) + b) + c) * ((a + b) + c)) * (-((((((b - (a * (1 / 2))) * 2) - (b + c)) * (1 / 2)) * ((((-(2)) * c) + a) + (b + c)))))) * (1 / (-(8)))))))))
11: exp = -53: ((-(((1 / (-(8))) * ((((((a * (-(2))) + a) + b) + c) * ((a + b) + c)) * (-((((((b - (a * (1 / 2))) * 2) - (b + c)) * (1 / 2)) * floor_power2((((-(2)) * c) + 0))))))))) / (2 * sqrt((-((((((((a * (-(2))) + a) + b) + c) * ((a + b) + c)) * (-((((((b - (a * (1 / 2))) * 2) - (b + c)) * (1 / 2)) * ((((-(2)) * c) + a) + (b + c)))))) * (1 / (-(8)))))))))
12: exp = -53: ((-(((1 / (-(8))) * ((((((a * (-(2))) + a) + b) + c) * ((a + b) + c)) * (-((((((b - (a * (1 / 2))) * 2) - (b + c)) * (1 / 2)) * floor_power2(((((-(2)) * c) + a) + interval(-8.88178419700125429554e-16, 8.88178419700125429554e-16)))))))))) / (2 * sqrt((-((((((((a * (-(2))) + a) + b) + c) * ((a + b) + c)) * (-((((((b - (a * (1 / 2))) * 2) - (b + c)) * (1 / 2)) * ((((-(2)) * c) + a) + (b + c)))))) * (1 / (-(8)))))))))
13: exp = -53: ((-(((1 / (-(8))) * ((((((a * (-(2))) + a) + b) + c) * ((a + b) + c)) * (-((((((b - (a * (1 / 2))) * 2) - (b + c)) * (1 / 2)) * floor_power2((((((-(2)) * c) + a) + (b + c)) + interval(-1.83186799063150868613e-15, 1.83186799063150868613e-15)))))))))) / (2 * sqrt((-((((((((a * (-(2))) + a) + b) + c) * ((a + b) + c)) * (-((((((b - (a * (1 / 2))) * 2) - (b + c)) * (1 / 2)) * ((((-(2)) * c) + a) + (b + c)))))) * (1 / (-(8)))))))))
14: exp = -53: ((-(((1 / (-(8))) * ((((((a * (-(2))) + a) + b) + c) * ((a + b) + c)) * (-(floor_power2(((((((b - (a * (1 / 2))) * 2) - (b + c)) * (1 / 2)) * ((((-(2)) * c) + a) + (b + c))) + interval(-2.13029593965075158146e-14, 2.13029593965075158146e-14))))))))) / (2 * sqrt((-((((((((a * (-(2))) + a) + b) + c) * ((a + b) + c)) * (-((((((b - (a * (1 / 2))) * 2) - (b + c)) * (1 / 2)) * ((((-(2)) * c) + a) + (b + c)))))) * (1 / (-(8)))))))))
15: exp = -53: ((-(((1 / (-(8))) * floor_power2((((((((a * (-(2))) + a) + b) + c) * ((a + b) + c)) * (-((((((b - (a * (1 / 2))) * 2) - (b + c)) * (1 / 2)) * ((((-(2)) * c) + a) + (b + c)))))) + interval(-3.09703275824802605006e-12, 3.09703275824802605006e-12)))))) / (2 * sqrt((-((((((((a * (-(2))) + a) + b) + c) * ((a + b) + c)) * (-((((((b - (a * (1 / 2))) * 2) - (b + c)) * (1 / 2)) * ((((-(2)) * c) + a) + (b + c)))))) * (1 / (-(8)))))))))
16: exp = -53: ((-(floor_power2(((((((((a * (-(2))) + a) + b) + c) * ((a + b) + c)) * (-((((((b - (a * (1 / 2))) * 2) - (b + c)) * (1 / 2)) * ((((-(2)) * c) + a) + (b + c)))))) * (1 / (-(8)))) + interval(-3.94234522138604258116e-13, 3.94234522138604258116e-13))))) / (2 * sqrt((-((((((((a * (-(2))) + a) + b) + c) * ((a + b) + c)) * (-((((((b - (a * (1 / 2))) * 2) - (b + c)) * (1 / 2)) * ((((-(2)) * c) + a) + (b + c)))))) * (1 / (-(8)))))))))
17: exp = -53: floor_power2((sqrt((-((((((((a * (-(2))) + a) + b) + c) * ((a + b) + c)) * (-((((((b - (a * (1 / 2))) * 2) - (b + c)) * (1 / 2)) * ((((-(2)) * c) + a) + (b + c)))))) * (1 / (-(8))))))) + interval(-3.34009782575921115194e-14, 3.34009782575921115194e-14)))

Corresponding original subexpressions:
1: rnd64((a * (-(2))))
2: rnd[64,ne,1.00,-53,0]((rnd64((a * (-(2)))) + a))
3: rnd[64,ne,1.00,-53,0]((rnd[64,ne,1.00,-53,0]((rnd64((a * (-(2)))) + a)) + b))
4: rnd[64,ne,1.00,-53,0]((rnd[64,ne,1.00,-53,0]((rnd[64,ne,1.00,-53,0]((rnd64((a * (-(2)))) + a)) + b)) + c))
5: rnd[64,ne,1.00,-53,0]((a + b))
6: rnd[64,ne,1.00,-53,0]((rnd[64,ne,1.00,-53,0]((a + b)) + c))
7: rnd64((rnd[64,ne,1.00,-53,0]((rnd[64,ne,1.00,-53,0]((rnd[64,ne,1.00,-53,0]((rnd64((a * (-(2)))) + a)) + b)) + c)) * rnd[64,ne,1.00,-53,0]((rnd[64,ne,1.00,-53,0]((a + b)) + c))))
8: rnd[64,ne,1.00,-53,0]((b - rnd[64,ne,1.00,0,-1022]((a / 2))))
9: rnd[64,ne,1.00,-53,0]((b + c))
10: rnd[64,ne,1.00,-53,0](((rnd[64,ne,1.00,-53,0]((b - rnd[64,ne,1.00,0,-1022]((a / 2)))) * 2) - rnd[64,ne,1.00,-53,0]((b + c))))
11: rnd64(((-(2)) * c))
12: rnd[64,ne,1.00,-53,0]((rnd64(((-(2)) * c)) + a))
13: rnd[64,ne,1.00,-53,0]((rnd[64,ne,1.00,-53,0]((rnd64(((-(2)) * c)) + a)) + rnd[64,ne,1.00,-53,0]((b + c))))
14: rnd64((rnd[64,ne,1.00,0,-1022]((rnd[64,ne,1.00,-53,0](((rnd[64,ne,1.00,-53,0]((b - rnd[64,ne,1.00,0,-1022]((a / 2)))) * 2) - rnd[64,ne,1.00,-53,0]((b + c)))) / 2)) * rnd[64,ne,1.00,-53,0]((rnd[64,ne,1.00,-53,0]((rnd64(((-(2)) * c)) + a)) + rnd[64,ne,1.00,-53,0]((b + c))))))
15: rnd64((rnd64((rnd[64,ne,1.00,-53,0]((rnd[64,ne,1.00,-53,0]((rnd[64,ne,1.00,-53,0]((rnd64((a * (-(2)))) + a)) + b)) + c)) * rnd[64,ne,1.00,-53,0]((rnd[64,ne,1.00,-53,0]((a + b)) + c)))) * (-(rnd64((rnd[64,ne,1.00,0,-1022]((rnd[64,ne,1.00,-53,0](((rnd[64,ne,1.00,-53,0]((b - rnd[64,ne,1.00,0,-1022]((a / 2)))) * 2) - rnd[64,ne,1.00,-53,0]((b + c)))) / 2)) * rnd[64,ne,1.00,-53,0]((rnd[64,ne,1.00,-53,0]((rnd64(((-(2)) * c)) + a)) + rnd[64,ne,1.00,-53,0]((b + c))))))))))
16: rnd64((rnd64((rnd64((rnd[64,ne,1.00,-53,0]((rnd[64,ne,1.00,-53,0]((rnd[64,ne,1.00,-53,0]((rnd64((a * (-(2)))) + a)) + b)) + c)) * rnd[64,ne,1.00,-53,0]((rnd[64,ne,1.00,-53,0]((a + b)) + c)))) * (-(rnd64((rnd[64,ne,1.00,0,-1022]((rnd[64,ne,1.00,-53,0](((rnd[64,ne,1.00,-53,0]((b - rnd[64,ne,1.00,0,-1022]((a / 2)))) * 2) - rnd[64,ne,1.00,-53,0]((b + c)))) / 2)) * rnd[64,ne,1.00,-53,0]((rnd[64,ne,1.00,-53,0]((rnd64(((-(2)) * c)) + a)) + rnd[64,ne,1.00,-53,0]((b + c)))))))))) / (-(8))))
17: rnd[64,ne,1.00,-53,0](sqrt((-(rnd64((rnd64((rnd64((rnd[64,ne,1.00,-53,0]((rnd[64,ne,1.00,-53,0]((rnd[64,ne,1.00,-53,0]((rnd64((a * (-(2)))) + a)) + b)) + c)) * rnd[64,ne,1.00,-53,0]((rnd[64,ne,1.00,-53,0]((a + b)) + c)))) * (-(rnd64((rnd[64,ne,1.00,0,-1022]((rnd[64,ne,1.00,-53,0](((rnd[64,ne,1.00,-53,0]((b - rnd[64,ne,1.00,0,-1022]((a / 2)))) * 2) - rnd[64,ne,1.00,-53,0]((b + c)))) / 2)) * rnd[64,ne,1.00,-53,0]((rnd[64,ne,1.00,-53,0]((rnd64(((-(2)) * c)) + a)) + rnd[64,ne,1.00,-53,0]((b + c)))))))))) / (-(8))))))))

Selected optimization method: bb-eval
bb-eval_opt: x_abs_tol = 1.000000e-02, f_rel_tol = 1.000000e-02, f_abs_tol = 1.000000e-02, iters = 1000000
bounds: [6.195654e+00, 8.697591e+00]

Computing absolute errors
Selected optimization method: bb-eval
bb-eval_opt: x_abs_tol = 1.000000e-02, f_rel_tol = 1.000000e-02, f_abs_tol = 1.000000e-02, iters = 1000000
rmin(result = 1.019616e-12, lower = 1.019616e-12), rmax(result = 1.019616e-12, lower = 1.019616e-12)
-1: exp = -53: 1.019616e-12 (low = 1.019616e-12, subopt = 0.0%)
Selected optimization method: bb-eval
bb-eval_opt: x_abs_tol = 1.000000e-02, f_rel_tol = 1.000000e-02, f_abs_tol = 1.000000e-02, iters = 1000000
rmin(result = 6.785097e-01, lower = 6.953596e-01), rmax(result = 9.763890e-01, lower = 9.568307e-01)
-1: exp = -1022: 9.763890e-01 (low = 9.568307e-01, subopt = 2.0%)
Selected optimization method: bb-eval
bb-eval_opt: x_abs_tol = 1.000000e-02, f_rel_tol = 1.000000e-02, f_abs_tol = 1.000000e-02, iters = 1000000
rmin(result = -9.763890e-01, lower = -9.568307e-01), rmax(result = -6.785097e-01, lower = -6.953596e-01)
-1: exp = -1022: 9.763890e-01 (low = 9.568307e-01, subopt = 2.0%)

Solving the exact optimization problem
Selected optimization method: bb-eval
bb-eval_opt: x_abs_tol = 1.000000e-02, f_rel_tol = 1.000000e-02, f_abs_tol = 1.000000e-02, iters = 1000000
exact bound (exp = -53): 2.437181e+02 (low = 2.418320e+02, subopt = 0.8%)
total2: 1.132001e-28 (low = 1.132001e-28, subopt = 0.0%)
exact total: 2.705815e-14 (low = 2.684875e-14, subopt = 0.8%)

Computing relative errors
Selected optimization method: bb-eval
bb-eval_opt: x_abs_tol = 1.000000e-02, f_rel_tol = 1.000000e-02, f_abs_tol = 1.000000e-02, iters = 1000000
rmin(result = 1.019616e-12, lower = 1.019616e-12), rmax(result = 1.019616e-12, lower = 1.019616e-12)
-1: exp = -53: 1.019616e-12 (low = 1.019616e-12, subopt = 0.0%)
Selected optimization method: bb-eval
bb-eval_opt: x_abs_tol = 1.000000e-02, f_rel_tol = 1.000000e-02, f_abs_tol = 1.000000e-02, iters = 1000000
rmin(result = 6.785097e-01, lower = 6.953596e-01), rmax(result = 9.763890e-01, lower = 9.568307e-01)
-1: exp = -1022: 9.763890e-01 (low = 9.568307e-01, subopt = 2.0%)
Selected optimization method: bb-eval
bb-eval_opt: x_abs_tol = 1.000000e-02, f_rel_tol = 1.000000e-02, f_abs_tol = 1.000000e-02, iters = 1000000
rmin(result = -9.763890e-01, lower = -9.568307e-01), rmax(result = -6.785097e-01, lower = -6.953596e-01)
-1: exp = -1022: 9.763890e-01 (low = 9.568307e-01, subopt = 2.0%)

Solving the exact optimization problem
Selected optimization method: bb-eval
bb-eval_opt: x_abs_tol = 1.000000e-02, f_rel_tol = 1.000000e-02, f_abs_tol = 1.000000e-02, iters = 1000000
exact bound-rel (exp = -53): 3.893858e+01 (low = 3.864220e+01, subopt = 0.8%)
total2: 1.827089e-29 (low = 1.301511e-29, subopt = 28.8%)
exact total-rel: 4.323050e-15 (low = 4.290146e-15, subopt = 0.8%)

Elapsed time: 0.04651
*************************************

-------------------------------------------------------------------------------
Problem: result

Optimization lower bounds for error models:
The absolute error (exact) model: 2.684874e-14 (0x1.e3aa00729348ep-46) (suboptimality = 0.8%)
The relative error (exact) model: 4.290146e-15 (0x1.35233a3430808p-48) (suboptimality = 0.8%)

Bounds (without rounding): [6.195654, 8.697592]
Bounds (floating-point): [6.195654, 8.697592]

Absolute error (exact): 2.705815e-14 (0x1.e76fad1618ebp-46)
Relative error (exact): 4.323051e-15 (0x1.378234b87ca91p-48)

Elapsed time: 0.05

