Base path: /Users/laura.zielinski/FPTaylor
Config file: /Users/laura.zielinski/FPTaylor/default.cfg
Config file: /var/folders/38/q_vgzzt959nfc63ldktzz1gr0000gp/T/tmpf1n7n0t7.cfg
default-rnd = rnd64
nlopt-cc = gcc -std=c99 -O3
opt-exact = true
develop = false
log-append-date = start
uncertainty = false
rel-error = true
opt-approx = false
proof-record = false
find-bounds = false
proof-dir = proofs
opt-f-abs-tol = 0.01
fail-on-exception = true
print-opt-lower-bounds = true
bb-compile = {base}/b_and_b/compile.sh {base} {input} {out}
z3-python-lib = 
opt-x-abs-tol = 0.01
export-error-bounds = 
opt-f-rel-tol = 0.01
export-options = 
opt-x-rel-tol = 0.0
rel-error-threshold = 0.0001
bb-alg = opt0
log-base-dir = log
intermediate-opt = false
z3-interval-bounds = true
opt-max-iters = 1000000
abs-error = true
z3-bin = 
maxima-simplification = false
print-hex-floats = true
debug = true
print-precision = 7
export-error-bounds-data = 
fp-power2-model = true
opt = auto
default-var-type = float64
verbosity = 2
ulp-error = false
opt-timeout = 10000
nlopt-lib = -lnlopt -lm
tmp-base-dir = tmp
unique-indices = false
z3-seed = 0
tmp-date = false
z3-python-cmd = python
const-approx-real-vars = false
print-second-order-errors = false
Resetting input_parser_env
eval_const_expr: (-(5))
result: -5
eval_const_expr: 5
result: 5
eval_const_expr: 0
result: 0
eval_const_expr: 5
result: 5
eval_const_expr: (-(5))
result: -5
eval_const_expr: (-(20))
result: -20
eval_const_expr: 5
result: 5
eval_const_expr: 0
result: 0
eval_const_expr: 5
result: 5
eval_const_expr: (-(20))
result: -20
Resetting input_parser_env
|tasks| = 1
Processing: result

*************************************
Taylor form for: rnd64((rnd64((rnd64((rnd64((rnd64((rnd64((rnd64((rnd64((rnd64((rnd64((rnd64(x1) * rnd64(x1))) * rnd64((-(rnd64(3)))))) - rnd64((rnd64(x2) - rnd64(x1))))) - rnd64(x2))) / rnd64((rnd64((-(rnd64(1)))) - rnd64((rnd64(x1) * rnd64(x1))))))) * rnd64((rnd64((rnd64((rnd64(x1) * rnd64(x1))) * rnd64(4))) + rnd64((rnd64((rnd64(x1) * rnd64((rnd64((-(rnd64(3)))) + rnd64((rnd64((rnd64((rnd64((rnd64((rnd64(x1) * rnd64(x1))) * rnd64((-(rnd64(3)))))) - rnd64((rnd64(x2) - rnd64(x1))))) - rnd64(x2))) / rnd64((rnd64((-(rnd64(1)))) - rnd64((rnd64(x1) * rnd64(x1))))))))))) * rnd64(2))))))) - rnd64((rnd64((rnd64(x1) * rnd64((rnd64(6) * rnd64(x1))))) - rnd64(x1))))) * rnd64((rnd64(1) + rnd64((rnd64(x1) * rnd64(x1))))))) - rnd64((rnd64((rnd64(3) / rnd64((rnd64((-(rnd64(1)))) - rnd64((rnd64(x1) * rnd64(x1))))))) * rnd64((rnd64((rnd64((rnd64((rnd64(x2) - rnd64((rnd64(x1) - rnd64(x2))))) - rnd64((rnd64((rnd64(x1) * rnd64(x1))) * rnd64((-(rnd64(3)))))))) * rnd64((rnd64(x1) * rnd64(x1))))) + rnd64((rnd64((rnd64(3) * rnd64((rnd64(x1) * rnd64(x1))))) - rnd64((rnd64((rnd64(x2) + rnd64(x2))) + rnd64(x1))))))))))) + rnd64(x1)))

Conservative bound: [-2043255.000000, 2280945.000000]

Simplified rounding: rnd[64,ne,1.00,-53,0]((rnd[64,ne,1.00,-53,0]((rnd64((rnd[64,ne,1.00,-53,0]((rnd64((rnd64((rnd[64,ne,1.00,-53,0]((rnd[64,ne,1.00,-53,0]((rnd64((rnd64((x1 * x1)) * (-(3)))) - rnd[64,ne,1.00,-53,0]((x2 - x1)))) - x2)) / rnd[64,ne,1.00,-53,0](((-(1)) - rnd64((x1 * x1)))))) * rnd[64,ne,1.00,-53,0](((rnd64((x1 * x1)) * 4) + (rnd64((x1 * rnd[64,ne,1.00,-53,0](((-(3)) + rnd64((rnd[64,ne,1.00,-53,0]((rnd[64,ne,1.00,-53,0]((rnd64((rnd64((x1 * x1)) * (-(3)))) - rnd[64,ne,1.00,-53,0]((x2 - x1)))) - x2)) / rnd[64,ne,1.00,-53,0](((-(1)) - rnd64((x1 * x1)))))))))) * 2))))) - rnd[64,ne,1.00,-53,0]((rnd64((x1 * rnd64((6 * x1)))) - x1)))) * rnd[64,ne,1.00,-53,0]((1 + rnd64((x1 * x1)))))) - rnd64((rnd64((3 / rnd[64,ne,1.00,-53,0](((-(1)) - rnd64((x1 * x1)))))) * rnd[64,ne,1.00,-53,0]((rnd64((rnd[64,ne,1.00,-53,0]((rnd[64,ne,1.00,-53,0]((x2 - rnd[64,ne,1.00,-53,0]((x1 - x2)))) - rnd64((rnd64((x1 * x1)) * (-(3)))))) * rnd64((x1 * x1)))) + rnd[64,ne,1.00,-53,0]((rnd64((3 * rnd64((x1 * x1)))) - rnd[64,ne,1.00,-53,0]((rnd[64,ne,1.00,-53,0]((x2 + x2)) + x1)))))))))) + x1))
Building Taylor forms...
var_form
mul_form
rounded_form
const_form
neg_form
mul_form
rounded_form
var_form
sub_form
rounded_form
sub_form
rounded_form
sub_form
rounded_form
const_form
neg_form
sub_form
rounded_form
div_form
inv_form
mul_form
rounded_form
const_form
mul_form
add_form
rounded_form
mul_form
rounded_form
const_form
mul_form
add_form
rounded_form
mul_form
rounded_form
const_form
mul_form
rounded_form
mul_form
rounded_form
sub_form
rounded_form
sub_form
rounded_form
add_form
rounded_form
mul_form
rounded_form
div_form
inv_form
mul_form
rounded_form
sub_form
rounded_form
sub_form
rounded_form
sub_form
rounded_form
mul_form
rounded_form
mul_form
rounded_form
add_form
rounded_form
add_form
rounded_form
sub_form
rounded_form
add_form
rounded_form
mul_form
rounded_form
sub_form
rounded_form
add_form
rounded_form
Taylor forms cache stats: num_bindings = 71, num_buckets = 1024, max_bucket_length = 2
Expr cache stats: num_bindings = 311, num_buckets = 65536, max_bucket_length = 2
Simplifying Taylor forms...
success
v0 = ((((((((((x1 * x1) * (-(3))) - (x2 - x1)) - x2) * (1 / ((-(1)) - (x1 * x1)))) * (((x1 * x1) * 4) + ((x1 * ((-(3)) + (((((x1 * x1) * (-(3))) - (x2 - x1)) - x2) * (1 / ((-(1)) - (x1 * x1)))))) * 2))) - ((x1 * (6 * x1)) - x1)) * (1 + (x1 * x1))) - ((3 * (1 / ((-(1)) - (x1 * x1)))) * ((((x2 - (x1 - x2)) - ((x1 * x1) * (-(3)))) * (x1 * x1)) + ((3 * (x1 * x1)) - ((x2 + x2) + x1))))) + x1)
-1: exp = -53: (2047311513387031/2361183241434822606848)
1: exp = -53: ((((((((((x1 * x1) * (-(3))) - (x2 - x1)) - x2) * (1 / ((-(1)) - (x1 * x1)))) * (((x1 * x1) * 4) + ((x1 * ((-(3)) + (((((x1 * x1) * (-(3))) - (x2 - x1)) - x2) * (1 / ((-(1)) - (x1 * x1)))))) * 2))) - ((x1 * (6 * x1)) - x1)) * floor_power2(((x1 * x1) + 0))) + ((1 + (x1 * x1)) * (((((((x1 * x1) * (-(3))) - (x2 - x1)) - x2) * (1 / ((-(1)) - (x1 * x1)))) * ((4 * floor_power2(((x1 * x1) + 0))) + (2 * (x1 * ((((((x1 * x1) * (-(3))) - (x2 - x1)) - x2) * (-(((-(floor_power2(((x1 * x1) + 0)))) / (((-(1)) - (x1 * x1)) * ((-(1)) - (x1 * x1))))))) + ((1 / ((-(1)) - (x1 * x1))) * ((-(3)) * floor_power2(((x1 * x1) + 0))))))))) + ((((x1 * x1) * 4) + ((x1 * ((-(3)) + (((((x1 * x1) * (-(3))) - (x2 - x1)) - x2) * (1 / ((-(1)) - (x1 * x1)))))) * 2)) * ((((((x1 * x1) * (-(3))) - (x2 - x1)) - x2) * (-(((-(floor_power2(((x1 * x1) + 0)))) / (((-(1)) - (x1 * x1)) * ((-(1)) - (x1 * x1))))))) + ((1 / ((-(1)) - (x1 * x1))) * ((-(3)) * floor_power2(((x1 * x1) + 0))))))))) + (-((((3 * (1 / ((-(1)) - (x1 * x1)))) * (((((x2 - (x1 - x2)) - ((x1 * x1) * (-(3)))) * floor_power2(((x1 * x1) + 0))) + ((x1 * x1) * (-(((-(3)) * floor_power2(((x1 * x1) + 0))))))) + (3 * floor_power2(((x1 * x1) + 0))))) + (((((x2 - (x1 - x2)) - ((x1 * x1) * (-(3)))) * (x1 * x1)) + ((3 * (x1 * x1)) - ((x2 + x2) + x1))) * (3 * (-(((-(floor_power2(((x1 * x1) + 0)))) / (((-(1)) - (x1 * x1)) * ((-(1)) - (x1 * x1))))))))))))
2: exp = -53: (((1 + (x1 * x1)) * (((((((x1 * x1) * (-(3))) - (x2 - x1)) - x2) * (1 / ((-(1)) - (x1 * x1)))) * (2 * (x1 * ((1 / ((-(1)) - (x1 * x1))) * floor_power2((((x1 * x1) * (-(3))) + interval(-5.32907051820075218289e-15, 5.32907051820075218289e-15))))))) + ((((x1 * x1) * 4) + ((x1 * ((-(3)) + (((((x1 * x1) * (-(3))) - (x2 - x1)) - x2) * (1 / ((-(1)) - (x1 * x1)))))) * 2)) * ((1 / ((-(1)) - (x1 * x1))) * floor_power2((((x1 * x1) * (-(3))) + interval(-5.32907051820075218289e-15, 5.32907051820075218289e-15))))))) + (-(((3 * (1 / ((-(1)) - (x1 * x1)))) * ((x1 * x1) * (-(floor_power2((((x1 * x1) * (-(3))) + interval(-5.32907051820075218289e-15, 5.32907051820075218289e-15))))))))))
3: exp = -53: ((1 + (x1 * x1)) * (((((((x1 * x1) * (-(3))) - (x2 - x1)) - x2) * (1 / ((-(1)) - (x1 * x1)))) * (2 * (x1 * ((1 / ((-(1)) - (x1 * x1))) * (-(floor_power2(((x2 - x1) + 0)))))))) + ((((x1 * x1) * 4) + ((x1 * ((-(3)) + (((((x1 * x1) * (-(3))) - (x2 - x1)) - x2) * (1 / ((-(1)) - (x1 * x1)))))) * 2)) * ((1 / ((-(1)) - (x1 * x1))) * (-(floor_power2(((x2 - x1) + 0))))))))
4: exp = -53: ((1 + (x1 * x1)) * (((((((x1 * x1) * (-(3))) - (x2 - x1)) - x2) * (1 / ((-(1)) - (x1 * x1)))) * (2 * (x1 * ((1 / ((-(1)) - (x1 * x1))) * floor_power2(((((x1 * x1) * (-(3))) - (x2 - x1)) + interval(-1.42108547152020068729e-14, 1.42108547152020068729e-14))))))) + ((((x1 * x1) * 4) + ((x1 * ((-(3)) + (((((x1 * x1) * (-(3))) - (x2 - x1)) - x2) * (1 / ((-(1)) - (x1 * x1)))))) * 2)) * ((1 / ((-(1)) - (x1 * x1))) * floor_power2(((((x1 * x1) * (-(3))) - (x2 - x1)) + interval(-1.42108547152020068729e-14, 1.42108547152020068729e-14)))))))
5: exp = -53: ((1 + (x1 * x1)) * (((((((x1 * x1) * (-(3))) - (x2 - x1)) - x2) * (1 / ((-(1)) - (x1 * x1)))) * (2 * (x1 * ((1 / ((-(1)) - (x1 * x1))) * floor_power2((((((x1 * x1) * (-(3))) - (x2 - x1)) - x2) + interval(-2.13162820728030087316e-14, 2.13162820728030087316e-14))))))) + ((((x1 * x1) * 4) + ((x1 * ((-(3)) + (((((x1 * x1) * (-(3))) - (x2 - x1)) - x2) * (1 / ((-(1)) - (x1 * x1)))))) * 2)) * ((1 / ((-(1)) - (x1 * x1))) * floor_power2((((((x1 * x1) * (-(3))) - (x2 - x1)) - x2) + interval(-2.13162820728030087316e-14, 2.13162820728030087316e-14)))))))
6: exp = -53: (((1 + (x1 * x1)) * (((((((x1 * x1) * (-(3))) - (x2 - x1)) - x2) * (1 / ((-(1)) - (x1 * x1)))) * (2 * (x1 * (((((x1 * x1) * (-(3))) - (x2 - x1)) - x2) * (-((floor_power2((((-(1)) - (x1 * x1)) + interval(-1.77635683940025085911e-15, 1.77635683940025085911e-15))) / (((-(1)) - (x1 * x1)) * ((-(1)) - (x1 * x1)))))))))) + ((((x1 * x1) * 4) + ((x1 * ((-(3)) + (((((x1 * x1) * (-(3))) - (x2 - x1)) - x2) * (1 / ((-(1)) - (x1 * x1)))))) * 2)) * (((((x1 * x1) * (-(3))) - (x2 - x1)) - x2) * (-((floor_power2((((-(1)) - (x1 * x1)) + interval(-1.77635683940025085911e-15, 1.77635683940025085911e-15))) / (((-(1)) - (x1 * x1)) * ((-(1)) - (x1 * x1)))))))))) + (-((((((x2 - (x1 - x2)) - ((x1 * x1) * (-(3)))) * (x1 * x1)) + ((3 * (x1 * x1)) - ((x2 + x2) + x1))) * (3 * (-((floor_power2((((-(1)) - (x1 * x1)) + interval(-1.77635683940025085911e-15, 1.77635683940025085911e-15))) / (((-(1)) - (x1 * x1)) * ((-(1)) - (x1 * x1)))))))))))
7: exp = -53: ((1 + (x1 * x1)) * (((((((x1 * x1) * (-(3))) - (x2 - x1)) - x2) * (1 / ((-(1)) - (x1 * x1)))) * (2 * (x1 * floor_power2(((((((x1 * x1) * (-(3))) - (x2 - x1)) - x2) * (1 / ((-(1)) - (x1 * x1)))) + interval(-3.42836870004249601860e-13, 3.42836870004249601860e-13)))))) + ((((x1 * x1) * 4) + ((x1 * ((-(3)) + (((((x1 * x1) * (-(3))) - (x2 - x1)) - x2) * (1 / ((-(1)) - (x1 * x1)))))) * 2)) * floor_power2(((((((x1 * x1) * (-(3))) - (x2 - x1)) - x2) * (1 / ((-(1)) - (x1 * x1)))) + interval(-3.42836870004249601860e-13, 3.42836870004249601860e-13))))))
8: exp = -53: ((1 + (x1 * x1)) * ((((((x1 * x1) * (-(3))) - (x2 - x1)) - x2) * (1 / ((-(1)) - (x1 * x1)))) * (2 * (x1 * floor_power2((((-(3)) + (((((x1 * x1) * (-(3))) - (x2 - x1)) - x2) * (1 / ((-(1)) - (x1 * x1))))) + interval(-3.49942297361850603719e-13, 3.49942297361850603719e-13)))))))
9: exp = -53: ((1 + (x1 * x1)) * ((((((x1 * x1) * (-(3))) - (x2 - x1)) - x2) * (1 / ((-(1)) - (x1 * x1)))) * (2 * floor_power2(((x1 * ((-(3)) + (((((x1 * x1) * (-(3))) - (x2 - x1)) - x2) * (1 / ((-(1)) - (x1 * x1)))))) + interval(-1.78523862359725797740e-12, 1.78523862359725797740e-12))))))
10: exp = -53: ((1 + (x1 * x1)) * ((((((x1 * x1) * (-(3))) - (x2 - x1)) - x2) * (1 / ((-(1)) - (x1 * x1)))) * floor_power2(((((x1 * x1) * 4) + ((x1 * ((-(3)) + (((((x1 * x1) * (-(3))) - (x2 - x1)) - x2) * (1 / ((-(1)) - (x1 * x1)))))) * 2)) + interval(-3.63442609341292497153e-12, 3.63442609341292497153e-12)))))
11: exp = -53: ((1 + (x1 * x1)) * floor_power2((((((((x1 * x1) * (-(3))) - (x2 - x1)) - x2) * (1 / ((-(1)) - (x1 * x1)))) * (((x1 * x1) * 4) + ((x1 * ((-(3)) + (((((x1 * x1) * (-(3))) - (x2 - x1)) - x2) * (1 / ((-(1)) - (x1 * x1)))))) * 2))) + interval(-6.71018796083448231947e-10, 6.71018796083448231947e-10))))
12: exp = -53: ((1 + (x1 * x1)) * (-((x1 * floor_power2(((6 * x1) + 0))))))
13: exp = -53: ((1 + (x1 * x1)) * (-(floor_power2(((x1 * (6 * x1)) + interval(-8.88178419700125390111e-15, 8.88178419700125390111e-15))))))
14: exp = -53: ((1 + (x1 * x1)) * (-(floor_power2((((x1 * (6 * x1)) - x1) + interval(-2.30926389122032591963e-14, 2.30926389122032591963e-14))))))
15: exp = -53: ((1 + (x1 * x1)) * floor_power2(((((((((x1 * x1) * (-(3))) - (x2 - x1)) - x2) * (1 / ((-(1)) - (x1 * x1)))) * (((x1 * x1) * 4) + ((x1 * ((-(3)) + (((((x1 * x1) * (-(3))) - (x2 - x1)) - x2) * (1 / ((-(1)) - (x1 * x1)))))) * 2))) - ((x1 * (6 * x1)) - x1)) + interval(-6.78332057191259063110e-10, 6.78332057191259063110e-10))))
16: exp = -53: ((((((((x1 * x1) * (-(3))) - (x2 - x1)) - x2) * (1 / ((-(1)) - (x1 * x1)))) * (((x1 * x1) * 4) + ((x1 * ((-(3)) + (((((x1 * x1) * (-(3))) - (x2 - x1)) - x2) * (1 / ((-(1)) - (x1 * x1)))))) * 2))) - ((x1 * (6 * x1)) - x1)) * floor_power2(((1 + (x1 * x1)) + interval(-1.77635683940025085911e-15, 1.77635683940025085911e-15))))
17: exp = -53: floor_power2((((((((((x1 * x1) * (-(3))) - (x2 - x1)) - x2) * (1 / ((-(1)) - (x1 * x1)))) * (((x1 * x1) * 4) + ((x1 * ((-(3)) + (((((x1 * x1) * (-(3))) - (x2 - x1)) - x2) * (1 / ((-(1)) - (x1 * x1)))))) * 2))) - ((x1 * (6 * x1)) - x1)) * (1 + (x1 * x1))) + interval(-1.81205237481664054388e-08, 1.81205237481664054388e-08)))
18: exp = -53: (-((((((x2 - (x1 - x2)) - ((x1 * x1) * (-(3)))) * (x1 * x1)) + ((3 * (x1 * x1)) - ((x2 + x2) + x1))) * floor_power2(((3 * (1 / ((-(1)) - (x1 * x1)))) + interval(-1.06581410364015422311e-14, 1.06581410364015422311e-14))))))
19: exp = -53: (-(((3 * (1 / ((-(1)) - (x1 * x1)))) * ((x1 * x1) * (-(floor_power2(((x1 - x2) + 0))))))))
20: exp = -53: (-(((3 * (1 / ((-(1)) - (x1 * x1)))) * ((x1 * x1) * floor_power2(((x2 - (x1 - x2)) + interval(-1.77635683940025046468e-15, 1.77635683940025046468e-15)))))))
21: exp = -53: (-(((3 * (1 / ((-(1)) - (x1 * x1)))) * ((x1 * x1) * floor_power2((((x2 - (x1 - x2)) - ((x1 * x1) * (-(3)))) + interval(-1.77635683940025078022e-14, 1.77635683940025078022e-14)))))))
22: exp = -53: (-(((3 * (1 / ((-(1)) - (x1 * x1)))) * floor_power2(((((x2 - (x1 - x2)) - ((x1 * x1) * (-(3)))) * (x1 * x1)) + interval(-7.81597009336110305432e-13, 7.81597009336110305432e-13))))))
23: exp = -53: (-(((3 * (1 / ((-(1)) - (x1 * x1)))) * floor_power2(((3 * (x1 * x1)) + interval(-5.32907051820075218289e-15, 5.32907051820075218289e-15))))))
24: exp = -53: (-(((3 * (1 / ((-(1)) - (x1 * x1)))) * (-(floor_power2(((x2 + x2) + 0)))))))
25: exp = -53: (-(((3 * (1 / ((-(1)) - (x1 * x1)))) * (-(floor_power2((((x2 + x2) + x1) + interval(-3.55271367880050092936e-15, 3.55271367880050092936e-15))))))))
26: exp = -53: (-(((3 * (1 / ((-(1)) - (x1 * x1)))) * floor_power2((((3 * (x1 * x1)) - ((x2 + x2) + x1)) + interval(-1.95399252334027582669e-14, 1.95399252334027582669e-14))))))
27: exp = -53: (-(((3 * (1 / ((-(1)) - (x1 * x1)))) * floor_power2((((((x2 - (x1 - x2)) - ((x1 * x1) * (-(3)))) * (x1 * x1)) + ((3 * (x1 * x1)) - ((x2 + x2) + x1))) + interval(-1.03561603737034622286e-12, 1.03561603737034622286e-12))))))
28: exp = -53: (-(floor_power2((((3 * (1 / ((-(1)) - (x1 * x1)))) * ((((x2 - (x1 - x2)) - ((x1 * x1) * (-(3)))) * (x1 * x1)) + ((3 * (x1 * x1)) - ((x2 + x2) + x1)))) + interval(-2.89195334346460342563e-11, 2.89195334346460342563e-11)))))
29: exp = -53: floor_power2(((((((((((x1 * x1) * (-(3))) - (x2 - x1)) - x2) * (1 / ((-(1)) - (x1 * x1)))) * (((x1 * x1) * 4) + ((x1 * ((-(3)) + (((((x1 * x1) * (-(3))) - (x2 - x1)) - x2) * (1 / ((-(1)) - (x1 * x1)))))) * 2))) - ((x1 * (6 * x1)) - x1)) * (1 + (x1 * x1))) - ((3 * (1 / ((-(1)) - (x1 * x1)))) * ((((x2 - (x1 - x2)) - ((x1 * x1) * (-(3)))) * (x1 * x1)) + ((3 * (x1 * x1)) - ((x2 + x2) + x1))))) + interval(-1.83827286726058074595e-08, 1.83827286726058074595e-08)))
30: exp = -53: floor_power2((((((((((((x1 * x1) * (-(3))) - (x2 - x1)) - x2) * (1 / ((-(1)) - (x1 * x1)))) * (((x1 * x1) * 4) + ((x1 * ((-(3)) + (((((x1 * x1) * (-(3))) - (x2 - x1)) - x2) * (1 / ((-(1)) - (x1 * x1)))))) * 2))) - ((x1 * (6 * x1)) - x1)) * (1 + (x1 * x1))) - ((3 * (1 / ((-(1)) - (x1 * x1)))) * ((((x2 - (x1 - x2)) - ((x1 * x1) * (-(3)))) * (x1 * x1)) + ((3 * (x1 * x1)) - ((x2 + x2) + x1))))) + x1) + interval(-1.86155593162596770884e-08, 1.86155593162596770884e-08)))

Corresponding original subexpressions:
1: rnd64((x1 * x1))
2: rnd64((rnd64((x1 * x1)) * (-(3))))
3: rnd[64,ne,1.00,-53,0]((x2 - x1))
4: rnd[64,ne,1.00,-53,0]((rnd64((rnd64((x1 * x1)) * (-(3)))) - rnd[64,ne,1.00,-53,0]((x2 - x1))))
5: rnd[64,ne,1.00,-53,0]((rnd[64,ne,1.00,-53,0]((rnd64((rnd64((x1 * x1)) * (-(3)))) - rnd[64,ne,1.00,-53,0]((x2 - x1)))) - x2))
6: rnd[64,ne,1.00,-53,0](((-(1)) - rnd64((x1 * x1))))
7: rnd64((rnd[64,ne,1.00,-53,0]((rnd[64,ne,1.00,-53,0]((rnd64((rnd64((x1 * x1)) * (-(3)))) - rnd[64,ne,1.00,-53,0]((x2 - x1)))) - x2)) / rnd[64,ne,1.00,-53,0](((-(1)) - rnd64((x1 * x1))))))
8: rnd[64,ne,1.00,-53,0](((-(3)) + rnd64((rnd[64,ne,1.00,-53,0]((rnd[64,ne,1.00,-53,0]((rnd64((rnd64((x1 * x1)) * (-(3)))) - rnd[64,ne,1.00,-53,0]((x2 - x1)))) - x2)) / rnd[64,ne,1.00,-53,0](((-(1)) - rnd64((x1 * x1))))))))
9: rnd64((x1 * rnd[64,ne,1.00,-53,0](((-(3)) + rnd64((rnd[64,ne,1.00,-53,0]((rnd[64,ne,1.00,-53,0]((rnd64((rnd64((x1 * x1)) * (-(3)))) - rnd[64,ne,1.00,-53,0]((x2 - x1)))) - x2)) / rnd[64,ne,1.00,-53,0](((-(1)) - rnd64((x1 * x1))))))))))
10: rnd[64,ne,1.00,-53,0](((rnd64((x1 * x1)) * 4) + (rnd64((x1 * rnd[64,ne,1.00,-53,0](((-(3)) + rnd64((rnd[64,ne,1.00,-53,0]((rnd[64,ne,1.00,-53,0]((rnd64((rnd64((x1 * x1)) * (-(3)))) - rnd[64,ne,1.00,-53,0]((x2 - x1)))) - x2)) / rnd[64,ne,1.00,-53,0](((-(1)) - rnd64((x1 * x1)))))))))) * 2)))
11: rnd64((rnd64((rnd[64,ne,1.00,-53,0]((rnd[64,ne,1.00,-53,0]((rnd64((rnd64((x1 * x1)) * (-(3)))) - rnd[64,ne,1.00,-53,0]((x2 - x1)))) - x2)) / rnd[64,ne,1.00,-53,0](((-(1)) - rnd64((x1 * x1)))))) * rnd[64,ne,1.00,-53,0](((rnd64((x1 * x1)) * 4) + (rnd64((x1 * rnd[64,ne,1.00,-53,0](((-(3)) + rnd64((rnd[64,ne,1.00,-53,0]((rnd[64,ne,1.00,-53,0]((rnd64((rnd64((x1 * x1)) * (-(3)))) - rnd[64,ne,1.00,-53,0]((x2 - x1)))) - x2)) / rnd[64,ne,1.00,-53,0](((-(1)) - rnd64((x1 * x1)))))))))) * 2)))))
12: rnd64((6 * x1))
13: rnd64((x1 * rnd64((6 * x1))))
14: rnd[64,ne,1.00,-53,0]((rnd64((x1 * rnd64((6 * x1)))) - x1))
15: rnd[64,ne,1.00,-53,0]((rnd64((rnd64((rnd[64,ne,1.00,-53,0]((rnd[64,ne,1.00,-53,0]((rnd64((rnd64((x1 * x1)) * (-(3)))) - rnd[64,ne,1.00,-53,0]((x2 - x1)))) - x2)) / rnd[64,ne,1.00,-53,0](((-(1)) - rnd64((x1 * x1)))))) * rnd[64,ne,1.00,-53,0](((rnd64((x1 * x1)) * 4) + (rnd64((x1 * rnd[64,ne,1.00,-53,0](((-(3)) + rnd64((rnd[64,ne,1.00,-53,0]((rnd[64,ne,1.00,-53,0]((rnd64((rnd64((x1 * x1)) * (-(3)))) - rnd[64,ne,1.00,-53,0]((x2 - x1)))) - x2)) / rnd[64,ne,1.00,-53,0](((-(1)) - rnd64((x1 * x1)))))))))) * 2))))) - rnd[64,ne,1.00,-53,0]((rnd64((x1 * rnd64((6 * x1)))) - x1))))
16: rnd[64,ne,1.00,-53,0]((1 + rnd64((x1 * x1))))
17: rnd64((rnd[64,ne,1.00,-53,0]((rnd64((rnd64((rnd[64,ne,1.00,-53,0]((rnd[64,ne,1.00,-53,0]((rnd64((rnd64((x1 * x1)) * (-(3)))) - rnd[64,ne,1.00,-53,0]((x2 - x1)))) - x2)) / rnd[64,ne,1.00,-53,0](((-(1)) - rnd64((x1 * x1)))))) * rnd[64,ne,1.00,-53,0](((rnd64((x1 * x1)) * 4) + (rnd64((x1 * rnd[64,ne,1.00,-53,0](((-(3)) + rnd64((rnd[64,ne,1.00,-53,0]((rnd[64,ne,1.00,-53,0]((rnd64((rnd64((x1 * x1)) * (-(3)))) - rnd[64,ne,1.00,-53,0]((x2 - x1)))) - x2)) / rnd[64,ne,1.00,-53,0](((-(1)) - rnd64((x1 * x1)))))))))) * 2))))) - rnd[64,ne,1.00,-53,0]((rnd64((x1 * rnd64((6 * x1)))) - x1)))) * rnd[64,ne,1.00,-53,0]((1 + rnd64((x1 * x1))))))
18: rnd64((3 / rnd[64,ne,1.00,-53,0](((-(1)) - rnd64((x1 * x1))))))
19: rnd[64,ne,1.00,-53,0]((x1 - x2))
20: rnd[64,ne,1.00,-53,0]((x2 - rnd[64,ne,1.00,-53,0]((x1 - x2))))
21: rnd[64,ne,1.00,-53,0]((rnd[64,ne,1.00,-53,0]((x2 - rnd[64,ne,1.00,-53,0]((x1 - x2)))) - rnd64((rnd64((x1 * x1)) * (-(3))))))
22: rnd64((rnd[64,ne,1.00,-53,0]((rnd[64,ne,1.00,-53,0]((x2 - rnd[64,ne,1.00,-53,0]((x1 - x2)))) - rnd64((rnd64((x1 * x1)) * (-(3)))))) * rnd64((x1 * x1))))
23: rnd64((3 * rnd64((x1 * x1))))
24: rnd[64,ne,1.00,-53,0]((x2 + x2))
25: rnd[64,ne,1.00,-53,0]((rnd[64,ne,1.00,-53,0]((x2 + x2)) + x1))
26: rnd[64,ne,1.00,-53,0]((rnd64((3 * rnd64((x1 * x1)))) - rnd[64,ne,1.00,-53,0]((rnd[64,ne,1.00,-53,0]((x2 + x2)) + x1))))
27: rnd[64,ne,1.00,-53,0]((rnd64((rnd[64,ne,1.00,-53,0]((rnd[64,ne,1.00,-53,0]((x2 - rnd[64,ne,1.00,-53,0]((x1 - x2)))) - rnd64((rnd64((x1 * x1)) * (-(3)))))) * rnd64((x1 * x1)))) + rnd[64,ne,1.00,-53,0]((rnd64((3 * rnd64((x1 * x1)))) - rnd[64,ne,1.00,-53,0]((rnd[64,ne,1.00,-53,0]((x2 + x2)) + x1))))))
28: rnd64((rnd64((3 / rnd[64,ne,1.00,-53,0](((-(1)) - rnd64((x1 * x1)))))) * rnd[64,ne,1.00,-53,0]((rnd64((rnd[64,ne,1.00,-53,0]((rnd[64,ne,1.00,-53,0]((x2 - rnd[64,ne,1.00,-53,0]((x1 - x2)))) - rnd64((rnd64((x1 * x1)) * (-(3)))))) * rnd64((x1 * x1)))) + rnd[64,ne,1.00,-53,0]((rnd64((3 * rnd64((x1 * x1)))) - rnd[64,ne,1.00,-53,0]((rnd[64,ne,1.00,-53,0]((x2 + x2)) + x1))))))))
29: rnd[64,ne,1.00,-53,0]((rnd64((rnd[64,ne,1.00,-53,0]((rnd64((rnd64((rnd[64,ne,1.00,-53,0]((rnd[64,ne,1.00,-53,0]((rnd64((rnd64((x1 * x1)) * (-(3)))) - rnd[64,ne,1.00,-53,0]((x2 - x1)))) - x2)) / rnd[64,ne,1.00,-53,0](((-(1)) - rnd64((x1 * x1)))))) * rnd[64,ne,1.00,-53,0](((rnd64((x1 * x1)) * 4) + (rnd64((x1 * rnd[64,ne,1.00,-53,0](((-(3)) + rnd64((rnd[64,ne,1.00,-53,0]((rnd[64,ne,1.00,-53,0]((rnd64((rnd64((x1 * x1)) * (-(3)))) - rnd[64,ne,1.00,-53,0]((x2 - x1)))) - x2)) / rnd[64,ne,1.00,-53,0](((-(1)) - rnd64((x1 * x1)))))))))) * 2))))) - rnd[64,ne,1.00,-53,0]((rnd64((x1 * rnd64((6 * x1)))) - x1)))) * rnd[64,ne,1.00,-53,0]((1 + rnd64((x1 * x1)))))) - rnd64((rnd64((3 / rnd[64,ne,1.00,-53,0](((-(1)) - rnd64((x1 * x1)))))) * rnd[64,ne,1.00,-53,0]((rnd64((rnd[64,ne,1.00,-53,0]((rnd[64,ne,1.00,-53,0]((x2 - rnd[64,ne,1.00,-53,0]((x1 - x2)))) - rnd64((rnd64((x1 * x1)) * (-(3)))))) * rnd64((x1 * x1)))) + rnd[64,ne,1.00,-53,0]((rnd64((3 * rnd64((x1 * x1)))) - rnd[64,ne,1.00,-53,0]((rnd[64,ne,1.00,-53,0]((x2 + x2)) + x1))))))))))
30: rnd[64,ne,1.00,-53,0]((rnd[64,ne,1.00,-53,0]((rnd64((rnd[64,ne,1.00,-53,0]((rnd64((rnd64((rnd[64,ne,1.00,-53,0]((rnd[64,ne,1.00,-53,0]((rnd64((rnd64((x1 * x1)) * (-(3)))) - rnd[64,ne,1.00,-53,0]((x2 - x1)))) - x2)) / rnd[64,ne,1.00,-53,0](((-(1)) - rnd64((x1 * x1)))))) * rnd[64,ne,1.00,-53,0](((rnd64((x1 * x1)) * 4) + (rnd64((x1 * rnd[64,ne,1.00,-53,0](((-(3)) + rnd64((rnd[64,ne,1.00,-53,0]((rnd[64,ne,1.00,-53,0]((rnd64((rnd64((x1 * x1)) * (-(3)))) - rnd[64,ne,1.00,-53,0]((x2 - x1)))) - x2)) / rnd[64,ne,1.00,-53,0](((-(1)) - rnd64((x1 * x1)))))))))) * 2))))) - rnd[64,ne,1.00,-53,0]((rnd64((x1 * rnd64((6 * x1)))) - x1)))) * rnd[64,ne,1.00,-53,0]((1 + rnd64((x1 * x1)))))) - rnd64((rnd64((3 / rnd[64,ne,1.00,-53,0](((-(1)) - rnd64((x1 * x1)))))) * rnd[64,ne,1.00,-53,0]((rnd64((rnd[64,ne,1.00,-53,0]((rnd[64,ne,1.00,-53,0]((x2 - rnd[64,ne,1.00,-53,0]((x1 - x2)))) - rnd64((rnd64((x1 * x1)) * (-(3)))))) * rnd64((x1 * x1)))) + rnd[64,ne,1.00,-53,0]((rnd64((3 * rnd64((x1 * x1)))) - rnd[64,ne,1.00,-53,0]((rnd[64,ne,1.00,-53,0]((x2 + x2)) + x1)))))))))) + x1))

Selected optimization method: bb-eval
bb-eval_opt: x_abs_tol = 1.000000e-02, f_rel_tol = 1.000000e-02, f_abs_tol = 1.000000e-02, iters = 1000000
bounds: [-1.695483e+03, 4.877860e+03]

Computing absolute errors
Selected optimization method: bb-eval
bb-eval_opt: x_abs_tol = 1.000000e-02, f_rel_tol = 1.000000e-02, f_abs_tol = 1.000000e-02, iters = 1000000
rmin(result = 8.670702e-07, lower = 8.670702e-07), rmax(result = 8.670702e-07, lower = 8.670702e-07)
-1: exp = -53: 8.670702e-07 (low = 8.670702e-07, subopt = 0.0%)

Solving the exact optimization problem
Selected optimization method: bb-eval
bb-eval_opt: x_abs_tol = 1.000000e-02, f_rel_tol = 1.000000e-02, f_abs_tol = 1.000000e-02, iters = 1000000
exact bound (exp = -53): 8.713163e+04 (low = 8.632572e+04, subopt = 0.9%)
total2: 9.626412e-23 (low = 9.626412e-23, subopt = 0.0%)
exact total: 9.673554e-12 (low = 9.584080e-12, subopt = 0.9%)

Computing relative errors
**WARNING**: 
Cannot compute the relative error: values of the function are close to zero

Elapsed time: 0.39817
*************************************

-------------------------------------------------------------------------------
Problem: result

Optimization lower bounds for error models:
The absolute error (exact) model: 9.584080e-12 (0x1.5135b86d1f354p-37) (suboptimality = 0.9%)

Bounds (without rounding): [-1.695484e+3, 4.877861e+3]
Bounds (floating-point): [-1.695484e+3, 4.877861e+3]

Absolute error (exact): 9.673554e-12 (0x1.545ba0d095f54p-37)

Elapsed time: 0.40

