Base path: /Users/laura.zielinski/FPTaylor
Config file: /Users/laura.zielinski/FPTaylor/default.cfg
Config file: /var/folders/38/q_vgzzt959nfc63ldktzz1gr0000gp/T/tmpkrwwxz7k.cfg
default-rnd = rnd64
nlopt-cc = gcc -std=c99 -O3
opt-exact = true
develop = false
log-append-date = start
uncertainty = false
rel-error = true
opt-approx = false
proof-record = false
find-bounds = false
proof-dir = proofs
opt-f-abs-tol = 0.01
fail-on-exception = true
print-opt-lower-bounds = true
bb-compile = {base}/b_and_b/compile.sh {base} {input} {out}
z3-python-lib = 
opt-x-abs-tol = 0.01
export-error-bounds = 
opt-f-rel-tol = 0.01
export-options = 
opt-x-rel-tol = 0.0
rel-error-threshold = 0.0001
bb-alg = opt0
log-base-dir = log
intermediate-opt = false
z3-interval-bounds = true
opt-max-iters = 1000000
abs-error = true
z3-bin = 
maxima-simplification = false
print-hex-floats = true
debug = true
print-precision = 7
export-error-bounds-data = 
fp-power2-model = true
opt = auto
default-var-type = float64
verbosity = 2
ulp-error = false
opt-timeout = 10000
nlopt-lib = -lnlopt -lm
tmp-base-dir = tmp
unique-indices = false
z3-seed = 0
tmp-date = false
z3-python-cmd = python
const-approx-real-vars = false
print-second-order-errors = false
Resetting input_parser_env
eval_const_expr: (-((157079632679/100000000000)))
result: -157079632679/100000000000
eval_const_expr: (157079632679/100000000000)
result: 157079632679/100000000000
eval_const_expr: 0
result: 0
eval_const_expr: (157079632679/100000000000)
result: 157079632679/100000000000
eval_const_expr: (-((157079632679/100000000000)))
result: -157079632679/100000000000
Resetting input_parser_env
|tasks| = 1
Processing: result

*************************************
Taylor form for: rnd64((rnd64(x) * rnd64((rnd64((rnd64((rnd64(x) * rnd64(x))) * rnd64((-(rnd64((rnd64((rnd64(6) / rnd64(36))) - rnd64((rnd64((rnd64(x) * rnd64(x))) * rnd64((rnd64((rnd64((rnd64((-(rnd64(120)))) * rnd64((rnd64(x) * rnd64(x))))) - rnd64((-(rnd64(5040)))))) / rnd64(604800)))))))))))) + rnd64(1)))))

Conservative bound: [-1.570796, 1.570796]

Simplified rounding: rnd64((x * rnd[64,ne,1.00,-53,0]((rnd64((rnd64((x * x)) * (-(rnd[64,ne,1.00,-53,0]((rnd64((6 / 36)) - rnd64((rnd64((x * x)) * rnd64((rnd[64,ne,1.00,-53,0]((rnd64(((-(120)) * rnd64((x * x)))) - (-(5040)))) / 604800)))))))))) + 1))))
Building Taylor forms...
var_form
mul_form
rounded_form
const_form
const_form
div_form
inv_form
mul_form
rounded_form
const_form
neg_form
mul_form
rounded_form
const_form
neg_form
sub_form
rounded_form
const_form
div_form
inv_form
mul_form
rounded_form
mul_form
rounded_form
sub_form
rounded_form
neg_form
mul_form
rounded_form
const_form
add_form
rounded_form
mul_form
rounded_form
Taylor forms cache stats: num_bindings = 30, num_buckets = 1024, max_bucket_length = 1
Expr cache stats: num_bindings = 113, num_buckets = 65536, max_bucket_length = 1
Simplifying Taylor forms...
success
v0 = (x * (((x * x) * (-(((6 * (1 / 36)) - ((x * x) * ((((-(120)) * (x * x)) - (-(5040))) * (1 / 604800))))))) + 1))
-1: exp = -53: (5055726026928323/40564819207303340847894502572032)
1: exp = -53: (x * (((x * x) * (-((-((((x * x) * ((1 / 604800) * ((-(120)) * floor_power2(((x * x) + 0))))) + (((((-(120)) * (x * x)) - (-(5040))) * (1 / 604800)) * floor_power2(((x * x) + 0))))))))) + ((-(((6 * (1 / 36)) - ((x * x) * ((((-(120)) * (x * x)) - (-(5040))) * (1 / 604800)))))) * floor_power2(((x * x) + 0)))))
2: exp = -53: (x * ((x * x) * (-(floor_power2(((6 * (1 / 36)) + 0))))))
3: exp = -53: (x * ((x * x) * (-((-(((x * x) * ((1 / 604800) * floor_power2((((-(120)) * (x * x)) + interval(-2.66453525910037601256e-14, 2.66453525910037601256e-14)))))))))))
4: exp = -53: (x * ((x * x) * (-((-(((x * x) * ((1 / 604800) * floor_power2(((((-(120)) * (x * x)) - (-(5040))) + interval(-5.50670620214077707159e-14, 5.50670620214077707159e-14)))))))))))
5: exp = -53: (x * ((x * x) * (-((-(((x * x) * floor_power2((((((-(120)) * (x * x)) - (-(5040))) * (1 / 604800)) + interval(-8.42947111289470806196e-19, 8.42947111289470806196e-19))))))))))
6: exp = -53: (x * ((x * x) * (-((-(floor_power2((((x * x) * ((((-(120)) * (x * x)) - (-(5040))) * (1 / 604800))) + interval(-5.96168466354163880692e-18, 5.96168466354163880692e-18)))))))))
7: exp = -53: (x * ((x * x) * (-(floor_power2((((6 * (1 / 36)) - ((x * x) * ((((-(120)) * (x * x)) - (-(5040))) * (1 / 604800)))) + interval(-2.15741959473329057381e-17, 2.15741959473329057381e-17)))))))
8: exp = -53: (x * floor_power2((((x * x) * (-(((6 * (1 / 36)) - ((x * x) * ((((-(120)) * (x * x)) - (-(5040))) * (1 / 604800))))))) + interval(-1.20184307479299822392e-16, 1.20184307479299822392e-16))))
9: exp = -53: (x * floor_power2(((((x * x) * (-(((6 * (1 / 36)) - ((x * x) * ((((-(120)) * (x * x)) - (-(5040))) * (1 / 604800))))))) + 1) + interval(-1.47939883094928735902e-16, 1.47939883094928735902e-16))))
10: exp = -53: floor_power2(((x * (((x * x) * (-(((6 * (1 / 36)) - ((x * x) * ((((-(120)) * (x * x)) - (-(5040))) * (1 / 604800))))))) + 1)) + interval(-4.06776849851144067629e-16, 4.06776849851144067629e-16)))

Corresponding original subexpressions:
1: rnd64((x * x))
2: rnd64((6 / 36))
3: rnd64(((-(120)) * rnd64((x * x))))
4: rnd[64,ne,1.00,-53,0]((rnd64(((-(120)) * rnd64((x * x)))) - (-(5040))))
5: rnd64((rnd[64,ne,1.00,-53,0]((rnd64(((-(120)) * rnd64((x * x)))) - (-(5040)))) / 604800))
6: rnd64((rnd64((x * x)) * rnd64((rnd[64,ne,1.00,-53,0]((rnd64(((-(120)) * rnd64((x * x)))) - (-(5040)))) / 604800))))
7: rnd[64,ne,1.00,-53,0]((rnd64((6 / 36)) - rnd64((rnd64((x * x)) * rnd64((rnd[64,ne,1.00,-53,0]((rnd64(((-(120)) * rnd64((x * x)))) - (-(5040)))) / 604800))))))
8: rnd64((rnd64((x * x)) * (-(rnd[64,ne,1.00,-53,0]((rnd64((6 / 36)) - rnd64((rnd64((x * x)) * rnd64((rnd[64,ne,1.00,-53,0]((rnd64(((-(120)) * rnd64((x * x)))) - (-(5040)))) / 604800))))))))))
9: rnd[64,ne,1.00,-53,0]((rnd64((rnd64((x * x)) * (-(rnd[64,ne,1.00,-53,0]((rnd64((6 / 36)) - rnd64((rnd64((x * x)) * rnd64((rnd[64,ne,1.00,-53,0]((rnd64(((-(120)) * rnd64((x * x)))) - (-(5040)))) / 604800)))))))))) + 1))
10: rnd64((x * rnd[64,ne,1.00,-53,0]((rnd64((rnd64((x * x)) * (-(rnd[64,ne,1.00,-53,0]((rnd64((6 / 36)) - rnd64((rnd64((x * x)) * rnd64((rnd[64,ne,1.00,-53,0]((rnd64(((-(120)) * rnd64((x * x)))) - (-(5040)))) / 604800)))))))))) + 1))))

Selected optimization method: bb-eval
bb-eval_opt: x_abs_tol = 1.000000e-02, f_rel_tol = 1.000000e-02, f_abs_tol = 1.000000e-02, iters = 1000000
bounds: [-1.017687e+00, 1.017687e+00]

Computing absolute errors
Selected optimization method: bb-eval
bb-eval_opt: x_abs_tol = 1.000000e-02, f_rel_tol = 1.000000e-02, f_abs_tol = 1.000000e-02, iters = 1000000
rmin(result = 1.246333e-16, lower = 1.246333e-16), rmax(result = 1.246333e-16, lower = 1.246333e-16)
-1: exp = -53: 1.246333e-16 (low = 1.246333e-16, subopt = 0.0%)

Solving the exact optimization problem
Selected optimization method: bb-eval
bb-eval_opt: x_abs_tol = 1.000000e-02, f_rel_tol = 1.000000e-02, f_abs_tol = 1.000000e-02, iters = 1000000
exact bound (exp = -53): 3.757838e+00 (low = 3.256919e+00, subopt = 13.3%)
total2: 1.383707e-32 (low = 1.383707e-32, subopt = 0.0%)
exact total: 4.172038e-16 (low = 3.615906e-16, subopt = 13.3%)

Computing relative errors
**WARNING**: 
Cannot compute the relative error: values of the function are close to zero

Elapsed time: 0.02113
*************************************

-------------------------------------------------------------------------------
Problem: result

Optimization lower bounds for error models:
The absolute error (exact) model: 3.615906e-16 (0x1.a0e2b830bb67dp-52) (suboptimality = 13.3%)

Bounds (without rounding): [-1.017687, 1.017687]
Bounds (floating-point): [-1.017687, 1.017687]

Absolute error (exact): 4.172038e-16 (0x1.e100d1c9515e7p-52)

Elapsed time: 0.02

