Base path: /Users/laura.zielinski/FPTaylor
Config file: /Users/laura.zielinski/FPTaylor/default.cfg
Config file: /var/folders/38/q_vgzzt959nfc63ldktzz1gr0000gp/T/tmpjfdc6jx2.cfg
default-rnd = rnd64
nlopt-cc = gcc -std=c99 -O3
opt-exact = true
develop = false
log-append-date = start
uncertainty = false
rel-error = true
opt-approx = false
proof-record = false
find-bounds = false
proof-dir = proofs
opt-f-abs-tol = 0.01
fail-on-exception = true
print-opt-lower-bounds = true
bb-compile = {base}/b_and_b/compile.sh {base} {input} {out}
z3-python-lib = 
opt-x-abs-tol = 0.01
export-error-bounds = 
opt-f-rel-tol = 0.01
export-options = 
opt-x-rel-tol = 0.0
rel-error-threshold = 0.0001
bb-alg = opt0
log-base-dir = log
intermediate-opt = false
z3-interval-bounds = true
opt-max-iters = 1000000
abs-error = true
z3-bin = 
maxima-simplification = false
print-hex-floats = true
debug = true
print-precision = 7
export-error-bounds-data = 
fp-power2-model = true
opt = auto
default-var-type = float64
verbosity = 2
ulp-error = false
opt-timeout = 10000
nlopt-lib = -lnlopt -lm
tmp-base-dir = tmp
unique-indices = false
z3-seed = 0
tmp-date = false
z3-python-cmd = python
const-approx-real-vars = false
print-second-order-errors = false
Resetting input_parser_env
eval_const_expr: (-(5))
result: -5
eval_const_expr: 5
result: 5
eval_const_expr: 0
result: 0
eval_const_expr: 5
result: 5
eval_const_expr: (-(5))
result: -5
eval_const_expr: (-(20))
result: -20
eval_const_expr: 5
result: 5
eval_const_expr: 0
result: 0
eval_const_expr: 5
result: 5
eval_const_expr: (-(20))
result: -20
Resetting input_parser_env
|tasks| = 1
Processing: result

*************************************
Taylor form for: rnd64((rnd64(x1) - rnd64((rnd64((rnd64((rnd64(3) / rnd64((rnd64((-(rnd64(1)))) - rnd64((rnd64(x1) * rnd64(x1))))))) * rnd64((rnd64((rnd64((rnd64((rnd64((rnd64((rnd64((rnd64(x1) * rnd64(x1))) * rnd64(3))) + rnd64((rnd64(x2) - rnd64(x1))))) + rnd64(x2))) * rnd64(x1))) * rnd64(x1))) + rnd64((rnd64((rnd64((rnd64((rnd64(x1) * rnd64(x1))) * rnd64(3))) - rnd64(x1))) - rnd64((rnd64(x2) + rnd64(x2))))))))) - rnd64((rnd64((rnd64(1) + rnd64((rnd64(x1) * rnd64(x1))))) * rnd64((rnd64((rnd64((rnd64((rnd64((rnd64((rnd64(x1) * rnd64((rnd64(x1) * rnd64((-(rnd64(3)))))))) - rnd64((rnd64(x2) - rnd64(x1))))) - rnd64(x2))) / rnd64((rnd64((-(rnd64(1)))) - rnd64((rnd64(x1) * rnd64(x1))))))) * rnd64((rnd64((rnd64((rnd64(x1) + rnd64(x1))) * rnd64((rnd64((-(rnd64(3)))) - rnd64((rnd64((rnd64((rnd64((rnd64((rnd64(x1) * rnd64(x1))) * rnd64(3))) + rnd64((rnd64(x2) - rnd64(x1))))) + rnd64(x2))) / rnd64((rnd64((-(rnd64(1)))) - rnd64((rnd64(x1) * rnd64(x1))))))))))) + rnd64((rnd64(4) * rnd64((rnd64(x1) * rnd64(x1))))))))) - rnd64((rnd64((rnd64((rnd64(x1) * rnd64(x1))) * rnd64(6))) - rnd64(x1)))))))))))

Conservative bound: [-3037230.000000, 2721645.000000]

Simplified rounding: rnd[64,ne,1.00,-53,0]((x1 - rnd[64,ne,1.00,-53,0]((rnd64((rnd64((3 / rnd[64,ne,1.00,-53,0](((-(1)) - rnd64((x1 * x1)))))) * rnd[64,ne,1.00,-53,0]((rnd64((rnd64((rnd[64,ne,1.00,-53,0]((rnd[64,ne,1.00,-53,0]((rnd64((rnd64((x1 * x1)) * 3)) + rnd[64,ne,1.00,-53,0]((x2 - x1)))) + x2)) * x1)) * x1)) + rnd[64,ne,1.00,-53,0]((rnd[64,ne,1.00,-53,0]((rnd64((rnd64((x1 * x1)) * 3)) - x1)) - rnd[64,ne,1.00,-53,0]((x2 + x2)))))))) - rnd64((rnd[64,ne,1.00,-53,0]((1 + rnd64((x1 * x1)))) * rnd[64,ne,1.00,-53,0]((rnd64((rnd64((rnd[64,ne,1.00,-53,0]((rnd[64,ne,1.00,-53,0]((rnd64((x1 * rnd64((x1 * (-(3)))))) - rnd[64,ne,1.00,-53,0]((x2 - x1)))) - x2)) / rnd[64,ne,1.00,-53,0](((-(1)) - rnd64((x1 * x1)))))) * rnd[64,ne,1.00,-53,0]((rnd64((rnd[64,ne,1.00,-53,0]((x1 + x1)) * rnd[64,ne,1.00,-53,0](((-(3)) - rnd64((rnd[64,ne,1.00,-53,0]((rnd[64,ne,1.00,-53,0]((rnd64((rnd64((x1 * x1)) * 3)) + rnd[64,ne,1.00,-53,0]((x2 - x1)))) + x2)) / rnd[64,ne,1.00,-53,0](((-(1)) - rnd64((x1 * x1)))))))))) + (4 * rnd64((x1 * x1))))))) - rnd[64,ne,1.00,-53,0]((rnd64((rnd64((x1 * x1)) * 6)) - x1))))))))))
Building Taylor forms...
var_form
const_form
const_form
neg_form
mul_form
rounded_form
sub_form
rounded_form
div_form
inv_form
mul_form
rounded_form
mul_form
rounded_form
var_form
sub_form
rounded_form
add_form
rounded_form
add_form
rounded_form
mul_form
rounded_form
mul_form
rounded_form
sub_form
rounded_form
add_form
rounded_form
sub_form
rounded_form
add_form
rounded_form
mul_form
rounded_form
add_form
rounded_form
neg_form
mul_form
rounded_form
mul_form
rounded_form
sub_form
rounded_form
sub_form
rounded_form
div_form
inv_form
mul_form
rounded_form
add_form
rounded_form
div_form
inv_form
mul_form
rounded_form
sub_form
rounded_form
mul_form
rounded_form
const_form
mul_form
add_form
rounded_form
mul_form
rounded_form
const_form
mul_form
rounded_form
sub_form
rounded_form
sub_form
rounded_form
mul_form
rounded_form
sub_form
rounded_form
sub_form
rounded_form
Taylor forms cache stats: num_bindings = 73, num_buckets = 1024, max_bucket_length = 3
Expr cache stats: num_bindings = 380, num_buckets = 65536, max_bucket_length = 2
Simplifying Taylor forms...
success
v0 = (x1 - (((3 * (1 / ((-(1)) - (x1 * x1)))) * (((((((x1 * x1) * 3) + (x2 - x1)) + x2) * x1) * x1) + ((((x1 * x1) * 3) - x1) - (x2 + x2)))) - ((1 + (x1 * x1)) * ((((((x1 * (x1 * (-(3)))) - (x2 - x1)) - x2) * (1 / ((-(1)) - (x1 * x1)))) * (((x1 + x1) * ((-(3)) - (((((x1 * x1) * 3) + (x2 - x1)) + x2) * (1 / ((-(1)) - (x1 * x1)))))) + (4 * (x1 * x1)))) - (((x1 * x1) * 6) - x1)))))
-1: exp = -53: (2738460318236703/2361183241434822606848)
1: exp = -53: (-(((((3 * (1 / ((-(1)) - (x1 * x1)))) * ((x1 * (x1 * (3 * floor_power2(((x1 * x1) + 0))))) + (3 * floor_power2(((x1 * x1) + 0))))) + ((((((((x1 * x1) * 3) + (x2 - x1)) + x2) * x1) * x1) + ((((x1 * x1) * 3) - x1) - (x2 + x2))) * (3 * (-(((-(floor_power2(((x1 * x1) + 0)))) / (((-(1)) - (x1 * x1)) * ((-(1)) - (x1 * x1))))))))) + (-((((1 + (x1 * x1)) * (((((((x1 * (x1 * (-(3)))) - (x2 - x1)) - x2) * (1 / ((-(1)) - (x1 * x1)))) * (((x1 + x1) * (-(((((((x1 * x1) * 3) + (x2 - x1)) + x2) * (-(((-(floor_power2(((x1 * x1) + 0)))) / (((-(1)) - (x1 * x1)) * ((-(1)) - (x1 * x1))))))) + ((1 / ((-(1)) - (x1 * x1))) * (3 * floor_power2(((x1 * x1) + 0)))))))) + (4 * floor_power2(((x1 * x1) + 0))))) + ((((x1 + x1) * ((-(3)) - (((((x1 * x1) * 3) + (x2 - x1)) + x2) * (1 / ((-(1)) - (x1 * x1)))))) + (4 * (x1 * x1))) * ((((x1 * (x1 * (-(3)))) - (x2 - x1)) - x2) * (-(((-(floor_power2(((x1 * x1) + 0)))) / (((-(1)) - (x1 * x1)) * ((-(1)) - (x1 * x1))))))))) + (-((6 * floor_power2(((x1 * x1) + 0))))))) + (((((((x1 * (x1 * (-(3)))) - (x2 - x1)) - x2) * (1 / ((-(1)) - (x1 * x1)))) * (((x1 + x1) * ((-(3)) - (((((x1 * x1) * 3) + (x2 - x1)) + x2) * (1 / ((-(1)) - (x1 * x1)))))) + (4 * (x1 * x1)))) - (((x1 * x1) * 6) - x1)) * floor_power2(((x1 * x1) + 0)))))))))
2: exp = -53: (-((((((((((x1 * x1) * 3) + (x2 - x1)) + x2) * x1) * x1) + ((((x1 * x1) * 3) - x1) - (x2 + x2))) * (3 * (-((floor_power2((((-(1)) - (x1 * x1)) + interval(-1.77635683940025085911e-15, 1.77635683940025085911e-15))) / (((-(1)) - (x1 * x1)) * ((-(1)) - (x1 * x1)))))))) + (-(((1 + (x1 * x1)) * ((((((x1 * (x1 * (-(3)))) - (x2 - x1)) - x2) * (1 / ((-(1)) - (x1 * x1)))) * ((x1 + x1) * (-((((((x1 * x1) * 3) + (x2 - x1)) + x2) * (-((floor_power2((((-(1)) - (x1 * x1)) + interval(-1.77635683940025085911e-15, 1.77635683940025085911e-15))) / (((-(1)) - (x1 * x1)) * ((-(1)) - (x1 * x1))))))))))) + ((((x1 + x1) * ((-(3)) - (((((x1 * x1) * 3) + (x2 - x1)) + x2) * (1 / ((-(1)) - (x1 * x1)))))) + (4 * (x1 * x1))) * ((((x1 * (x1 * (-(3)))) - (x2 - x1)) - x2) * (-((floor_power2((((-(1)) - (x1 * x1)) + interval(-1.77635683940025085911e-15, 1.77635683940025085911e-15))) / (((-(1)) - (x1 * x1)) * ((-(1)) - (x1 * x1)))))))))))))))
3: exp = -53: (-(((((((((x1 * x1) * 3) + (x2 - x1)) + x2) * x1) * x1) + ((((x1 * x1) * 3) - x1) - (x2 + x2))) * floor_power2(((3 * (1 / ((-(1)) - (x1 * x1)))) + interval(-1.06581410364015422311e-14, 1.06581410364015422311e-14))))))
4: exp = -53: (-((((3 * (1 / ((-(1)) - (x1 * x1)))) * ((x1 * (x1 * floor_power2((((x1 * x1) * 3) + interval(-5.32907051820075218289e-15, 5.32907051820075218289e-15))))) + floor_power2((((x1 * x1) * 3) + interval(-5.32907051820075218289e-15, 5.32907051820075218289e-15))))) + (-(((1 + (x1 * x1)) * (((((x1 * (x1 * (-(3)))) - (x2 - x1)) - x2) * (1 / ((-(1)) - (x1 * x1)))) * ((x1 + x1) * (-(((1 / ((-(1)) - (x1 * x1))) * floor_power2((((x1 * x1) * 3) + interval(-5.32907051820075218289e-15, 5.32907051820075218289e-15))))))))))))))
5: exp = -53: (-((((3 * (1 / ((-(1)) - (x1 * x1)))) * (x1 * (x1 * floor_power2(((x2 - x1) + 0))))) + (-(((1 + (x1 * x1)) * ((((((x1 * (x1 * (-(3)))) - (x2 - x1)) - x2) * (1 / ((-(1)) - (x1 * x1)))) * ((x1 + x1) * (-(((1 / ((-(1)) - (x1 * x1))) * floor_power2(((x2 - x1) + 0))))))) + ((((x1 + x1) * ((-(3)) - (((((x1 * x1) * 3) + (x2 - x1)) + x2) * (1 / ((-(1)) - (x1 * x1)))))) + (4 * (x1 * x1))) * ((1 / ((-(1)) - (x1 * x1))) * (-(floor_power2(((x2 - x1) + 0)))))))))))))
6: exp = -53: (-((((3 * (1 / ((-(1)) - (x1 * x1)))) * (x1 * (x1 * floor_power2(((((x1 * x1) * 3) + (x2 - x1)) + interval(-1.42108547152020068729e-14, 1.42108547152020068729e-14)))))) + (-(((1 + (x1 * x1)) * (((((x1 * (x1 * (-(3)))) - (x2 - x1)) - x2) * (1 / ((-(1)) - (x1 * x1)))) * ((x1 + x1) * (-(((1 / ((-(1)) - (x1 * x1))) * floor_power2(((((x1 * x1) * 3) + (x2 - x1)) + interval(-1.42108547152020068729e-14, 1.42108547152020068729e-14))))))))))))))
7: exp = -53: (-((((3 * (1 / ((-(1)) - (x1 * x1)))) * (x1 * (x1 * floor_power2((((((x1 * x1) * 3) + (x2 - x1)) + x2) + interval(-2.13162820728030087316e-14, 2.13162820728030087316e-14)))))) + (-(((1 + (x1 * x1)) * (((((x1 * (x1 * (-(3)))) - (x2 - x1)) - x2) * (1 / ((-(1)) - (x1 * x1)))) * ((x1 + x1) * (-(((1 / ((-(1)) - (x1 * x1))) * floor_power2((((((x1 * x1) * 3) + (x2 - x1)) + x2) + interval(-2.13162820728030087316e-14, 2.13162820728030087316e-14))))))))))))))
8: exp = -53: (-(((3 * (1 / ((-(1)) - (x1 * x1)))) * (x1 * floor_power2(((((((x1 * x1) * 3) + (x2 - x1)) + x2) * x1) + interval(-1.42108547152020062418e-13, 1.42108547152020062418e-13)))))))
9: exp = -53: (-(((3 * (1 / ((-(1)) - (x1 * x1)))) * floor_power2((((((((x1 * x1) * 3) + (x2 - x1)) + x2) * x1) * x1) + interval(-8.52651282912120324020e-13, 8.52651282912120324020e-13))))))
10: exp = -53: (-(((3 * (1 / ((-(1)) - (x1 * x1)))) * floor_power2(((((x1 * x1) * 3) - x1) + interval(-1.24344978758017548305e-14, 1.24344978758017548305e-14))))))
11: exp = -53: (-(((3 * (1 / ((-(1)) - (x1 * x1)))) * (-(floor_power2(((x2 + x2) + 0)))))))
12: exp = -53: (-(((3 * (1 / ((-(1)) - (x1 * x1)))) * floor_power2((((((x1 * x1) * 3) - x1) - (x2 + x2)) + interval(-2.30926389122032591963e-14, 2.30926389122032591963e-14))))))
13: exp = -53: (-(((3 * (1 / ((-(1)) - (x1 * x1)))) * floor_power2(((((((((x1 * x1) * 3) + (x2 - x1)) + x2) * x1) * x1) + ((((x1 * x1) * 3) - x1) - (x2 + x2))) + interval(-1.11022302462515674237e-12, 1.11022302462515674237e-12))))))
14: exp = -53: (-(floor_power2((((3 * (1 / ((-(1)) - (x1 * x1)))) * (((((((x1 * x1) * 3) + (x2 - x1)) + x2) * x1) * x1) + ((((x1 * x1) * 3) - x1) - (x2 + x2)))) + interval(-2.97828428585945592133e-11, 2.97828428585945592133e-11)))))
15: exp = -53: (-((-((((((((x1 * (x1 * (-(3)))) - (x2 - x1)) - x2) * (1 / ((-(1)) - (x1 * x1)))) * (((x1 + x1) * ((-(3)) - (((((x1 * x1) * 3) + (x2 - x1)) + x2) * (1 / ((-(1)) - (x1 * x1)))))) + (4 * (x1 * x1)))) - (((x1 * x1) * 6) - x1)) * floor_power2(((1 + (x1 * x1)) + interval(-1.77635683940025085911e-15, 1.77635683940025085911e-15))))))))
16: exp = -53: (-((-(((1 + (x1 * x1)) * ((((x1 + x1) * ((-(3)) - (((((x1 * x1) * 3) + (x2 - x1)) + x2) * (1 / ((-(1)) - (x1 * x1)))))) + (4 * (x1 * x1))) * ((1 / ((-(1)) - (x1 * x1))) * (x1 * floor_power2(((x1 * (-(3))) + 0))))))))))
17: exp = -53: (-((-(((1 + (x1 * x1)) * ((((x1 + x1) * ((-(3)) - (((((x1 * x1) * 3) + (x2 - x1)) + x2) * (1 / ((-(1)) - (x1 * x1)))))) + (4 * (x1 * x1))) * ((1 / ((-(1)) - (x1 * x1))) * floor_power2(((x1 * (x1 * (-(3)))) + interval(-4.44089209850062695056e-15, 4.44089209850062695056e-15))))))))))
18: exp = -53: (-((-(((1 + (x1 * x1)) * ((((x1 + x1) * ((-(3)) - (((((x1 * x1) * 3) + (x2 - x1)) + x2) * (1 / ((-(1)) - (x1 * x1)))))) + (4 * (x1 * x1))) * ((1 / ((-(1)) - (x1 * x1))) * floor_power2((((x1 * (x1 * (-(3)))) - (x2 - x1)) + interval(-1.33226762955018800628e-14, 1.33226762955018800628e-14))))))))))
19: exp = -53: (-((-(((1 + (x1 * x1)) * ((((x1 + x1) * ((-(3)) - (((((x1 * x1) * 3) + (x2 - x1)) + x2) * (1 / ((-(1)) - (x1 * x1)))))) + (4 * (x1 * x1))) * ((1 / ((-(1)) - (x1 * x1))) * floor_power2(((((x1 * (x1 * (-(3)))) - (x2 - x1)) - x2) + interval(-2.04281036531028834992e-14, 2.04281036531028834992e-14))))))))))
20: exp = -53: (-((-(((1 + (x1 * x1)) * ((((x1 + x1) * ((-(3)) - (((((x1 * x1) * 3) + (x2 - x1)) + x2) * (1 / ((-(1)) - (x1 * x1)))))) + (4 * (x1 * x1))) * floor_power2((((((x1 * (x1 * (-(3)))) - (x2 - x1)) - x2) * (1 / ((-(1)) - (x1 * x1)))) + interval(-4.53859172466765609312e-13, 4.53859172466765609312e-13)))))))))
21: exp = -53: (-((-(((1 + (x1 * x1)) * (((((x1 * (x1 * (-(3)))) - (x2 - x1)) - x2) * (1 / ((-(1)) - (x1 * x1)))) * (((-(3)) - (((((x1 * x1) * 3) + (x2 - x1)) + x2) * (1 / ((-(1)) - (x1 * x1))))) * floor_power2(((x1 + x1) + 0)))))))))
22: exp = -53: (-((-(((1 + (x1 * x1)) * (((((x1 * (x1 * (-(3)))) - (x2 - x1)) - x2) * (1 / ((-(1)) - (x1 * x1)))) * ((x1 + x1) * (-(floor_power2(((((((x1 * x1) * 3) + (x2 - x1)) + x2) * (1 / ((-(1)) - (x1 * x1)))) + interval(-3.42836870004249601860e-13, 3.42836870004249601860e-13))))))))))))
23: exp = -53: (-((-(((1 + (x1 * x1)) * (((((x1 * (x1 * (-(3)))) - (x2 - x1)) - x2) * (1 / ((-(1)) - (x1 * x1)))) * ((x1 + x1) * floor_power2((((-(3)) - (((((x1 * x1) * 3) + (x2 - x1)) + x2) * (1 / ((-(1)) - (x1 * x1))))) + interval(-3.49942297361850603719e-13, 3.49942297361850603719e-13))))))))))
24: exp = -53: (-((-(((1 + (x1 * x1)) * (((((x1 * (x1 * (-(3)))) - (x2 - x1)) - x2) * (1 / ((-(1)) - (x1 * x1)))) * floor_power2((((x1 + x1) * ((-(3)) - (((((x1 * x1) * 3) + (x2 - x1)) + x2) * (1 / ((-(1)) - (x1 * x1)))))) + interval(-3.64774876970842725391e-12, 3.64774876970842725391e-12)))))))))
25: exp = -53: (-((-(((1 + (x1 * x1)) * (((((x1 * (x1 * (-(3)))) - (x2 - x1)) - x2) * (1 / ((-(1)) - (x1 * x1)))) * floor_power2(((((x1 + x1) * ((-(3)) - (((((x1 * x1) * 3) + (x2 - x1)) + x2) * (1 / ((-(1)) - (x1 * x1)))))) + (4 * (x1 * x1))) + interval(-3.71169761592683627064e-12, 3.71169761592683627064e-12)))))))))
26: exp = -53: (-((-(((1 + (x1 * x1)) * floor_power2(((((((x1 * (x1 * (-(3)))) - (x2 - x1)) - x2) * (1 / ((-(1)) - (x1 * x1)))) * (((x1 + x1) * ((-(3)) - (((((x1 * x1) * 3) + (x2 - x1)) + x2) * (1 / ((-(1)) - (x1 * x1)))))) + (4 * (x1 * x1)))) + interval(-8.98507934721242548477e-10, 8.98507934721242548477e-10))))))))
27: exp = -53: (-((-(((1 + (x1 * x1)) * (-(floor_power2((((x1 * x1) * 6) + interval(-1.06581410364015043658e-14, 1.06581410364015043658e-14))))))))))
28: exp = -53: (-((-(((1 + (x1 * x1)) * (-(floor_power2(((((x1 * x1) * 6) - x1) + interval(-2.48689957516035096609e-14, 2.48689957516035096609e-14))))))))))
29: exp = -53: (-((-(((1 + (x1 * x1)) * floor_power2((((((((x1 * (x1 * (-(3)))) - (x2 - x1)) - x2) * (1 / ((-(1)) - (x1 * x1)))) * (((x1 + x1) * ((-(3)) - (((((x1 * x1) * 3) + (x2 - x1)) + x2) * (1 / ((-(1)) - (x1 * x1)))))) + (4 * (x1 * x1)))) - (((x1 * x1) * 6) - x1)) + interval(-9.05812314044856378388e-10, 9.05812314044856378388e-10))))))))
30: exp = -53: (-((-(floor_power2((((1 + (x1 * x1)) * ((((((x1 * (x1 * (-(3)))) - (x2 - x1)) - x2) * (1 / ((-(1)) - (x1 * x1)))) * (((x1 + x1) * ((-(3)) - (((((x1 * x1) * 3) + (x2 - x1)) + x2) * (1 / ((-(1)) - (x1 * x1)))))) + (4 * (x1 * x1)))) - (((x1 * x1) * 6) - x1))) + interval(-2.41327988703689169426e-08, 2.41327988703689169426e-08)))))))
31: exp = -53: (-(floor_power2(((((3 * (1 / ((-(1)) - (x1 * x1)))) * (((((((x1 * x1) * 3) + (x2 - x1)) + x2) * x1) * x1) + ((((x1 * x1) * 3) - x1) - (x2 + x2)))) - ((1 + (x1 * x1)) * ((((((x1 * (x1 * (-(3)))) - (x2 - x1)) - x2) * (1 / ((-(1)) - (x1 * x1)))) * (((x1 + x1) * ((-(3)) - (((((x1 * x1) * 3) + (x2 - x1)) + x2) * (1 / ((-(1)) - (x1 * x1)))))) + (4 * (x1 * x1)))) - (((x1 * x1) * 6) - x1)))) + interval(-2.43947639866349999294e-08, 2.43947639866349999294e-08)))))
32: exp = -53: floor_power2(((x1 - (((3 * (1 / ((-(1)) - (x1 * x1)))) * (((((((x1 * x1) * 3) + (x2 - x1)) + x2) * x1) * x1) + ((((x1 * x1) * 3) - x1) - (x2 + x2)))) - ((1 + (x1 * x1)) * ((((((x1 * (x1 * (-(3)))) - (x2 - x1)) - x2) * (1 / ((-(1)) - (x1 * x1)))) * (((x1 + x1) * ((-(3)) - (((((x1 * x1) * 3) + (x2 - x1)) + x2) * (1 / ((-(1)) - (x1 * x1)))))) + (4 * (x1 * x1)))) - (((x1 * x1) * 6) - x1))))) + interval(-2.46275946302888695583e-08, 2.46275946302888695583e-08)))

Corresponding original subexpressions:
1: rnd64((x1 * x1))
2: rnd[64,ne,1.00,-53,0](((-(1)) - rnd64((x1 * x1))))
3: rnd64((3 / rnd[64,ne,1.00,-53,0](((-(1)) - rnd64((x1 * x1))))))
4: rnd64((rnd64((x1 * x1)) * 3))
5: rnd[64,ne,1.00,-53,0]((x2 - x1))
6: rnd[64,ne,1.00,-53,0]((rnd64((rnd64((x1 * x1)) * 3)) + rnd[64,ne,1.00,-53,0]((x2 - x1))))
7: rnd[64,ne,1.00,-53,0]((rnd[64,ne,1.00,-53,0]((rnd64((rnd64((x1 * x1)) * 3)) + rnd[64,ne,1.00,-53,0]((x2 - x1)))) + x2))
8: rnd64((rnd[64,ne,1.00,-53,0]((rnd[64,ne,1.00,-53,0]((rnd64((rnd64((x1 * x1)) * 3)) + rnd[64,ne,1.00,-53,0]((x2 - x1)))) + x2)) * x1))
9: rnd64((rnd64((rnd[64,ne,1.00,-53,0]((rnd[64,ne,1.00,-53,0]((rnd64((rnd64((x1 * x1)) * 3)) + rnd[64,ne,1.00,-53,0]((x2 - x1)))) + x2)) * x1)) * x1))
10: rnd[64,ne,1.00,-53,0]((rnd64((rnd64((x1 * x1)) * 3)) - x1))
11: rnd[64,ne,1.00,-53,0]((x2 + x2))
12: rnd[64,ne,1.00,-53,0]((rnd[64,ne,1.00,-53,0]((rnd64((rnd64((x1 * x1)) * 3)) - x1)) - rnd[64,ne,1.00,-53,0]((x2 + x2))))
13: rnd[64,ne,1.00,-53,0]((rnd64((rnd64((rnd[64,ne,1.00,-53,0]((rnd[64,ne,1.00,-53,0]((rnd64((rnd64((x1 * x1)) * 3)) + rnd[64,ne,1.00,-53,0]((x2 - x1)))) + x2)) * x1)) * x1)) + rnd[64,ne,1.00,-53,0]((rnd[64,ne,1.00,-53,0]((rnd64((rnd64((x1 * x1)) * 3)) - x1)) - rnd[64,ne,1.00,-53,0]((x2 + x2))))))
14: rnd64((rnd64((3 / rnd[64,ne,1.00,-53,0](((-(1)) - rnd64((x1 * x1)))))) * rnd[64,ne,1.00,-53,0]((rnd64((rnd64((rnd[64,ne,1.00,-53,0]((rnd[64,ne,1.00,-53,0]((rnd64((rnd64((x1 * x1)) * 3)) + rnd[64,ne,1.00,-53,0]((x2 - x1)))) + x2)) * x1)) * x1)) + rnd[64,ne,1.00,-53,0]((rnd[64,ne,1.00,-53,0]((rnd64((rnd64((x1 * x1)) * 3)) - x1)) - rnd[64,ne,1.00,-53,0]((x2 + x2))))))))
15: rnd[64,ne,1.00,-53,0]((1 + rnd64((x1 * x1))))
16: rnd64((x1 * (-(3))))
17: rnd64((x1 * rnd64((x1 * (-(3))))))
18: rnd[64,ne,1.00,-53,0]((rnd64((x1 * rnd64((x1 * (-(3)))))) - rnd[64,ne,1.00,-53,0]((x2 - x1))))
19: rnd[64,ne,1.00,-53,0]((rnd[64,ne,1.00,-53,0]((rnd64((x1 * rnd64((x1 * (-(3)))))) - rnd[64,ne,1.00,-53,0]((x2 - x1)))) - x2))
20: rnd64((rnd[64,ne,1.00,-53,0]((rnd[64,ne,1.00,-53,0]((rnd64((x1 * rnd64((x1 * (-(3)))))) - rnd[64,ne,1.00,-53,0]((x2 - x1)))) - x2)) / rnd[64,ne,1.00,-53,0](((-(1)) - rnd64((x1 * x1))))))
21: rnd[64,ne,1.00,-53,0]((x1 + x1))
22: rnd64((rnd[64,ne,1.00,-53,0]((rnd[64,ne,1.00,-53,0]((rnd64((rnd64((x1 * x1)) * 3)) + rnd[64,ne,1.00,-53,0]((x2 - x1)))) + x2)) / rnd[64,ne,1.00,-53,0](((-(1)) - rnd64((x1 * x1))))))
23: rnd[64,ne,1.00,-53,0](((-(3)) - rnd64((rnd[64,ne,1.00,-53,0]((rnd[64,ne,1.00,-53,0]((rnd64((rnd64((x1 * x1)) * 3)) + rnd[64,ne,1.00,-53,0]((x2 - x1)))) + x2)) / rnd[64,ne,1.00,-53,0](((-(1)) - rnd64((x1 * x1))))))))
24: rnd64((rnd[64,ne,1.00,-53,0]((x1 + x1)) * rnd[64,ne,1.00,-53,0](((-(3)) - rnd64((rnd[64,ne,1.00,-53,0]((rnd[64,ne,1.00,-53,0]((rnd64((rnd64((x1 * x1)) * 3)) + rnd[64,ne,1.00,-53,0]((x2 - x1)))) + x2)) / rnd[64,ne,1.00,-53,0](((-(1)) - rnd64((x1 * x1))))))))))
25: rnd[64,ne,1.00,-53,0]((rnd64((rnd[64,ne,1.00,-53,0]((x1 + x1)) * rnd[64,ne,1.00,-53,0](((-(3)) - rnd64((rnd[64,ne,1.00,-53,0]((rnd[64,ne,1.00,-53,0]((rnd64((rnd64((x1 * x1)) * 3)) + rnd[64,ne,1.00,-53,0]((x2 - x1)))) + x2)) / rnd[64,ne,1.00,-53,0](((-(1)) - rnd64((x1 * x1)))))))))) + (4 * rnd64((x1 * x1)))))
26: rnd64((rnd64((rnd[64,ne,1.00,-53,0]((rnd[64,ne,1.00,-53,0]((rnd64((x1 * rnd64((x1 * (-(3)))))) - rnd[64,ne,1.00,-53,0]((x2 - x1)))) - x2)) / rnd[64,ne,1.00,-53,0](((-(1)) - rnd64((x1 * x1)))))) * rnd[64,ne,1.00,-53,0]((rnd64((rnd[64,ne,1.00,-53,0]((x1 + x1)) * rnd[64,ne,1.00,-53,0](((-(3)) - rnd64((rnd[64,ne,1.00,-53,0]((rnd[64,ne,1.00,-53,0]((rnd64((rnd64((x1 * x1)) * 3)) + rnd[64,ne,1.00,-53,0]((x2 - x1)))) + x2)) / rnd[64,ne,1.00,-53,0](((-(1)) - rnd64((x1 * x1)))))))))) + (4 * rnd64((x1 * x1)))))))
27: rnd64((rnd64((x1 * x1)) * 6))
28: rnd[64,ne,1.00,-53,0]((rnd64((rnd64((x1 * x1)) * 6)) - x1))
29: rnd[64,ne,1.00,-53,0]((rnd64((rnd64((rnd[64,ne,1.00,-53,0]((rnd[64,ne,1.00,-53,0]((rnd64((x1 * rnd64((x1 * (-(3)))))) - rnd[64,ne,1.00,-53,0]((x2 - x1)))) - x2)) / rnd[64,ne,1.00,-53,0](((-(1)) - rnd64((x1 * x1)))))) * rnd[64,ne,1.00,-53,0]((rnd64((rnd[64,ne,1.00,-53,0]((x1 + x1)) * rnd[64,ne,1.00,-53,0](((-(3)) - rnd64((rnd[64,ne,1.00,-53,0]((rnd[64,ne,1.00,-53,0]((rnd64((rnd64((x1 * x1)) * 3)) + rnd[64,ne,1.00,-53,0]((x2 - x1)))) + x2)) / rnd[64,ne,1.00,-53,0](((-(1)) - rnd64((x1 * x1)))))))))) + (4 * rnd64((x1 * x1))))))) - rnd[64,ne,1.00,-53,0]((rnd64((rnd64((x1 * x1)) * 6)) - x1))))
30: rnd64((rnd[64,ne,1.00,-53,0]((1 + rnd64((x1 * x1)))) * rnd[64,ne,1.00,-53,0]((rnd64((rnd64((rnd[64,ne,1.00,-53,0]((rnd[64,ne,1.00,-53,0]((rnd64((x1 * rnd64((x1 * (-(3)))))) - rnd[64,ne,1.00,-53,0]((x2 - x1)))) - x2)) / rnd[64,ne,1.00,-53,0](((-(1)) - rnd64((x1 * x1)))))) * rnd[64,ne,1.00,-53,0]((rnd64((rnd[64,ne,1.00,-53,0]((x1 + x1)) * rnd[64,ne,1.00,-53,0](((-(3)) - rnd64((rnd[64,ne,1.00,-53,0]((rnd[64,ne,1.00,-53,0]((rnd64((rnd64((x1 * x1)) * 3)) + rnd[64,ne,1.00,-53,0]((x2 - x1)))) + x2)) / rnd[64,ne,1.00,-53,0](((-(1)) - rnd64((x1 * x1)))))))))) + (4 * rnd64((x1 * x1))))))) - rnd[64,ne,1.00,-53,0]((rnd64((rnd64((x1 * x1)) * 6)) - x1))))))
31: rnd[64,ne,1.00,-53,0]((rnd64((rnd64((3 / rnd[64,ne,1.00,-53,0](((-(1)) - rnd64((x1 * x1)))))) * rnd[64,ne,1.00,-53,0]((rnd64((rnd64((rnd[64,ne,1.00,-53,0]((rnd[64,ne,1.00,-53,0]((rnd64((rnd64((x1 * x1)) * 3)) + rnd[64,ne,1.00,-53,0]((x2 - x1)))) + x2)) * x1)) * x1)) + rnd[64,ne,1.00,-53,0]((rnd[64,ne,1.00,-53,0]((rnd64((rnd64((x1 * x1)) * 3)) - x1)) - rnd[64,ne,1.00,-53,0]((x2 + x2)))))))) - rnd64((rnd[64,ne,1.00,-53,0]((1 + rnd64((x1 * x1)))) * rnd[64,ne,1.00,-53,0]((rnd64((rnd64((rnd[64,ne,1.00,-53,0]((rnd[64,ne,1.00,-53,0]((rnd64((x1 * rnd64((x1 * (-(3)))))) - rnd[64,ne,1.00,-53,0]((x2 - x1)))) - x2)) / rnd[64,ne,1.00,-53,0](((-(1)) - rnd64((x1 * x1)))))) * rnd[64,ne,1.00,-53,0]((rnd64((rnd[64,ne,1.00,-53,0]((x1 + x1)) * rnd[64,ne,1.00,-53,0](((-(3)) - rnd64((rnd[64,ne,1.00,-53,0]((rnd[64,ne,1.00,-53,0]((rnd64((rnd64((x1 * x1)) * 3)) + rnd[64,ne,1.00,-53,0]((x2 - x1)))) + x2)) / rnd[64,ne,1.00,-53,0](((-(1)) - rnd64((x1 * x1)))))))))) + (4 * rnd64((x1 * x1))))))) - rnd[64,ne,1.00,-53,0]((rnd64((rnd64((x1 * x1)) * 6)) - x1))))))))
32: rnd[64,ne,1.00,-53,0]((x1 - rnd[64,ne,1.00,-53,0]((rnd64((rnd64((3 / rnd[64,ne,1.00,-53,0](((-(1)) - rnd64((x1 * x1)))))) * rnd[64,ne,1.00,-53,0]((rnd64((rnd64((rnd[64,ne,1.00,-53,0]((rnd[64,ne,1.00,-53,0]((rnd64((rnd64((x1 * x1)) * 3)) + rnd[64,ne,1.00,-53,0]((x2 - x1)))) + x2)) * x1)) * x1)) + rnd[64,ne,1.00,-53,0]((rnd[64,ne,1.00,-53,0]((rnd64((rnd64((x1 * x1)) * 3)) - x1)) - rnd[64,ne,1.00,-53,0]((x2 + x2)))))))) - rnd64((rnd[64,ne,1.00,-53,0]((1 + rnd64((x1 * x1)))) * rnd[64,ne,1.00,-53,0]((rnd64((rnd64((rnd[64,ne,1.00,-53,0]((rnd[64,ne,1.00,-53,0]((rnd64((x1 * rnd64((x1 * (-(3)))))) - rnd[64,ne,1.00,-53,0]((x2 - x1)))) - x2)) / rnd[64,ne,1.00,-53,0](((-(1)) - rnd64((x1 * x1)))))) * rnd[64,ne,1.00,-53,0]((rnd64((rnd[64,ne,1.00,-53,0]((x1 + x1)) * rnd[64,ne,1.00,-53,0](((-(3)) - rnd64((rnd[64,ne,1.00,-53,0]((rnd[64,ne,1.00,-53,0]((rnd64((rnd64((x1 * x1)) * 3)) + rnd[64,ne,1.00,-53,0]((x2 - x1)))) + x2)) / rnd[64,ne,1.00,-53,0](((-(1)) - rnd64((x1 * x1)))))))))) + (4 * rnd64((x1 * x1))))))) - rnd[64,ne,1.00,-53,0]((rnd64((rnd64((x1 * x1)) * 6)) - x1))))))))))

Selected optimization method: bb-eval
bb-eval_opt: x_abs_tol = 1.000000e-02, f_rel_tol = 1.000000e-02, f_abs_tol = 1.000000e-02, iters = 1000000
bounds: [-1.695483e+03, 4.877860e+03]

Computing absolute errors
Selected optimization method: bb-eval
bb-eval_opt: x_abs_tol = 1.000000e-02, f_rel_tol = 1.000000e-02, f_abs_tol = 1.000000e-02, iters = 1000000
rmin(result = 1.159783e-06, lower = 1.159783e-06), rmax(result = 1.159783e-06, lower = 1.159783e-06)
-1: exp = -53: 1.159783e-06 (low = 1.159783e-06, subopt = 0.0%)

Solving the exact optimization problem
Selected optimization method: bb-eval
bb-eval_opt: x_abs_tol = 1.000000e-02, f_rel_tol = 1.000000e-02, f_abs_tol = 1.000000e-02, iters = 1000000
exact bound (exp = -53): 8.159766e+04 (low = 8.117234e+04, subopt = 0.5%)
total2: 1.287618e-22 (low = 1.287618e-22, subopt = 0.0%)
exact total: 9.059161e-12 (low = 9.011940e-12, subopt = 0.5%)

Computing relative errors
**WARNING**: 
Cannot compute the relative error: values of the function are close to zero

Elapsed time: 0.63086
*************************************

-------------------------------------------------------------------------------
Problem: result

Optimization lower bounds for error models:
The absolute error (exact) model: 9.011939e-12 (0x1.3d1455f6fcbbbp-37) (suboptimality = 0.5%)

Bounds (without rounding): [-1.695484e+3, 4.877861e+3]
Bounds (floating-point): [-1.695484e+3, 4.877861e+3]

Absolute error (exact): 9.059161e-12 (0x1.3ebda9ee5ef3ep-37)

Elapsed time: 0.63

