Base path: /Users/laura.zielinski/FPTaylor
Config file: /Users/laura.zielinski/FPTaylor/default.cfg
Config file: /var/folders/38/q_vgzzt959nfc63ldktzz1gr0000gp/T/tmpch1e3e38.cfg
default-rnd = rnd64
nlopt-cc = gcc -std=c99 -O3
opt-exact = true
develop = false
log-append-date = start
uncertainty = false
rel-error = true
opt-approx = false
proof-record = false
find-bounds = false
proof-dir = proofs
opt-f-abs-tol = 0.01
fail-on-exception = true
print-opt-lower-bounds = true
bb-compile = {base}/b_and_b/compile.sh {base} {input} {out}
z3-python-lib = 
opt-x-abs-tol = 0.01
export-error-bounds = 
opt-f-rel-tol = 0.01
export-options = 
opt-x-rel-tol = 0.0
rel-error-threshold = 0.0001
bb-alg = opt0
log-base-dir = log
intermediate-opt = false
z3-interval-bounds = true
opt-max-iters = 1000000
abs-error = true
z3-bin = 
maxima-simplification = false
print-hex-floats = true
debug = true
print-precision = 7
export-error-bounds-data = 
fp-power2-model = true
opt = auto
default-var-type = float64
verbosity = 2
ulp-error = false
opt-timeout = 10000
nlopt-lib = -lnlopt -lm
tmp-base-dir = tmp
unique-indices = false
z3-seed = 0
tmp-date = false
z3-python-cmd = python
const-approx-real-vars = false
print-second-order-errors = false
Resetting input_parser_env
eval_const_expr: 0
result: 0
eval_const_expr: 6
result: 6
eval_const_expr: 0
result: 0
eval_const_expr: 6
result: 6
eval_const_expr: 0
result: 0
eval_const_expr: 0
result: 0
eval_const_expr: 6
result: 6
eval_const_expr: 0
result: 0
eval_const_expr: 6
result: 6
eval_const_expr: 0
result: 0
eval_const_expr: 1
result: 1
eval_const_expr: 5
result: 5
eval_const_expr: 0
result: 0
eval_const_expr: 5
result: 5
eval_const_expr: 1
result: 1
eval_const_expr: 0
result: 0
eval_const_expr: 6
result: 6
eval_const_expr: 0
result: 0
eval_const_expr: 6
result: 6
eval_const_expr: 0
result: 0
eval_const_expr: 0
result: 0
eval_const_expr: 6
result: 6
eval_const_expr: 0
result: 0
eval_const_expr: 6
result: 6
eval_const_expr: 0
result: 0
eval_const_expr: 0
result: 0
eval_const_expr: 10
result: 10
eval_const_expr: 0
result: 0
eval_const_expr: 10
result: 10
eval_const_expr: 0
result: 0
Resetting input_parser_env
|tasks| = 1
Processing: result

*************************************
Taylor form for: rnd64((rnd64((rnd64((rnd64((rnd64((rnd64((rnd64((-(rnd64(25)))) * rnd64((rnd64((rnd64(x1) - rnd64(2))) * rnd64((rnd64(x1) - rnd64(2))))))) - rnd64((rnd64((rnd64(x2) - rnd64(2))) * rnd64((rnd64(x2) - rnd64(2))))))) - rnd64((rnd64((rnd64(x3) - rnd64(1))) * rnd64((rnd64(x3) - rnd64(1))))))) - rnd64((rnd64((rnd64(x4) - rnd64(4))) * rnd64((rnd64(x4) - rnd64(4))))))) - rnd64((rnd64((rnd64(x5) - rnd64(1))) * rnd64((rnd64(x5) - rnd64(1))))))) - rnd64((rnd64((rnd64(x6) - rnd64(4))) * rnd64((rnd64(x6) - rnd64(4)))))))

Conservative bound: [-509.000000, 0.000000]

Simplified rounding: rnd[64,ne,1.00,-53,0]((rnd[64,ne,1.00,-53,0]((rnd[64,ne,1.00,-53,0]((rnd[64,ne,1.00,-53,0]((rnd[64,ne,1.00,-53,0]((rnd64(((-(25)) * rnd64((rnd[64,ne,1.00,-53,0]((x1 - 2)) * rnd[64,ne,1.00,-53,0]((x1 - 2)))))) - rnd64((rnd[64,ne,1.00,-53,0]((x2 - 2)) * rnd[64,ne,1.00,-53,0]((x2 - 2)))))) - rnd64((rnd[64,ne,1.00,-53,0]((x3 - 1)) * rnd[64,ne,1.00,-53,0]((x3 - 1)))))) - rnd64((rnd[64,ne,1.00,-53,0]((x4 - 4)) * rnd[64,ne,1.00,-53,0]((x4 - 4)))))) - rnd64((rnd[64,ne,1.00,-53,0]((x5 - 1)) * rnd[64,ne,1.00,-53,0]((x5 - 1)))))) - rnd64((rnd[64,ne,1.00,-53,0]((x6 - 4)) * rnd[64,ne,1.00,-53,0]((x6 - 4))))))
Building Taylor forms...
const_form
neg_form
var_form
const_form
sub_form
rounded_form
mul_form
rounded_form
mul_form
rounded_form
var_form
sub_form
rounded_form
mul_form
rounded_form
sub_form
rounded_form
var_form
const_form
sub_form
rounded_form
mul_form
rounded_form
sub_form
rounded_form
var_form
const_form
sub_form
rounded_form
mul_form
rounded_form
sub_form
rounded_form
var_form
sub_form
rounded_form
mul_form
rounded_form
sub_form
rounded_form
var_form
sub_form
rounded_form
mul_form
rounded_form
sub_form
rounded_form
Taylor forms cache stats: num_bindings = 47, num_buckets = 1024, max_bucket_length = 6
Expr cache stats: num_bindings = 117, num_buckets = 65536, max_bucket_length = 6
Simplifying Taylor forms...
success
v0 = (((((((-(25)) * ((x1 - 2) * (x1 - 2))) - ((x2 - 2) * (x2 - 2))) - ((x3 - 1) * (x3 - 1))) - ((x4 - 4) * (x4 - 4))) - ((x5 - 1) * (x5 - 1))) - ((x6 - 4) * (x6 - 4)))
-1: exp = -53: (5066549580791813/316912650057057350374175801344)
1: exp = -53: ((-(25)) * (((x1 - 2) * floor_power2(((x1 - 2) + 0))) + ((x1 - 2) * floor_power2(((x1 - 2) + 0)))))
2: exp = -53: ((-(25)) * floor_power2((((x1 - 2) * (x1 - 2)) + interval(-1.77635683940025085911e-15, 1.77635683940025085911e-15))))
3: exp = -53: floor_power2((((-(25)) * ((x1 - 2) * (x1 - 2))) + interval(-8.88178419700125358557e-14, 8.88178419700125358557e-14)))
4: exp = -53: (-((((x2 - 2) * floor_power2(((x2 - 2) + 0))) + ((x2 - 2) * floor_power2(((x2 - 2) + 0))))))
5: exp = -53: (-(floor_power2((((x2 - 2) * (x2 - 2)) + interval(-1.77635683940025085911e-15, 1.77635683940025085911e-15)))))
6: exp = -53: floor_power2(((((-(25)) * ((x1 - 2) * (x1 - 2))) - ((x2 - 2) * (x2 - 2))) + interval(-1.20792265079217056842e-13, 1.20792265079217056842e-13)))
7: exp = -53: (-((((x3 - 1) * floor_power2(((x3 - 1) + 0))) + ((x3 - 1) * floor_power2(((x3 - 1) + 0))))))
8: exp = -53: (-(floor_power2((((x3 - 1) * (x3 - 1)) + interval(-1.77635683940025085911e-15, 1.77635683940025085911e-15)))))
9: exp = -53: floor_power2((((((-(25)) * ((x1 - 2) * (x1 - 2))) - ((x2 - 2) * (x2 - 2))) - ((x3 - 1) * (x3 - 1))) + interval(-1.52766688188421565206e-13, 1.52766688188421565206e-13)))
10: exp = -53: (-((((x4 - 4) * floor_power2(((x4 - 4) + 0))) + ((x4 - 4) * floor_power2(((x4 - 4) + 0))))))
11: exp = -53: (-(floor_power2((((x4 - 4) * (x4 - 4)) + interval(-1.77635683940025085911e-15, 1.77635683940025085911e-15)))))
12: exp = -53: floor_power2(((((((-(25)) * ((x1 - 2) * (x1 - 2))) - ((x2 - 2) * (x2 - 2))) - ((x3 - 1) * (x3 - 1))) - ((x4 - 4) * (x4 - 4))) + interval(-1.84741111297626073570e-13, 1.84741111297626073570e-13)))
13: exp = -53: (-((((x5 - 1) * floor_power2(((x5 - 1) + 0))) + ((x5 - 1) * floor_power2(((x5 - 1) + 0))))))
14: exp = -53: (-(floor_power2((((x5 - 1) * (x5 - 1)) + interval(-4.44089209850062695056e-15, 4.44089209850062695056e-15)))))
15: exp = -53: floor_power2((((((((-(25)) * ((x1 - 2) * (x1 - 2))) - ((x2 - 2) * (x2 - 2))) - ((x3 - 1) * (x3 - 1))) - ((x4 - 4) * (x4 - 4))) - ((x5 - 1) * (x5 - 1))) + interval(-2.19380069665930957631e-13, 2.19380069665930957631e-13)))
16: exp = -53: (-((((x6 - 4) * floor_power2(((x6 - 4) + 0))) + ((x6 - 4) * floor_power2(((x6 - 4) + 0))))))
17: exp = -53: (-(floor_power2((((x6 - 4) * (x6 - 4)) + interval(-5.32907051820075218289e-15, 5.32907051820075218289e-15)))))
18: exp = -53: floor_power2(((((((((-(25)) * ((x1 - 2) * (x1 - 2))) - ((x2 - 2) * (x2 - 2))) - ((x3 - 1) * (x3 - 1))) - ((x4 - 4) * (x4 - 4))) - ((x5 - 1) * (x5 - 1))) - ((x6 - 4) * (x6 - 4))) + interval(-2.56683563293336242633e-13, 2.56683563293336242633e-13)))

Corresponding original subexpressions:
1: rnd[64,ne,1.00,-53,0]((x1 - 2))
2: rnd64((rnd[64,ne,1.00,-53,0]((x1 - 2)) * rnd[64,ne,1.00,-53,0]((x1 - 2))))
3: rnd64(((-(25)) * rnd64((rnd[64,ne,1.00,-53,0]((x1 - 2)) * rnd[64,ne,1.00,-53,0]((x1 - 2))))))
4: rnd[64,ne,1.00,-53,0]((x2 - 2))
5: rnd64((rnd[64,ne,1.00,-53,0]((x2 - 2)) * rnd[64,ne,1.00,-53,0]((x2 - 2))))
6: rnd[64,ne,1.00,-53,0]((rnd64(((-(25)) * rnd64((rnd[64,ne,1.00,-53,0]((x1 - 2)) * rnd[64,ne,1.00,-53,0]((x1 - 2)))))) - rnd64((rnd[64,ne,1.00,-53,0]((x2 - 2)) * rnd[64,ne,1.00,-53,0]((x2 - 2))))))
7: rnd[64,ne,1.00,-53,0]((x3 - 1))
8: rnd64((rnd[64,ne,1.00,-53,0]((x3 - 1)) * rnd[64,ne,1.00,-53,0]((x3 - 1))))
9: rnd[64,ne,1.00,-53,0]((rnd[64,ne,1.00,-53,0]((rnd64(((-(25)) * rnd64((rnd[64,ne,1.00,-53,0]((x1 - 2)) * rnd[64,ne,1.00,-53,0]((x1 - 2)))))) - rnd64((rnd[64,ne,1.00,-53,0]((x2 - 2)) * rnd[64,ne,1.00,-53,0]((x2 - 2)))))) - rnd64((rnd[64,ne,1.00,-53,0]((x3 - 1)) * rnd[64,ne,1.00,-53,0]((x3 - 1))))))
10: rnd[64,ne,1.00,-53,0]((x4 - 4))
11: rnd64((rnd[64,ne,1.00,-53,0]((x4 - 4)) * rnd[64,ne,1.00,-53,0]((x4 - 4))))
12: rnd[64,ne,1.00,-53,0]((rnd[64,ne,1.00,-53,0]((rnd[64,ne,1.00,-53,0]((rnd64(((-(25)) * rnd64((rnd[64,ne,1.00,-53,0]((x1 - 2)) * rnd[64,ne,1.00,-53,0]((x1 - 2)))))) - rnd64((rnd[64,ne,1.00,-53,0]((x2 - 2)) * rnd[64,ne,1.00,-53,0]((x2 - 2)))))) - rnd64((rnd[64,ne,1.00,-53,0]((x3 - 1)) * rnd[64,ne,1.00,-53,0]((x3 - 1)))))) - rnd64((rnd[64,ne,1.00,-53,0]((x4 - 4)) * rnd[64,ne,1.00,-53,0]((x4 - 4))))))
13: rnd[64,ne,1.00,-53,0]((x5 - 1))
14: rnd64((rnd[64,ne,1.00,-53,0]((x5 - 1)) * rnd[64,ne,1.00,-53,0]((x5 - 1))))
15: rnd[64,ne,1.00,-53,0]((rnd[64,ne,1.00,-53,0]((rnd[64,ne,1.00,-53,0]((rnd[64,ne,1.00,-53,0]((rnd64(((-(25)) * rnd64((rnd[64,ne,1.00,-53,0]((x1 - 2)) * rnd[64,ne,1.00,-53,0]((x1 - 2)))))) - rnd64((rnd[64,ne,1.00,-53,0]((x2 - 2)) * rnd[64,ne,1.00,-53,0]((x2 - 2)))))) - rnd64((rnd[64,ne,1.00,-53,0]((x3 - 1)) * rnd[64,ne,1.00,-53,0]((x3 - 1)))))) - rnd64((rnd[64,ne,1.00,-53,0]((x4 - 4)) * rnd[64,ne,1.00,-53,0]((x4 - 4)))))) - rnd64((rnd[64,ne,1.00,-53,0]((x5 - 1)) * rnd[64,ne,1.00,-53,0]((x5 - 1))))))
16: rnd[64,ne,1.00,-53,0]((x6 - 4))
17: rnd64((rnd[64,ne,1.00,-53,0]((x6 - 4)) * rnd[64,ne,1.00,-53,0]((x6 - 4))))
18: rnd[64,ne,1.00,-53,0]((rnd[64,ne,1.00,-53,0]((rnd[64,ne,1.00,-53,0]((rnd[64,ne,1.00,-53,0]((rnd[64,ne,1.00,-53,0]((rnd64(((-(25)) * rnd64((rnd[64,ne,1.00,-53,0]((x1 - 2)) * rnd[64,ne,1.00,-53,0]((x1 - 2)))))) - rnd64((rnd[64,ne,1.00,-53,0]((x2 - 2)) * rnd[64,ne,1.00,-53,0]((x2 - 2)))))) - rnd64((rnd[64,ne,1.00,-53,0]((x3 - 1)) * rnd[64,ne,1.00,-53,0]((x3 - 1)))))) - rnd64((rnd[64,ne,1.00,-53,0]((x4 - 4)) * rnd[64,ne,1.00,-53,0]((x4 - 4)))))) - rnd64((rnd[64,ne,1.00,-53,0]((x5 - 1)) * rnd[64,ne,1.00,-53,0]((x5 - 1)))))) - rnd64((rnd[64,ne,1.00,-53,0]((x6 - 4)) * rnd[64,ne,1.00,-53,0]((x6 - 4))))))

Selected optimization method: bb
bb_opt: x_abs_tol = 1.000000e-02, f_rel_tol = 1.000000e-02, f_abs_tol = 1.000000e-02, iters = 1000000
iterations(min = 23, max = 77259): 77259
min = -5.090000e+02 (lower_min = -5.061406e+02)
max = 4.150391e-03 (lower_max = -7.324219e-04)
subopt = 2.859375e+00 (0.6%)
bounds: [-5.090000e+02, 4.150391e-03]

Computing absolute errors
Selected optimization method: bb-eval
bb-eval_opt: x_abs_tol = 1.000000e-02, f_rel_tol = 1.000000e-02, f_abs_tol = 1.000000e-02, iters = 1000000
rmin(result = 1.598721e-14, lower = 1.598721e-14), rmax(result = 1.598721e-14, lower = 1.598721e-14)
-1: exp = -53: 1.598721e-14 (low = 1.598721e-14, subopt = 0.0%)

Solving the exact optimization problem
Selected optimization method: bb
bb_opt: x_abs_tol = 1.000000e-02, f_rel_tol = 1.000000e-02, f_abs_tol = 1.000000e-02, iters = 1000000
iterations(min = 0, max = 1000000): 1000000
min = 0.000000e+00 (lower_min = 0.000000e+00)
max = 2.568000e+03 (lower_max = 2.342500e+03)
subopt = 2.255000e+02 (8.8%)
exact bound (exp = -53): 2.568000e+03 (low = 2.342500e+03, subopt = 8.8%)
total2: 1.774937e-30 (low = 1.774937e-30, subopt = 0.0%)
exact total: 2.851053e-13 (low = 2.600697e-13, subopt = 8.8%)

Computing relative errors
**WARNING**: 
Cannot compute the relative error: values of the function are close to zero

Elapsed time: 10.90173
*************************************

-------------------------------------------------------------------------------
Problem: result

Optimization lower bounds for error models:
The absolute error (exact) model: 2.600697e-13 (0x1.24dp-42) (suboptimality = 8.8%)

Bounds (without rounding): [-5.090000e+2, 4.150391e-3]
Bounds (floating-point): [-5.090001e+2, 4.150391e-3]

Absolute error (exact): 2.851053e-13 (0x1.4100000000001p-42)

Elapsed time: 10.90

