Base path: /Users/laura.zielinski/FPTaylor
Config file: /Users/laura.zielinski/FPTaylor/default.cfg
Config file: /var/folders/38/q_vgzzt959nfc63ldktzz1gr0000gp/T/tmpux6jl4ae.cfg
default-rnd = rnd64
nlopt-cc = gcc -std=c99 -O3
opt-exact = true
develop = false
log-append-date = start
uncertainty = false
rel-error = true
opt-approx = false
proof-record = false
find-bounds = false
proof-dir = proofs
opt-f-abs-tol = 0.01
fail-on-exception = true
print-opt-lower-bounds = true
bb-compile = {base}/b_and_b/compile.sh {base} {input} {out}
z3-python-lib = 
opt-x-abs-tol = 0.01
export-error-bounds = 
opt-f-rel-tol = 0.01
export-options = 
opt-x-rel-tol = 0.0
rel-error-threshold = 0.0001
bb-alg = opt0
log-base-dir = log
intermediate-opt = false
z3-interval-bounds = true
opt-max-iters = 1000000
abs-error = true
z3-bin = 
maxima-simplification = false
print-hex-floats = true
debug = true
print-precision = 7
export-error-bounds-data = 
fp-power2-model = true
opt = auto
default-var-type = float64
verbosity = 2
ulp-error = false
opt-timeout = 10000
nlopt-lib = -lnlopt -lm
tmp-base-dir = tmp
unique-indices = false
z3-seed = 0
tmp-date = false
z3-python-cmd = python
const-approx-real-vars = false
print-second-order-errors = false
Resetting input_parser_env
eval_const_expr: (1/10000)
result: 1/10000
eval_const_expr: 100
result: 100
eval_const_expr: 0
result: 0
eval_const_expr: 100
result: 100
eval_const_expr: (1/10000)
result: 1/10000
Resetting input_parser_env
|tasks| = 1
Processing: result

*************************************
Taylor form for: rnd64((rnd64(1) / rnd64((rnd64(sqrt(rnd64((rnd64(x) - rnd64((-(rnd64(1)))))))) + rnd64(sqrt(rnd64(x)))))))

Conservative bound: [0.049876, 0.990050]

Simplified rounding: rnd64((1 / rnd[64,ne,1.00,-53,0]((rnd[64,ne,1.00,-53,0](sqrt(rnd[64,ne,1.00,-53,0]((x - (-(1)))))) + rnd[64,ne,1.00,-53,0](sqrt(x))))))
Building Taylor forms...
const_form
var_form
neg_form
sub_form
rounded_form
sqrt_form
rounded_form
sqrt_form
rounded_form
add_form
rounded_form
div_form
inv_form
mul_form
rounded_form
Taylor forms cache stats: num_bindings = 13, num_buckets = 1024, max_bucket_length = 1
Expr cache stats: num_bindings = 43, num_buckets = 65536, max_bucket_length = 1
Simplifying Taylor forms...
success
v0 = (1 * (1 / (sqrt((x - (-(1)))) + sqrt(x))))
-1: exp = -53: (2461001021916073/4951760157141521099596496896)
1: exp = -53: (1 * (-(((floor_power2(((x - (-(1))) + 0)) / (2 * sqrt((x - (-(1)))))) / ((sqrt((x - (-(1)))) + sqrt(x)) * (sqrt((x - (-(1)))) + sqrt(x)))))))
2: exp = -53: (1 * (-((floor_power2((sqrt((x - (-(1)))) + interval(-3.55253605643813391643e-15, 3.55253605643813391643e-15))) / ((sqrt((x - (-(1)))) + sqrt(x)) * (sqrt((x - (-(1)))) + sqrt(x)))))))
3: exp = -53: (1 * (-((floor_power2((sqrt(x) + 0)) / ((sqrt((x - (-(1)))) + sqrt(x)) * (sqrt((x - (-(1)))) + sqrt(x)))))))
4: exp = -53: (1 * (-((floor_power2(((sqrt((x - (-(1)))) + sqrt(x)) + interval(-5.32889289583838477554e-15, 5.32889289583838477554e-15))) / ((sqrt((x - (-(1)))) + sqrt(x)) * (sqrt((x - (-(1)))) + sqrt(x)))))))
5: exp = -53: floor_power2(((1 * (1 / (sqrt((x - (-(1)))) + sqrt(x)))) + interval(-6.96455868540885314892e-15, 6.96455868540885314892e-15)))

Corresponding original subexpressions:
1: rnd[64,ne,1.00,-53,0]((x - (-(1))))
2: rnd[64,ne,1.00,-53,0](sqrt(rnd[64,ne,1.00,-53,0]((x - (-(1))))))
3: rnd[64,ne,1.00,-53,0](sqrt(x))
4: rnd[64,ne,1.00,-53,0]((rnd[64,ne,1.00,-53,0](sqrt(rnd[64,ne,1.00,-53,0]((x - (-(1)))))) + rnd[64,ne,1.00,-53,0](sqrt(x))))
5: rnd64((1 / rnd[64,ne,1.00,-53,0]((rnd[64,ne,1.00,-53,0](sqrt(rnd[64,ne,1.00,-53,0]((x - (-(1)))))) + rnd[64,ne,1.00,-53,0](sqrt(x))))))

Selected optimization method: bb-eval
bb-eval_opt: x_abs_tol = 1.000000e-02, f_rel_tol = 1.000000e-02, f_abs_tol = 1.000000e-02, iters = 1000000
bounds: [4.987562e-02, 9.900500e-01]

Computing absolute errors
Selected optimization method: bb-eval
bb-eval_opt: x_abs_tol = 1.000000e-02, f_rel_tol = 1.000000e-02, f_abs_tol = 1.000000e-02, iters = 1000000
rmin(result = 4.969952e-13, lower = 4.969952e-13), rmax(result = 4.969952e-13, lower = 4.969952e-13)
-1: exp = -53: 4.969952e-13 (low = 4.969952e-13, subopt = 0.0%)

Solving the exact optimization problem
Selected optimization method: bb-eval
bb-eval_opt: x_abs_tol = 1.000000e-02, f_rel_tol = 1.000000e-02, f_abs_tol = 1.000000e-02, iters = 1000000
exact bound (exp = -53): 3.011735e+00 (low = 2.958131e+00, subopt = 1.8%)
total2: 5.517755e-29 (low = 5.517755e-29, subopt = 0.0%)
exact total: 3.343698e-16 (low = 3.284185e-16, subopt = 1.8%)

Computing relative errors
Selected optimization method: bb-eval
bb-eval_opt: x_abs_tol = 1.000000e-02, f_rel_tol = 1.000000e-02, f_abs_tol = 1.000000e-02, iters = 1000000
rmin(result = 4.969952e-13, lower = 4.969952e-13), rmax(result = 4.969952e-13, lower = 4.969952e-13)
-1: exp = -53: 4.969952e-13 (low = 4.969952e-13, subopt = 0.0%)

Solving the exact optimization problem
Selected optimization method: bb-eval
bb-eval_opt: x_abs_tol = 1.000000e-02, f_rel_tol = 1.000000e-02, f_abs_tol = 1.000000e-02, iters = 1000000
exact bound-rel (exp = -53): 3.258274e+00 (low = 2.987860e+00, subopt = 8.3%)
total2: 1.106303e-27 (low = 5.573209e-29, subopt = 95.0%)
exact total-rel: 3.617411e-16 (low = 3.317191e-16, subopt = 8.3%)

Elapsed time: 0.00791
*************************************

-------------------------------------------------------------------------------
Problem: result

Optimization lower bounds for error models:
The absolute error (exact) model: 3.284184e-16 (0x1.7aa407b51c23fp-52) (suboptimality = 1.8%)
The relative error (exact) model: 3.317190e-16 (0x1.7e7232674c083p-52) (suboptimality = 8.3%)

Bounds (without rounding): [4.987562e-2, 9.900500e-1]
Bounds (floating-point): [4.987562e-2, 9.900500e-1]

Absolute error (exact): 3.343699e-16 (0x1.81808bf588e5dp-52)
Relative error (exact): 3.617411e-16 (0x1.a10f1fc2d3825p-52)

Elapsed time: 0.01

