Base path: /Users/laura.zielinski/FPTaylor
Config file: /Users/laura.zielinski/FPTaylor/default.cfg
Config file: /var/folders/38/q_vgzzt959nfc63ldktzz1gr0000gp/T/tmps0q2ttp3.cfg
default-rnd = rnd64
nlopt-cc = gcc -std=c99 -O3
opt-exact = true
develop = false
log-append-date = start
uncertainty = false
rel-error = true
opt-approx = false
proof-record = false
find-bounds = false
proof-dir = proofs
opt-f-abs-tol = 0.01
fail-on-exception = true
print-opt-lower-bounds = true
bb-compile = {base}/b_and_b/compile.sh {base} {input} {out}
z3-python-lib = 
opt-x-abs-tol = 0.01
export-error-bounds = 
opt-f-rel-tol = 0.01
export-options = 
opt-x-rel-tol = 0.0
rel-error-threshold = 0.0001
bb-alg = opt0
log-base-dir = log
intermediate-opt = false
z3-interval-bounds = true
opt-max-iters = 1000000
abs-error = true
z3-bin = 
maxima-simplification = false
print-hex-floats = true
debug = true
print-precision = 7
export-error-bounds-data = 
fp-power2-model = true
opt = auto
default-var-type = float64
verbosity = 2
ulp-error = false
opt-timeout = 10000
nlopt-lib = -lnlopt -lm
tmp-base-dir = tmp
unique-indices = false
z3-seed = 0
tmp-date = false
z3-python-cmd = python
const-approx-real-vars = false
print-second-order-errors = false
Resetting input_parser_env
eval_const_expr: (1/100000)
result: 1/100000
eval_const_expr: 1
result: 1
eval_const_expr: 0
result: 0
eval_const_expr: 1
result: 1
eval_const_expr: (1/100000)
result: 1/100000
eval_const_expr: (1/100000)
result: 1/100000
eval_const_expr: 1
result: 1
eval_const_expr: 0
result: 0
eval_const_expr: 1
result: 1
eval_const_expr: (1/100000)
result: 1/100000
eval_const_expr: (1/100000)
result: 1/100000
eval_const_expr: 1
result: 1
eval_const_expr: 0
result: 0
eval_const_expr: 1
result: 1
eval_const_expr: (1/100000)
result: 1/100000
eval_const_expr: (-(1))
result: -1
eval_const_expr: 1
result: 1
eval_const_expr: 0
result: 0
eval_const_expr: 1
result: 1
eval_const_expr: (-(1))
result: -1
eval_const_expr: (-(1))
result: -1
eval_const_expr: 1
result: 1
eval_const_expr: 0
result: 0
eval_const_expr: 1
result: 1
eval_const_expr: (-(1))
result: -1
eval_const_expr: (-(1))
result: -1
eval_const_expr: 1
result: 1
eval_const_expr: 0
result: 0
eval_const_expr: 1
result: 1
eval_const_expr: (-(1))
result: -1
eval_const_expr: (1/100000)
result: 1/100000
eval_const_expr: 1
result: 1
eval_const_expr: 0
result: 0
eval_const_expr: 1
result: 1
eval_const_expr: (1/100000)
result: 1/100000
eval_const_expr: (1/100000)
result: 1/100000
eval_const_expr: 1
result: 1
eval_const_expr: 0
result: 0
eval_const_expr: 1
result: 1
eval_const_expr: (1/100000)
result: 1/100000
eval_const_expr: (1/100000)
result: 1/100000
eval_const_expr: 1
result: 1
eval_const_expr: 0
result: 0
eval_const_expr: 1
result: 1
eval_const_expr: (1/100000)
result: 1/100000
Resetting input_parser_env
|tasks| = 1
Processing: result

*************************************
Taylor form for: rnd64((rnd64((-(rnd64(3)))) * rnd64((rnd64((rnd64((rnd64((-(rnd64(m2)))) / rnd64(w2))) * rnd64((rnd64(a2) * rnd64(a2))))) + rnd64((rnd64((rnd64((rnd64(a0) * rnd64((-(rnd64(m0)))))) / rnd64((rnd64(w0) / rnd64(a0))))) + rnd64((rnd64((rnd64(a1) * rnd64(a1))) * rnd64((rnd64((-(rnd64(m1)))) / rnd64(w1)))))))))))

Conservative bound: [-900000.000000, 900000.000000]

Simplified rounding: rnd64(((-(3)) * rnd[64,ne,1.00,-53,0]((rnd64((rnd64(((-(m2)) / w2)) * rnd64((a2 * a2)))) + rnd[64,ne,1.00,-53,0]((rnd64((rnd64((a0 * (-(m0)))) / rnd64((w0 / a0)))) + rnd64((rnd64((a1 * a1)) * rnd64(((-(m1)) / w1))))))))))
Building Taylor forms...
const_form
neg_form
var_form
neg_form
var_form
div_form
inv_form
mul_form
rounded_form
var_form
mul_form
rounded_form
mul_form
rounded_form
var_form
var_form
neg_form
mul_form
rounded_form
var_form
div_form
inv_form
mul_form
rounded_form
div_form
inv_form
mul_form
rounded_form
var_form
mul_form
rounded_form
var_form
neg_form
var_form
div_form
inv_form
mul_form
rounded_form
mul_form
rounded_form
add_form
rounded_form
add_form
rounded_form
mul_form
rounded_form
Taylor forms cache stats: num_bindings = 38, num_buckets = 1024, max_bucket_length = 2
Expr cache stats: num_bindings = 104, num_buckets = 65536, max_bucket_length = 3
Simplifying Taylor forms...
success
v0 = ((-(3)) * ((((-(m2)) * (1 / w2)) * (a2 * a2)) + (((a0 * (-(m0))) * (1 / (w0 * (1 / a0)))) + ((a1 * a1) * ((-(m1)) * (1 / w1))))))
-1: exp = -53: (6000013097200543/4194304)
1: exp = -53: ((-(3)) * ((a2 * a2) * floor_power2((((-(m2)) * (1 / w2)) + 0))))
2: exp = -53: ((-(3)) * (((-(m2)) * (1 / w2)) * floor_power2(((a2 * a2) + 0))))
3: exp = -53: ((-(3)) * floor_power2(((((-(m2)) * (1 / w2)) * (a2 * a2)) + interval(-1.28270727373092118366e-11, 1.28270727373092118366e-11))))
4: exp = -53: ((-(3)) * ((1 / (w0 * (1 / a0))) * floor_power2(((a0 * (-(m0))) + 0))))
5: exp = -53: ((-(3)) * ((a0 * (-(m0))) * (-((floor_power2(((w0 * (1 / a0)) + 0)) / ((w0 * (1 / a0)) * (w0 * (1 / a0))))))))
6: exp = -53: ((-(3)) * floor_power2((((a0 * (-(m0))) * (1 / (w0 * (1 / a0)))) + interval(-7.27596290870601708489e-02, 7.27596290870601708489e-02))))
7: exp = -53: ((-(3)) * (((-(m1)) * (1 / w1)) * floor_power2(((a1 * a1) + 0))))
8: exp = -53: ((-(3)) * ((a1 * a1) * floor_power2((((-(m1)) * (1 / w1)) + 0))))
9: exp = -53: ((-(3)) * floor_power2((((a1 * a1) * ((-(m1)) * (1 / w1))) + interval(-1.28270727373092102210e-11, 1.28270727373092102210e-11))))
10: exp = -53: ((-(3)) * floor_power2(((((a0 * (-(m0))) * (1 / (w0 * (1 / a0)))) + ((a1 * a1) * ((-(m1)) * (1 / w1)))) + interval(-7.27596291144391726924e-02, 7.27596291144391726924e-02))))
11: exp = -53: ((-(3)) * floor_power2((((((-(m2)) * (1 / w2)) * (a2 * a2)) + (((a0 * (-(m0))) * (1 / (w0 * (1 / a0)))) + ((a1 * a1) * ((-(m1)) * (1 / w1))))) + interval(-7.27596291490941182722e-02, 7.27596291490941182722e-02))))
12: exp = -53: floor_power2((((-(3)) * ((((-(m2)) * (1 / w2)) * (a2 * a2)) + (((a0 * (-(m0))) * (1 / (w0 * (1 / a0)))) + ((a1 * a1) * ((-(m1)) * (1 / w1)))))) + interval(-2.18278887534593818431e-01, 2.18278887534593818431e-01)))

Corresponding original subexpressions:
1: rnd64(((-(m2)) / w2))
2: rnd64((a2 * a2))
3: rnd64((rnd64(((-(m2)) / w2)) * rnd64((a2 * a2))))
4: rnd64((a0 * (-(m0))))
5: rnd64((w0 / a0))
6: rnd64((rnd64((a0 * (-(m0)))) / rnd64((w0 / a0))))
7: rnd64((a1 * a1))
8: rnd64(((-(m1)) / w1))
9: rnd64((rnd64((a1 * a1)) * rnd64(((-(m1)) / w1))))
10: rnd[64,ne,1.00,-53,0]((rnd64((rnd64((a0 * (-(m0)))) / rnd64((w0 / a0)))) + rnd64((rnd64((a1 * a1)) * rnd64(((-(m1)) / w1))))))
11: rnd[64,ne,1.00,-53,0]((rnd64((rnd64(((-(m2)) / w2)) * rnd64((a2 * a2)))) + rnd[64,ne,1.00,-53,0]((rnd64((rnd64((a0 * (-(m0)))) / rnd64((w0 / a0)))) + rnd64((rnd64((a1 * a1)) * rnd64(((-(m1)) / w1))))))))
12: rnd64(((-(3)) * rnd[64,ne,1.00,-53,0]((rnd64((rnd64(((-(m2)) / w2)) * rnd64((a2 * a2)))) + rnd[64,ne,1.00,-53,0]((rnd64((rnd64((a0 * (-(m0)))) / rnd64((w0 / a0)))) + rnd64((rnd64((a1 * a1)) * rnd64(((-(m1)) / w1))))))))))

Selected optimization method: bb
bb_opt: x_abs_tol = 1.000000e-02, f_rel_tol = 1.000000e-02, f_abs_tol = 1.000000e-02, iters = 1000000
iterations(min = 96232, max = 274707): 274707
min = -9.000000e+05 (lower_min = -8.859926e+05)
max = 9.000000e+05 (lower_max = 8.790708e+05)
subopt = 2.092925e+04 (2.3%)
bounds: [-9.000000e+05, 9.000000e+05]

Computing absolute errors
Selected optimization method: bb-eval
bb-eval_opt: x_abs_tol = 1.000000e-02, f_rel_tol = 1.000000e-02, f_abs_tol = 1.000000e-02, iters = 1000000
rmin(result = 1.430515e+09, lower = 1.430515e+09), rmax(result = 1.430515e+09, lower = 1.430515e+09)
-1: exp = -53: 1.430515e+09 (low = 1.430515e+09, subopt = 0.0%)

Solving the exact optimization problem
Selected optimization method: bb
bb_opt: x_abs_tol = 1.000000e-02, f_rel_tol = 1.000000e-02, f_abs_tol = 1.000000e-02, iters = 1000000
iterations(min = 0, max = 1000000): 1000000
min = 0.000000e+00 (lower_min = 0.000000e+00)
max = 7.680693e+12 (lower_max = 1.877126e+06)
subopt = 7.680692e+12 (100.0%)
exact bound (exp = -53): 7.680693e+12 (low = 1.877126e+06, subopt = 100.0%)
total2: 1.588190e-07 (low = 1.588190e-07, subopt = 0.0%)
exact total: 8.528871e-04 (low = 1.590274e-07, subopt = 100.0%)

Computing relative errors
**WARNING**: 
Cannot compute the relative error: values of the function are close to zero

Elapsed time: 12.71920
*************************************

-------------------------------------------------------------------------------
Problem: result

Optimization lower bounds for error models:
The absolute error (exact) model: 1.590274e-7 (0x1.558240ae42937p-23) (suboptimality = 100.0%)

Bounds (without rounding): [-9.000001e+5, 9.000001e+5]
Bounds (floating-point): [-9.000001e+5, 9.000001e+5]

Absolute error (exact): 8.528871e-4 (0x1.bf28914a71002p-11)

Elapsed time: 12.72

