Base path: /Users/laura.zielinski/FPTaylor
Config file: /Users/laura.zielinski/FPTaylor/default.cfg
Config file: /var/folders/38/q_vgzzt959nfc63ldktzz1gr0000gp/T/tmpri89rgix.cfg
default-rnd = rnd64
nlopt-cc = gcc -std=c99 -O3
opt-exact = true
develop = false
log-append-date = start
uncertainty = false
rel-error = true
opt-approx = false
proof-record = false
find-bounds = false
proof-dir = proofs
opt-f-abs-tol = 0.01
fail-on-exception = true
print-opt-lower-bounds = true
bb-compile = {base}/b_and_b/compile.sh {base} {input} {out}
z3-python-lib = 
opt-x-abs-tol = 0.01
export-error-bounds = 
opt-f-rel-tol = 0.01
export-options = 
opt-x-rel-tol = 0.0
rel-error-threshold = 0.0001
bb-alg = opt0
log-base-dir = log
intermediate-opt = false
z3-interval-bounds = true
opt-max-iters = 1000000
abs-error = true
z3-bin = 
maxima-simplification = false
print-hex-floats = true
debug = true
print-precision = 7
export-error-bounds-data = 
fp-power2-model = true
opt = auto
default-var-type = float64
verbosity = 2
ulp-error = false
opt-timeout = 10000
nlopt-lib = -lnlopt -lm
tmp-base-dir = tmp
unique-indices = false
z3-seed = 0
tmp-date = false
z3-python-cmd = python
const-approx-real-vars = false
print-second-order-errors = false
Resetting input_parser_env
eval_const_expr: 9
result: 9
eval_const_expr: 9
result: 9
eval_const_expr: 0
result: 0
eval_const_expr: 9
result: 9
eval_const_expr: 9
result: 9
eval_const_expr: (471/100)
result: 471/100
eval_const_expr: (489/100)
result: 489/100
eval_const_expr: 0
result: 0
eval_const_expr: (489/100)
result: 489/100
eval_const_expr: (471/100)
result: 471/100
eval_const_expr: (471/100)
result: 471/100
eval_const_expr: (489/100)
result: 489/100
eval_const_expr: 0
result: 0
eval_const_expr: (489/100)
result: 489/100
eval_const_expr: (471/100)
result: 471/100
Resetting input_parser_env
|tasks| = 1
Processing: result

*************************************
Taylor form for: rnd64(sqrt(rnd64((-(rnd64((rnd64((rnd64((rnd64((-(rnd64((rnd64((rnd64((rnd64((rnd64(c) - rnd64((rnd64(a) / rnd64(2))))) * rnd64(2))) - rnd64((rnd64(c) + rnd64(b))))) / rnd64(2)))))) * rnd64((rnd64((rnd64((rnd64(b) * rnd64(2))) - rnd64(a))) - rnd64((rnd64(c) + rnd64(b))))))) * rnd64((rnd64((rnd64((rnd64((rnd64((rnd64(a) * rnd64((-(rnd64(2)))))) + rnd64(a))) + rnd64(b))) + rnd64(c))) * rnd64((rnd64(c) + rnd64((rnd64(a) + rnd64(b))))))))) / rnd64(8))))))))

Conservative bound: [6.007907, 8.955935]

Simplified rounding: rnd[64,ne,1.00,-53,0](sqrt((-(rnd[64,ne,1.00,0,-1022]((rnd64((rnd64(((-(rnd[64,ne,1.00,0,-1022]((rnd[64,ne,1.00,-53,0](((rnd[64,ne,1.00,-53,0]((c - rnd[64,ne,1.00,0,-1022]((a / 2)))) * 2) - rnd[64,ne,1.00,-53,0]((c + b)))) / 2)))) * rnd[64,ne,1.00,-53,0]((rnd[64,ne,1.00,-53,0](((b * 2) - a)) - rnd[64,ne,1.00,-53,0]((c + b)))))) * rnd64((rnd[64,ne,1.00,-53,0]((rnd[64,ne,1.00,-53,0]((rnd[64,ne,1.00,-53,0]((rnd64((a * (-(2)))) + a)) + b)) + c)) * rnd[64,ne,1.00,-53,0]((c + rnd[64,ne,1.00,-53,0]((a + b)))))))) / 8))))))
Building Taylor forms...
var_form
var_form
const_form
div_form
inv_form
mul_form
rounded_form
sub_form
rounded_form
mul_form
var_form
add_form
rounded_form
sub_form
rounded_form
div_form
inv_form
mul_form
rounded_form
neg_form
mul_form
sub_form
rounded_form
sub_form
rounded_form
mul_form
rounded_form
neg_form
mul_form
rounded_form
add_form
rounded_form
add_form
rounded_form
add_form
rounded_form
add_form
rounded_form
add_form
rounded_form
mul_form
rounded_form
mul_form
rounded_form
const_form
div_form
inv_form
mul_form
rounded_form
neg_form
sqrt_form
rounded_form
Taylor forms cache stats: num_bindings = 46, num_buckets = 1024, max_bucket_length = 2
Expr cache stats: num_bindings = 192, num_buckets = 65536, max_bucket_length = 1
Simplifying Taylor forms...
success
v0 = sqrt((-(((((-(((((c - (a * (1 / 2))) * 2) - (c + b)) * (1 / 2)))) * (((b * 2) - a) - (c + b))) * (((((a * (-(2))) + a) + b) + c) * (c + (a + b)))) * (1 / 8)))))
-1: exp = -53: (289057041614433/309485009821345068724781056)
-1: exp = -1022: ((-(((1 / 8) * ((((((a * (-(2))) + a) + b) + c) * (c + (a + b))) * ((((b * 2) - a) - (c + b)) * (-(((1 / 2) * (2 * (-(1))))))))))) / (2 * sqrt((-(((((-(((((c - (a * (1 / 2))) * 2) - (c + b)) * (1 / 2)))) * (((b * 2) - a) - (c + b))) * (((((a * (-(2))) + a) + b) + c) * (c + (a + b)))) * (1 / 8)))))))
1: exp = -53: ((-(((1 / 8) * ((((((a * (-(2))) + a) + b) + c) * (c + (a + b))) * ((((b * 2) - a) - (c + b)) * (-(((1 / 2) * (2 * floor_power2(((c - (a * (1 / 2))) + interval(-2.22507385850720138309e-308, 2.22507385850720138309e-308)))))))))))) / (2 * sqrt((-(((((-(((((c - (a * (1 / 2))) * 2) - (c + b)) * (1 / 2)))) * (((b * 2) - a) - (c + b))) * (((((a * (-(2))) + a) + b) + c) * (c + (a + b)))) * (1 / 8)))))))
2: exp = -53: ((-(((1 / 8) * ((((((a * (-(2))) + a) + b) + c) * (c + (a + b))) * (((-(((((c - (a * (1 / 2))) * 2) - (c + b)) * (1 / 2)))) * (-(floor_power2(((c + b) + 0))))) + ((((b * 2) - a) - (c + b)) * (-(((1 / 2) * (-(floor_power2(((c + b) + 0))))))))))))) / (2 * sqrt((-(((((-(((((c - (a * (1 / 2))) * 2) - (c + b)) * (1 / 2)))) * (((b * 2) - a) - (c + b))) * (((((a * (-(2))) + a) + b) + c) * (c + (a + b)))) * (1 / 8)))))))
3: exp = -53: ((-(((1 / 8) * ((((((a * (-(2))) + a) + b) + c) * (c + (a + b))) * ((((b * 2) - a) - (c + b)) * (-(((1 / 2) * floor_power2(((((c - (a * (1 / 2))) * 2) - (c + b)) + interval(-9.43689570931383256575e-16, 9.43689570931383256575e-16))))))))))) / (2 * sqrt((-(((((-(((((c - (a * (1 / 2))) * 2) - (c + b)) * (1 / 2)))) * (((b * 2) - a) - (c + b))) * (((((a * (-(2))) + a) + b) + c) * (c + (a + b)))) * (1 / 8)))))))
-1: exp = -1022: ((-(((1 / 8) * ((((((a * (-(2))) + a) + b) + c) * (c + (a + b))) * ((((b * 2) - a) - (c + b)) * (-(1))))))) / (2 * sqrt((-(((((-(((((c - (a * (1 / 2))) * 2) - (c + b)) * (1 / 2)))) * (((b * 2) - a) - (c + b))) * (((((a * (-(2))) + a) + b) + c) * (c + (a + b)))) * (1 / 8)))))))
4: exp = -53: ((-(((1 / 8) * ((((((a * (-(2))) + a) + b) + c) * (c + (a + b))) * ((-(((((c - (a * (1 / 2))) * 2) - (c + b)) * (1 / 2)))) * floor_power2((((b * 2) - a) + 0))))))) / (2 * sqrt((-(((((-(((((c - (a * (1 / 2))) * 2) - (c + b)) * (1 / 2)))) * (((b * 2) - a) - (c + b))) * (((((a * (-(2))) + a) + b) + c) * (c + (a + b)))) * (1 / 8)))))))
5: exp = -53: ((-(((1 / 8) * ((((((a * (-(2))) + a) + b) + c) * (c + (a + b))) * ((-(((((c - (a * (1 / 2))) * 2) - (c + b)) * (1 / 2)))) * floor_power2(((((b * 2) - a) - (c + b)) + interval(-9.43689570931383059360e-16, 9.43689570931383059360e-16)))))))) / (2 * sqrt((-(((((-(((((c - (a * (1 / 2))) * 2) - (c + b)) * (1 / 2)))) * (((b * 2) - a) - (c + b))) * (((((a * (-(2))) + a) + b) + c) * (c + (a + b)))) * (1 / 8)))))))
6: exp = -53: ((-(((1 / 8) * ((((((a * (-(2))) + a) + b) + c) * (c + (a + b))) * floor_power2((((-(((((c - (a * (1 / 2))) * 2) - (c + b)) * (1 / 2)))) * (((b * 2) - a) - (c + b))) + interval(-1.71462843923109268242e-14, 1.71462843923109268242e-14))))))) / (2 * sqrt((-(((((-(((((c - (a * (1 / 2))) * 2) - (c + b)) * (1 / 2)))) * (((b * 2) - a) - (c + b))) * (((((a * (-(2))) + a) + b) + c) * (c + (a + b)))) * (1 / 8)))))))
7: exp = -53: ((-(((1 / 8) * (((-(((((c - (a * (1 / 2))) * 2) - (c + b)) * (1 / 2)))) * (((b * 2) - a) - (c + b))) * ((c + (a + b)) * floor_power2(((a * (-(2))) + 0))))))) / (2 * sqrt((-(((((-(((((c - (a * (1 / 2))) * 2) - (c + b)) * (1 / 2)))) * (((b * 2) - a) - (c + b))) * (((((a * (-(2))) + a) + b) + c) * (c + (a + b)))) * (1 / 8)))))))
8: exp = -53: ((-(((1 / 8) * (((-(((((c - (a * (1 / 2))) * 2) - (c + b)) * (1 / 2)))) * (((b * 2) - a) - (c + b))) * ((c + (a + b)) * floor_power2((((a * (-(2))) + a) + interval(-1.77635683940025085911e-15, 1.77635683940025085911e-15)))))))) / (2 * sqrt((-(((((-(((((c - (a * (1 / 2))) * 2) - (c + b)) * (1 / 2)))) * (((b * 2) - a) - (c + b))) * (((((a * (-(2))) + a) + b) + c) * (c + (a + b)))) * (1 / 8)))))))
9: exp = -53: ((-(((1 / 8) * (((-(((((c - (a * (1 / 2))) * 2) - (c + b)) * (1 / 2)))) * (((b * 2) - a) - (c + b))) * ((c + (a + b)) * floor_power2(((((a * (-(2))) + a) + b) + interval(-2.66453525910037609145e-15, 2.66453525910037609145e-15)))))))) / (2 * sqrt((-(((((-(((((c - (a * (1 / 2))) * 2) - (c + b)) * (1 / 2)))) * (((b * 2) - a) - (c + b))) * (((((a * (-(2))) + a) + b) + c) * (c + (a + b)))) * (1 / 8)))))))
10: exp = -53: ((-(((1 / 8) * (((-(((((c - (a * (1 / 2))) * 2) - (c + b)) * (1 / 2)))) * (((b * 2) - a) - (c + b))) * ((c + (a + b)) * floor_power2((((((a * (-(2))) + a) + b) + c) + interval(-3.10862446895043870762e-15, 3.10862446895043870762e-15)))))))) / (2 * sqrt((-(((((-(((((c - (a * (1 / 2))) * 2) - (c + b)) * (1 / 2)))) * (((b * 2) - a) - (c + b))) * (((((a * (-(2))) + a) + b) + c) * (c + (a + b)))) * (1 / 8)))))))
11: exp = -53: ((-(((1 / 8) * (((-(((((c - (a * (1 / 2))) * 2) - (c + b)) * (1 / 2)))) * (((b * 2) - a) - (c + b))) * (((((a * (-(2))) + a) + b) + c) * floor_power2(((a + b) + 0))))))) / (2 * sqrt((-(((((-(((((c - (a * (1 / 2))) * 2) - (c + b)) * (1 / 2)))) * (((b * 2) - a) - (c + b))) * (((((a * (-(2))) + a) + b) + c) * (c + (a + b)))) * (1 / 8)))))))
12: exp = -53: ((-(((1 / 8) * (((-(((((c - (a * (1 / 2))) * 2) - (c + b)) * (1 / 2)))) * (((b * 2) - a) - (c + b))) * (((((a * (-(2))) + a) + b) + c) * floor_power2(((c + (a + b)) + interval(-8.88178419700125232339e-16, 8.88178419700125232339e-16)))))))) / (2 * sqrt((-(((((-(((((c - (a * (1 / 2))) * 2) - (c + b)) * (1 / 2)))) * (((b * 2) - a) - (c + b))) * (((((a * (-(2))) + a) + b) + c) * (c + (a + b)))) * (1 / 8)))))))
13: exp = -53: ((-(((1 / 8) * (((-(((((c - (a * (1 / 2))) * 2) - (c + b)) * (1 / 2)))) * (((b * 2) - a) - (c + b))) * floor_power2(((((((a * (-(2))) + a) + b) + c) * (c + (a + b))) + interval(-6.15008044491105768490e-14, 6.15008044491105768490e-14))))))) / (2 * sqrt((-(((((-(((((c - (a * (1 / 2))) * 2) - (c + b)) * (1 / 2)))) * (((b * 2) - a) - (c + b))) * (((((a * (-(2))) + a) + b) + c) * (c + (a + b)))) * (1 / 8)))))))
14: exp = -53: ((-(((1 / 8) * floor_power2(((((-(((((c - (a * (1 / 2))) * 2) - (c + b)) * (1 / 2)))) * (((b * 2) - a) - (c + b))) * (((((a * (-(2))) + a) + b) + c) * (c + (a + b)))) + interval(-3.03614412011655142561e-12, 3.03614412011655142561e-12)))))) / (2 * sqrt((-(((((-(((((c - (a * (1 / 2))) * 2) - (c + b)) * (1 / 2)))) * (((b * 2) - a) - (c + b))) * (((((a * (-(2))) + a) + b) + c) * (c + (a + b)))) * (1 / 8)))))))
-1: exp = -1022: ((-(1)) / (2 * sqrt((-(((((-(((((c - (a * (1 / 2))) * 2) - (c + b)) * (1 / 2)))) * (((b * 2) - a) - (c + b))) * (((((a * (-(2))) + a) + b) + c) * (c + (a + b)))) * (1 / 8)))))))
15: exp = -53: floor_power2((sqrt((-(((((-(((((c - (a * (1 / 2))) * 2) - (c + b)) * (1 / 2)))) * (((b * 2) - a) - (c + b))) * (((((a * (-(2))) + a) + b) + c) * (c + (a + b)))) * (1 / 8))))) + interval(-3.21762167179182349742e-14, 3.21762167179182349742e-14)))

Corresponding original subexpressions:
1: rnd[64,ne,1.00,-53,0]((c - rnd[64,ne,1.00,0,-1022]((a / 2))))
2: rnd[64,ne,1.00,-53,0]((c + b))
3: rnd[64,ne,1.00,-53,0](((rnd[64,ne,1.00,-53,0]((c - rnd[64,ne,1.00,0,-1022]((a / 2)))) * 2) - rnd[64,ne,1.00,-53,0]((c + b))))
4: rnd[64,ne,1.00,-53,0](((b * 2) - a))
5: rnd[64,ne,1.00,-53,0]((rnd[64,ne,1.00,-53,0](((b * 2) - a)) - rnd[64,ne,1.00,-53,0]((c + b))))
6: rnd64(((-(rnd[64,ne,1.00,0,-1022]((rnd[64,ne,1.00,-53,0](((rnd[64,ne,1.00,-53,0]((c - rnd[64,ne,1.00,0,-1022]((a / 2)))) * 2) - rnd[64,ne,1.00,-53,0]((c + b)))) / 2)))) * rnd[64,ne,1.00,-53,0]((rnd[64,ne,1.00,-53,0](((b * 2) - a)) - rnd[64,ne,1.00,-53,0]((c + b))))))
7: rnd64((a * (-(2))))
8: rnd[64,ne,1.00,-53,0]((rnd64((a * (-(2)))) + a))
9: rnd[64,ne,1.00,-53,0]((rnd[64,ne,1.00,-53,0]((rnd64((a * (-(2)))) + a)) + b))
10: rnd[64,ne,1.00,-53,0]((rnd[64,ne,1.00,-53,0]((rnd[64,ne,1.00,-53,0]((rnd64((a * (-(2)))) + a)) + b)) + c))
11: rnd[64,ne,1.00,-53,0]((a + b))
12: rnd[64,ne,1.00,-53,0]((c + rnd[64,ne,1.00,-53,0]((a + b))))
13: rnd64((rnd[64,ne,1.00,-53,0]((rnd[64,ne,1.00,-53,0]((rnd[64,ne,1.00,-53,0]((rnd64((a * (-(2)))) + a)) + b)) + c)) * rnd[64,ne,1.00,-53,0]((c + rnd[64,ne,1.00,-53,0]((a + b))))))
14: rnd64((rnd64(((-(rnd[64,ne,1.00,0,-1022]((rnd[64,ne,1.00,-53,0](((rnd[64,ne,1.00,-53,0]((c - rnd[64,ne,1.00,0,-1022]((a / 2)))) * 2) - rnd[64,ne,1.00,-53,0]((c + b)))) / 2)))) * rnd[64,ne,1.00,-53,0]((rnd[64,ne,1.00,-53,0](((b * 2) - a)) - rnd[64,ne,1.00,-53,0]((c + b)))))) * rnd64((rnd[64,ne,1.00,-53,0]((rnd[64,ne,1.00,-53,0]((rnd[64,ne,1.00,-53,0]((rnd64((a * (-(2)))) + a)) + b)) + c)) * rnd[64,ne,1.00,-53,0]((c + rnd[64,ne,1.00,-53,0]((a + b))))))))
15: rnd[64,ne,1.00,-53,0](sqrt((-(rnd[64,ne,1.00,0,-1022]((rnd64((rnd64(((-(rnd[64,ne,1.00,0,-1022]((rnd[64,ne,1.00,-53,0](((rnd[64,ne,1.00,-53,0]((c - rnd[64,ne,1.00,0,-1022]((a / 2)))) * 2) - rnd[64,ne,1.00,-53,0]((c + b)))) / 2)))) * rnd[64,ne,1.00,-53,0]((rnd[64,ne,1.00,-53,0](((b * 2) - a)) - rnd[64,ne,1.00,-53,0]((c + b)))))) * rnd64((rnd[64,ne,1.00,-53,0]((rnd[64,ne,1.00,-53,0]((rnd[64,ne,1.00,-53,0]((rnd64((a * (-(2)))) + a)) + b)) + c)) * rnd[64,ne,1.00,-53,0]((c + rnd[64,ne,1.00,-53,0]((a + b)))))))) / 8))))))

Selected optimization method: bb-eval
bb-eval_opt: x_abs_tol = 1.000000e-02, f_rel_tol = 1.000000e-02, f_abs_tol = 1.000000e-02, iters = 1000000
bounds: [6.195654e+00, 8.697591e+00]

Computing absolute errors
Selected optimization method: bb-eval
bb-eval_opt: x_abs_tol = 1.000000e-02, f_rel_tol = 1.000000e-02, f_abs_tol = 1.000000e-02, iters = 1000000
rmin(result = 9.339937e-13, lower = 9.339937e-13), rmax(result = 9.339937e-13, lower = 9.339937e-13)
-1: exp = -53: 9.339937e-13 (low = 9.339937e-13, subopt = 0.0%)
Selected optimization method: bb-eval
bb-eval_opt: x_abs_tol = 1.000000e-02, f_rel_tol = 1.000000e-02, f_abs_tol = 1.000000e-02, iters = 1000000
rmin(result = 6.785097e-01, lower = 6.953596e-01), rmax(result = 9.763890e-01, lower = 9.568307e-01)
-1: exp = -1022: 9.763890e-01 (low = 9.568307e-01, subopt = 2.0%)
Selected optimization method: bb-eval
bb-eval_opt: x_abs_tol = 1.000000e-02, f_rel_tol = 1.000000e-02, f_abs_tol = 1.000000e-02, iters = 1000000
rmin(result = -9.763890e-01, lower = -9.568307e-01), rmax(result = -6.785097e-01, lower = -6.953596e-01)
-1: exp = -1022: 9.763890e-01 (low = 9.568307e-01, subopt = 2.0%)
Selected optimization method: bb-eval
bb-eval_opt: x_abs_tol = 1.000000e-02, f_rel_tol = 1.000000e-02, f_abs_tol = 1.000000e-02, iters = 1000000
rmin(result = -8.322366e-02, lower = -7.989471e-02), rmax(result = -5.582890e-02, lower = -5.806205e-02)
-1: exp = -1022: 8.322366e-02 (low = 7.989471e-02, subopt = 4.0%)

Solving the exact optimization problem
Selected optimization method: bb-eval
bb-eval_opt: x_abs_tol = 1.000000e-02, f_rel_tol = 1.000000e-02, f_abs_tol = 1.000000e-02, iters = 1000000
exact bound (exp = -53): 2.382904e+02 (low = 2.364940e+02, subopt = 0.8%)
total2: 1.036941e-28 (low = 1.036941e-28, subopt = 0.0%)
exact total: 2.645555e-14 (low = 2.625610e-14, subopt = 0.8%)

Computing relative errors
Selected optimization method: bb-eval
bb-eval_opt: x_abs_tol = 1.000000e-02, f_rel_tol = 1.000000e-02, f_abs_tol = 1.000000e-02, iters = 1000000
rmin(result = 9.339937e-13, lower = 9.339937e-13), rmax(result = 9.339937e-13, lower = 9.339937e-13)
-1: exp = -53: 9.339937e-13 (low = 9.339937e-13, subopt = 0.0%)
Selected optimization method: bb-eval
bb-eval_opt: x_abs_tol = 1.000000e-02, f_rel_tol = 1.000000e-02, f_abs_tol = 1.000000e-02, iters = 1000000
rmin(result = 6.785097e-01, lower = 6.953596e-01), rmax(result = 9.763890e-01, lower = 9.568307e-01)
-1: exp = -1022: 9.763890e-01 (low = 9.568307e-01, subopt = 2.0%)
Selected optimization method: bb-eval
bb-eval_opt: x_abs_tol = 1.000000e-02, f_rel_tol = 1.000000e-02, f_abs_tol = 1.000000e-02, iters = 1000000
rmin(result = -9.763890e-01, lower = -9.568307e-01), rmax(result = -6.785097e-01, lower = -6.953596e-01)
-1: exp = -1022: 9.763890e-01 (low = 9.568307e-01, subopt = 2.0%)
Selected optimization method: bb-eval
bb-eval_opt: x_abs_tol = 1.000000e-02, f_rel_tol = 1.000000e-02, f_abs_tol = 1.000000e-02, iters = 1000000
rmin(result = -8.322366e-02, lower = -7.989471e-02), rmax(result = -5.582890e-02, lower = -5.806205e-02)
-1: exp = -1022: 8.322366e-02 (low = 7.989471e-02, subopt = 4.0%)

Solving the exact optimization problem
Selected optimization method: bb-eval
bb-eval_opt: x_abs_tol = 1.000000e-02, f_rel_tol = 1.000000e-02, f_abs_tol = 1.000000e-02, iters = 1000000
exact bound-rel (exp = -53): 3.807069e+01 (low = 3.778923e+01, subopt = 0.7%)
total2: 1.673659e-29 (low = 1.192217e-29, subopt = 28.8%)
exact total-rel: 4.226695e-15 (low = 4.195448e-15, subopt = 0.7%)

Elapsed time: 0.04186
*************************************

-------------------------------------------------------------------------------
Problem: result

Optimization lower bounds for error models:
The absolute error (exact) model: 2.625610e-14 (0x1.d8fce90a07b8ep-46) (suboptimality = 0.8%)
The relative error (exact) model: 4.195447e-15 (0x1.2e5059d8a222ep-48) (suboptimality = 0.7%)

Bounds (without rounding): [6.195654, 8.697592]
Bounds (floating-point): [6.195654, 8.697592]

Absolute error (exact): 2.645556e-14 (0x1.dc94b4b3007ddp-46)
Relative error (exact): 4.226696e-15 (0x1.3090c49b7a858p-48)

Elapsed time: 0.04

