Base path: /Users/laura.zielinski/FPTaylor
Config file: /Users/laura.zielinski/FPTaylor/default.cfg
Config file: /var/folders/38/q_vgzzt959nfc63ldktzz1gr0000gp/T/tmpqwyywjho.cfg
default-rnd = rnd64
nlopt-cc = gcc -std=c99 -O3
opt-exact = true
develop = false
log-append-date = start
uncertainty = false
rel-error = true
opt-approx = false
proof-record = false
find-bounds = false
proof-dir = proofs
opt-f-abs-tol = 0.01
fail-on-exception = true
print-opt-lower-bounds = true
bb-compile = {base}/b_and_b/compile.sh {base} {input} {out}
z3-python-lib = 
opt-x-abs-tol = 0.01
export-error-bounds = 
opt-f-rel-tol = 0.01
export-options = 
opt-x-rel-tol = 0.0
rel-error-threshold = 0.0001
bb-alg = opt0
log-base-dir = log
intermediate-opt = false
z3-interval-bounds = true
opt-max-iters = 1000000
abs-error = true
z3-bin = 
maxima-simplification = false
print-hex-floats = true
debug = true
print-precision = 7
export-error-bounds-data = 
fp-power2-model = true
opt = auto
default-var-type = float64
verbosity = 2
ulp-error = false
opt-timeout = 10000
nlopt-lib = -lnlopt -lm
tmp-base-dir = tmp
unique-indices = false
z3-seed = 0
tmp-date = false
z3-python-cmd = python
const-approx-real-vars = false
print-second-order-errors = false
Resetting input_parser_env
eval_const_expr: (2/5)
result: 2/5
eval_const_expr: (3/5)
result: 3/5
eval_const_expr: 0
result: 0
eval_const_expr: (3/5)
result: 3/5
eval_const_expr: (2/5)
result: 2/5
eval_const_expr: (1/5)
result: 1/5
eval_const_expr: (1/4)
result: 1/4
eval_const_expr: 0
result: 0
eval_const_expr: (1/4)
result: 1/4
eval_const_expr: (1/5)
result: 1/5
Resetting input_parser_env
|tasks| = 1
Processing: result

*************************************
Taylor form for: rnd64((rnd64((rnd64((-(rnd64(1)))) + rnd64((rnd64((rnd64(m) / rnd64(v))) * rnd64((rnd64(1) - rnd64(m))))))) * rnd64(m)))

Conservative bound: [-0.216000, 0.480000]

Simplified rounding: rnd64((rnd[64,ne,1.00,-53,0](((-(1)) + rnd64((rnd64((m / v)) * rnd[64,ne,1.00,-53,0]((1 - m)))))) * m))
Building Taylor forms...
const_form
neg_form
var_form
var_form
div_form
inv_form
mul_form
rounded_form
sub_form
rounded_form
mul_form
rounded_form
add_form
rounded_form
mul_form
rounded_form
Taylor forms cache stats: num_bindings = 14, num_buckets = 1024, max_bucket_length = 1
Expr cache stats: num_bindings = 36, num_buckets = 65536, max_bucket_length = 1
Simplifying Taylor forms...
success
v0 = (((-(1)) + ((m * (1 / v)) * (1 - m))) * m)
-1: exp = -53: (5404319552844601/81129638414606681695789005144064)
1: exp = -53: (m * ((1 - m) * floor_power2(((m * (1 / v)) + 0))))
2: exp = -53: (m * ((m * (1 / v)) * floor_power2(((1 - m) + 0))))
3: exp = -53: (m * floor_power2((((m * (1 / v)) * (1 - m)) + interval(-2.99760216648792384244e-16, 2.99760216648792384244e-16))))
4: exp = -53: (m * floor_power2((((-(1)) + ((m * (1 / v)) * (1 - m))) + interval(-4.10782519111308038286e-16, 4.10782519111308038286e-16))))
5: exp = -53: floor_power2(((((-(1)) + ((m * (1 / v)) * (1 - m))) * m) + interval(-2.79776202205539598070e-16, 2.79776202205539598070e-16)))

Corresponding original subexpressions:
1: rnd64((m / v))
2: rnd[64,ne,1.00,-53,0]((1 - m))
3: rnd64((rnd64((m / v)) * rnd[64,ne,1.00,-53,0]((1 - m))))
4: rnd[64,ne,1.00,-53,0](((-(1)) + rnd64((rnd64((m / v)) * rnd[64,ne,1.00,-53,0]((1 - m))))))
5: rnd64((rnd[64,ne,1.00,-53,0](((-(1)) + rnd64((rnd64((m / v)) * rnd[64,ne,1.00,-53,0]((1 - m)))))) * m))

Selected optimization method: bb-eval
bb-eval_opt: x_abs_tol = 1.000000e-02, f_rel_tol = 1.000000e-02, f_abs_tol = 1.000000e-02, iters = 1000000
bounds: [-3.000000e-02, 1.400781e-01]

Computing absolute errors
Selected optimization method: bb-eval
bb-eval_opt: x_abs_tol = 1.000000e-02, f_rel_tol = 1.000000e-02, f_abs_tol = 1.000000e-02, iters = 1000000
rmin(result = 6.661338e-17, lower = 6.661338e-17), rmax(result = 6.661338e-17, lower = 6.661338e-17)
-1: exp = -53: 6.661338e-17 (low = 6.661338e-17, subopt = 0.0%)

Solving the exact optimization problem
Selected optimization method: bb-eval
bb-eval_opt: x_abs_tol = 1.000000e-02, f_rel_tol = 1.000000e-02, f_abs_tol = 1.000000e-02, iters = 1000000
exact bound (exp = -53): 1.881250e+00 (low = 1.729181e+00, subopt = 8.1%)
total2: 7.395571e-33 (low = 7.395571e-33, subopt = 0.0%)
exact total: 2.088607e-16 (low = 1.919777e-16, subopt = 8.1%)

Computing relative errors
**WARNING**: 
Cannot compute the relative error: values of the function are close to zero

Elapsed time: 0.00570
*************************************

-------------------------------------------------------------------------------
Problem: result

Optimization lower bounds for error models:
The absolute error (exact) model: 1.919776e-16 (0x1.baab9e537ed17p-53) (suboptimality = 8.1%)

Bounds (without rounding): [-3.000001e-2, 1.400782e-1]
Bounds (floating-point): [-3.000001e-2, 1.400782e-1]

Absolute error (exact): 2.088608e-16 (0x1.e19999999999cp-53)

Elapsed time: 0.01

