Base path: /Users/laura.zielinski/FPTaylor
Config file: /Users/laura.zielinski/FPTaylor/default.cfg
Config file: /var/folders/38/q_vgzzt959nfc63ldktzz1gr0000gp/T/tmp6g7n2uf5.cfg
default-rnd = rnd64
nlopt-cc = gcc -std=c99 -O3
opt-exact = true
develop = false
log-append-date = start
uncertainty = false
rel-error = true
opt-approx = false
proof-record = false
find-bounds = false
proof-dir = proofs
opt-f-abs-tol = 0.01
fail-on-exception = true
print-opt-lower-bounds = true
bb-compile = {base}/b_and_b/compile.sh {base} {input} {out}
z3-python-lib = 
opt-x-abs-tol = 0.01
export-error-bounds = 
opt-f-rel-tol = 0.01
export-options = 
opt-x-rel-tol = 0.0
rel-error-threshold = 0.0001
bb-alg = opt0
log-base-dir = log
intermediate-opt = false
z3-interval-bounds = true
opt-max-iters = 1000000
abs-error = true
z3-bin = 
maxima-simplification = false
print-hex-floats = true
debug = true
print-precision = 7
export-error-bounds-data = 
fp-power2-model = true
opt = auto
default-var-type = float64
verbosity = 2
ulp-error = false
opt-timeout = 10000
nlopt-lib = -lnlopt -lm
tmp-base-dir = tmp
unique-indices = false
z3-seed = 0
tmp-date = false
z3-python-cmd = python
const-approx-real-vars = false
print-second-order-errors = false
Resetting input_parser_env
eval_const_expr: (-(5))
result: -5
eval_const_expr: 5
result: 5
eval_const_expr: 0
result: 0
eval_const_expr: 5
result: 5
eval_const_expr: (-(5))
result: -5
eval_const_expr: (-(20))
result: -20
eval_const_expr: 5
result: 5
eval_const_expr: 0
result: 0
eval_const_expr: 5
result: 5
eval_const_expr: (-(20))
result: -20
Resetting input_parser_env
|tasks| = 1
Processing: result

*************************************
Taylor form for: rnd64((rnd64(x1) + rnd64((rnd64((rnd64((rnd64((rnd64((rnd64((rnd64((rnd64((rnd64((rnd64(2) * rnd64(x1))) * rnd64((rnd64((rnd64((rnd64((rnd64((rnd64(3) * rnd64(x1))) * rnd64(x1))) + rnd64((rnd64(2) * rnd64(x2))))) - rnd64(x1))) / rnd64((rnd64((rnd64(x1) * rnd64(x1))) + rnd64(1))))))) * rnd64((rnd64((rnd64((rnd64((rnd64((rnd64((rnd64(3) * rnd64(x1))) * rnd64(x1))) + rnd64((rnd64(2) * rnd64(x2))))) - rnd64(x1))) / rnd64((rnd64((rnd64(x1) * rnd64(x1))) + rnd64(1))))) - rnd64(3))))) + rnd64((rnd64((rnd64(x1) * rnd64(x1))) * rnd64((rnd64((rnd64(4) * rnd64((rnd64((rnd64((rnd64((rnd64((rnd64(3) * rnd64(x1))) * rnd64(x1))) + rnd64((rnd64(2) * rnd64(x2))))) - rnd64(x1))) / rnd64((rnd64((rnd64(x1) * rnd64(x1))) + rnd64(1))))))) - rnd64(6))))))) * rnd64((rnd64((rnd64(x1) * rnd64(x1))) + rnd64(1))))) + rnd64((rnd64((rnd64((rnd64(3) * rnd64(x1))) * rnd64(x1))) * rnd64((rnd64((rnd64((rnd64((rnd64((rnd64(3) * rnd64(x1))) * rnd64(x1))) + rnd64((rnd64(2) * rnd64(x2))))) - rnd64(x1))) / rnd64((rnd64((rnd64(x1) * rnd64(x1))) + rnd64(1))))))))) + rnd64((rnd64((rnd64(x1) * rnd64(x1))) * rnd64(x1))))) + rnd64(x1))) + rnd64((rnd64(3) * rnd64((rnd64((rnd64((rnd64((rnd64((rnd64(3) * rnd64(x1))) * rnd64(x1))) - rnd64((rnd64(2) * rnd64(x2))))) - rnd64(x1))) / rnd64((rnd64((rnd64(x1) * rnd64(x1))) + rnd64(1)))))))))))

Conservative bound: [-4162905.000000, 4077195.000000]

Simplified rounding: rnd[64,ne,1.00,-53,0]((x1 + rnd[64,ne,1.00,-53,0]((rnd[64,ne,1.00,-53,0]((rnd[64,ne,1.00,-53,0]((rnd[64,ne,1.00,-53,0]((rnd64((rnd[64,ne,1.00,-53,0]((rnd64((rnd64(((2 * x1) * rnd64((rnd[64,ne,1.00,-53,0]((rnd[64,ne,1.00,-53,0]((rnd64((rnd64((3 * x1)) * x1)) + (2 * x2))) - x1)) / rnd[64,ne,1.00,-53,0]((rnd64((x1 * x1)) + 1)))))) * rnd[64,ne,1.00,-53,0]((rnd64((rnd[64,ne,1.00,-53,0]((rnd[64,ne,1.00,-53,0]((rnd64((rnd64((3 * x1)) * x1)) + (2 * x2))) - x1)) / rnd[64,ne,1.00,-53,0]((rnd64((x1 * x1)) + 1)))) - 3)))) + rnd64((rnd64((x1 * x1)) * rnd[64,ne,1.00,-53,0](((4 * rnd64((rnd[64,ne,1.00,-53,0]((rnd[64,ne,1.00,-53,0]((rnd64((rnd64((3 * x1)) * x1)) + (2 * x2))) - x1)) / rnd[64,ne,1.00,-53,0]((rnd64((x1 * x1)) + 1))))) - 6)))))) * rnd[64,ne,1.00,-53,0]((rnd64((x1 * x1)) + 1)))) + rnd64((rnd64((rnd64((3 * x1)) * x1)) * rnd64((rnd[64,ne,1.00,-53,0]((rnd[64,ne,1.00,-53,0]((rnd64((rnd64((3 * x1)) * x1)) + (2 * x2))) - x1)) / rnd[64,ne,1.00,-53,0]((rnd64((x1 * x1)) + 1)))))))) + rnd64((rnd64((x1 * x1)) * x1)))) + x1)) + rnd64((3 * rnd64((rnd[64,ne,1.00,-53,0]((rnd[64,ne,1.00,-53,0]((rnd64((rnd64((3 * x1)) * x1)) - (2 * x2))) - x1)) / rnd[64,ne,1.00,-53,0]((rnd64((x1 * x1)) + 1))))))))))
Building Taylor forms...
var_form
const_form
mul_form
const_form
mul_form
rounded_form
mul_form
rounded_form
var_form
mul_form
add_form
rounded_form
sub_form
rounded_form
mul_form
rounded_form
const_form
add_form
rounded_form
div_form
inv_form
mul_form
rounded_form
mul_form
rounded_form
sub_form
rounded_form
mul_form
rounded_form
const_form
mul_form
const_form
sub_form
rounded_form
mul_form
rounded_form
add_form
rounded_form
mul_form
rounded_form
mul_form
rounded_form
add_form
rounded_form
mul_form
rounded_form
add_form
rounded_form
add_form
rounded_form
sub_form
rounded_form
sub_form
rounded_form
div_form
inv_form
mul_form
rounded_form
mul_form
rounded_form
add_form
rounded_form
add_form
rounded_form
Taylor forms cache stats: num_bindings = 60, num_buckets = 1024, max_bucket_length = 1
Expr cache stats: num_bindings = 274, num_buckets = 65536, max_bucket_length = 2
Simplifying Taylor forms...
success
v0 = (x1 + (((((((((2 * x1) * (((((3 * x1) * x1) + (2 * x2)) - x1) * (1 / ((x1 * x1) + 1)))) * ((((((3 * x1) * x1) + (2 * x2)) - x1) * (1 / ((x1 * x1) + 1))) - 3)) + ((x1 * x1) * ((4 * (((((3 * x1) * x1) + (2 * x2)) - x1) * (1 / ((x1 * x1) + 1)))) - 6))) * ((x1 * x1) + 1)) + (((3 * x1) * x1) * (((((3 * x1) * x1) + (2 * x2)) - x1) * (1 / ((x1 * x1) + 1))))) + ((x1 * x1) * x1)) + x1) + (3 * (((((3 * x1) * x1) - (2 * x2)) - x1) * (1 / ((x1 * x1) + 1))))))
-1: exp = -53: (7113376006144081/4722366482869645213696)
1: exp = -53: (((((x1 * x1) + 1) * (((((2 * x1) * (((((3 * x1) * x1) + (2 * x2)) - x1) * (1 / ((x1 * x1) + 1)))) * ((1 / ((x1 * x1) + 1)) * (x1 * floor_power2(((3 * x1) + 0))))) + (((((((3 * x1) * x1) + (2 * x2)) - x1) * (1 / ((x1 * x1) + 1))) - 3) * ((2 * x1) * ((1 / ((x1 * x1) + 1)) * (x1 * floor_power2(((3 * x1) + 0))))))) + ((x1 * x1) * (4 * ((1 / ((x1 * x1) + 1)) * (x1 * floor_power2(((3 * x1) + 0)))))))) + ((((3 * x1) * x1) * ((1 / ((x1 * x1) + 1)) * (x1 * floor_power2(((3 * x1) + 0))))) + ((((((3 * x1) * x1) + (2 * x2)) - x1) * (1 / ((x1 * x1) + 1))) * (x1 * floor_power2(((3 * x1) + 0)))))) + (3 * ((1 / ((x1 * x1) + 1)) * (x1 * floor_power2(((3 * x1) + 0))))))
2: exp = -53: (((((x1 * x1) + 1) * (((((2 * x1) * (((((3 * x1) * x1) + (2 * x2)) - x1) * (1 / ((x1 * x1) + 1)))) * ((1 / ((x1 * x1) + 1)) * floor_power2((((3 * x1) * x1) + interval(-4.44089209850062695056e-15, 4.44089209850062695056e-15))))) + (((((((3 * x1) * x1) + (2 * x2)) - x1) * (1 / ((x1 * x1) + 1))) - 3) * ((2 * x1) * ((1 / ((x1 * x1) + 1)) * floor_power2((((3 * x1) * x1) + interval(-4.44089209850062695056e-15, 4.44089209850062695056e-15))))))) + ((x1 * x1) * (4 * ((1 / ((x1 * x1) + 1)) * floor_power2((((3 * x1) * x1) + interval(-4.44089209850062695056e-15, 4.44089209850062695056e-15)))))))) + ((((3 * x1) * x1) * ((1 / ((x1 * x1) + 1)) * floor_power2((((3 * x1) * x1) + interval(-4.44089209850062695056e-15, 4.44089209850062695056e-15))))) + ((((((3 * x1) * x1) + (2 * x2)) - x1) * (1 / ((x1 * x1) + 1))) * floor_power2((((3 * x1) * x1) + interval(-4.44089209850062695056e-15, 4.44089209850062695056e-15)))))) + (3 * ((1 / ((x1 * x1) + 1)) * floor_power2((((3 * x1) * x1) + interval(-4.44089209850062695056e-15, 4.44089209850062695056e-15))))))
3: exp = -53: ((((x1 * x1) + 1) * (((((2 * x1) * (((((3 * x1) * x1) + (2 * x2)) - x1) * (1 / ((x1 * x1) + 1)))) * ((1 / ((x1 * x1) + 1)) * floor_power2(((((3 * x1) * x1) + (2 * x2)) + interval(-1.15463194561016295981e-14, 1.15463194561016295981e-14))))) + (((((((3 * x1) * x1) + (2 * x2)) - x1) * (1 / ((x1 * x1) + 1))) - 3) * ((2 * x1) * ((1 / ((x1 * x1) + 1)) * floor_power2(((((3 * x1) * x1) + (2 * x2)) + interval(-1.15463194561016295981e-14, 1.15463194561016295981e-14))))))) + ((x1 * x1) * (4 * ((1 / ((x1 * x1) + 1)) * floor_power2(((((3 * x1) * x1) + (2 * x2)) + interval(-1.15463194561016295981e-14, 1.15463194561016295981e-14)))))))) + (((3 * x1) * x1) * ((1 / ((x1 * x1) + 1)) * floor_power2(((((3 * x1) * x1) + (2 * x2)) + interval(-1.15463194561016295981e-14, 1.15463194561016295981e-14))))))
4: exp = -53: ((((x1 * x1) + 1) * (((((2 * x1) * (((((3 * x1) * x1) + (2 * x2)) - x1) * (1 / ((x1 * x1) + 1)))) * ((1 / ((x1 * x1) + 1)) * floor_power2((((((3 * x1) * x1) + (2 * x2)) - x1) + interval(-1.86517468137026330346e-14, 1.86517468137026330346e-14))))) + (((((((3 * x1) * x1) + (2 * x2)) - x1) * (1 / ((x1 * x1) + 1))) - 3) * ((2 * x1) * ((1 / ((x1 * x1) + 1)) * floor_power2((((((3 * x1) * x1) + (2 * x2)) - x1) + interval(-1.86517468137026330346e-14, 1.86517468137026330346e-14))))))) + ((x1 * x1) * (4 * ((1 / ((x1 * x1) + 1)) * floor_power2((((((3 * x1) * x1) + (2 * x2)) - x1) + interval(-1.86517468137026330346e-14, 1.86517468137026330346e-14)))))))) + (((3 * x1) * x1) * ((1 / ((x1 * x1) + 1)) * floor_power2((((((3 * x1) * x1) + (2 * x2)) - x1) + interval(-1.86517468137026330346e-14, 1.86517468137026330346e-14))))))
5: exp = -53: (((((((((2 * x1) * (((((3 * x1) * x1) + (2 * x2)) - x1) * (1 / ((x1 * x1) + 1)))) * ((((((3 * x1) * x1) + (2 * x2)) - x1) * (1 / ((x1 * x1) + 1))) - 3)) + ((x1 * x1) * ((4 * (((((3 * x1) * x1) + (2 * x2)) - x1) * (1 / ((x1 * x1) + 1)))) - 6))) * floor_power2(((x1 * x1) + 0))) + (((x1 * x1) + 1) * (((((2 * x1) * (((((3 * x1) * x1) + (2 * x2)) - x1) * (1 / ((x1 * x1) + 1)))) * (((((3 * x1) * x1) + (2 * x2)) - x1) * (-((floor_power2(((x1 * x1) + 0)) / (((x1 * x1) + 1) * ((x1 * x1) + 1))))))) + (((((((3 * x1) * x1) + (2 * x2)) - x1) * (1 / ((x1 * x1) + 1))) - 3) * ((2 * x1) * (((((3 * x1) * x1) + (2 * x2)) - x1) * (-((floor_power2(((x1 * x1) + 0)) / (((x1 * x1) + 1) * ((x1 * x1) + 1))))))))) + (((x1 * x1) * (4 * (((((3 * x1) * x1) + (2 * x2)) - x1) * (-((floor_power2(((x1 * x1) + 0)) / (((x1 * x1) + 1) * ((x1 * x1) + 1)))))))) + (((4 * (((((3 * x1) * x1) + (2 * x2)) - x1) * (1 / ((x1 * x1) + 1)))) - 6) * floor_power2(((x1 * x1) + 0))))))) + (((3 * x1) * x1) * (((((3 * x1) * x1) + (2 * x2)) - x1) * (-((floor_power2(((x1 * x1) + 0)) / (((x1 * x1) + 1) * ((x1 * x1) + 1)))))))) + (x1 * floor_power2(((x1 * x1) + 0)))) + (3 * (((((3 * x1) * x1) - (2 * x2)) - x1) * (-((floor_power2(((x1 * x1) + 0)) / (((x1 * x1) + 1) * ((x1 * x1) + 1))))))))
6: exp = -53: ((((((((2 * x1) * (((((3 * x1) * x1) + (2 * x2)) - x1) * (1 / ((x1 * x1) + 1)))) * ((((((3 * x1) * x1) + (2 * x2)) - x1) * (1 / ((x1 * x1) + 1))) - 3)) + ((x1 * x1) * ((4 * (((((3 * x1) * x1) + (2 * x2)) - x1) * (1 / ((x1 * x1) + 1)))) - 6))) * floor_power2((((x1 * x1) + 1) + interval(-1.77635683940025085911e-15, 1.77635683940025085911e-15)))) + (((x1 * x1) + 1) * (((((2 * x1) * (((((3 * x1) * x1) + (2 * x2)) - x1) * (1 / ((x1 * x1) + 1)))) * (((((3 * x1) * x1) + (2 * x2)) - x1) * (-((floor_power2((((x1 * x1) + 1) + interval(-1.77635683940025085911e-15, 1.77635683940025085911e-15))) / (((x1 * x1) + 1) * ((x1 * x1) + 1))))))) + (((((((3 * x1) * x1) + (2 * x2)) - x1) * (1 / ((x1 * x1) + 1))) - 3) * ((2 * x1) * (((((3 * x1) * x1) + (2 * x2)) - x1) * (-((floor_power2((((x1 * x1) + 1) + interval(-1.77635683940025085911e-15, 1.77635683940025085911e-15))) / (((x1 * x1) + 1) * ((x1 * x1) + 1))))))))) + ((x1 * x1) * (4 * (((((3 * x1) * x1) + (2 * x2)) - x1) * (-((floor_power2((((x1 * x1) + 1) + interval(-1.77635683940025085911e-15, 1.77635683940025085911e-15))) / (((x1 * x1) + 1) * ((x1 * x1) + 1))))))))))) + (((3 * x1) * x1) * (((((3 * x1) * x1) + (2 * x2)) - x1) * (-((floor_power2((((x1 * x1) + 1) + interval(-1.77635683940025085911e-15, 1.77635683940025085911e-15))) / (((x1 * x1) + 1) * ((x1 * x1) + 1)))))))) + (3 * (((((3 * x1) * x1) - (2 * x2)) - x1) * (-((floor_power2((((x1 * x1) + 1) + interval(-1.77635683940025085911e-15, 1.77635683940025085911e-15))) / (((x1 * x1) + 1) * ((x1 * x1) + 1))))))))
7: exp = -53: ((((x1 * x1) + 1) * (((((2 * x1) * (((((3 * x1) * x1) + (2 * x2)) - x1) * (1 / ((x1 * x1) + 1)))) * floor_power2(((((((3 * x1) * x1) + (2 * x2)) - x1) * (1 / ((x1 * x1) + 1))) + interval(-4.52082815627365358848e-13, 4.52082815627365358848e-13)))) + (((((((3 * x1) * x1) + (2 * x2)) - x1) * (1 / ((x1 * x1) + 1))) - 3) * ((2 * x1) * floor_power2(((((((3 * x1) * x1) + (2 * x2)) - x1) * (1 / ((x1 * x1) + 1))) + interval(-4.52082815627365358848e-13, 4.52082815627365358848e-13)))))) + ((x1 * x1) * (4 * floor_power2(((((((3 * x1) * x1) + (2 * x2)) - x1) * (1 / ((x1 * x1) + 1))) + interval(-4.52082815627365358848e-13, 4.52082815627365358848e-13))))))) + (((3 * x1) * x1) * floor_power2(((((((3 * x1) * x1) + (2 * x2)) - x1) * (1 / ((x1 * x1) + 1))) + interval(-4.52082815627365358848e-13, 4.52082815627365358848e-13)))))
8: exp = -53: (((x1 * x1) + 1) * (((((((3 * x1) * x1) + (2 * x2)) - x1) * (1 / ((x1 * x1) + 1))) - 3) * floor_power2((((2 * x1) * (((((3 * x1) * x1) + (2 * x2)) - x1) * (1 / ((x1 * x1) + 1)))) + interval(-4.59188242984966360706e-12, 4.59188242984966360706e-12)))))
9: exp = -53: (((x1 * x1) + 1) * (((2 * x1) * (((((3 * x1) * x1) + (2 * x2)) - x1) * (1 / ((x1 * x1) + 1)))) * floor_power2((((((((3 * x1) * x1) + (2 * x2)) - x1) * (1 / ((x1 * x1) + 1))) - 3) + interval(-4.59188242984966360706e-13, 4.59188242984966360706e-13)))))
10: exp = -53: (((x1 * x1) + 1) * floor_power2(((((2 * x1) * (((((3 * x1) * x1) + (2 * x2)) - x1) * (1 / ((x1 * x1) + 1)))) * ((((((3 * x1) * x1) + (2 * x2)) - x1) * (1 / ((x1 * x1) + 1))) - 3)) + interval(-1.13833742432235050838e-09, 1.13833742432235050838e-09))))
11: exp = -53: (((x1 * x1) + 1) * ((x1 * x1) * floor_power2((((4 * (((((3 * x1) * x1) + (2 * x2)) - x1) * (1 / ((x1 * x1) + 1)))) - 6) + interval(-1.83675297193986544283e-12, 1.83675297193986544283e-12)))))
12: exp = -53: (((x1 * x1) + 1) * floor_power2((((x1 * x1) * ((4 * (((((3 * x1) * x1) + (2 * x2)) - x1) * (1 / ((x1 * x1) + 1)))) - 6)) + interval(-4.72581973554044313834e-11, 4.72581973554044313834e-11))))
13: exp = -53: (((x1 * x1) + 1) * floor_power2((((((2 * x1) * (((((3 * x1) * x1) + (2 * x2)) - x1) * (1 / ((x1 * x1) + 1)))) * ((((((3 * x1) * x1) + (2 * x2)) - x1) * (1 / ((x1 * x1) + 1))) - 3)) + ((x1 * x1) * ((4 * (((((3 * x1) * x1) + (2 * x2)) - x1) * (1 / ((x1 * x1) + 1)))) - 6))) + interval(-1.20105703160789475858e-09, 1.20105703160789475858e-09))))
14: exp = -53: floor_power2(((((((2 * x1) * (((((3 * x1) * x1) + (2 * x2)) - x1) * (1 / ((x1 * x1) + 1)))) * ((((((3 * x1) * x1) + (2 * x2)) - x1) * (1 / ((x1 * x1) + 1))) - 3)) + ((x1 * x1) * ((4 * (((((3 * x1) * x1) + (2 * x2)) - x1) * (1 / ((x1 * x1) + 1)))) - 6))) * ((x1 * x1) + 1)) + interval(-3.21616546727911456172e-08, 3.21616546727911456172e-08)))
15: exp = -53: floor_power2(((((3 * x1) * x1) * (((((3 * x1) * x1) + (2 * x2)) - x1) * (1 / ((x1 * x1) + 1)))) + interval(-3.58246765586046804934e-11, 3.58246765586046804934e-11)))
16: exp = -53: floor_power2((((((((2 * x1) * (((((3 * x1) * x1) + (2 * x2)) - x1) * (1 / ((x1 * x1) + 1)))) * ((((((3 * x1) * x1) + (2 * x2)) - x1) * (1 / ((x1 * x1) + 1))) - 3)) + ((x1 * x1) * ((4 * (((((3 * x1) * x1) + (2 * x2)) - x1) * (1 / ((x1 * x1) + 1)))) - 6))) * ((x1 * x1) + 1)) + (((3 * x1) * x1) * (((((3 * x1) * x1) + (2 * x2)) - x1) * (1 / ((x1 * x1) + 1))))) + interval(-3.24312194877053927256e-08, 3.24312194877053927256e-08)))
17: exp = -53: floor_power2((((x1 * x1) * x1) + interval(-8.88178419700125390111e-15, 8.88178419700125390111e-15)))
18: exp = -53: floor_power2(((((((((2 * x1) * (((((3 * x1) * x1) + (2 * x2)) - x1) * (1 / ((x1 * x1) + 1)))) * ((((((3 * x1) * x1) + (2 * x2)) - x1) * (1 / ((x1 * x1) + 1))) - 3)) + ((x1 * x1) * ((4 * (((((3 * x1) * x1) + (2 * x2)) - x1) * (1 / ((x1 * x1) + 1)))) - 6))) * ((x1 * x1) + 1)) + (((3 * x1) * x1) * (((((3 * x1) * x1) + (2 * x2)) - x1) * (1 / ((x1 * x1) + 1))))) + ((x1 * x1) * x1)) + interval(-3.26640661185708169568e-08, 3.26640661185708169568e-08)))
19: exp = -53: floor_power2((((((((((2 * x1) * (((((3 * x1) * x1) + (2 * x2)) - x1) * (1 / ((x1 * x1) + 1)))) * ((((((3 * x1) * x1) + (2 * x2)) - x1) * (1 / ((x1 * x1) + 1))) - 3)) + ((x1 * x1) * ((4 * (((((3 * x1) * x1) + (2 * x2)) - x1) * (1 / ((x1 * x1) + 1)))) - 6))) * ((x1 * x1) + 1)) + (((3 * x1) * x1) * (((((3 * x1) * x1) + (2 * x2)) - x1) * (1 / ((x1 * x1) + 1))))) + ((x1 * x1) * x1)) + x1) + interval(-3.28968967622246865857e-08, 3.28968967622246865857e-08)))
20: exp = -53: (3 * ((1 / ((x1 * x1) + 1)) * floor_power2(((((3 * x1) * x1) - (2 * x2)) + interval(-1.15463194561016295981e-14, 1.15463194561016295981e-14)))))
21: exp = -53: (3 * ((1 / ((x1 * x1) + 1)) * floor_power2((((((3 * x1) * x1) - (2 * x2)) - x1) + interval(-1.86517468137026330346e-14, 1.86517468137026330346e-14)))))
22: exp = -53: (3 * floor_power2(((((((3 * x1) * x1) - (2 * x2)) - x1) * (1 / ((x1 * x1) + 1))) + interval(-4.52082815627365358848e-13, 4.52082815627365358848e-13))))
23: exp = -53: floor_power2(((3 * (((((3 * x1) * x1) - (2 * x2)) - x1) * (1 / ((x1 * x1) + 1)))) + interval(-1.37756472895489908212e-12, 1.37756472895489908212e-12)))
24: exp = -53: floor_power2(((((((((((2 * x1) * (((((3 * x1) * x1) + (2 * x2)) - x1) * (1 / ((x1 * x1) + 1)))) * ((((((3 * x1) * x1) + (2 * x2)) - x1) * (1 / ((x1 * x1) + 1))) - 3)) + ((x1 * x1) * ((4 * (((((3 * x1) * x1) + (2 * x2)) - x1) * (1 / ((x1 * x1) + 1)))) - 6))) * ((x1 * x1) + 1)) + (((3 * x1) * x1) * (((((3 * x1) * x1) + (2 * x2)) - x1) * (1 / ((x1 * x1) + 1))))) + ((x1 * x1) * x1)) + x1) + (3 * (((((3 * x1) * x1) - (2 * x2)) - x1) * (1 / ((x1 * x1) + 1))))) + interval(-3.31308136480858494678e-08, 3.31308136480858494678e-08)))
25: exp = -53: floor_power2(((x1 + (((((((((2 * x1) * (((((3 * x1) * x1) + (2 * x2)) - x1) * (1 / ((x1 * x1) + 1)))) * ((((((3 * x1) * x1) + (2 * x2)) - x1) * (1 / ((x1 * x1) + 1))) - 3)) + ((x1 * x1) * ((4 * (((((3 * x1) * x1) + (2 * x2)) - x1) * (1 / ((x1 * x1) + 1)))) - 6))) * ((x1 * x1) + 1)) + (((3 * x1) * x1) * (((((3 * x1) * x1) + (2 * x2)) - x1) * (1 / ((x1 * x1) + 1))))) + ((x1 * x1) * x1)) + x1) + (3 * (((((3 * x1) * x1) - (2 * x2)) - x1) * (1 / ((x1 * x1) + 1)))))) + interval(-3.33636442917397190967e-08, 3.33636442917397190967e-08)))

Corresponding original subexpressions:
1: rnd64((3 * x1))
2: rnd64((rnd64((3 * x1)) * x1))
3: rnd[64,ne,1.00,-53,0]((rnd64((rnd64((3 * x1)) * x1)) + (2 * x2)))
4: rnd[64,ne,1.00,-53,0]((rnd[64,ne,1.00,-53,0]((rnd64((rnd64((3 * x1)) * x1)) + (2 * x2))) - x1))
5: rnd64((x1 * x1))
6: rnd[64,ne,1.00,-53,0]((rnd64((x1 * x1)) + 1))
7: rnd64((rnd[64,ne,1.00,-53,0]((rnd[64,ne,1.00,-53,0]((rnd64((rnd64((3 * x1)) * x1)) + (2 * x2))) - x1)) / rnd[64,ne,1.00,-53,0]((rnd64((x1 * x1)) + 1))))
8: rnd64(((2 * x1) * rnd64((rnd[64,ne,1.00,-53,0]((rnd[64,ne,1.00,-53,0]((rnd64((rnd64((3 * x1)) * x1)) + (2 * x2))) - x1)) / rnd[64,ne,1.00,-53,0]((rnd64((x1 * x1)) + 1))))))
9: rnd[64,ne,1.00,-53,0]((rnd64((rnd[64,ne,1.00,-53,0]((rnd[64,ne,1.00,-53,0]((rnd64((rnd64((3 * x1)) * x1)) + (2 * x2))) - x1)) / rnd[64,ne,1.00,-53,0]((rnd64((x1 * x1)) + 1)))) - 3))
10: rnd64((rnd64(((2 * x1) * rnd64((rnd[64,ne,1.00,-53,0]((rnd[64,ne,1.00,-53,0]((rnd64((rnd64((3 * x1)) * x1)) + (2 * x2))) - x1)) / rnd[64,ne,1.00,-53,0]((rnd64((x1 * x1)) + 1)))))) * rnd[64,ne,1.00,-53,0]((rnd64((rnd[64,ne,1.00,-53,0]((rnd[64,ne,1.00,-53,0]((rnd64((rnd64((3 * x1)) * x1)) + (2 * x2))) - x1)) / rnd[64,ne,1.00,-53,0]((rnd64((x1 * x1)) + 1)))) - 3))))
11: rnd[64,ne,1.00,-53,0](((4 * rnd64((rnd[64,ne,1.00,-53,0]((rnd[64,ne,1.00,-53,0]((rnd64((rnd64((3 * x1)) * x1)) + (2 * x2))) - x1)) / rnd[64,ne,1.00,-53,0]((rnd64((x1 * x1)) + 1))))) - 6))
12: rnd64((rnd64((x1 * x1)) * rnd[64,ne,1.00,-53,0](((4 * rnd64((rnd[64,ne,1.00,-53,0]((rnd[64,ne,1.00,-53,0]((rnd64((rnd64((3 * x1)) * x1)) + (2 * x2))) - x1)) / rnd[64,ne,1.00,-53,0]((rnd64((x1 * x1)) + 1))))) - 6))))
13: rnd[64,ne,1.00,-53,0]((rnd64((rnd64(((2 * x1) * rnd64((rnd[64,ne,1.00,-53,0]((rnd[64,ne,1.00,-53,0]((rnd64((rnd64((3 * x1)) * x1)) + (2 * x2))) - x1)) / rnd[64,ne,1.00,-53,0]((rnd64((x1 * x1)) + 1)))))) * rnd[64,ne,1.00,-53,0]((rnd64((rnd[64,ne,1.00,-53,0]((rnd[64,ne,1.00,-53,0]((rnd64((rnd64((3 * x1)) * x1)) + (2 * x2))) - x1)) / rnd[64,ne,1.00,-53,0]((rnd64((x1 * x1)) + 1)))) - 3)))) + rnd64((rnd64((x1 * x1)) * rnd[64,ne,1.00,-53,0](((4 * rnd64((rnd[64,ne,1.00,-53,0]((rnd[64,ne,1.00,-53,0]((rnd64((rnd64((3 * x1)) * x1)) + (2 * x2))) - x1)) / rnd[64,ne,1.00,-53,0]((rnd64((x1 * x1)) + 1))))) - 6))))))
14: rnd64((rnd[64,ne,1.00,-53,0]((rnd64((rnd64(((2 * x1) * rnd64((rnd[64,ne,1.00,-53,0]((rnd[64,ne,1.00,-53,0]((rnd64((rnd64((3 * x1)) * x1)) + (2 * x2))) - x1)) / rnd[64,ne,1.00,-53,0]((rnd64((x1 * x1)) + 1)))))) * rnd[64,ne,1.00,-53,0]((rnd64((rnd[64,ne,1.00,-53,0]((rnd[64,ne,1.00,-53,0]((rnd64((rnd64((3 * x1)) * x1)) + (2 * x2))) - x1)) / rnd[64,ne,1.00,-53,0]((rnd64((x1 * x1)) + 1)))) - 3)))) + rnd64((rnd64((x1 * x1)) * rnd[64,ne,1.00,-53,0](((4 * rnd64((rnd[64,ne,1.00,-53,0]((rnd[64,ne,1.00,-53,0]((rnd64((rnd64((3 * x1)) * x1)) + (2 * x2))) - x1)) / rnd[64,ne,1.00,-53,0]((rnd64((x1 * x1)) + 1))))) - 6)))))) * rnd[64,ne,1.00,-53,0]((rnd64((x1 * x1)) + 1))))
15: rnd64((rnd64((rnd64((3 * x1)) * x1)) * rnd64((rnd[64,ne,1.00,-53,0]((rnd[64,ne,1.00,-53,0]((rnd64((rnd64((3 * x1)) * x1)) + (2 * x2))) - x1)) / rnd[64,ne,1.00,-53,0]((rnd64((x1 * x1)) + 1))))))
16: rnd[64,ne,1.00,-53,0]((rnd64((rnd[64,ne,1.00,-53,0]((rnd64((rnd64(((2 * x1) * rnd64((rnd[64,ne,1.00,-53,0]((rnd[64,ne,1.00,-53,0]((rnd64((rnd64((3 * x1)) * x1)) + (2 * x2))) - x1)) / rnd[64,ne,1.00,-53,0]((rnd64((x1 * x1)) + 1)))))) * rnd[64,ne,1.00,-53,0]((rnd64((rnd[64,ne,1.00,-53,0]((rnd[64,ne,1.00,-53,0]((rnd64((rnd64((3 * x1)) * x1)) + (2 * x2))) - x1)) / rnd[64,ne,1.00,-53,0]((rnd64((x1 * x1)) + 1)))) - 3)))) + rnd64((rnd64((x1 * x1)) * rnd[64,ne,1.00,-53,0](((4 * rnd64((rnd[64,ne,1.00,-53,0]((rnd[64,ne,1.00,-53,0]((rnd64((rnd64((3 * x1)) * x1)) + (2 * x2))) - x1)) / rnd[64,ne,1.00,-53,0]((rnd64((x1 * x1)) + 1))))) - 6)))))) * rnd[64,ne,1.00,-53,0]((rnd64((x1 * x1)) + 1)))) + rnd64((rnd64((rnd64((3 * x1)) * x1)) * rnd64((rnd[64,ne,1.00,-53,0]((rnd[64,ne,1.00,-53,0]((rnd64((rnd64((3 * x1)) * x1)) + (2 * x2))) - x1)) / rnd[64,ne,1.00,-53,0]((rnd64((x1 * x1)) + 1))))))))
17: rnd64((rnd64((x1 * x1)) * x1))
18: rnd[64,ne,1.00,-53,0]((rnd[64,ne,1.00,-53,0]((rnd64((rnd[64,ne,1.00,-53,0]((rnd64((rnd64(((2 * x1) * rnd64((rnd[64,ne,1.00,-53,0]((rnd[64,ne,1.00,-53,0]((rnd64((rnd64((3 * x1)) * x1)) + (2 * x2))) - x1)) / rnd[64,ne,1.00,-53,0]((rnd64((x1 * x1)) + 1)))))) * rnd[64,ne,1.00,-53,0]((rnd64((rnd[64,ne,1.00,-53,0]((rnd[64,ne,1.00,-53,0]((rnd64((rnd64((3 * x1)) * x1)) + (2 * x2))) - x1)) / rnd[64,ne,1.00,-53,0]((rnd64((x1 * x1)) + 1)))) - 3)))) + rnd64((rnd64((x1 * x1)) * rnd[64,ne,1.00,-53,0](((4 * rnd64((rnd[64,ne,1.00,-53,0]((rnd[64,ne,1.00,-53,0]((rnd64((rnd64((3 * x1)) * x1)) + (2 * x2))) - x1)) / rnd[64,ne,1.00,-53,0]((rnd64((x1 * x1)) + 1))))) - 6)))))) * rnd[64,ne,1.00,-53,0]((rnd64((x1 * x1)) + 1)))) + rnd64((rnd64((rnd64((3 * x1)) * x1)) * rnd64((rnd[64,ne,1.00,-53,0]((rnd[64,ne,1.00,-53,0]((rnd64((rnd64((3 * x1)) * x1)) + (2 * x2))) - x1)) / rnd[64,ne,1.00,-53,0]((rnd64((x1 * x1)) + 1)))))))) + rnd64((rnd64((x1 * x1)) * x1))))
19: rnd[64,ne,1.00,-53,0]((rnd[64,ne,1.00,-53,0]((rnd[64,ne,1.00,-53,0]((rnd64((rnd[64,ne,1.00,-53,0]((rnd64((rnd64(((2 * x1) * rnd64((rnd[64,ne,1.00,-53,0]((rnd[64,ne,1.00,-53,0]((rnd64((rnd64((3 * x1)) * x1)) + (2 * x2))) - x1)) / rnd[64,ne,1.00,-53,0]((rnd64((x1 * x1)) + 1)))))) * rnd[64,ne,1.00,-53,0]((rnd64((rnd[64,ne,1.00,-53,0]((rnd[64,ne,1.00,-53,0]((rnd64((rnd64((3 * x1)) * x1)) + (2 * x2))) - x1)) / rnd[64,ne,1.00,-53,0]((rnd64((x1 * x1)) + 1)))) - 3)))) + rnd64((rnd64((x1 * x1)) * rnd[64,ne,1.00,-53,0](((4 * rnd64((rnd[64,ne,1.00,-53,0]((rnd[64,ne,1.00,-53,0]((rnd64((rnd64((3 * x1)) * x1)) + (2 * x2))) - x1)) / rnd[64,ne,1.00,-53,0]((rnd64((x1 * x1)) + 1))))) - 6)))))) * rnd[64,ne,1.00,-53,0]((rnd64((x1 * x1)) + 1)))) + rnd64((rnd64((rnd64((3 * x1)) * x1)) * rnd64((rnd[64,ne,1.00,-53,0]((rnd[64,ne,1.00,-53,0]((rnd64((rnd64((3 * x1)) * x1)) + (2 * x2))) - x1)) / rnd[64,ne,1.00,-53,0]((rnd64((x1 * x1)) + 1)))))))) + rnd64((rnd64((x1 * x1)) * x1)))) + x1))
20: rnd[64,ne,1.00,-53,0]((rnd64((rnd64((3 * x1)) * x1)) - (2 * x2)))
21: rnd[64,ne,1.00,-53,0]((rnd[64,ne,1.00,-53,0]((rnd64((rnd64((3 * x1)) * x1)) - (2 * x2))) - x1))
22: rnd64((rnd[64,ne,1.00,-53,0]((rnd[64,ne,1.00,-53,0]((rnd64((rnd64((3 * x1)) * x1)) - (2 * x2))) - x1)) / rnd[64,ne,1.00,-53,0]((rnd64((x1 * x1)) + 1))))
23: rnd64((3 * rnd64((rnd[64,ne,1.00,-53,0]((rnd[64,ne,1.00,-53,0]((rnd64((rnd64((3 * x1)) * x1)) - (2 * x2))) - x1)) / rnd[64,ne,1.00,-53,0]((rnd64((x1 * x1)) + 1))))))
24: rnd[64,ne,1.00,-53,0]((rnd[64,ne,1.00,-53,0]((rnd[64,ne,1.00,-53,0]((rnd[64,ne,1.00,-53,0]((rnd64((rnd[64,ne,1.00,-53,0]((rnd64((rnd64(((2 * x1) * rnd64((rnd[64,ne,1.00,-53,0]((rnd[64,ne,1.00,-53,0]((rnd64((rnd64((3 * x1)) * x1)) + (2 * x2))) - x1)) / rnd[64,ne,1.00,-53,0]((rnd64((x1 * x1)) + 1)))))) * rnd[64,ne,1.00,-53,0]((rnd64((rnd[64,ne,1.00,-53,0]((rnd[64,ne,1.00,-53,0]((rnd64((rnd64((3 * x1)) * x1)) + (2 * x2))) - x1)) / rnd[64,ne,1.00,-53,0]((rnd64((x1 * x1)) + 1)))) - 3)))) + rnd64((rnd64((x1 * x1)) * rnd[64,ne,1.00,-53,0](((4 * rnd64((rnd[64,ne,1.00,-53,0]((rnd[64,ne,1.00,-53,0]((rnd64((rnd64((3 * x1)) * x1)) + (2 * x2))) - x1)) / rnd[64,ne,1.00,-53,0]((rnd64((x1 * x1)) + 1))))) - 6)))))) * rnd[64,ne,1.00,-53,0]((rnd64((x1 * x1)) + 1)))) + rnd64((rnd64((rnd64((3 * x1)) * x1)) * rnd64((rnd[64,ne,1.00,-53,0]((rnd[64,ne,1.00,-53,0]((rnd64((rnd64((3 * x1)) * x1)) + (2 * x2))) - x1)) / rnd[64,ne,1.00,-53,0]((rnd64((x1 * x1)) + 1)))))))) + rnd64((rnd64((x1 * x1)) * x1)))) + x1)) + rnd64((3 * rnd64((rnd[64,ne,1.00,-53,0]((rnd[64,ne,1.00,-53,0]((rnd64((rnd64((3 * x1)) * x1)) - (2 * x2))) - x1)) / rnd[64,ne,1.00,-53,0]((rnd64((x1 * x1)) + 1))))))))
25: rnd[64,ne,1.00,-53,0]((x1 + rnd[64,ne,1.00,-53,0]((rnd[64,ne,1.00,-53,0]((rnd[64,ne,1.00,-53,0]((rnd[64,ne,1.00,-53,0]((rnd64((rnd[64,ne,1.00,-53,0]((rnd64((rnd64(((2 * x1) * rnd64((rnd[64,ne,1.00,-53,0]((rnd[64,ne,1.00,-53,0]((rnd64((rnd64((3 * x1)) * x1)) + (2 * x2))) - x1)) / rnd[64,ne,1.00,-53,0]((rnd64((x1 * x1)) + 1)))))) * rnd[64,ne,1.00,-53,0]((rnd64((rnd[64,ne,1.00,-53,0]((rnd[64,ne,1.00,-53,0]((rnd64((rnd64((3 * x1)) * x1)) + (2 * x2))) - x1)) / rnd[64,ne,1.00,-53,0]((rnd64((x1 * x1)) + 1)))) - 3)))) + rnd64((rnd64((x1 * x1)) * rnd[64,ne,1.00,-53,0](((4 * rnd64((rnd[64,ne,1.00,-53,0]((rnd[64,ne,1.00,-53,0]((rnd64((rnd64((3 * x1)) * x1)) + (2 * x2))) - x1)) / rnd[64,ne,1.00,-53,0]((rnd64((x1 * x1)) + 1))))) - 6)))))) * rnd[64,ne,1.00,-53,0]((rnd64((x1 * x1)) + 1)))) + rnd64((rnd64((rnd64((3 * x1)) * x1)) * rnd64((rnd[64,ne,1.00,-53,0]((rnd[64,ne,1.00,-53,0]((rnd64((rnd64((3 * x1)) * x1)) + (2 * x2))) - x1)) / rnd[64,ne,1.00,-53,0]((rnd64((x1 * x1)) + 1)))))))) + rnd64((rnd64((x1 * x1)) * x1)))) + x1)) + rnd64((3 * rnd64((rnd[64,ne,1.00,-53,0]((rnd[64,ne,1.00,-53,0]((rnd64((rnd64((3 * x1)) * x1)) - (2 * x2))) - x1)) / rnd[64,ne,1.00,-53,0]((rnd64((x1 * x1)) + 1))))))))))

Selected optimization method: bb-eval
bb-eval_opt: x_abs_tol = 1.000000e-02, f_rel_tol = 1.000000e-02, f_abs_tol = 1.000000e-02, iters = 1000000
bounds: [-1.696032e+03, 4.866060e+03]

Computing absolute errors
Selected optimization method: bb-eval
bb-eval_opt: x_abs_tol = 1.000000e-02, f_rel_tol = 1.000000e-02, f_abs_tol = 1.000000e-02, iters = 1000000
rmin(result = 1.506316e-06, lower = 1.506316e-06), rmax(result = 1.506316e-06, lower = 1.506316e-06)
-1: exp = -53: 1.506316e-06 (low = 1.506316e-06, subopt = 0.0%)

Solving the exact optimization problem
Selected optimization method: bb-eval
bb-eval_opt: x_abs_tol = 1.000000e-02, f_rel_tol = 1.000000e-02, f_abs_tol = 1.000000e-02, iters = 1000000
exact bound (exp = -53): 7.851424e+04 (low = 7.810536e+04, subopt = 0.5%)
total2: 1.672347e-22 (low = 1.672347e-22, subopt = 0.0%)
exact total: 8.716832e-12 (low = 8.671437e-12, subopt = 0.5%)

Computing relative errors
**WARNING**: 
Cannot compute the relative error: values of the function are close to zero

Elapsed time: 0.41584
*************************************

-------------------------------------------------------------------------------
Problem: result

Optimization lower bounds for error models:
The absolute error (exact) model: 8.671437e-12 (0x1.31195c671ac9p-37) (suboptimality = 0.5%)

Bounds (without rounding): [-1.696033e+3, 4.866060e+3]
Bounds (floating-point): [-1.696033e+3, 4.866060e+3]

Absolute error (exact): 8.716832e-12 (0x1.32b23d03638fcp-37)

Elapsed time: 0.42

