Base path: /Users/laura.zielinski/FPTaylor
Config file: /Users/laura.zielinski/FPTaylor/default.cfg
Config file: /var/folders/38/q_vgzzt959nfc63ldktzz1gr0000gp/T/tmpmajmvlrz.cfg
default-rnd = rnd64
nlopt-cc = gcc -std=c99 -O3
opt-exact = true
develop = false
log-append-date = start
uncertainty = false
rel-error = true
opt-approx = false
proof-record = false
find-bounds = false
proof-dir = proofs
opt-f-abs-tol = 0.01
fail-on-exception = true
print-opt-lower-bounds = true
bb-compile = {base}/b_and_b/compile.sh {base} {input} {out}
z3-python-lib = 
opt-x-abs-tol = 0.01
export-error-bounds = 
opt-f-rel-tol = 0.01
export-options = 
opt-x-rel-tol = 0.0
rel-error-threshold = 0.0001
bb-alg = opt0
log-base-dir = log
intermediate-opt = false
z3-interval-bounds = true
opt-max-iters = 1000000
abs-error = true
z3-bin = 
maxima-simplification = false
print-hex-floats = true
debug = true
print-precision = 7
export-error-bounds-data = 
fp-power2-model = true
opt = auto
default-var-type = float64
verbosity = 2
ulp-error = false
opt-timeout = 10000
nlopt-lib = -lnlopt -lm
tmp-base-dir = tmp
unique-indices = false
z3-seed = 0
tmp-date = false
z3-python-cmd = python
const-approx-real-vars = false
print-second-order-errors = false
Resetting input_parser_env
eval_const_expr: 2
result: 2
eval_const_expr: 100
result: 100
eval_const_expr: 0
result: 0
eval_const_expr: 100
result: 100
eval_const_expr: 2
result: 2
Resetting input_parser_env
|tasks| = 1
Processing: result

*************************************
Taylor form for: rnd64((rnd64((rnd64(2) / rnd64((rnd64(x) * rnd64(x))))) / rnd64((rnd64(x) - rnd64((rnd64(1) / rnd64(x)))))))

Conservative bound: [0.000002, 0.333333]

Simplified rounding: rnd64((rnd64((2 / rnd64((x * x)))) / rnd[64,ne,1.00,-53,0]((x - rnd64((1 / x))))))
Building Taylor forms...
const_form
var_form
mul_form
rounded_form
div_form
inv_form
mul_form
rounded_form
const_form
div_form
inv_form
mul_form
rounded_form
sub_form
rounded_form
div_form
inv_form
mul_form
rounded_form
Taylor forms cache stats: num_bindings = 13, num_buckets = 1024, max_bucket_length = 1
Expr cache stats: num_bindings = 54, num_buckets = 65536, max_bucket_length = 3
Simplifying Taylor forms...
success
v0 = ((2 * (1 / (x * x))) * (1 / (x - (1 * (1 / x)))))
-1: exp = -53: (6133076138116175/38685626227668133590597632)
1: exp = -53: ((1 / (x - (1 * (1 / x)))) * (2 * (-((floor_power2(((x * x) + 0)) / ((x * x) * (x * x)))))))
2: exp = -53: ((1 / (x - (1 * (1 / x)))) * floor_power2(((2 * (1 / (x * x))) + interval(-1.13686837721641904377e-13, 1.13686837721641904377e-13))))
3: exp = -53: ((2 * (1 / (x * x))) * (-(((-(floor_power2(((1 * (1 / x)) + 0)))) / ((x - (1 * (1 / x))) * (x - (1 * (1 / x))))))))
4: exp = -53: ((2 * (1 / (x * x))) * (-((floor_power2(((x - (1 * (1 / x))) + interval(-2.77555756156289196736e-17, 2.77555756156289196736e-17))) / ((x - (1 * (1 / x))) * (x - (1 * (1 / x))))))))
5: exp = -53: floor_power2((((2 * (1 / (x * x))) * (1 / (x - (1 * (1 / x))))) + interval(-7.74133843448528590001e-14, 7.74133843448528590001e-14)))

Corresponding original subexpressions:
1: rnd64((x * x))
2: rnd64((2 / rnd64((x * x))))
3: rnd64((1 / x))
4: rnd[64,ne,1.00,-53,0]((x - rnd64((1 / x))))
5: rnd64((rnd64((2 / rnd64((x * x)))) / rnd[64,ne,1.00,-53,0]((x - rnd64((1 / x))))))

Selected optimization method: bb-eval
bb-eval_opt: x_abs_tol = 1.000000e-02, f_rel_tol = 1.000000e-02, f_abs_tol = 1.000000e-02, iters = 1000000
bounds: [2.000200e-06, 3.333333e-01]

Computing absolute errors
Selected optimization method: bb-eval
bb-eval_opt: x_abs_tol = 1.000000e-02, f_rel_tol = 1.000000e-02, f_abs_tol = 1.000000e-02, iters = 1000000
rmin(result = 1.585363e-10, lower = 1.585363e-10), rmax(result = 1.585363e-10, lower = 1.585363e-10)
-1: exp = -53: 1.585363e-10 (low = 1.585363e-10, subopt = 0.0%)

Solving the exact optimization problem
Selected optimization method: bb-eval
bb-eval_opt: x_abs_tol = 1.000000e-02, f_rel_tol = 1.000000e-02, f_abs_tol = 1.000000e-02, iters = 1000000
exact bound (exp = -53): 1.194444e+00 (low = 1.022350e+00, subopt = 14.4%)
total2: 1.760107e-26 (low = 1.760107e-26, subopt = 0.0%)
exact total: 1.326100e-16 (low = 1.135036e-16, subopt = 14.4%)

Computing relative errors
**WARNING**: 
Cannot compute the relative error: values of the function are close to zero

Elapsed time: 0.00647
*************************************

-------------------------------------------------------------------------------
Problem: result

Optimization lower bounds for error models:
The absolute error (exact) model: 1.135036e-16 (0x1.05b8b86974023p-53) (suboptimality = 14.4%)

Bounds (without rounding): [2.000200e-6, 3.333334e-1]
Bounds (floating-point): [2.000200e-6, 3.333334e-1]

Absolute error (exact): 1.326100e-16 (0x1.31c71c72756c9p-53)

Elapsed time: 0.01

