Base path: /Users/laura.zielinski/FPTaylor
Config file: /Users/laura.zielinski/FPTaylor/default.cfg
Config file: /var/folders/38/q_vgzzt959nfc63ldktzz1gr0000gp/T/tmpqx792gmu.cfg
default-rnd = rnd64
nlopt-cc = gcc -std=c99 -O3
opt-exact = true
develop = false
log-append-date = start
uncertainty = false
rel-error = true
opt-approx = false
proof-record = false
find-bounds = false
proof-dir = proofs
opt-f-abs-tol = 0.01
fail-on-exception = true
print-opt-lower-bounds = true
bb-compile = {base}/b_and_b/compile.sh {base} {input} {out}
z3-python-lib = 
opt-x-abs-tol = 0.01
export-error-bounds = 
opt-f-rel-tol = 0.01
export-options = 
opt-x-rel-tol = 0.0
rel-error-threshold = 0.0001
bb-alg = opt0
log-base-dir = log
intermediate-opt = false
z3-interval-bounds = true
opt-max-iters = 1000000
abs-error = true
z3-bin = 
maxima-simplification = false
print-hex-floats = true
debug = true
print-precision = 7
export-error-bounds-data = 
fp-power2-model = true
opt = auto
default-var-type = float64
verbosity = 2
ulp-error = false
opt-timeout = 10000
nlopt-lib = -lnlopt -lm
tmp-base-dir = tmp
unique-indices = false
z3-seed = 0
tmp-date = false
z3-python-cmd = python
const-approx-real-vars = false
print-second-order-errors = false
Resetting input_parser_env
eval_const_expr: (2/5)
result: 2/5
eval_const_expr: (3/5)
result: 3/5
eval_const_expr: 0
result: 0
eval_const_expr: (3/5)
result: 3/5
eval_const_expr: (2/5)
result: 2/5
eval_const_expr: (1/5)
result: 1/5
eval_const_expr: (1/4)
result: 1/4
eval_const_expr: 0
result: 0
eval_const_expr: (1/4)
result: 1/4
eval_const_expr: (1/5)
result: 1/5
Resetting input_parser_env
|tasks| = 1
Processing: result

*************************************
Taylor form for: rnd64((rnd64((rnd64((rnd64((rnd64(1) - rnd64(m))) * rnd64(m))) - rnd64(v))) * rnd64((rnd64(m) / rnd64(v)))))

Conservative bound: [-0.270000, 0.480000]

Simplified rounding: rnd64((rnd[64,ne,1.00,-53,0]((rnd64((rnd[64,ne,1.00,-53,0]((1 - m)) * m)) - v)) * rnd64((m / v))))
Building Taylor forms...
const_form
var_form
sub_form
rounded_form
mul_form
rounded_form
var_form
sub_form
rounded_form
div_form
inv_form
mul_form
rounded_form
mul_form
rounded_form
Taylor forms cache stats: num_bindings = 13, num_buckets = 1024, max_bucket_length = 1
Expr cache stats: num_bindings = 31, num_buckets = 65536, max_bucket_length = 1
Simplifying Taylor forms...
success
v0 = ((((1 - m) * m) - v) * (m * (1 / v)))
-1: exp = -53: (6079859496950175/40564819207303340847894502572032)
1: exp = -53: ((m * (1 / v)) * (m * floor_power2(((1 - m) + 0))))
2: exp = -53: ((m * (1 / v)) * floor_power2((((1 - m) * m) + interval(-3.33066907387547011431e-17, 3.33066907387547011431e-17))))
3: exp = -53: ((m * (1 / v)) * floor_power2(((((1 - m) * m) - v) + interval(-6.10622663543836269796e-17, 6.10622663543836269796e-17))))
4: exp = -53: ((((1 - m) * m) - v) * floor_power2(((m * (1 / v)) + 0)))
5: exp = -53: floor_power2((((((1 - m) * m) - v) * (m * (1 / v))) + interval(-2.60347299274599476942e-16, 2.60347299274599476942e-16)))

Corresponding original subexpressions:
1: rnd[64,ne,1.00,-53,0]((1 - m))
2: rnd64((rnd[64,ne,1.00,-53,0]((1 - m)) * m))
3: rnd[64,ne,1.00,-53,0]((rnd64((rnd[64,ne,1.00,-53,0]((1 - m)) * m)) - v))
4: rnd64((m / v))
5: rnd64((rnd[64,ne,1.00,-53,0]((rnd64((rnd[64,ne,1.00,-53,0]((1 - m)) * m)) - v)) * rnd64((m / v))))

Selected optimization method: bb-eval
bb-eval_opt: x_abs_tol = 1.000000e-02, f_rel_tol = 1.000000e-02, f_abs_tol = 1.000000e-02, iters = 1000000
bounds: [-3.076923e-02, 1.400781e-01]

Computing absolute errors
Selected optimization method: bb-eval
bb-eval_opt: x_abs_tol = 1.000000e-02, f_rel_tol = 1.000000e-02, f_abs_tol = 1.000000e-02, iters = 1000000
rmin(result = 1.498801e-16, lower = 1.498801e-16), rmax(result = 1.498801e-16, lower = 1.498801e-16)
-1: exp = -53: 1.498801e-16 (low = 1.498801e-16, subopt = 0.0%)

Solving the exact optimization problem
Selected optimization method: bb-eval
bb-eval_opt: x_abs_tol = 1.000000e-02, f_rel_tol = 1.000000e-02, f_abs_tol = 1.000000e-02, iters = 1000000
exact bound (exp = -53): 1.559375e+00 (low = 1.157637e+00, subopt = 25.8%)
total2: 1.664003e-32 (low = 1.664003e-32, subopt = 0.0%)
exact total: 1.731254e-16 (low = 1.285235e-16, subopt = 25.8%)

Computing relative errors
**WARNING**: 
Cannot compute the relative error: values of the function are close to zero

Elapsed time: 0.00814
*************************************

-------------------------------------------------------------------------------
Problem: result

Optimization lower bounds for error models:
The absolute error (exact) model: 1.285234e-16 (0x1.285ae147ae147p-53) (suboptimality = 25.8%)

Bounds (without rounding): [-3.076924e-2, 1.400782e-1]
Bounds (floating-point): [-3.076924e-2, 1.400782e-1]

Absolute error (exact): 1.731255e-16 (0x1.8f33333333336p-53)

Elapsed time: 0.01

