Base path: /Users/laura.zielinski/FPTaylor
Config file: /Users/laura.zielinski/FPTaylor/default.cfg
Config file: /var/folders/38/q_vgzzt959nfc63ldktzz1gr0000gp/T/tmp2okqo9yj.cfg
default-rnd = rnd64
nlopt-cc = gcc -std=c99 -O3
opt-exact = true
develop = false
log-append-date = start
uncertainty = false
rel-error = true
opt-approx = false
proof-record = false
find-bounds = false
proof-dir = proofs
opt-f-abs-tol = 0.01
fail-on-exception = true
print-opt-lower-bounds = true
bb-compile = {base}/b_and_b/compile.sh {base} {input} {out}
z3-python-lib = 
opt-x-abs-tol = 0.01
export-error-bounds = 
opt-f-rel-tol = 0.01
export-options = 
opt-x-rel-tol = 0.0
rel-error-threshold = 0.0001
bb-alg = opt0
log-base-dir = log
intermediate-opt = false
z3-interval-bounds = true
opt-max-iters = 1000000
abs-error = true
z3-bin = 
maxima-simplification = false
print-hex-floats = true
debug = true
print-precision = 7
export-error-bounds-data = 
fp-power2-model = true
opt = auto
default-var-type = float64
verbosity = 2
ulp-error = false
opt-timeout = 10000
nlopt-lib = -lnlopt -lm
tmp-base-dir = tmp
unique-indices = false
z3-seed = 0
tmp-date = false
z3-python-cmd = python
const-approx-real-vars = false
print-second-order-errors = false
Resetting input_parser_env
eval_const_expr: 0
result: 0
eval_const_expr: 1
result: 1
eval_const_expr: 0
result: 0
eval_const_expr: 1
result: 1
eval_const_expr: 0
result: 0
eval_const_expr: (-(1))
result: -1
eval_const_expr: (-((1/10)))
result: -1/10
eval_const_expr: 0
result: 0
eval_const_expr: (-((1/10)))
result: -1/10
eval_const_expr: (-(1))
result: -1
Resetting input_parser_env
|tasks| = 1
Processing: result

*************************************
Taylor form for: rnd64((rnd64((rnd64(x) + rnd64(y))) / rnd64((rnd64(x) - rnd64(y)))))

Conservative bound: [-10.000000, 9.000000]

Simplified rounding: rnd64((rnd[64,ne,1.00,-53,0]((x + y)) / rnd[64,ne,1.00,-53,0]((x - y))))
Building Taylor forms...
var_form
var_form
add_form
rounded_form
sub_form
rounded_form
div_form
inv_form
mul_form
rounded_form
Taylor forms cache stats: num_bindings = 8, num_buckets = 1024, max_bucket_length = 1
Expr cache stats: num_bindings = 25, num_buckets = 65536, max_bucket_length = 1
Simplifying Taylor forms...
success
v0 = ((x + y) * (1 / (x - y)))
-1: exp = -53: (2308974418329609/19807040628566084398385987584)
1: exp = -53: ((1 / (x - y)) * floor_power2(((x + y) + 0)))
2: exp = -53: ((x + y) * (-((floor_power2(((x - y) + 0)) / ((x - y) * (x - y))))))
3: exp = -53: floor_power2((((x + y) * (1 / (x - y))) + interval(-1.16573417585641626071e-14, 1.16573417585641626071e-14)))

Corresponding original subexpressions:
1: rnd[64,ne,1.00,-53,0]((x + y))
2: rnd[64,ne,1.00,-53,0]((x - y))
3: rnd64((rnd[64,ne,1.00,-53,0]((x + y)) / rnd[64,ne,1.00,-53,0]((x - y))))

Selected optimization method: bb-eval
bb-eval_opt: x_abs_tol = 1.000000e-02, f_rel_tol = 1.000000e-02, f_abs_tol = 1.000000e-02, iters = 1000000
bounds: [-1.070313e+00, 8.299712e-01]

Computing absolute errors
Selected optimization method: bb-eval
bb-eval_opt: x_abs_tol = 1.000000e-02, f_rel_tol = 1.000000e-02, f_abs_tol = 1.000000e-02, iters = 1000000
rmin(result = 1.165734e-13, lower = 1.165734e-13), rmax(result = 1.165734e-13, lower = 1.165734e-13)
-1: exp = -53: 1.165734e-13 (low = 1.165734e-13, subopt = 0.0%)

Solving the exact optimization problem
Selected optimization method: bb-eval
bb-eval_opt: x_abs_tol = 1.000000e-02, f_rel_tol = 1.000000e-02, f_abs_tol = 1.000000e-02, iters = 1000000
exact bound (exp = -53): 3.124454e+00 (low = 2.496880e+00, subopt = 20.1%)
total2: 1.294225e-29 (low = 1.294225e-29, subopt = 0.0%)
exact total: 3.468840e-16 (low = 2.772094e-16, subopt = 20.1%)

Computing relative errors
**WARNING**: 
Cannot compute the relative error: values of the function are close to zero

Elapsed time: 0.01022
*************************************

-------------------------------------------------------------------------------
Problem: result

Optimization lower bounds for error models:
The absolute error (exact) model: 2.772093e-16 (0x1.3f99c27f00769p-52) (suboptimality = 20.1%)

Bounds (without rounding): [-1.070313, 8.299712e-1]
Bounds (floating-point): [-1.070313, 8.299712e-1]

Absolute error (exact): 3.468841e-16 (0x1.8fee1940f228cp-52)

Elapsed time: 0.01

