Base path: /Users/laura.zielinski/FPTaylor
Config file: /Users/laura.zielinski/FPTaylor/default.cfg
Config file: /var/folders/38/q_vgzzt959nfc63ldktzz1gr0000gp/T/tmpt5otog23.cfg
default-rnd = rnd64
nlopt-cc = gcc -std=c99 -O3
opt-exact = true
develop = false
log-append-date = start
uncertainty = false
rel-error = true
opt-approx = false
proof-record = false
find-bounds = false
proof-dir = proofs
opt-f-abs-tol = 0.01
fail-on-exception = true
print-opt-lower-bounds = true
bb-compile = {base}/b_and_b/compile.sh {base} {input} {out}
z3-python-lib = 
opt-x-abs-tol = 0.01
export-error-bounds = 
opt-f-rel-tol = 0.01
export-options = 
opt-x-rel-tol = 0.0
rel-error-threshold = 0.0001
bb-alg = opt0
log-base-dir = log
intermediate-opt = false
z3-interval-bounds = true
opt-max-iters = 1000000
abs-error = true
z3-bin = 
maxima-simplification = false
print-hex-floats = true
debug = true
print-precision = 7
export-error-bounds-data = 
fp-power2-model = true
opt = auto
default-var-type = float64
verbosity = 2
ulp-error = false
opt-timeout = 10000
nlopt-lib = -lnlopt -lm
tmp-base-dir = tmp
unique-indices = false
z3-seed = 0
tmp-date = false
z3-python-cmd = python
const-approx-real-vars = false
print-second-order-errors = false
Resetting input_parser_env
eval_const_expr: (-(1))
result: -1
eval_const_expr: 1
result: 1
eval_const_expr: 0
result: 0
eval_const_expr: 1
result: 1
eval_const_expr: (-(1))
result: -1
eval_const_expr: 0
result: 0
eval_const_expr: (1/10)
result: 1/10
eval_const_expr: 0
result: 0
eval_const_expr: (1/10)
result: 1/10
eval_const_expr: 0
result: 0
eval_const_expr: 1
result: 1
eval_const_expr: (21/20)
result: 21/20
eval_const_expr: 0
result: 0
eval_const_expr: (21/20)
result: 21/20
eval_const_expr: 1
result: 1
Resetting input_parser_env
|tasks| = 1
Processing: result

*************************************
Taylor form for: rnd64((rnd64((rnd64((rnd64((rnd64(rone_es) + rnd64((-(rnd64(1)))))) * rnd64(rone_es))) - rnd64((rnd64((rnd64(rone_es) * rnd64(rone_es))) * rnd64((rnd64((rnd64(ca) * rnd64(ca))) * rnd64(es))))))) + rnd64((rnd64((rnd64((rnd64((rnd64((rnd64((rnd64(ca) * rnd64(rone_es))) * rnd64((rnd64(es) * rnd64(ca))))) + rnd64((rnd64(1) - rnd64(rone_es))))) * rnd64((rnd64((rnd64(ca) * rnd64(rone_es))) * rnd64((rnd64(es) * rnd64(ca))))))) - rnd64((rnd64(1) - rnd64(rone_es))))) - rnd64((rnd64((rnd64(ca) * rnd64(rone_es))) * rnd64((rnd64(es) * rnd64(ca)))))))))

Conservative bound: [-0.231525, 0.223775]

Simplified rounding: rnd[64,ne,1.00,-53,0]((rnd[64,ne,1.00,-53,0]((rnd64((rnd[64,ne,1.00,-53,0]((rone_es + (-(1)))) * rone_es)) - rnd64((rnd64((rone_es * rone_es)) * rnd64((rnd64((ca * ca)) * es)))))) + rnd[64,ne,1.00,-53,0]((rnd[64,ne,1.00,-53,0]((rnd64((rnd[64,ne,1.00,-53,0]((rnd64((rnd64((ca * rone_es)) * rnd64((es * ca)))) + rnd[64,ne,1.00,-53,0]((1 - rone_es)))) * rnd64((rnd64((ca * rone_es)) * rnd64((es * ca)))))) - rnd[64,ne,1.00,-53,0]((1 - rone_es)))) - rnd64((rnd64((ca * rone_es)) * rnd64((es * ca))))))))
Building Taylor forms...
var_form
const_form
neg_form
add_form
rounded_form
mul_form
rounded_form
mul_form
rounded_form
var_form
mul_form
rounded_form
var_form
mul_form
rounded_form
mul_form
rounded_form
sub_form
rounded_form
mul_form
rounded_form
mul_form
rounded_form
mul_form
rounded_form
sub_form
rounded_form
add_form
rounded_form
mul_form
rounded_form
sub_form
rounded_form
sub_form
rounded_form
add_form
rounded_form
Taylor forms cache stats: num_bindings = 37, num_buckets = 1024, max_bucket_length = 2
Expr cache stats: num_bindings = 119, num_buckets = 65536, max_bucket_length = 2
Simplifying Taylor forms...
success
v0 = ((((rone_es + (-(1))) * rone_es) - ((rone_es * rone_es) * ((ca * ca) * es))) + ((((((ca * rone_es) * (es * ca)) + (1 - rone_es)) * ((ca * rone_es) * (es * ca))) - (1 - rone_es)) - ((ca * rone_es) * (es * ca))))
-1: exp = -53: (2512428049933273/81129638414606681695789005144064)
1: exp = -53: (rone_es * floor_power2(((rone_es + (-(1))) + 0)))
2: exp = -53: floor_power2((((rone_es + (-(1))) * rone_es) + interval(-3.64291929955129505234e-18, 3.64291929955129505234e-18)))
3: exp = -53: (-((((ca * ca) * es) * floor_power2(((rone_es * rone_es) + 0)))))
4: exp = -53: (-(((rone_es * rone_es) * (es * floor_power2(((ca * ca) + 0))))))
5: exp = -53: (-(((rone_es * rone_es) * floor_power2((((ca * ca) * es) + interval(-5.55111512312578378064e-18, 5.55111512312578378064e-18))))))
6: exp = -53: (-(floor_power2((((rone_es * rone_es) * ((ca * ca) * es)) + interval(-2.48724651985554679590e-17, 2.48724651985554679590e-17)))))
7: exp = -53: floor_power2(((((rone_es + (-(1))) * rone_es) - ((rone_es * rone_es) * ((ca * ca) * es))) + interval(-3.89237253539676078889e-17, 3.89237253539676078889e-17)))
8: exp = -53: ((((((ca * rone_es) * (es * ca)) + (1 - rone_es)) * ((es * ca) * floor_power2(((ca * rone_es) + 0)))) + (((ca * rone_es) * (es * ca)) * ((es * ca) * floor_power2(((ca * rone_es) + 0))))) + (-(((es * ca) * floor_power2(((ca * rone_es) + 0))))))
9: exp = -53: ((((((ca * rone_es) * (es * ca)) + (1 - rone_es)) * ((ca * rone_es) * floor_power2(((es * ca) + 0)))) + (((ca * rone_es) * (es * ca)) * ((ca * rone_es) * floor_power2(((es * ca) + 0))))) + (-(((ca * rone_es) * floor_power2(((es * ca) + 0))))))
10: exp = -53: ((((((ca * rone_es) * (es * ca)) + (1 - rone_es)) * floor_power2((((ca * rone_es) * (es * ca)) + interval(-1.83880688453541576660e-17, 1.83880688453541576660e-17)))) + (((ca * rone_es) * (es * ca)) * floor_power2((((ca * rone_es) * (es * ca)) + interval(-1.83880688453541576660e-17, 1.83880688453541576660e-17))))) + (-(floor_power2((((ca * rone_es) * (es * ca)) + interval(-1.83880688453541576660e-17, 1.83880688453541576660e-17))))))
11: exp = -53: ((((ca * rone_es) * (es * ca)) * floor_power2(((1 - rone_es) + 0))) + (-(floor_power2(((1 - rone_es) + 0)))))
12: exp = -53: (((ca * rone_es) * (es * ca)) * floor_power2(((((ca * rone_es) * (es * ca)) + (1 - rone_es)) + interval(-2.87964097012150002324e-17, 2.87964097012150002324e-17))))
13: exp = -53: floor_power2((((((ca * rone_es) * (es * ca)) + (1 - rone_es)) * ((ca * rone_es) * (es * ca))) + interval(-8.40646996458361503115e-18, 8.40646996458361503115e-18)))
14: exp = -53: floor_power2(((((((ca * rone_es) * (es * ca)) + (1 - rone_es)) * ((ca * rone_es) * (es * ca))) - (1 - rone_es)) + interval(-1.36106403925140363144e-17, 1.36106403925140363144e-17)))
15: exp = -53: floor_power2((((((((ca * rone_es) * (es * ca)) + (1 - rone_es)) * ((ca * rone_es) * (es * ca))) - (1 - rone_es)) - ((ca * rone_es) * (es * ca))) + interval(-4.58764970456826615208e-17, 4.58764970456826615208e-17)))
16: exp = -53: floor_power2((((((rone_es + (-(1))) * rone_es) - ((rone_es * rone_es) * ((ca * ca) * es))) + ((((((ca * rone_es) * (es * ca)) + (1 - rone_es)) * ((ca * rone_es) * (es * ca))) - (1 - rone_es)) - ((ca * rone_es) * (es * ca)))) + interval(-1.05616904111371973032e-16, 1.05616904111371973032e-16)))

Corresponding original subexpressions:
1: rnd[64,ne,1.00,-53,0]((rone_es + (-(1))))
2: rnd64((rnd[64,ne,1.00,-53,0]((rone_es + (-(1)))) * rone_es))
3: rnd64((rone_es * rone_es))
4: rnd64((ca * ca))
5: rnd64((rnd64((ca * ca)) * es))
6: rnd64((rnd64((rone_es * rone_es)) * rnd64((rnd64((ca * ca)) * es))))
7: rnd[64,ne,1.00,-53,0]((rnd64((rnd[64,ne,1.00,-53,0]((rone_es + (-(1)))) * rone_es)) - rnd64((rnd64((rone_es * rone_es)) * rnd64((rnd64((ca * ca)) * es))))))
8: rnd64((ca * rone_es))
9: rnd64((es * ca))
10: rnd64((rnd64((ca * rone_es)) * rnd64((es * ca))))
11: rnd[64,ne,1.00,-53,0]((1 - rone_es))
12: rnd[64,ne,1.00,-53,0]((rnd64((rnd64((ca * rone_es)) * rnd64((es * ca)))) + rnd[64,ne,1.00,-53,0]((1 - rone_es))))
13: rnd64((rnd[64,ne,1.00,-53,0]((rnd64((rnd64((ca * rone_es)) * rnd64((es * ca)))) + rnd[64,ne,1.00,-53,0]((1 - rone_es)))) * rnd64((rnd64((ca * rone_es)) * rnd64((es * ca))))))
14: rnd[64,ne,1.00,-53,0]((rnd64((rnd[64,ne,1.00,-53,0]((rnd64((rnd64((ca * rone_es)) * rnd64((es * ca)))) + rnd[64,ne,1.00,-53,0]((1 - rone_es)))) * rnd64((rnd64((ca * rone_es)) * rnd64((es * ca)))))) - rnd[64,ne,1.00,-53,0]((1 - rone_es))))
15: rnd[64,ne,1.00,-53,0]((rnd[64,ne,1.00,-53,0]((rnd64((rnd[64,ne,1.00,-53,0]((rnd64((rnd64((ca * rone_es)) * rnd64((es * ca)))) + rnd[64,ne,1.00,-53,0]((1 - rone_es)))) * rnd64((rnd64((ca * rone_es)) * rnd64((es * ca)))))) - rnd[64,ne,1.00,-53,0]((1 - rone_es)))) - rnd64((rnd64((ca * rone_es)) * rnd64((es * ca))))))
16: rnd[64,ne,1.00,-53,0]((rnd[64,ne,1.00,-53,0]((rnd64((rnd[64,ne,1.00,-53,0]((rone_es + (-(1)))) * rone_es)) - rnd64((rnd64((rone_es * rone_es)) * rnd64((rnd64((ca * ca)) * es)))))) + rnd[64,ne,1.00,-53,0]((rnd[64,ne,1.00,-53,0]((rnd64((rnd[64,ne,1.00,-53,0]((rnd64((rnd64((ca * rone_es)) * rnd64((es * ca)))) + rnd[64,ne,1.00,-53,0]((1 - rone_es)))) * rnd64((rnd64((ca * rone_es)) * rnd64((es * ca)))))) - rnd[64,ne,1.00,-53,0]((1 - rone_es)))) - rnd64((rnd64((ca * rone_es)) * rnd64((es * ca))))))))

Selected optimization method: bb-eval
bb-eval_opt: x_abs_tol = 1.000000e-02, f_rel_tol = 1.000000e-02, f_abs_tol = 1.000000e-02, iters = 1000000
bounds: [-1.939381e-01, 1.031891e-01]

Computing absolute errors
Selected optimization method: bb-eval
bb-eval_opt: x_abs_tol = 1.000000e-02, f_rel_tol = 1.000000e-02, f_abs_tol = 1.000000e-02, iters = 1000000
rmin(result = 3.096807e-17, lower = 3.096807e-17), rmax(result = 3.096807e-17, lower = 3.096807e-17)
-1: exp = -53: 3.096807e-17 (low = 3.096807e-17, subopt = 0.0%)

Solving the exact optimization problem
Selected optimization method: bb-eval
bb-eval_opt: x_abs_tol = 1.000000e-02, f_rel_tol = 1.000000e-02, f_abs_tol = 1.000000e-02, iters = 1000000
exact bound (exp = -53): 8.627638e-01 (low = 8.243613e-01, subopt = 4.5%)
total2: 3.438146e-33 (low = 3.438146e-33, subopt = 0.0%)
exact total: 9.578602e-17 (low = 9.152249e-17, subopt = 4.5%)

Computing relative errors
**WARNING**: 
Cannot compute the relative error: values of the function are close to zero

Elapsed time: 0.03214
*************************************

-------------------------------------------------------------------------------
Problem: result

Optimization lower bounds for error models:
The absolute error (exact) model: 9.152249e-17 (0x1.a612b020c49b8p-54) (suboptimality = 4.5%)

Bounds (without rounding): [-1.939382e-1, 1.031891e-1]
Bounds (floating-point): [-1.939382e-1, 1.031891e-1]

Absolute error (exact): 9.578603e-17 (0x1.b9bc2c5a9db29p-54)

Elapsed time: 0.03

