Base path: /Users/laura.zielinski/FPTaylor
Config file: /Users/laura.zielinski/FPTaylor/default.cfg
Config file: /var/folders/38/q_vgzzt959nfc63ldktzz1gr0000gp/T/tmpfj5c_8tz.cfg
default-rnd = rnd64
nlopt-cc = gcc -std=c99 -O3
opt-exact = true
develop = false
log-append-date = start
uncertainty = false
rel-error = true
opt-approx = false
proof-record = false
find-bounds = false
proof-dir = proofs
opt-f-abs-tol = 0.01
fail-on-exception = true
print-opt-lower-bounds = true
bb-compile = {base}/b_and_b/compile.sh {base} {input} {out}
z3-python-lib = 
opt-x-abs-tol = 0.01
export-error-bounds = 
opt-f-rel-tol = 0.01
export-options = 
opt-x-rel-tol = 0.0
rel-error-threshold = 0.0001
bb-alg = opt0
log-base-dir = log
intermediate-opt = false
z3-interval-bounds = true
opt-max-iters = 1000000
abs-error = true
z3-bin = 
maxima-simplification = false
print-hex-floats = true
debug = true
print-precision = 7
export-error-bounds-data = 
fp-power2-model = true
opt = auto
default-var-type = float64
verbosity = 2
ulp-error = false
opt-timeout = 10000
nlopt-lib = -lnlopt -lm
tmp-base-dir = tmp
unique-indices = false
z3-seed = 0
tmp-date = false
z3-python-cmd = python
const-approx-real-vars = false
print-second-order-errors = false
Resetting input_parser_env
eval_const_expr: (-(15))
result: -15
eval_const_expr: 15
result: 15
eval_const_expr: 0
result: 0
eval_const_expr: 15
result: 15
eval_const_expr: (-(15))
result: -15
eval_const_expr: (-(15))
result: -15
eval_const_expr: 15
result: 15
eval_const_expr: 0
result: 0
eval_const_expr: 15
result: 15
eval_const_expr: (-(15))
result: -15
eval_const_expr: (-(15))
result: -15
eval_const_expr: 15
result: 15
eval_const_expr: 0
result: 0
eval_const_expr: 15
result: 15
eval_const_expr: (-(15))
result: -15
Resetting input_parser_env
|tasks| = 1
Processing: result

*************************************
Taylor form for: rnd64((rnd64((rnd64((rnd64((-(rnd64((rnd64(x1) * rnd64(x2)))))) - rnd64((rnd64((rnd64(2) * rnd64(x2))) * rnd64(x3))))) - rnd64(x1))) - rnd64(x3)))

Conservative bound: [-705.000000, 705.000000]

Simplified rounding: rnd[64,ne,1.00,-53,0]((rnd[64,ne,1.00,-53,0]((rnd[64,ne,1.00,-53,0](((-(rnd64((x1 * x2)))) - rnd64(((2 * x2) * x3)))) - x1)) - x3))
Building Taylor forms...
var_form
var_form
mul_form
rounded_form
neg_form
const_form
mul_form
var_form
mul_form
rounded_form
sub_form
rounded_form
sub_form
rounded_form
sub_form
rounded_form
Taylor forms cache stats: num_bindings = 16, num_buckets = 1024, max_bucket_length = 1
Expr cache stats: num_bindings = 27, num_buckets = 65536, max_bucket_length = 1
Simplifying Taylor forms...
success
v0 = ((((-((x1 * x2))) - ((2 * x2) * x3)) - x1) - x3)
-1: exp = -53: (1/2494800386918399764570465891296048207584314075544321926878184053046514864836205082231197456865794626361678058555240619054965547485491992075923964747856039275400007091188857095646922151805453733978316695930679904991663513068901087986111069085560055196883901133594695052052948119037930012409856)
1: exp = -53: (-(floor_power2(((x1 * x2) + 0))))
2: exp = -53: (-(floor_power2((((2 * x2) * x3) + 0))))
3: exp = -53: floor_power2((((-((x1 * x2))) - ((2 * x2) * x3)) + interval(-4.26325641456060174632e-14, 4.26325641456060174632e-14)))
4: exp = -53: floor_power2(((((-((x1 * x2))) - ((2 * x2) * x3)) - x1) + interval(-9.94759830064140386437e-14, 9.94759830064140386437e-14)))
5: exp = -53: floor_power2((((((-((x1 * x2))) - ((2 * x2) * x3)) - x1) - x3) + interval(-1.56319401867222066135e-13, 1.56319401867222066135e-13)))

Corresponding original subexpressions:
1: rnd64((x1 * x2))
2: rnd64(((2 * x2) * x3))
3: rnd[64,ne,1.00,-53,0](((-(rnd64((x1 * x2)))) - rnd64(((2 * x2) * x3))))
4: rnd[64,ne,1.00,-53,0]((rnd[64,ne,1.00,-53,0](((-(rnd64((x1 * x2)))) - rnd64(((2 * x2) * x3)))) - x1))
5: rnd[64,ne,1.00,-53,0]((rnd[64,ne,1.00,-53,0]((rnd[64,ne,1.00,-53,0](((-(rnd64((x1 * x2)))) - rnd64(((2 * x2) * x3)))) - x1)) - x3))

Selected optimization method: bb
bb_opt: x_abs_tol = 1.000000e-02, f_rel_tol = 1.000000e-02, f_abs_tol = 1.000000e-02, iters = 1000000
iterations(min = 0, max = 110): 110
min = -7.050000e+02 (lower_min = -7.050000e+02)
max = 7.050000e+02 (lower_max = 6.997266e+02)
subopt = 5.273438e+00 (0.7%)
bounds: [-7.050000e+02, 7.050000e+02]

Computing absolute errors
Selected optimization method: bb-eval
bb-eval_opt: x_abs_tol = 1.000000e-02, f_rel_tol = 1.000000e-02, f_abs_tol = 1.000000e-02, iters = 1000000
rmin(result = 4.008337e-292, lower = 4.008337e-292), rmax(result = 4.008337e-292, lower = 4.008337e-292)
-1: exp = -53: 4.008337e-292 (low = 4.008337e-292, subopt = 0.0%)

Solving the exact optimization problem
Selected optimization method: bb
bb_opt: x_abs_tol = 1.000000e-02, f_rel_tol = 1.000000e-02, f_abs_tol = 1.000000e-02, iters = 1000000
iterations(min = 0, max = 0): 0
min = 0.000000e+00 (lower_min = 0.000000e+00)
max = 1.920000e+03 (lower_max = 1.920000e+03)
subopt = 0.000000e+00 (0.0%)
exact bound (exp = -53): 1.920000e+03 (low = 1.920000e+03, subopt = 0.0%)
total2: 4.450148e-308 (low = 4.450148e-308, subopt = 0.0%)
exact total: 2.131628e-13 (low = 2.131628e-13, subopt = 0.0%)

Computing relative errors
**WARNING**: 
Cannot compute the relative error: values of the function are close to zero

Elapsed time: 0.85516
*************************************

-------------------------------------------------------------------------------
Problem: result

Optimization lower bounds for error models:
The absolute error (exact) model: 2.131628e-13 (0x1.ep-43) (suboptimality = 0.0%)

Bounds (without rounding): [-7.050000e+2, 7.050000e+2]
Bounds (floating-point): [-7.050001e+2, 7.050001e+2]

Absolute error (exact): 2.131629e-13 (0x1.e000000000001p-43)

Elapsed time: 0.86

