Base path: /Users/laura.zielinski/FPTaylor
Config file: /Users/laura.zielinski/FPTaylor/default.cfg
Config file: /var/folders/38/q_vgzzt959nfc63ldktzz1gr0000gp/T/tmpmbe_n8ex.cfg
default-rnd = rnd64
nlopt-cc = gcc -std=c99 -O3
opt-exact = true
develop = false
log-append-date = start
uncertainty = false
rel-error = true
opt-approx = false
proof-record = false
find-bounds = false
proof-dir = proofs
opt-f-abs-tol = 0.01
fail-on-exception = true
print-opt-lower-bounds = true
bb-compile = {base}/b_and_b/compile.sh {base} {input} {out}
z3-python-lib = 
opt-x-abs-tol = 0.01
export-error-bounds = 
opt-f-rel-tol = 0.01
export-options = 
opt-x-rel-tol = 0.0
rel-error-threshold = 0.0001
bb-alg = opt0
log-base-dir = log
intermediate-opt = false
z3-interval-bounds = true
opt-max-iters = 1000000
abs-error = true
z3-bin = 
maxima-simplification = false
print-hex-floats = true
debug = true
print-precision = 7
export-error-bounds-data = 
fp-power2-model = true
opt = auto
default-var-type = float64
verbosity = 2
ulp-error = false
opt-timeout = 10000
nlopt-lib = -lnlopt -lm
tmp-base-dir = tmp
unique-indices = false
z3-seed = 0
tmp-date = false
z3-python-cmd = python
const-approx-real-vars = false
print-second-order-errors = false
Resetting input_parser_env
eval_const_expr: (-(1))
result: -1
eval_const_expr: 1
result: 1
eval_const_expr: 0
result: 0
eval_const_expr: 1
result: 1
eval_const_expr: (-(1))
result: -1
eval_const_expr: 0
result: 0
eval_const_expr: (1/10)
result: 1/10
eval_const_expr: 0
result: 0
eval_const_expr: (1/10)
result: 1/10
eval_const_expr: 0
result: 0
eval_const_expr: 1
result: 1
eval_const_expr: (21/20)
result: 21/20
eval_const_expr: 0
result: 0
eval_const_expr: (21/20)
result: 21/20
eval_const_expr: 1
result: 1
Resetting input_parser_env
|tasks| = 1
Processing: result

*************************************
Taylor form for: rnd64((rnd64((-(rnd64(1)))) + rnd64((rnd64((rnd64((rnd64((rnd64(es) * rnd64(ca))) * rnd64((rnd64(ca) * rnd64(rone_es))))) - rnd64(rone_es))) * rnd64((rnd64((rnd64((rnd64(es) * rnd64(ca))) * rnd64((rnd64(ca) * rnd64(rone_es))))) - rnd64(rone_es)))))))

Conservative bound: [-0.198975, 0.334025]

Simplified rounding: rnd[64,ne,1.00,-53,0](((-(1)) + rnd64((rnd[64,ne,1.00,-53,0]((rnd64((rnd64((es * ca)) * rnd64((ca * rone_es)))) - rone_es)) * rnd[64,ne,1.00,-53,0]((rnd64((rnd64((es * ca)) * rnd64((ca * rone_es)))) - rone_es))))))
Building Taylor forms...
const_form
neg_form
var_form
var_form
mul_form
rounded_form
var_form
mul_form
rounded_form
mul_form
rounded_form
sub_form
rounded_form
mul_form
rounded_form
add_form
rounded_form
Taylor forms cache stats: num_bindings = 17, num_buckets = 1024, max_bucket_length = 1
Expr cache stats: num_bindings = 44, num_buckets = 65536, max_bucket_length = 4
Simplifying Taylor forms...
success
v0 = ((-(1)) + ((((es * ca) * (ca * rone_es)) - rone_es) * (((es * ca) * (ca * rone_es)) - rone_es)))
-1: exp = -53: (1860736513034159/10141204801825835211973625643008)
1: exp = -53: (((((es * ca) * (ca * rone_es)) - rone_es) * ((ca * rone_es) * floor_power2(((es * ca) + 0)))) + ((((es * ca) * (ca * rone_es)) - rone_es) * ((ca * rone_es) * floor_power2(((es * ca) + 0)))))
2: exp = -53: (((((es * ca) * (ca * rone_es)) - rone_es) * ((es * ca) * floor_power2(((ca * rone_es) + 0)))) + ((((es * ca) * (ca * rone_es)) - rone_es) * ((es * ca) * floor_power2(((ca * rone_es) + 0)))))
3: exp = -53: (((((es * ca) * (ca * rone_es)) - rone_es) * floor_power2((((es * ca) * (ca * rone_es)) + interval(-1.83880688453541576660e-17, 1.83880688453541576660e-17)))) + ((((es * ca) * (ca * rone_es)) - rone_es) * floor_power2((((es * ca) * (ca * rone_es)) + interval(-1.83880688453541576660e-17, 1.83880688453541576660e-17)))))
4: exp = -53: (((((es * ca) * (ca * rone_es)) - rone_es) * floor_power2(((((es * ca) * (ca * rone_es)) - rone_es) + interval(-2.53269627492613860436e-17, 2.53269627492613860436e-17)))) + ((((es * ca) * (ca * rone_es)) - rone_es) * floor_power2(((((es * ca) * (ca * rone_es)) - rone_es) + interval(-2.53269627492613860436e-17, 2.53269627492613860436e-17)))))
5: exp = -53: floor_power2((((((es * ca) * (ca * rone_es)) - rone_es) * (((es * ca) * (ca * rone_es)) - rone_es)) + interval(-3.14966802639205059850e-16, 3.14966802639205059850e-16)))
6: exp = -53: floor_power2((((-(1)) + ((((es * ca) * (ca * rone_es)) - rone_es) * (((es * ca) * (ca * rone_es)) - rone_es))) + interval(-4.25989105101720713893e-16, 4.25989105101720713893e-16)))

Corresponding original subexpressions:
1: rnd64((es * ca))
2: rnd64((ca * rone_es))
3: rnd64((rnd64((es * ca)) * rnd64((ca * rone_es))))
4: rnd[64,ne,1.00,-53,0]((rnd64((rnd64((es * ca)) * rnd64((ca * rone_es)))) - rone_es))
5: rnd64((rnd[64,ne,1.00,-53,0]((rnd64((rnd64((es * ca)) * rnd64((ca * rone_es)))) - rone_es)) * rnd[64,ne,1.00,-53,0]((rnd64((rnd64((es * ca)) * rnd64((ca * rone_es)))) - rone_es))))
6: rnd[64,ne,1.00,-53,0](((-(1)) + rnd64((rnd[64,ne,1.00,-53,0]((rnd64((rnd64((es * ca)) * rnd64((ca * rone_es)))) - rone_es)) * rnd[64,ne,1.00,-53,0]((rnd64((rnd64((es * ca)) * rnd64((ca * rone_es)))) - rone_es))))))

Selected optimization method: bb-eval
bb-eval_opt: x_abs_tol = 1.000000e-02, f_rel_tol = 1.000000e-02, f_abs_tol = 1.000000e-02, iters = 1000000
bounds: [-1.911246e-01, 1.025000e-01]

Computing absolute errors
Selected optimization method: bb-eval
bb-eval_opt: x_abs_tol = 1.000000e-02, f_rel_tol = 1.000000e-02, f_abs_tol = 1.000000e-02, iters = 1000000
rmin(result = 1.834828e-16, lower = 1.834828e-16), rmax(result = 1.834828e-16, lower = 1.834828e-16)
-1: exp = -53: 1.834828e-16 (low = 1.834828e-16, subopt = 0.0%)

Solving the exact optimization problem
Selected optimization method: bb-eval
bb-eval_opt: x_abs_tol = 1.000000e-02, f_rel_tol = 1.000000e-02, f_abs_tol = 1.000000e-02, iters = 1000000
exact bound (exp = -53): 3.274214e+00 (low = 3.243415e+00, subopt = 0.9%)
total2: 2.037068e-32 (low = 2.037068e-32, subopt = 0.0%)
exact total: 3.635107e-16 (low = 3.600914e-16, subopt = 0.9%)

Computing relative errors
**WARNING**: 
Cannot compute the relative error: values of the function are close to zero

Elapsed time: 0.03980
*************************************

-------------------------------------------------------------------------------
Problem: result

Optimization lower bounds for error models:
The absolute error (exact) model: 3.600913e-16 (0x1.9f2835e251eb6p-52) (suboptimality = 0.9%)

Bounds (without rounding): [-1.911247e-1, 1.025001e-1]
Bounds (floating-point): [-1.911247e-1, 1.025001e-1]

Absolute error (exact): 3.635108e-16 (0x1.a3196dd400004p-52)

Elapsed time: 0.04

