Base path: /Users/laura.zielinski/FPTaylor
Config file: /Users/laura.zielinski/FPTaylor/default.cfg
Config file: /var/folders/38/q_vgzzt959nfc63ldktzz1gr0000gp/T/tmpwsbxqbyr.cfg
default-rnd = rnd64
nlopt-cc = gcc -std=c99 -O3
opt-exact = true
develop = false
log-append-date = start
uncertainty = false
rel-error = true
opt-approx = false
proof-record = false
find-bounds = false
proof-dir = proofs
opt-f-abs-tol = 0.01
fail-on-exception = true
print-opt-lower-bounds = true
bb-compile = {base}/b_and_b/compile.sh {base} {input} {out}
z3-python-lib = 
opt-x-abs-tol = 0.01
export-error-bounds = 
opt-f-rel-tol = 0.01
export-options = 
opt-x-rel-tol = 0.0
rel-error-threshold = 0.0001
bb-alg = opt0
log-base-dir = log
intermediate-opt = false
z3-interval-bounds = true
opt-max-iters = 1000000
abs-error = true
z3-bin = 
maxima-simplification = false
print-hex-floats = true
debug = true
print-precision = 7
export-error-bounds-data = 
fp-power2-model = true
opt = auto
default-var-type = float64
verbosity = 2
ulp-error = false
opt-timeout = 10000
nlopt-lib = -lnlopt -lm
tmp-base-dir = tmp
unique-indices = false
z3-seed = 0
tmp-date = false
z3-python-cmd = python
const-approx-real-vars = false
print-second-order-errors = false
Resetting input_parser_env
eval_const_expr: 2
result: 2
eval_const_expr: 100
result: 100
eval_const_expr: 0
result: 0
eval_const_expr: 100
result: 100
eval_const_expr: 2
result: 2
Resetting input_parser_env
|tasks| = 1
Processing: result

*************************************
Taylor form for: rnd64((rnd64((rnd64((rnd64((rnd64((rnd64((-(rnd64(2)))) / rnd64(x))) / rnd64((rnd64((-(rnd64(2)))) + rnd64((rnd64(2) / rnd64(x))))))) + rnd64((-(rnd64((rnd64((-(rnd64((rnd64((-(rnd64(2)))) / rnd64((rnd64((-(rnd64(2)))) - rnd64((rnd64(2) / rnd64(x)))))))))) / rnd64(x)))))))) / rnd64(x))) / rnd64(x)))

Conservative bound: [0.000002, 0.373762]

Simplified rounding: rnd64((rnd64((rnd[64,ne,1.00,-53,0]((rnd64((rnd64(((-(2)) / x)) / rnd[64,ne,1.00,-53,0](((-(2)) + rnd64((2 / x)))))) + (-(rnd64(((-(rnd64(((-(2)) / rnd[64,ne,1.00,-53,0](((-(2)) - rnd64((2 / x)))))))) / x)))))) / x)) / x))
Building Taylor forms...
const_form
neg_form
var_form
div_form
inv_form
mul_form
rounded_form
div_form
inv_form
mul_form
rounded_form
add_form
rounded_form
div_form
inv_form
mul_form
rounded_form
sub_form
rounded_form
div_form
inv_form
mul_form
rounded_form
neg_form
div_form
inv_form
mul_form
rounded_form
neg_form
add_form
rounded_form
div_form
inv_form
mul_form
rounded_form
div_form
inv_form
mul_form
rounded_form
Taylor forms cache stats: num_bindings = 25, num_buckets = 1024, max_bucket_length = 1
Expr cache stats: num_bindings = 122, num_buckets = 65536, max_bucket_length = 2
Simplifying Taylor forms...
success
v0 = ((((((-(2)) * (1 / x)) * (1 / ((-(2)) + (2 * (1 / x))))) + (-(((-(((-(2)) * (1 / ((-(2)) - (2 * (1 / x))))))) * (1 / x))))) * (1 / x)) * (1 / x))
-1: exp = -53: (8462879686577797/81129638414606681695789005144064)
1: exp = -53: ((1 / x) * ((1 / x) * ((1 / ((-(2)) + (2 * (1 / x)))) * floor_power2((((-(2)) * (1 / x)) + 0)))))
2: exp = -53: ((1 / x) * ((1 / x) * ((((-(2)) * (1 / x)) * (-((floor_power2(((2 * (1 / x)) + 0)) / (((-(2)) + (2 * (1 / x))) * ((-(2)) + (2 * (1 / x)))))))) + (-(((1 / x) * (-(((-(2)) * (-(((-(floor_power2(((2 * (1 / x)) + 0)))) / (((-(2)) - (2 * (1 / x))) * ((-(2)) - (2 * (1 / x))))))))))))))))
3: exp = -53: ((1 / x) * ((1 / x) * (((-(2)) * (1 / x)) * (-((floor_power2((((-(2)) + (2 * (1 / x))) + interval(-5.55111512312578393471e-17, 5.55111512312578393471e-17))) / (((-(2)) + (2 * (1 / x))) * ((-(2)) + (2 * (1 / x))))))))))
4: exp = -53: ((1 / x) * ((1 / x) * floor_power2(((((-(2)) * (1 / x)) * (1 / ((-(2)) + (2 * (1 / x))))) + interval(-2.22044604925031357389e-16, 2.22044604925031357389e-16)))))
5: exp = -53: ((1 / x) * ((1 / x) * (-(((1 / x) * (-(((-(2)) * (-((floor_power2((((-(2)) - (2 * (1 / x))) + interval(-5.55111512312578393471e-17, 5.55111512312578393471e-17))) / (((-(2)) - (2 * (1 / x))) * ((-(2)) - (2 * (1 / x)))))))))))))))
6: exp = -53: ((1 / x) * ((1 / x) * (-(((1 / x) * (-(floor_power2((((-(2)) * (1 / ((-(2)) - (2 * (1 / x))))) + interval(-1.36043405625080553511e-16, 1.36043405625080553511e-16))))))))))
7: exp = -53: ((1 / x) * ((1 / x) * (-(floor_power2((((-(((-(2)) * (1 / ((-(2)) - (2 * (1 / x))))))) * (1 / x)) + interval(-9.57772784281691902661e-17, 9.57772784281691902661e-17)))))))
8: exp = -53: ((1 / x) * ((1 / x) * floor_power2((((((-(2)) * (1 / x)) * (1 / ((-(2)) + (2 * (1 / x))))) + (-(((-(((-(2)) * (1 / ((-(2)) - (2 * (1 / x))))))) * (1 / x))))) + interval(-4.42991565927779399576e-16, 4.42991565927779399576e-16)))))
9: exp = -53: ((1 / x) * floor_power2(((((((-(2)) * (1 / x)) * (1 / ((-(2)) + (2 * (1 / x))))) + (-(((-(((-(2)) * (1 / ((-(2)) - (2 * (1 / x))))))) * (1 / x))))) * (1 / x)) + interval(-2.77006934195147551461e-16, 2.77006934195147551461e-16))))
10: exp = -53: floor_power2((((((((-(2)) * (1 / x)) * (1 / ((-(2)) + (2 * (1 / x))))) + (-(((-(((-(2)) * (1 / ((-(2)) - (2 * (1 / x))))))) * (1 / x))))) * (1 / x)) * (1 / x)) + interval(-1.66259042713202689241e-16, 1.66259042713202689241e-16)))

Corresponding original subexpressions:
1: rnd64(((-(2)) / x))
2: rnd64((2 / x))
3: rnd[64,ne,1.00,-53,0](((-(2)) + rnd64((2 / x))))
4: rnd64((rnd64(((-(2)) / x)) / rnd[64,ne,1.00,-53,0](((-(2)) + rnd64((2 / x))))))
5: rnd[64,ne,1.00,-53,0](((-(2)) - rnd64((2 / x))))
6: rnd64(((-(2)) / rnd[64,ne,1.00,-53,0](((-(2)) - rnd64((2 / x))))))
7: rnd64(((-(rnd64(((-(2)) / rnd[64,ne,1.00,-53,0](((-(2)) - rnd64((2 / x)))))))) / x))
8: rnd[64,ne,1.00,-53,0]((rnd64((rnd64(((-(2)) / x)) / rnd[64,ne,1.00,-53,0](((-(2)) + rnd64((2 / x)))))) + (-(rnd64(((-(rnd64(((-(2)) / rnd[64,ne,1.00,-53,0](((-(2)) - rnd64((2 / x)))))))) / x))))))
9: rnd64((rnd[64,ne,1.00,-53,0]((rnd64((rnd64(((-(2)) / x)) / rnd[64,ne,1.00,-53,0](((-(2)) + rnd64((2 / x)))))) + (-(rnd64(((-(rnd64(((-(2)) / rnd[64,ne,1.00,-53,0](((-(2)) - rnd64((2 / x)))))))) / x)))))) / x))
10: rnd64((rnd64((rnd[64,ne,1.00,-53,0]((rnd64((rnd64(((-(2)) / x)) / rnd[64,ne,1.00,-53,0](((-(2)) + rnd64((2 / x)))))) + (-(rnd64(((-(rnd64(((-(2)) / rnd[64,ne,1.00,-53,0](((-(2)) - rnd64((2 / x)))))))) / x)))))) / x)) / x))

Selected optimization method: bb-eval
bb-eval_opt: x_abs_tol = 1.000000e-02, f_rel_tol = 1.000000e-02, f_abs_tol = 1.000000e-02, iters = 1000000
bounds: [1.676768e-06, 3.418050e-01]

Computing absolute errors
Selected optimization method: bb-eval
bb-eval_opt: x_abs_tol = 1.000000e-02, f_rel_tol = 1.000000e-02, f_abs_tol = 1.000000e-02, iters = 1000000
rmin(result = 1.043130e-16, lower = 1.043130e-16), rmax(result = 1.043130e-16, lower = 1.043130e-16)
-1: exp = -53: 1.043130e-16 (low = 1.043130e-16, subopt = 0.0%)

Solving the exact optimization problem
Selected optimization method: bb-eval
bb-eval_opt: x_abs_tol = 1.000000e-02, f_rel_tol = 1.000000e-02, f_abs_tol = 1.000000e-02, iters = 1000000
exact bound (exp = -53): 1.666819e+00 (low = 1.536215e+00, subopt = 7.8%)
total2: 1.158107e-32 (low = 1.158107e-32, subopt = 0.0%)
exact total: 1.850540e-16 (low = 1.705541e-16, subopt = 7.8%)

Computing relative errors
**WARNING**: 
Cannot compute the relative error: values of the function are close to zero

Elapsed time: 0.01011
*************************************

-------------------------------------------------------------------------------
Problem: result

Optimization lower bounds for error models:
The absolute error (exact) model: 1.705541e-16 (0x1.894560ac0628dp-53) (suboptimality = 7.8%)

Bounds (without rounding): [1.676767e-6, 3.418050e-1]
Bounds (floating-point): [1.676767e-6, 3.418050e-1]

Absolute error (exact): 1.850541e-16 (0x1.aab4a1129c156p-53)

Elapsed time: 0.01

