Base path: /Users/laura.zielinski/FPTaylor
Config file: /Users/laura.zielinski/FPTaylor/default.cfg
Config file: /var/folders/38/q_vgzzt959nfc63ldktzz1gr0000gp/T/tmp21pvjydd.cfg
default-rnd = rnd64
nlopt-cc = gcc -std=c99 -O3
opt-exact = true
develop = false
log-append-date = start
uncertainty = false
rel-error = true
opt-approx = false
proof-record = false
find-bounds = false
proof-dir = proofs
opt-f-abs-tol = 0.01
fail-on-exception = true
print-opt-lower-bounds = true
bb-compile = {base}/b_and_b/compile.sh {base} {input} {out}
z3-python-lib = 
opt-x-abs-tol = 0.01
export-error-bounds = 
opt-f-rel-tol = 0.01
export-options = 
opt-x-rel-tol = 0.0
rel-error-threshold = 0.0001
bb-alg = opt0
log-base-dir = log
intermediate-opt = false
z3-interval-bounds = true
opt-max-iters = 1000000
abs-error = true
z3-bin = 
maxima-simplification = false
print-hex-floats = true
debug = true
print-precision = 7
export-error-bounds-data = 
fp-power2-model = true
opt = auto
default-var-type = float64
verbosity = 2
ulp-error = false
opt-timeout = 10000
nlopt-lib = -lnlopt -lm
tmp-base-dir = tmp
unique-indices = false
z3-seed = 0
tmp-date = false
z3-python-cmd = python
const-approx-real-vars = false
print-second-order-errors = false
Resetting input_parser_env
eval_const_expr: (1/100000)
result: 1/100000
eval_const_expr: 1
result: 1
eval_const_expr: 0
result: 0
eval_const_expr: 1
result: 1
eval_const_expr: (1/100000)
result: 1/100000
eval_const_expr: (1/100000)
result: 1/100000
eval_const_expr: 1
result: 1
eval_const_expr: 0
result: 0
eval_const_expr: 1
result: 1
eval_const_expr: (1/100000)
result: 1/100000
eval_const_expr: (1/100000)
result: 1/100000
eval_const_expr: 1
result: 1
eval_const_expr: 0
result: 0
eval_const_expr: 1
result: 1
eval_const_expr: (1/100000)
result: 1/100000
eval_const_expr: (-(1))
result: -1
eval_const_expr: 1
result: 1
eval_const_expr: 0
result: 0
eval_const_expr: 1
result: 1
eval_const_expr: (-(1))
result: -1
eval_const_expr: (-(1))
result: -1
eval_const_expr: 1
result: 1
eval_const_expr: 0
result: 0
eval_const_expr: 1
result: 1
eval_const_expr: (-(1))
result: -1
eval_const_expr: (-(1))
result: -1
eval_const_expr: 1
result: 1
eval_const_expr: 0
result: 0
eval_const_expr: 1
result: 1
eval_const_expr: (-(1))
result: -1
eval_const_expr: (1/100000)
result: 1/100000
eval_const_expr: 1
result: 1
eval_const_expr: 0
result: 0
eval_const_expr: 1
result: 1
eval_const_expr: (1/100000)
result: 1/100000
eval_const_expr: (1/100000)
result: 1/100000
eval_const_expr: 1
result: 1
eval_const_expr: 0
result: 0
eval_const_expr: 1
result: 1
eval_const_expr: (1/100000)
result: 1/100000
eval_const_expr: (1/100000)
result: 1/100000
eval_const_expr: 1
result: 1
eval_const_expr: 0
result: 0
eval_const_expr: 1
result: 1
eval_const_expr: (1/100000)
result: 1/100000
Resetting input_parser_env
|tasks| = 1
Processing: result

*************************************
Taylor form for: rnd64((rnd64((rnd64((rnd64(a2) / rnd64(w2))) * rnd64((rnd64((rnd64((-(rnd64(3)))) * rnd64(a2))) * rnd64((-(rnd64(m2)))))))) + rnd64((rnd64((rnd64((rnd64(a0) * rnd64((rnd64(a0) / rnd64(w0))))) * rnd64((rnd64((-(rnd64(m0)))) * rnd64((-(rnd64(3)))))))) + rnd64((rnd64((rnd64(a1) * rnd64((rnd64(a1) / rnd64(w1))))) * rnd64((rnd64((-(rnd64(3)))) * rnd64((-(rnd64(m1))))))))))))

Conservative bound: [-900000.000000, 900000.000000]

Simplified rounding: rnd[64,ne,1.00,-53,0]((rnd64((rnd64((a2 / w2)) * rnd64((rnd64(((-(3)) * a2)) * (-(m2)))))) + rnd[64,ne,1.00,-53,0]((rnd64((rnd64((a0 * rnd64((a0 / w0)))) * rnd64(((-(m0)) * (-(3)))))) + rnd64((rnd64((a1 * rnd64((a1 / w1)))) * rnd64(((-(3)) * (-(m1))))))))))
Building Taylor forms...
var_form
var_form
div_form
inv_form
mul_form
rounded_form
const_form
neg_form
mul_form
rounded_form
var_form
neg_form
mul_form
rounded_form
mul_form
rounded_form
var_form
var_form
div_form
inv_form
mul_form
rounded_form
mul_form
rounded_form
var_form
neg_form
mul_form
rounded_form
mul_form
rounded_form
var_form
var_form
div_form
inv_form
mul_form
rounded_form
mul_form
rounded_form
var_form
neg_form
mul_form
rounded_form
mul_form
rounded_form
add_form
rounded_form
add_form
rounded_form
Taylor forms cache stats: num_bindings = 42, num_buckets = 1024, max_bucket_length = 1
Expr cache stats: num_bindings = 96, num_buckets = 65536, max_bucket_length = 1
Simplifying Taylor forms...
success
v0 = (((a2 * (1 / w2)) * (((-(3)) * a2) * (-(m2)))) + (((a0 * (a0 * (1 / w0))) * ((-(m0)) * (-(3)))) + ((a1 * (a1 * (1 / w1))) * ((-(3)) * (-(m1))))))
-1: exp = -53: (3377699720527875/38685626227668133590597632)
1: exp = -53: ((((-(3)) * a2) * (-(m2))) * floor_power2(((a2 * (1 / w2)) + 0)))
2: exp = -53: ((a2 * (1 / w2)) * ((-(m2)) * floor_power2((((-(3)) * a2) + 0))))
3: exp = -53: ((a2 * (1 / w2)) * floor_power2(((((-(3)) * a2) * (-(m2))) + interval(-2.22044604925031357389e-16, 2.22044604925031357389e-16))))
4: exp = -53: floor_power2((((a2 * (1 / w2)) * (((-(3)) * a2) * (-(m2)))) + interval(-6.62367938275565651763e-11, 6.62367938275565651763e-11)))
5: exp = -53: (((-(m0)) * (-(3))) * (a0 * floor_power2(((a0 * (1 / w0)) + 0))))
6: exp = -53: (((-(m0)) * (-(3))) * floor_power2(((a0 * (a0 * (1 / w0))) + interval(-7.27595761418342751891e-12, 7.27595761418342751891e-12))))
7: exp = -53: ((a0 * (a0 * (1 / w0))) * floor_power2((((-(m0)) * (-(3))) + 0)))
8: exp = -53: floor_power2((((a0 * (a0 * (1 / w0))) * ((-(m0)) * (-(3)))) + interval(-6.58602061776036991531e-11, 6.58602061776036991531e-11)))
9: exp = -53: (((-(3)) * (-(m1))) * (a1 * floor_power2(((a1 * (1 / w1)) + 0))))
10: exp = -53: (((-(3)) * (-(m1))) * floor_power2(((a1 * (a1 * (1 / w1))) + interval(-7.27595761418342751891e-12, 7.27595761418342751891e-12))))
11: exp = -53: ((a1 * (a1 * (1 / w1))) * floor_power2((((-(3)) * (-(m1))) + 0)))
12: exp = -53: floor_power2((((a1 * (a1 * (1 / w1))) * ((-(3)) * (-(m1)))) + interval(-6.58602061776036991531e-11, 6.58602061776036991531e-11)))
13: exp = -53: floor_power2(((((a0 * (a0 * (1 / w0))) * ((-(m0)) * (-(3)))) + ((a1 * (a1 * (1 / w1))) * ((-(3)) * (-(m1))))) + interval(-1.89928073268674831382e-10, 1.89928073268674831382e-10)))
14: exp = -53: floor_power2(((((a2 * (1 / w2)) * (((-(3)) * a2) * (-(m2)))) + (((a0 * (a0 * (1 / w0))) * ((-(m0)) * (-(3)))) + ((a1 * (a1 * (1 / w1))) * ((-(3)) * (-(m1)))))) + interval(-3.43476358466432533248e-10, 3.43476358466432533248e-10)))

Corresponding original subexpressions:
1: rnd64((a2 / w2))
2: rnd64(((-(3)) * a2))
3: rnd64((rnd64(((-(3)) * a2)) * (-(m2))))
4: rnd64((rnd64((a2 / w2)) * rnd64((rnd64(((-(3)) * a2)) * (-(m2))))))
5: rnd64((a0 / w0))
6: rnd64((a0 * rnd64((a0 / w0))))
7: rnd64(((-(m0)) * (-(3))))
8: rnd64((rnd64((a0 * rnd64((a0 / w0)))) * rnd64(((-(m0)) * (-(3))))))
9: rnd64((a1 / w1))
10: rnd64((a1 * rnd64((a1 / w1))))
11: rnd64(((-(3)) * (-(m1))))
12: rnd64((rnd64((a1 * rnd64((a1 / w1)))) * rnd64(((-(3)) * (-(m1))))))
13: rnd[64,ne,1.00,-53,0]((rnd64((rnd64((a0 * rnd64((a0 / w0)))) * rnd64(((-(m0)) * (-(3)))))) + rnd64((rnd64((a1 * rnd64((a1 / w1)))) * rnd64(((-(3)) * (-(m1))))))))
14: rnd[64,ne,1.00,-53,0]((rnd64((rnd64((a2 / w2)) * rnd64((rnd64(((-(3)) * a2)) * (-(m2)))))) + rnd[64,ne,1.00,-53,0]((rnd64((rnd64((a0 * rnd64((a0 / w0)))) * rnd64(((-(m0)) * (-(3)))))) + rnd64((rnd64((a1 * rnd64((a1 / w1)))) * rnd64(((-(3)) * (-(m1))))))))))

Selected optimization method: bb
bb_opt: x_abs_tol = 1.000000e-02, f_rel_tol = 1.000000e-02, f_abs_tol = 1.000000e-02, iters = 1000000
iterations(min = 90235, max = 260699): 260699
min = -9.000000e+05 (lower_min = -8.859926e+05)
max = 9.000000e+05 (lower_max = 8.790708e+05)
subopt = 2.092925e+04 (2.3%)
bounds: [-9.000000e+05, 9.000000e+05]

Computing absolute errors
Selected optimization method: bb-eval
bb-eval_opt: x_abs_tol = 1.000000e-02, f_rel_tol = 1.000000e-02, f_abs_tol = 1.000000e-02, iters = 1000000
rmin(result = 8.731149e-11, lower = 8.731149e-11), rmax(result = 8.731149e-11, lower = 8.731149e-11)
-1: exp = -53: 8.731149e-11 (low = 8.731149e-11, subopt = 0.0%)

Solving the exact optimization problem
Selected optimization method: bb
bb_opt: x_abs_tol = 1.000000e-02, f_rel_tol = 1.000000e-02, f_abs_tol = 1.000000e-02, iters = 1000000
iterations(min = 0, max = 289534): 289534
min = 0.000000e+00 (lower_min = 0.000000e+00)
max = 3.618048e+06 (lower_max = 3.590180e+06)
subopt = 2.786807e+04 (0.8%)
exact bound (exp = -53): 3.618048e+06 (low = 3.590180e+06, subopt = 0.8%)
total2: 9.693523e-27 (low = 9.693523e-27, subopt = 0.0%)
exact total: 4.016840e-10 (low = 3.985900e-10, subopt = 0.8%)

Computing relative errors
**WARNING**: 
Cannot compute the relative error: values of the function are close to zero

Elapsed time: 3.94526
*************************************

-------------------------------------------------------------------------------
Problem: result

Optimization lower bounds for error models:
The absolute error (exact) model: 3.985900e-10 (0x1.b6411f78be63p-32) (suboptimality = 0.8%)

Bounds (without rounding): [-9.000001e+5, 9.000001e+5]
Bounds (floating-point): [-9.000001e+5, 9.000001e+5]

Absolute error (exact): 4.016841e-10 (0x1.b9a8000000005p-32)

Elapsed time: 3.95

