Base path: /Users/laura.zielinski/FPTaylor
Config file: /Users/laura.zielinski/FPTaylor/default.cfg
Config file: /var/folders/38/q_vgzzt959nfc63ldktzz1gr0000gp/T/tmp2pejgx0f.cfg
default-rnd = rnd64
nlopt-cc = gcc -std=c99 -O3
opt-exact = true
develop = false
log-append-date = start
uncertainty = false
rel-error = true
opt-approx = false
proof-record = false
find-bounds = false
proof-dir = proofs
opt-f-abs-tol = 0.01
fail-on-exception = true
print-opt-lower-bounds = true
bb-compile = {base}/b_and_b/compile.sh {base} {input} {out}
z3-python-lib = 
opt-x-abs-tol = 0.01
export-error-bounds = 
opt-f-rel-tol = 0.01
export-options = 
opt-x-rel-tol = 0.0
rel-error-threshold = 0.0001
bb-alg = opt0
log-base-dir = log
intermediate-opt = false
z3-interval-bounds = true
opt-max-iters = 1000000
abs-error = true
z3-bin = 
maxima-simplification = false
print-hex-floats = true
debug = true
print-precision = 7
export-error-bounds-data = 
fp-power2-model = true
opt = auto
default-var-type = float64
verbosity = 2
ulp-error = false
opt-timeout = 10000
nlopt-lib = -lnlopt -lm
tmp-base-dir = tmp
unique-indices = false
z3-seed = 0
tmp-date = false
z3-python-cmd = python
const-approx-real-vars = false
print-second-order-errors = false
Resetting input_parser_env
eval_const_expr: 2
result: 2
eval_const_expr: 100
result: 100
eval_const_expr: 0
result: 0
eval_const_expr: 100
result: 100
eval_const_expr: 2
result: 2
Resetting input_parser_env
|tasks| = 1
Processing: result

*************************************
Taylor form for: rnd64((rnd64((rnd64((rnd64(1) / rnd64((rnd64(x) + rnd64(1))))) - rnd64((rnd64(2) / rnd64(x))))) + rnd64((rnd64(1) / rnd64((rnd64(x) - rnd64(1)))))))

Conservative bound: [-0.979998, 1.313333]

Simplified rounding: rnd[64,ne,1.00,-53,0]((rnd[64,ne,1.00,-53,0]((rnd64((1 / rnd[64,ne,1.00,-53,0]((x + 1)))) - rnd64((2 / x)))) + rnd64((1 / rnd[64,ne,1.00,-53,0]((x - 1))))))
Building Taylor forms...
const_form
var_form
add_form
rounded_form
div_form
inv_form
mul_form
rounded_form
const_form
div_form
inv_form
mul_form
rounded_form
sub_form
rounded_form
sub_form
rounded_form
div_form
inv_form
mul_form
rounded_form
add_form
rounded_form
Taylor forms cache stats: num_bindings = 17, num_buckets = 1024, max_bucket_length = 1
Expr cache stats: num_bindings = 54, num_buckets = 65536, max_bucket_length = 2
Simplifying Taylor forms...
success
v0 = (((1 * (1 / (x + 1))) - (2 * (1 / x))) + (1 * (1 / (x - 1))))
-1: exp = -53: (4670399613569503/9903520314283042199192993792)
1: exp = -53: (1 * (-((floor_power2(((x + 1) + 0)) / ((x + 1) * (x + 1))))))
2: exp = -53: floor_power2(((1 * (1 / (x + 1))) + interval(-7.89491928622335468183e-16, 7.89491928622335468183e-16)))
3: exp = -53: (-(floor_power2(((2 * (1 / x)) + 0))))
4: exp = -53: floor_power2((((1 * (1 / (x + 1))) - (2 * (1 / x))) + interval(-8.72758655469222208715e-16, 8.72758655469222208715e-16)))
5: exp = -53: (1 * (-((floor_power2(((x - 1) + 0)) / ((x - 1) * (x - 1))))))
6: exp = -53: floor_power2(((1 * (1 / (x - 1))) + interval(-7.10542735760105392353e-15, 7.10542735760105392353e-15)))
7: exp = -53: floor_power2(((((1 * (1 / (x + 1))) - (2 * (1 / x))) + (1 * (1 / (x - 1)))) + interval(-8.14471946676404803559e-15, 8.14471946676404803559e-15)))

Corresponding original subexpressions:
1: rnd[64,ne,1.00,-53,0]((x + 1))
2: rnd64((1 / rnd[64,ne,1.00,-53,0]((x + 1))))
3: rnd64((2 / x))
4: rnd[64,ne,1.00,-53,0]((rnd64((1 / rnd[64,ne,1.00,-53,0]((x + 1)))) - rnd64((2 / x))))
5: rnd[64,ne,1.00,-53,0]((x - 1))
6: rnd64((1 / rnd[64,ne,1.00,-53,0]((x - 1))))
7: rnd[64,ne,1.00,-53,0]((rnd[64,ne,1.00,-53,0]((rnd64((1 / rnd[64,ne,1.00,-53,0]((x + 1)))) - rnd64((2 / x)))) + rnd64((1 / rnd[64,ne,1.00,-53,0]((x - 1))))))

Selected optimization method: bb-eval
bb-eval_opt: x_abs_tol = 1.000000e-02, f_rel_tol = 1.000000e-02, f_abs_tol = 1.000000e-02, iters = 1000000
bounds: [-9.754011e-03, 3.451548e-01]

Computing absolute errors
Selected optimization method: bb-eval
bb-eval_opt: x_abs_tol = 1.000000e-02, f_rel_tol = 1.000000e-02, f_abs_tol = 1.000000e-02, iters = 1000000
rmin(result = 4.715898e-13, lower = 4.715898e-13), rmax(result = 4.715898e-13, lower = 4.715898e-13)
-1: exp = -53: 4.715898e-13 (low = 4.715898e-13, subopt = 0.0%)

Solving the exact optimization problem
Selected optimization method: bb-eval
bb-eval_opt: x_abs_tol = 1.000000e-02, f_rel_tol = 1.000000e-02, f_abs_tol = 1.000000e-02, iters = 1000000
exact bound (exp = -53): 3.722222e+00 (low = 3.215825e+00, subopt = 13.6%)
total2: 5.235699e-29 (low = 5.235699e-29, subopt = 0.0%)
exact total: 4.132497e-16 (low = 3.570283e-16, subopt = 13.6%)

Computing relative errors
**WARNING**: 
Cannot compute the relative error: values of the function are close to zero

Elapsed time: 0.00709
*************************************

-------------------------------------------------------------------------------
Problem: result

Optimization lower bounds for error models:
The absolute error (exact) model: 3.570283e-16 (0x1.9ba0281ed0848p-52) (suboptimality = 13.6%)

Bounds (without rounding): [-9.754011e-3, 3.451549e-1]
Bounds (floating-point): [-9.754011e-3, 3.451549e-1]

Absolute error (exact): 4.132497e-16 (0x1.dc71c71c72098p-52)

Elapsed time: 0.01

