Base path: /Users/laura.zielinski/FPTaylor
Config file: /Users/laura.zielinski/FPTaylor/default.cfg
Config file: /var/folders/38/q_vgzzt959nfc63ldktzz1gr0000gp/T/tmp2gtd5jq5.cfg
default-rnd = rnd64
nlopt-cc = gcc -std=c99 -O3
opt-exact = true
develop = false
log-append-date = start
uncertainty = false
rel-error = true
opt-approx = false
proof-record = false
find-bounds = false
proof-dir = proofs
opt-f-abs-tol = 0.01
fail-on-exception = true
print-opt-lower-bounds = true
bb-compile = {base}/b_and_b/compile.sh {base} {input} {out}
z3-python-lib = 
opt-x-abs-tol = 0.01
export-error-bounds = 
opt-f-rel-tol = 0.01
export-options = 
opt-x-rel-tol = 0.0
rel-error-threshold = 0.0001
bb-alg = opt0
log-base-dir = log
intermediate-opt = false
z3-interval-bounds = true
opt-max-iters = 1000000
abs-error = true
z3-bin = 
maxima-simplification = false
print-hex-floats = true
debug = true
print-precision = 7
export-error-bounds-data = 
fp-power2-model = true
opt = auto
default-var-type = float64
verbosity = 2
ulp-error = false
opt-timeout = 10000
nlopt-lib = -lnlopt -lm
tmp-base-dir = tmp
unique-indices = false
z3-seed = 0
tmp-date = false
z3-python-cmd = python
const-approx-real-vars = false
print-second-order-errors = false
Resetting input_parser_env
eval_const_expr: (-((157079632679/100000000000)))
result: -157079632679/100000000000
eval_const_expr: (157079632679/100000000000)
result: 157079632679/100000000000
eval_const_expr: 0
result: 0
eval_const_expr: (157079632679/100000000000)
result: 157079632679/100000000000
eval_const_expr: (-((157079632679/100000000000)))
result: -157079632679/100000000000
Resetting input_parser_env
|tasks| = 1
Processing: result

*************************************
Taylor form for: rnd64((rnd64((rnd64((rnd64(x) - rnd64((rnd64((rnd64((rnd64(x) * rnd64(x))) * rnd64(x))) / rnd64(6))))) + rnd64((rnd64((rnd64((rnd64((rnd64((rnd64(x) * rnd64(x))) * rnd64(x))) * rnd64(x))) * rnd64(x))) / rnd64(120))))) - rnd64((rnd64((rnd64((rnd64((rnd64((rnd64((rnd64((rnd64(x) * rnd64(x))) * rnd64(x))) * rnd64(x))) * rnd64(x))) * rnd64(x))) * rnd64(x))) / rnd64(5040)))))

Conservative bound: [-2.301135, 2.301135]

Simplified rounding: rnd[64,ne,1.00,-53,0]((rnd[64,ne,1.00,-53,0]((rnd[64,ne,1.00,-53,0]((x - rnd64((rnd64((rnd64((x * x)) * x)) / 6)))) + rnd64((rnd64((rnd64((rnd64((rnd64((x * x)) * x)) * x)) * x)) / 120)))) - rnd64((rnd64((rnd64((rnd64((rnd64((rnd64((rnd64((x * x)) * x)) * x)) * x)) * x)) * x)) / 5040))))
Building Taylor forms...
var_form
mul_form
rounded_form
mul_form
rounded_form
const_form
div_form
inv_form
mul_form
rounded_form
sub_form
rounded_form
mul_form
rounded_form
mul_form
rounded_form
const_form
div_form
inv_form
mul_form
rounded_form
add_form
rounded_form
mul_form
rounded_form
mul_form
rounded_form
const_form
div_form
inv_form
mul_form
rounded_form
sub_form
rounded_form
Taylor forms cache stats: num_bindings = 28, num_buckets = 1024, max_bucket_length = 2
Expr cache stats: num_bindings = 127, num_buckets = 65536, max_bucket_length = 1
Simplifying Taylor forms...
success
v0 = (((x - (((x * x) * x) * (1 / 6))) + (((((x * x) * x) * x) * x) * (1 / 120))) - (((((((x * x) * x) * x) * x) * x) * x) * (1 / 5040)))
-1: exp = -53: (7898465445326299/11235582092889474423308157442431404585112356118389416079589380072358292237843810195794279832650471001320007117491962084853674360550901038905802964414967132773610493339054092829768888725077880882465817684505312860552384417646403930092119569408801702322709406917786643639996702871154982269052209770601514008576)
1: exp = -53: (((-(((1 / 6) * (x * floor_power2(((x * x) + 0)))))) + ((1 / 120) * (x * (x * (x * floor_power2(((x * x) + 0))))))) + (-(((1 / 5040) * (x * (x * (x * (x * (x * floor_power2(((x * x) + 0)))))))))))
2: exp = -53: (((-(((1 / 6) * floor_power2((((x * x) * x) + interval(-3.48786849799775978113e-16, 3.48786849799775978113e-16)))))) + ((1 / 120) * (x * (x * floor_power2((((x * x) * x) + interval(-3.48786849799775978113e-16, 3.48786849799775978113e-16))))))) + (-(((1 / 5040) * (x * (x * (x * (x * floor_power2((((x * x) * x) + interval(-3.48786849799775978113e-16, 3.48786849799775978113e-16)))))))))))
3: exp = -53: (-(floor_power2(((((x * x) * x) * (1 / 6)) + interval(-9.51385757874679015762e-17, 9.51385757874679015762e-17)))))
4: exp = -53: floor_power2(((x - (((x * x) * x) * (1 / 6))) + interval(-1.50649727018725740923e-16, 1.50649727018725740923e-16)))
5: exp = -53: (((1 / 120) * (x * floor_power2(((((x * x) * x) * x) + interval(-8.96659952297919541663e-16, 8.96659952297919541663e-16))))) + (-(((1 / 5040) * (x * (x * (x * floor_power2(((((x * x) * x) * x) + interval(-8.96659952297919541663e-16, 8.96659952297919541663e-16))))))))))
6: exp = -53: (((1 / 120) * floor_power2((((((x * x) * x) * x) * x) + interval(-2.10604385904882060603e-15, 2.10604385904882060603e-15)))) + (-(((1 / 5040) * (x * (x * floor_power2((((((x * x) * x) * x) * x) + interval(-2.10604385904882060603e-15, 2.10604385904882060603e-15)))))))))
7: exp = -53: floor_power2(((((((x * x) * x) * x) * x) * (1 / 120)) + interval(-2.49518523229078910254e-17, 2.49518523229078910254e-17)))
8: exp = -53: floor_power2((((x - (((x * x) * x) * (1 / 6))) + (((((x * x) * x) * x) * x) * (1 / 120))) + interval(-4.04585078170572230041e-16, 4.04585078170572230041e-16)))
9: exp = -53: (-(((1 / 5040) * (x * floor_power2(((((((x * x) * x) * x) * x) * x) + interval(-4.70331335705162811225e-15, 4.70331335705162811225e-15)))))))
10: exp = -53: (-(((1 / 5040) * floor_power2((((((((x * x) * x) * x) * x) * x) * x) + interval(-8.78309474419814698407e-15, 8.78309474419814698407e-15))))))
11: exp = -53: (-(floor_power2(((((((((x * x) * x) * x) * x) * x) * x) * (1 / 5040)) + interval(-2.09512928246000008931e-18, 2.09512928246000008931e-18)))))
12: exp = -53: floor_power2(((((x - (((x * x) * x) * (1 / 6))) + (((((x * x) * x) * x) * x) * (1 / 120))) - (((((((x * x) * x) * x) * x) * x) * x) * (1 / 5040))) + interval(-6.29158493247058009234e-16, 6.29158493247058009234e-16)))

Corresponding original subexpressions:
1: rnd64((x * x))
2: rnd64((rnd64((x * x)) * x))
3: rnd64((rnd64((rnd64((x * x)) * x)) / 6))
4: rnd[64,ne,1.00,-53,0]((x - rnd64((rnd64((rnd64((x * x)) * x)) / 6))))
5: rnd64((rnd64((rnd64((x * x)) * x)) * x))
6: rnd64((rnd64((rnd64((rnd64((x * x)) * x)) * x)) * x))
7: rnd64((rnd64((rnd64((rnd64((rnd64((x * x)) * x)) * x)) * x)) / 120))
8: rnd[64,ne,1.00,-53,0]((rnd[64,ne,1.00,-53,0]((x - rnd64((rnd64((rnd64((x * x)) * x)) / 6)))) + rnd64((rnd64((rnd64((rnd64((rnd64((x * x)) * x)) * x)) * x)) / 120))))
9: rnd64((rnd64((rnd64((rnd64((rnd64((x * x)) * x)) * x)) * x)) * x))
10: rnd64((rnd64((rnd64((rnd64((rnd64((rnd64((x * x)) * x)) * x)) * x)) * x)) * x))
11: rnd64((rnd64((rnd64((rnd64((rnd64((rnd64((rnd64((x * x)) * x)) * x)) * x)) * x)) * x)) / 5040))
12: rnd[64,ne,1.00,-53,0]((rnd[64,ne,1.00,-53,0]((rnd[64,ne,1.00,-53,0]((x - rnd64((rnd64((rnd64((x * x)) * x)) / 6)))) + rnd64((rnd64((rnd64((rnd64((rnd64((x * x)) * x)) * x)) * x)) / 120)))) - rnd64((rnd64((rnd64((rnd64((rnd64((rnd64((rnd64((x * x)) * x)) * x)) * x)) * x)) * x)) / 5040))))

Selected optimization method: bb-eval
bb-eval_opt: x_abs_tol = 1.000000e-02, f_rel_tol = 1.000000e-02, f_abs_tol = 1.000000e-02, iters = 1000000
bounds: [-1.015115e+00, 1.015115e+00]

Computing absolute errors
Selected optimization method: bb-eval
bb-eval_opt: x_abs_tol = 1.000000e-02, f_rel_tol = 1.000000e-02, f_abs_tol = 1.000000e-02, iters = 1000000
rmin(result = 7.029868e-292, lower = 7.029868e-292), rmax(result = 7.029868e-292, lower = 7.029868e-292)
-1: exp = -53: 7.029868e-292 (low = 7.029868e-292, subopt = 0.0%)

Solving the exact optimization problem
Selected optimization method: bb-eval
bb-eval_opt: x_abs_tol = 1.000000e-02, f_rel_tol = 1.000000e-02, f_abs_tol = 1.000000e-02, iters = 1000000
exact bound (exp = -53): 3.942672e+00 (low = 3.441531e+00, subopt = 12.7%)
total2: 7.804721e-308 (low = 7.804721e-308, subopt = 0.0%)
exact total: 4.377246e-16 (low = 3.820867e-16, subopt = 12.7%)

Computing relative errors
**WARNING**: 
Cannot compute the relative error: values of the function are close to zero

Elapsed time: 0.01785
*************************************

-------------------------------------------------------------------------------
Problem: result

Optimization lower bounds for error models:
The absolute error (exact) model: 3.820867e-16 (0x1.b884193fce9b5p-52) (suboptimality = 12.7%)

Bounds (without rounding): [-1.015116, 1.015116]
Bounds (floating-point): [-1.015116, 1.015116]

Absolute error (exact): 4.377246e-16 (0x1.f8a97dbc0f39cp-52)

Elapsed time: 0.02

