Base path: /Users/laura.zielinski/FPTaylor
Config file: /Users/laura.zielinski/FPTaylor/default.cfg
Config file: /var/folders/38/q_vgzzt959nfc63ldktzz1gr0000gp/T/tmpi5jyiowe.cfg
default-rnd = rnd64
nlopt-cc = gcc -std=c99 -O3
opt-exact = true
develop = false
log-append-date = start
uncertainty = false
rel-error = true
opt-approx = false
proof-record = false
find-bounds = false
proof-dir = proofs
opt-f-abs-tol = 0.01
fail-on-exception = true
print-opt-lower-bounds = true
bb-compile = {base}/b_and_b/compile.sh {base} {input} {out}
z3-python-lib = 
opt-x-abs-tol = 0.01
export-error-bounds = 
opt-f-rel-tol = 0.01
export-options = 
opt-x-rel-tol = 0.0
rel-error-threshold = 0.0001
bb-alg = opt0
log-base-dir = log
intermediate-opt = false
z3-interval-bounds = true
opt-max-iters = 1000000
abs-error = true
z3-bin = 
maxima-simplification = false
print-hex-floats = true
debug = true
print-precision = 7
export-error-bounds-data = 
fp-power2-model = true
opt = auto
default-var-type = float64
verbosity = 2
ulp-error = false
opt-timeout = 10000
nlopt-lib = -lnlopt -lm
tmp-base-dir = tmp
unique-indices = false
z3-seed = 0
tmp-date = false
z3-python-cmd = python
const-approx-real-vars = false
print-second-order-errors = false
Resetting input_parser_env
eval_const_expr: 1
result: 1
eval_const_expr: 100
result: 100
eval_const_expr: 0
result: 0
eval_const_expr: 100
result: 100
eval_const_expr: 1
result: 1
eval_const_expr: (-(100))
result: -100
eval_const_expr: 100
result: 100
eval_const_expr: 0
result: 0
eval_const_expr: 100
result: 100
eval_const_expr: (-(100))
result: -100
eval_const_expr: (-(100))
result: -100
eval_const_expr: (-(1))
result: -1
eval_const_expr: 0
result: 0
eval_const_expr: (-(1))
result: -1
eval_const_expr: (-(100))
result: -100
Resetting input_parser_env
|tasks| = 1
Processing: result

*************************************
Taylor form for: rnd64((rnd64((rnd64(sqrt(rnd64((rnd64((rnd64((rnd64((-(rnd64(4)))) * rnd64(a))) * rnd64(c))) + rnd64((rnd64(b) * rnd64(b))))))) + rnd64(b))) / rnd64((rnd64(a) * rnd64((-(rnd64(2))))))))

Conservative bound: [-161.803399, 49.000000]

Simplified rounding: rnd64((rnd[64,ne,1.00,-53,0]((rnd[64,ne,1.00,-53,0](sqrt(rnd[64,ne,1.00,-53,0]((rnd64((rnd64(((-(4)) * a)) * c)) + rnd64((b * b)))))) + b)) / rnd64((a * (-(2))))))
Building Taylor forms...
const_form
neg_form
var_form
mul_form
rounded_form
var_form
mul_form
rounded_form
var_form
mul_form
rounded_form
add_form
rounded_form
sqrt_form
rounded_form
add_form
rounded_form
const_form
neg_form
mul_form
rounded_form
div_form
inv_form
mul_form
rounded_form
Taylor forms cache stats: num_bindings = 23, num_buckets = 1024, max_bucket_length = 1
Expr cache stats: num_bindings = 68, num_buckets = 65536, max_bucket_length = 2
Simplifying Taylor forms...
success
v0 = ((sqrt(((((-(4)) * a) * c) + (b * b))) + b) * (1 / (a * (-(2)))))
-1: exp = -53: (1317819895045195/151115727451828646838272)
1: exp = -53: ((1 / (a * (-(2)))) * ((c * floor_power2((((-(4)) * a) + 0))) / (2 * sqrt(((((-(4)) * a) * c) + (b * b))))))
2: exp = -53: ((1 / (a * (-(2)))) * (floor_power2(((((-(4)) * a) * c) + interval(-2.84217094304040114738e-12, 2.84217094304040114738e-12))) / (2 * sqrt(((((-(4)) * a) * c) + (b * b))))))
3: exp = -53: ((1 / (a * (-(2)))) * (floor_power2(((b * b) + 0)) / (2 * sqrt(((((-(4)) * a) * c) + (b * b))))))
4: exp = -53: ((1 / (a * (-(2)))) * (floor_power2((((((-(4)) * a) * c) + (b * b)) + interval(-7.38964445190504354865e-12, 7.38964445190504354865e-12))) / (2 * sqrt(((((-(4)) * a) * c) + (b * b))))))
5: exp = -53: ((1 / (a * (-(2)))) * floor_power2((sqrt(((((-(4)) * a) * c) + (b * b))) + interval(-2.75690581475108905555e-12, 2.75690581475108905555e-12))))
6: exp = -53: ((1 / (a * (-(2)))) * floor_power2(((sqrt(((((-(4)) * a) * c) + (b * b))) + b) + interval(-2.77111666946629105926e-12, 2.77111666946629105926e-12))))
7: exp = -53: ((sqrt(((((-(4)) * a) * c) + (b * b))) + b) * (-((floor_power2(((a * (-(2))) + 0)) / ((a * (-(2))) * (a * (-(2))))))))
8: exp = -53: floor_power2((((sqrt(((((-(4)) * a) * c) + (b * b))) + b) * (1 / (a * (-(2))))) + interval(-2.54945148636754355271e-12, 2.54945148636754355271e-12)))

Corresponding original subexpressions:
1: rnd64(((-(4)) * a))
2: rnd64((rnd64(((-(4)) * a)) * c))
3: rnd64((b * b))
4: rnd[64,ne,1.00,-53,0]((rnd64((rnd64(((-(4)) * a)) * c)) + rnd64((b * b))))
5: rnd[64,ne,1.00,-53,0](sqrt(rnd[64,ne,1.00,-53,0]((rnd64((rnd64(((-(4)) * a)) * c)) + rnd64((b * b))))))
6: rnd[64,ne,1.00,-53,0]((rnd[64,ne,1.00,-53,0](sqrt(rnd[64,ne,1.00,-53,0]((rnd64((rnd64(((-(4)) * a)) * c)) + rnd64((b * b)))))) + b))
7: rnd64((a * (-(2))))
8: rnd64((rnd[64,ne,1.00,-53,0]((rnd[64,ne,1.00,-53,0](sqrt(rnd[64,ne,1.00,-53,0]((rnd64((rnd64(((-(4)) * a)) * c)) + rnd64((b * b)))))) + b)) / rnd64((a * (-(2))))))

Selected optimization method: bb
bb_opt: x_abs_tol = 1.000000e-02, f_rel_tol = 1.000000e-02, f_abs_tol = 1.000000e-02, iters = 1000000
iterations(min = 910, max = 1000000): 1000000
min = -1.014373e+02 (lower_min = -1.006034e+02)
max = 1.441018e-02 (lower_max = -9.999783e-03)
subopt = 8.339238e-01 (0.8%)
bounds: [-1.014373e+02, 1.441018e-02]

Computing absolute errors
Selected optimization method: bb-eval
bb-eval_opt: x_abs_tol = 1.000000e-02, f_rel_tol = 1.000000e-02, f_abs_tol = 1.000000e-02, iters = 1000000
rmin(result = 8.720601e-09, lower = 8.720601e-09), rmax(result = 8.720601e-09, lower = 8.720601e-09)
-1: exp = -53: 8.720601e-09 (low = 8.720601e-09, subopt = 0.0%)

Solving the exact optimization problem
Selected optimization method: bb
bb_opt: x_abs_tol = 1.000000e-02, f_rel_tol = 1.000000e-02, f_abs_tol = 1.000000e-02, iters = 1000000
iterations(min = 0, max = 1000000): 1000000
min = 0.000000e+00 (lower_min = 0.000000e+00)
max = 3.028303e+02 (lower_max = 2.947911e+02)
subopt = 8.039260e+00 (2.7%)
exact bound (exp = -53): 3.028303e+02 (low = 2.947911e+02, subopt = 2.7%)
total2: 9.681812e-25 (low = 9.681812e-25, subopt = 0.0%)
exact total: 3.362092e-14 (low = 3.272838e-14, subopt = 2.7%)

Computing relative errors
**WARNING**: 
Cannot compute the relative error: values of the function are close to zero

Elapsed time: 10.41869
*************************************

-------------------------------------------------------------------------------
Problem: result

Optimization lower bounds for error models:
The absolute error (exact) model: 3.272838e-14 (0x1.26ca82fedf72ep-45) (suboptimality = 2.7%)

Bounds (without rounding): [-1.014374e+2, 1.441018e-2]
Bounds (floating-point): [-1.014374e+2, 1.441018e-2]

Absolute error (exact): 3.362092e-14 (0x1.2ed48fef9eddbp-45)

Elapsed time: 10.42

