Base path: /Users/laura.zielinski/FPTaylor
Config file: /Users/laura.zielinski/FPTaylor/default.cfg
Config file: /var/folders/38/q_vgzzt959nfc63ldktzz1gr0000gp/T/tmpvzg0e98l.cfg
default-rnd = rnd64
nlopt-cc = gcc -std=c99 -O3
opt-exact = true
develop = false
log-append-date = start
uncertainty = false
rel-error = true
opt-approx = false
proof-record = false
find-bounds = false
proof-dir = proofs
opt-f-abs-tol = 0.01
fail-on-exception = true
print-opt-lower-bounds = true
bb-compile = {base}/b_and_b/compile.sh {base} {input} {out}
z3-python-lib = 
opt-x-abs-tol = 0.01
export-error-bounds = 
opt-f-rel-tol = 0.01
export-options = 
opt-x-rel-tol = 0.0
rel-error-threshold = 0.0001
bb-alg = opt0
log-base-dir = log
intermediate-opt = false
z3-interval-bounds = true
opt-max-iters = 1000000
abs-error = true
z3-bin = 
maxima-simplification = false
print-hex-floats = true
debug = true
print-precision = 7
export-error-bounds-data = 
fp-power2-model = true
opt = auto
default-var-type = float64
verbosity = 2
ulp-error = false
opt-timeout = 10000
nlopt-lib = -lnlopt -lm
tmp-base-dir = tmp
unique-indices = false
z3-seed = 0
tmp-date = false
z3-python-cmd = python
const-approx-real-vars = false
print-second-order-errors = false
Resetting input_parser_env
eval_const_expr: 1
result: 1
eval_const_expr: 100
result: 100
eval_const_expr: 0
result: 0
eval_const_expr: 100
result: 100
eval_const_expr: 1
result: 1
eval_const_expr: (-(100))
result: -100
eval_const_expr: 0
result: 0
eval_const_expr: 0
result: 0
eval_const_expr: 0
result: 0
eval_const_expr: (-(100))
result: -100
eval_const_expr: (-(100))
result: -100
eval_const_expr: (-(1))
result: -1
eval_const_expr: 0
result: 0
eval_const_expr: (-(1))
result: -1
eval_const_expr: (-(100))
result: -100
Resetting input_parser_env
|tasks| = 1
Processing: result

*************************************
Taylor form for: rnd64((rnd64((rnd64((rnd64((rnd64(a) * rnd64(c))) * rnd64(8))) / rnd64((rnd64(b) - rnd64(sqrt(rnd64((rnd64((rnd64((rnd64(c) * rnd64((-(rnd64(4)))))) * rnd64(a))) + rnd64((rnd64(b) * rnd64(b))))))))))) / rnd64((rnd64((-(rnd64(4)))) * rnd64(a)))))

Conservative bound: [-10000.000000, -0.000062]

Simplified rounding: rnd64((rnd64(((rnd64((a * c)) * 8) / rnd[64,ne,1.00,-53,0]((b - rnd[64,ne,1.00,-53,0](sqrt(rnd[64,ne,1.00,-53,0]((rnd64((rnd64((c * (-(4)))) * a)) + rnd64((b * b)))))))))) / rnd64(((-(4)) * a))))
Building Taylor forms...
var_form
var_form
mul_form
rounded_form
const_form
mul_form
var_form
const_form
neg_form
mul_form
rounded_form
mul_form
rounded_form
mul_form
rounded_form
add_form
rounded_form
sqrt_form
rounded_form
sub_form
rounded_form
div_form
inv_form
mul_form
rounded_form
mul_form
rounded_form
div_form
inv_form
mul_form
rounded_form
Taylor forms cache stats: num_bindings = 27, num_buckets = 1024, max_bucket_length = 1
Expr cache stats: num_bindings = 118, num_buckets = 65536, max_bucket_length = 3
Simplifying Taylor forms...
success
v0 = ((((a * c) * 8) * (1 / (b - sqrt((((c * (-(4))) * a) + (b * b)))))) * (1 / ((-(4)) * a)))
-1: exp = -53: (606365781330955/2305843009213693952)
1: exp = -53: ((1 / ((-(4)) * a)) * ((1 / (b - sqrt((((c * (-(4))) * a) + (b * b))))) * (8 * floor_power2(((a * c) + 0)))))
2: exp = -53: ((1 / ((-(4)) * a)) * (((a * c) * 8) * (-(((-(((a * floor_power2(((c * (-(4))) + 0))) / (2 * sqrt((((c * (-(4))) * a) + (b * b))))))) / ((b - sqrt((((c * (-(4))) * a) + (b * b)))) * (b - sqrt((((c * (-(4))) * a) + (b * b))))))))))
3: exp = -53: ((1 / ((-(4)) * a)) * (((a * c) * 8) * (-(((-((floor_power2((((c * (-(4))) * a) + interval(-2.84217094304040114738e-12, 2.84217094304040114738e-12))) / (2 * sqrt((((c * (-(4))) * a) + (b * b))))))) / ((b - sqrt((((c * (-(4))) * a) + (b * b)))) * (b - sqrt((((c * (-(4))) * a) + (b * b))))))))))
4: exp = -53: ((1 / ((-(4)) * a)) * (((a * c) * 8) * (-(((-((floor_power2(((b * b) + 0)) / (2 * sqrt((((c * (-(4))) * a) + (b * b))))))) / ((b - sqrt((((c * (-(4))) * a) + (b * b)))) * (b - sqrt((((c * (-(4))) * a) + (b * b))))))))))
5: exp = -53: ((1 / ((-(4)) * a)) * (((a * c) * 8) * (-(((-((floor_power2(((((c * (-(4))) * a) + (b * b)) + interval(-7.38964445190504354865e-12, 7.38964445190504354865e-12))) / (2 * sqrt((((c * (-(4))) * a) + (b * b))))))) / ((b - sqrt((((c * (-(4))) * a) + (b * b)))) * (b - sqrt((((c * (-(4))) * a) + (b * b))))))))))
6: exp = -53: ((1 / ((-(4)) * a)) * (((a * c) * 8) * (-(((-(floor_power2((sqrt((((c * (-(4))) * a) + (b * b))) + interval(-2.75690581475108905555e-12, 2.75690581475108905555e-12))))) / ((b - sqrt((((c * (-(4))) * a) + (b * b)))) * (b - sqrt((((c * (-(4))) * a) + (b * b))))))))))
7: exp = -53: ((1 / ((-(4)) * a)) * (((a * c) * 8) * (-((floor_power2(((b - sqrt((((c * (-(4))) * a) + (b * b)))) + interval(-2.77111666946629105926e-12, 2.77111666946629105926e-12))) / ((b - sqrt((((c * (-(4))) * a) + (b * b)))) * (b - sqrt((((c * (-(4))) * a) + (b * b))))))))))
8: exp = -53: ((1 / ((-(4)) * a)) * floor_power2(((((a * c) * 8) * (1 / (b - sqrt((((c * (-(4))) * a) + (b * b)))))) + interval(-5.59944055568193739805e-08, 5.59944055568193739805e-08))))
9: exp = -53: ((((a * c) * 8) * (1 / (b - sqrt((((c * (-(4))) * a) + (b * b)))))) * (-((floor_power2((((-(4)) * a) + 0)) / (((-(4)) * a) * ((-(4)) * a))))))
10: exp = -53: floor_power2((((((a * c) * 8) * (1 / (b - sqrt((((c * (-(4))) * a) + (b * b)))))) * (1 / ((-(4)) * a))) + interval(-1.40705651574827257036e-08, 1.40705651574827257036e-08)))

Corresponding original subexpressions:
1: rnd64((a * c))
2: rnd64((c * (-(4))))
3: rnd64((rnd64((c * (-(4)))) * a))
4: rnd64((b * b))
5: rnd[64,ne,1.00,-53,0]((rnd64((rnd64((c * (-(4)))) * a)) + rnd64((b * b))))
6: rnd[64,ne,1.00,-53,0](sqrt(rnd[64,ne,1.00,-53,0]((rnd64((rnd64((c * (-(4)))) * a)) + rnd64((b * b))))))
7: rnd[64,ne,1.00,-53,0]((b - rnd[64,ne,1.00,-53,0](sqrt(rnd[64,ne,1.00,-53,0]((rnd64((rnd64((c * (-(4)))) * a)) + rnd64((b * b))))))))
8: rnd64(((rnd64((a * c)) * 8) / rnd[64,ne,1.00,-53,0]((b - rnd[64,ne,1.00,-53,0](sqrt(rnd[64,ne,1.00,-53,0]((rnd64((rnd64((c * (-(4)))) * a)) + rnd64((b * b))))))))))
9: rnd64(((-(4)) * a))
10: rnd64((rnd64(((rnd64((a * c)) * 8) / rnd[64,ne,1.00,-53,0]((b - rnd[64,ne,1.00,-53,0](sqrt(rnd[64,ne,1.00,-53,0]((rnd64((rnd64((c * (-(4)))) * a)) + rnd64((b * b)))))))))) / rnd64(((-(4)) * a))))

Selected optimization method: bb
bb_opt: x_abs_tol = 1.000000e-02, f_rel_tol = 1.000000e-02, f_abs_tol = 1.000000e-02, iters = 1000000
iterations(min = 53661, max = 317): 53661
min = -1.006103e+01 (lower_min = -9.996949e+00)
max = -7.347467e-04 (lower_max = -1.065048e-02)
subopt = 6.408405e-02 (0.6%)
bounds: [-1.006103e+01, -7.347467e-04]

Computing absolute errors
Selected optimization method: bb-eval
bb-eval_opt: x_abs_tol = 1.000000e-02, f_rel_tol = 1.000000e-02, f_abs_tol = 1.000000e-02, iters = 1000000
rmin(result = 2.629692e-04, lower = 2.629692e-04), rmax(result = 2.629692e-04, lower = 2.629692e-04)
-1: exp = -53: 2.629692e-04 (low = 2.629692e-04, subopt = 0.0%)

Solving the exact optimization problem
Selected optimization method: bb
bb_opt: x_abs_tol = 1.000000e-02, f_rel_tol = 1.000000e-02, f_abs_tol = 1.000000e-02, iters = 1000000
iterations(min = 0, max = 307571): 307571
min = 0.000000e+00 (lower_min = 0.000000e+00)
max = 6.024537e+01 (lower_max = 5.977927e+01)
subopt = 4.661026e-01 (0.8%)
exact bound (exp = -53): 6.024537e+01 (low = 5.977927e+01, subopt = 0.8%)
total2: 2.919545e-20 (low = 2.919545e-20, subopt = 0.0%)
exact total: 6.688609e-15 (low = 6.636861e-15, subopt = 0.8%)

Computing relative errors
Selected optimization method: bb-eval
bb-eval_opt: x_abs_tol = 1.000000e-02, f_rel_tol = 1.000000e-02, f_abs_tol = 1.000000e-02, iters = 1000000
rmin(result = 2.629692e-04, lower = 2.629692e-04), rmax(result = 2.629692e-04, lower = 2.629692e-04)
-1: exp = -53: 2.629692e-04 (low = 2.629692e-04, subopt = 0.0%)

Solving the exact optimization problem
Selected optimization method: bb
bb_opt: x_abs_tol = 1.000000e-02, f_rel_tol = 1.000000e-02, f_abs_tol = 1.000000e-02, iters = 1000000
iterations(min = 0, max = 1000000): 1000000
min = 0.000000e+00 (lower_min = 0.000000e+00)
max = 2.569382e+01 (lower_max = 7.474844e+00)
subopt = 1.821897e+01 (70.9%)
exact bound-rel (exp = -53): 2.569382e+01 (low = 7.474844e+00, subopt = 70.9%)
total2: 3.973540e-17 (low = 2.901834e-21, subopt = 100.0%)
exact total-rel: 2.892322e-15 (low = 8.298773e-16, subopt = 71.3%)
**WARNING**: Large second-order error: 3.973540e-17 (first-order = 2.852587e-15)
**WARNING**: Try intermediate-opt = true or manually split intervals of input variables.

Elapsed time: 18.48239
*************************************

-------------------------------------------------------------------------------
Problem: result

Optimization lower bounds for error models:
The absolute error (exact) model: 6.636861e-15 (0x1.de3c7ae8112a8p-48) (suboptimality = 0.8%)
The relative error (exact) model: 8.298773e-16 (0x1.de6446f36093ep-51) (suboptimality = 71.3%)

Bounds (without rounding): [-1.006104e+1, -7.347467e-4]
Bounds (floating-point): [-1.006104e+1, -7.347467e-4]

Absolute error (exact): 6.688609e-15 (0x1.e1f70eeaa0e6cp-48)
Relative error (exact): 2.892323e-15 (0x1.a0d3d9fcf6a42p-49)

Elapsed time: 18.48

