Base path: /Users/laura.zielinski/FPTaylor
Config file: /Users/laura.zielinski/FPTaylor/default.cfg
Config file: /var/folders/38/q_vgzzt959nfc63ldktzz1gr0000gp/T/tmpwgkntc7d.cfg
default-rnd = rnd64
nlopt-cc = gcc -std=c99 -O3
opt-exact = true
develop = false
log-append-date = start
uncertainty = false
rel-error = true
opt-approx = false
proof-record = false
find-bounds = false
proof-dir = proofs
opt-f-abs-tol = 0.01
fail-on-exception = true
print-opt-lower-bounds = true
bb-compile = {base}/b_and_b/compile.sh {base} {input} {out}
z3-python-lib = 
opt-x-abs-tol = 0.01
export-error-bounds = 
opt-f-rel-tol = 0.01
export-options = 
opt-x-rel-tol = 0.0
rel-error-threshold = 0.0001
bb-alg = opt0
log-base-dir = log
intermediate-opt = false
z3-interval-bounds = true
opt-max-iters = 1000000
abs-error = true
z3-bin = 
maxima-simplification = false
print-hex-floats = true
debug = true
print-precision = 7
export-error-bounds-data = 
fp-power2-model = true
opt = auto
default-var-type = float64
verbosity = 2
ulp-error = false
opt-timeout = 10000
nlopt-lib = -lnlopt -lm
tmp-base-dir = tmp
unique-indices = false
z3-seed = 0
tmp-date = false
z3-python-cmd = python
const-approx-real-vars = false
print-second-order-errors = false
Resetting input_parser_env
eval_const_expr: (-(5))
result: -5
eval_const_expr: 5
result: 5
eval_const_expr: 0
result: 0
eval_const_expr: 5
result: 5
eval_const_expr: (-(5))
result: -5
eval_const_expr: (-(20))
result: -20
eval_const_expr: 5
result: 5
eval_const_expr: 0
result: 0
eval_const_expr: 5
result: 5
eval_const_expr: (-(20))
result: -20
Resetting input_parser_env
|tasks| = 1
Processing: result

*************************************
Taylor form for: rnd64((rnd64((rnd64((rnd64((rnd64((rnd64(x1) * rnd64(x1))) + rnd64(1))) * rnd64((rnd64((rnd64((rnd64((rnd64((rnd64((rnd64(3) * rnd64(x1))) * rnd64(x1))) + rnd64((rnd64(x2) + rnd64((rnd64(x2) - rnd64(x1))))))) / rnd64((rnd64((rnd64(x1) * rnd64(x1))) + rnd64(1))))) * rnd64((rnd64((rnd64(x1) * rnd64((rnd64((-(rnd64(6)))) - rnd64((rnd64((rnd64((rnd64((rnd64((rnd64(3) * rnd64(x1))) * rnd64(x1))) + rnd64((rnd64(x2) + rnd64((rnd64(x2) - rnd64(x1))))))) / rnd64((rnd64((rnd64(x1) * rnd64(x1))) + rnd64(1))))) * rnd64((-(rnd64(2)))))))))) + rnd64((rnd64(4) * rnd64((rnd64(x1) * rnd64(x1))))))))) + rnd64((rnd64((rnd64((rnd64(x1) * rnd64((-(rnd64(6)))))) * rnd64(x1))) + rnd64(x1))))))) - rnd64((rnd64((rnd64(3) / rnd64((rnd64((-(rnd64(1)))) - rnd64((rnd64(x1) * rnd64(x1))))))) * rnd64((rnd64((rnd64((rnd64(x1) * rnd64(x1))) * rnd64((rnd64((rnd64((rnd64(3) * rnd64(x1))) * rnd64(x1))) + rnd64((rnd64(x2) + rnd64((rnd64(x2) - rnd64(x1))))))))) + rnd64((rnd64((rnd64((rnd64(3) * rnd64(x1))) * rnd64(x1))) - rnd64((rnd64((rnd64(x1) + rnd64(x2))) + rnd64(x2))))))))))) + rnd64(x1)))

Conservative bound: [-4162905.000000, 3848745.000000]

Simplified rounding: rnd[64,ne,1.00,-53,0]((rnd[64,ne,1.00,-53,0]((rnd64((rnd[64,ne,1.00,-53,0]((rnd64((x1 * x1)) + 1)) * rnd[64,ne,1.00,-53,0]((rnd64((rnd64((rnd[64,ne,1.00,-53,0]((rnd64((rnd64((3 * x1)) * x1)) + rnd[64,ne,1.00,-53,0]((x2 + rnd[64,ne,1.00,-53,0]((x2 - x1)))))) / rnd[64,ne,1.00,-53,0]((rnd64((x1 * x1)) + 1)))) * rnd[64,ne,1.00,-53,0]((rnd64((x1 * rnd[64,ne,1.00,-53,0](((-(6)) - rnd64((rnd64((rnd[64,ne,1.00,-53,0]((rnd64((rnd64((3 * x1)) * x1)) + rnd[64,ne,1.00,-53,0]((x2 + rnd[64,ne,1.00,-53,0]((x2 - x1)))))) / rnd[64,ne,1.00,-53,0]((rnd64((x1 * x1)) + 1)))) * (-(2)))))))) + (4 * rnd64((x1 * x1))))))) + rnd[64,ne,1.00,-53,0]((rnd64((rnd64((x1 * (-(6)))) * x1)) + x1)))))) - rnd64((rnd64((3 / rnd[64,ne,1.00,-53,0](((-(1)) - rnd64((x1 * x1)))))) * rnd[64,ne,1.00,-53,0]((rnd64((rnd64((x1 * x1)) * rnd[64,ne,1.00,-53,0]((rnd64((rnd64((3 * x1)) * x1)) + rnd[64,ne,1.00,-53,0]((x2 + rnd[64,ne,1.00,-53,0]((x2 - x1)))))))) + rnd[64,ne,1.00,-53,0]((rnd64((rnd64((3 * x1)) * x1)) - rnd[64,ne,1.00,-53,0]((rnd[64,ne,1.00,-53,0]((x1 + x2)) + x2)))))))))) + x1))
Building Taylor forms...
var_form
mul_form
rounded_form
const_form
add_form
rounded_form
const_form
mul_form
rounded_form
mul_form
rounded_form
var_form
sub_form
rounded_form
add_form
rounded_form
add_form
rounded_form
div_form
inv_form
mul_form
rounded_form
const_form
neg_form
const_form
neg_form
mul_form
rounded_form
sub_form
rounded_form
mul_form
rounded_form
const_form
mul_form
add_form
rounded_form
mul_form
rounded_form
mul_form
rounded_form
mul_form
rounded_form
add_form
rounded_form
add_form
rounded_form
mul_form
rounded_form
neg_form
sub_form
rounded_form
div_form
inv_form
mul_form
rounded_form
mul_form
rounded_form
add_form
rounded_form
add_form
rounded_form
sub_form
rounded_form
add_form
rounded_form
mul_form
rounded_form
sub_form
rounded_form
add_form
rounded_form
Taylor forms cache stats: num_bindings = 67, num_buckets = 1024, max_bucket_length = 2
Expr cache stats: num_bindings = 318, num_buckets = 65536, max_bucket_length = 3
Simplifying Taylor forms...
success
v0 = (((((x1 * x1) + 1) * ((((((3 * x1) * x1) + (x2 + (x2 - x1))) * (1 / ((x1 * x1) + 1))) * ((x1 * ((-(6)) - (((((3 * x1) * x1) + (x2 + (x2 - x1))) * (1 / ((x1 * x1) + 1))) * (-(2))))) + (4 * (x1 * x1)))) + (((x1 * (-(6))) * x1) + x1))) - ((3 * (1 / ((-(1)) - (x1 * x1)))) * (((x1 * x1) * (((3 * x1) * x1) + (x2 + (x2 - x1)))) + (((3 * x1) * x1) - ((x1 + x2) + x2))))) + x1)
-1: exp = -53: (448259347709957/295147905179352825856)
1: exp = -53: (((((x1 * x1) + 1) * ((((((3 * x1) * x1) + (x2 + (x2 - x1))) * (1 / ((x1 * x1) + 1))) * ((x1 * (-(((-(2)) * ((((3 * x1) * x1) + (x2 + (x2 - x1))) * (-((floor_power2(((x1 * x1) + 0)) / (((x1 * x1) + 1) * ((x1 * x1) + 1)))))))))) + (4 * floor_power2(((x1 * x1) + 0))))) + (((x1 * ((-(6)) - (((((3 * x1) * x1) + (x2 + (x2 - x1))) * (1 / ((x1 * x1) + 1))) * (-(2))))) + (4 * (x1 * x1))) * ((((3 * x1) * x1) + (x2 + (x2 - x1))) * (-((floor_power2(((x1 * x1) + 0)) / (((x1 * x1) + 1) * ((x1 * x1) + 1))))))))) + (((((((3 * x1) * x1) + (x2 + (x2 - x1))) * (1 / ((x1 * x1) + 1))) * ((x1 * ((-(6)) - (((((3 * x1) * x1) + (x2 + (x2 - x1))) * (1 / ((x1 * x1) + 1))) * (-(2))))) + (4 * (x1 * x1)))) + (((x1 * (-(6))) * x1) + x1)) * floor_power2(((x1 * x1) + 0)))) + (-((((3 * (1 / ((-(1)) - (x1 * x1)))) * ((((3 * x1) * x1) + (x2 + (x2 - x1))) * floor_power2(((x1 * x1) + 0)))) + ((((x1 * x1) * (((3 * x1) * x1) + (x2 + (x2 - x1)))) + (((3 * x1) * x1) - ((x1 + x2) + x2))) * (3 * (-(((-(floor_power2(((x1 * x1) + 0)))) / (((-(1)) - (x1 * x1)) * ((-(1)) - (x1 * x1))))))))))))
2: exp = -53: ((((x1 * x1) + 1) * ((((((3 * x1) * x1) + (x2 + (x2 - x1))) * (1 / ((x1 * x1) + 1))) * (x1 * (-(((-(2)) * ((((3 * x1) * x1) + (x2 + (x2 - x1))) * (-((floor_power2((((x1 * x1) + 1) + interval(-1.77635683940025085911e-15, 1.77635683940025085911e-15))) / (((x1 * x1) + 1) * ((x1 * x1) + 1))))))))))) + (((x1 * ((-(6)) - (((((3 * x1) * x1) + (x2 + (x2 - x1))) * (1 / ((x1 * x1) + 1))) * (-(2))))) + (4 * (x1 * x1))) * ((((3 * x1) * x1) + (x2 + (x2 - x1))) * (-((floor_power2((((x1 * x1) + 1) + interval(-1.77635683940025085911e-15, 1.77635683940025085911e-15))) / (((x1 * x1) + 1) * ((x1 * x1) + 1))))))))) + (((((((3 * x1) * x1) + (x2 + (x2 - x1))) * (1 / ((x1 * x1) + 1))) * ((x1 * ((-(6)) - (((((3 * x1) * x1) + (x2 + (x2 - x1))) * (1 / ((x1 * x1) + 1))) * (-(2))))) + (4 * (x1 * x1)))) + (((x1 * (-(6))) * x1) + x1)) * floor_power2((((x1 * x1) + 1) + interval(-1.77635683940025085911e-15, 1.77635683940025085911e-15)))))
3: exp = -53: ((((x1 * x1) + 1) * ((((((3 * x1) * x1) + (x2 + (x2 - x1))) * (1 / ((x1 * x1) + 1))) * (x1 * (-(((-(2)) * ((1 / ((x1 * x1) + 1)) * (x1 * floor_power2(((3 * x1) + 0))))))))) + (((x1 * ((-(6)) - (((((3 * x1) * x1) + (x2 + (x2 - x1))) * (1 / ((x1 * x1) + 1))) * (-(2))))) + (4 * (x1 * x1))) * ((1 / ((x1 * x1) + 1)) * (x1 * floor_power2(((3 * x1) + 0))))))) + (-(((3 * (1 / ((-(1)) - (x1 * x1)))) * (((x1 * x1) * (x1 * floor_power2(((3 * x1) + 0)))) + (x1 * floor_power2(((3 * x1) + 0))))))))
4: exp = -53: ((((x1 * x1) + 1) * ((((((3 * x1) * x1) + (x2 + (x2 - x1))) * (1 / ((x1 * x1) + 1))) * (x1 * (-(((-(2)) * ((1 / ((x1 * x1) + 1)) * floor_power2((((3 * x1) * x1) + interval(-4.44089209850062695056e-15, 4.44089209850062695056e-15))))))))) + (((x1 * ((-(6)) - (((((3 * x1) * x1) + (x2 + (x2 - x1))) * (1 / ((x1 * x1) + 1))) * (-(2))))) + (4 * (x1 * x1))) * ((1 / ((x1 * x1) + 1)) * floor_power2((((3 * x1) * x1) + interval(-4.44089209850062695056e-15, 4.44089209850062695056e-15))))))) + (-(((3 * (1 / ((-(1)) - (x1 * x1)))) * (((x1 * x1) * floor_power2((((3 * x1) * x1) + interval(-4.44089209850062695056e-15, 4.44089209850062695056e-15)))) + floor_power2((((3 * x1) * x1) + interval(-4.44089209850062695056e-15, 4.44089209850062695056e-15))))))))
5: exp = -53: ((((x1 * x1) + 1) * ((((((3 * x1) * x1) + (x2 + (x2 - x1))) * (1 / ((x1 * x1) + 1))) * (x1 * (-(((-(2)) * ((1 / ((x1 * x1) + 1)) * floor_power2(((x2 - x1) + 0)))))))) + (((x1 * ((-(6)) - (((((3 * x1) * x1) + (x2 + (x2 - x1))) * (1 / ((x1 * x1) + 1))) * (-(2))))) + (4 * (x1 * x1))) * ((1 / ((x1 * x1) + 1)) * floor_power2(((x2 - x1) + 0)))))) + (-(((3 * (1 / ((-(1)) - (x1 * x1)))) * ((x1 * x1) * floor_power2(((x2 - x1) + 0)))))))
6: exp = -53: ((((x1 * x1) + 1) * ((((((3 * x1) * x1) + (x2 + (x2 - x1))) * (1 / ((x1 * x1) + 1))) * (x1 * (-(((-(2)) * ((1 / ((x1 * x1) + 1)) * floor_power2(((x2 + (x2 - x1)) + interval(-1.77635683940025046468e-15, 1.77635683940025046468e-15))))))))) + (((x1 * ((-(6)) - (((((3 * x1) * x1) + (x2 + (x2 - x1))) * (1 / ((x1 * x1) + 1))) * (-(2))))) + (4 * (x1 * x1))) * ((1 / ((x1 * x1) + 1)) * floor_power2(((x2 + (x2 - x1)) + interval(-1.77635683940025046468e-15, 1.77635683940025046468e-15))))))) + (-(((3 * (1 / ((-(1)) - (x1 * x1)))) * ((x1 * x1) * floor_power2(((x2 + (x2 - x1)) + interval(-1.77635683940025046468e-15, 1.77635683940025046468e-15))))))))
7: exp = -53: ((((x1 * x1) + 1) * ((((((3 * x1) * x1) + (x2 + (x2 - x1))) * (1 / ((x1 * x1) + 1))) * (x1 * (-(((-(2)) * ((1 / ((x1 * x1) + 1)) * floor_power2(((((3 * x1) * x1) + (x2 + (x2 - x1))) + interval(-1.68753899743023825699e-14, 1.68753899743023825699e-14))))))))) + (((x1 * ((-(6)) - (((((3 * x1) * x1) + (x2 + (x2 - x1))) * (1 / ((x1 * x1) + 1))) * (-(2))))) + (4 * (x1 * x1))) * ((1 / ((x1 * x1) + 1)) * floor_power2(((((3 * x1) * x1) + (x2 + (x2 - x1))) + interval(-1.68753899743023825699e-14, 1.68753899743023825699e-14))))))) + (-(((3 * (1 / ((-(1)) - (x1 * x1)))) * ((x1 * x1) * floor_power2(((((3 * x1) * x1) + (x2 + (x2 - x1))) + interval(-1.68753899743023825699e-14, 1.68753899743023825699e-14))))))))
8: exp = -53: (((x1 * x1) + 1) * ((((((3 * x1) * x1) + (x2 + (x2 - x1))) * (1 / ((x1 * x1) + 1))) * (x1 * (-(((-(2)) * floor_power2((((((3 * x1) * x1) + (x2 + (x2 - x1))) * (1 / ((x1 * x1) + 1))) + interval(-4.50306458787965108383e-13, 4.50306458787965108383e-13)))))))) + (((x1 * ((-(6)) - (((((3 * x1) * x1) + (x2 + (x2 - x1))) * (1 / ((x1 * x1) + 1))) * (-(2))))) + (4 * (x1 * x1))) * floor_power2((((((3 * x1) * x1) + (x2 + (x2 - x1))) * (1 / ((x1 * x1) + 1))) + interval(-4.50306458787965108383e-13, 4.50306458787965108383e-13))))))
9: exp = -53: (((x1 * x1) + 1) * (((((3 * x1) * x1) + (x2 + (x2 - x1))) * (1 / ((x1 * x1) + 1))) * (x1 * (-(floor_power2(((((((3 * x1) * x1) + (x2 + (x2 - x1))) * (1 / ((x1 * x1) + 1))) * (-(2))) + interval(-9.14823772291132220483e-13, 9.14823772291132220483e-13))))))))
10: exp = -53: (((x1 * x1) + 1) * (((((3 * x1) * x1) + (x2 + (x2 - x1))) * (1 / ((x1 * x1) + 1))) * (x1 * floor_power2((((-(6)) - (((((3 * x1) * x1) + (x2 + (x2 - x1))) * (1 / ((x1 * x1) + 1))) * (-(2)))) + interval(-9.29034627006334224201e-13, 9.29034627006334224201e-13))))))
11: exp = -53: (((x1 * x1) + 1) * (((((3 * x1) * x1) + (x2 + (x2 - x1))) * (1 / ((x1 * x1) + 1))) * floor_power2(((x1 * ((-(6)) - (((((3 * x1) * x1) + (x2 + (x2 - x1))) * (1 / ((x1 * x1) + 1))) * (-(2))))) + interval(-4.71622740860768113959e-12, 4.71622740860768113959e-12)))))
12: exp = -53: (((x1 * x1) + 1) * (((((3 * x1) * x1) + (x2 + (x2 - x1))) * (1 / ((x1 * x1) + 1))) * floor_power2((((x1 * ((-(6)) - (((((3 * x1) * x1) + (x2 + (x2 - x1))) * (1 / ((x1 * x1) + 1))) * (-(2))))) + (4 * (x1 * x1))) + interval(-4.83701967368689817119e-12, 4.83701967368689817119e-12)))))
13: exp = -53: (((x1 * x1) + 1) * floor_power2(((((((3 * x1) * x1) + (x2 + (x2 - x1))) * (1 / ((x1 * x1) + 1))) * ((x1 * ((-(6)) - (((((3 * x1) * x1) + (x2 + (x2 - x1))) * (1 / ((x1 * x1) + 1))) * (-(2))))) + (4 * (x1 * x1)))) + interval(-1.20158993865971483372e-09, 1.20158993865971483372e-09))))
14: exp = -53: (((x1 * x1) + 1) * (x1 * floor_power2(((x1 * (-(6))) + 0))))
15: exp = -53: (((x1 * x1) + 1) * floor_power2((((x1 * (-(6))) * x1) + interval(-8.88178419700125390111e-15, 8.88178419700125390111e-15))))
16: exp = -53: (((x1 * x1) + 1) * floor_power2(((((x1 * (-(6))) * x1) + x1) + interval(-2.30926389122032591963e-14, 2.30926389122032591963e-14))))
17: exp = -53: (((x1 * x1) + 1) * floor_power2((((((((3 * x1) * x1) + (x2 + (x2 - x1))) * (1 / ((x1 * x1) + 1))) * ((x1 * ((-(6)) - (((((3 * x1) * x1) + (x2 + (x2 - x1))) * (1 / ((x1 * x1) + 1))) * (-(2))))) + (4 * (x1 * x1)))) + (((x1 * (-(6))) * x1) + x1)) + interval(-1.21617915738170909079e-09, 1.21617915738170909079e-09))))
18: exp = -53: floor_power2(((((x1 * x1) + 1) * ((((((3 * x1) * x1) + (x2 + (x2 - x1))) * (1 / ((x1 * x1) + 1))) * ((x1 * ((-(6)) - (((((3 * x1) * x1) + (x2 + (x2 - x1))) * (1 / ((x1 * x1) + 1))) * (-(2))))) + (4 * (x1 * x1)))) + (((x1 * (-(6))) * x1) + x1))) + interval(-3.25239390974731478990e-08, 3.25239390974731478990e-08)))
19: exp = -53: (-(((((x1 * x1) * (((3 * x1) * x1) + (x2 + (x2 - x1)))) + (((3 * x1) * x1) - ((x1 + x2) + x2))) * (3 * (-((floor_power2((((-(1)) - (x1 * x1)) + interval(-1.77635683940025085911e-15, 1.77635683940025085911e-15))) / (((-(1)) - (x1 * x1)) * ((-(1)) - (x1 * x1))))))))))
20: exp = -53: (-(((((x1 * x1) * (((3 * x1) * x1) + (x2 + (x2 - x1)))) + (((3 * x1) * x1) - ((x1 + x2) + x2))) * floor_power2(((3 * (1 / ((-(1)) - (x1 * x1)))) + interval(-1.06581410364015422311e-14, 1.06581410364015422311e-14))))))
21: exp = -53: (-(((3 * (1 / ((-(1)) - (x1 * x1)))) * floor_power2((((x1 * x1) * (((3 * x1) * x1) + (x2 + (x2 - x1)))) + interval(-8.12683254025614688564e-13, 8.12683254025614688564e-13))))))
22: exp = -53: (-(((3 * (1 / ((-(1)) - (x1 * x1)))) * (-(floor_power2(((x1 + x2) + 0)))))))
23: exp = -53: (-(((3 * (1 / ((-(1)) - (x1 * x1)))) * (-(floor_power2((((x1 + x2) + x2) + interval(-1.77635683940025046468e-15, 1.77635683940025046468e-15))))))))
24: exp = -53: (-(((3 * (1 / ((-(1)) - (x1 * x1)))) * floor_power2(((((3 * x1) * x1) - ((x1 + x2) + x2)) + interval(-1.68753899743023825699e-14, 1.68753899743023825699e-14))))))
25: exp = -53: (-(((3 * (1 / ((-(1)) - (x1 * x1)))) * floor_power2(((((x1 * x1) * (((3 * x1) * x1) + (x2 + (x2 - x1)))) + (((3 * x1) * x1) - ((x1 + x2) + x2))) + interval(-1.06403774680075023029e-12, 1.06403774680075023029e-12))))))
26: exp = -53: (-(floor_power2((((3 * (1 / ((-(1)) - (x1 * x1)))) * (((x1 * x1) * (((3 * x1) * x1) + (x2 + (x2 - x1)))) + (((3 * x1) * x1) - ((x1 + x2) + x2)))) + interval(-3.73341357828850497881e-11, 3.73341357828850497881e-11)))))
27: exp = -53: floor_power2((((((x1 * x1) + 1) * ((((((3 * x1) * x1) + (x2 + (x2 - x1))) * (1 / ((x1 * x1) + 1))) * ((x1 * ((-(6)) - (((((3 * x1) * x1) + (x2 + (x2 - x1))) * (1 / ((x1 * x1) + 1))) * (-(2))))) + (4 * (x1 * x1)))) + (((x1 * (-(6))) * x1) + x1))) - ((3 * (1 / ((-(1)) - (x1 * x1)))) * (((x1 * x1) * (((3 * x1) * x1) + (x2 + (x2 - x1)))) + (((3 * x1) * x1) - ((x1 + x2) + x2))))) + interval(-3.27950133716116753702e-08, 3.27950133716116753702e-08)))
28: exp = -53: floor_power2(((((((x1 * x1) + 1) * ((((((3 * x1) * x1) + (x2 + (x2 - x1))) * (1 / ((x1 * x1) + 1))) * ((x1 * ((-(6)) - (((((3 * x1) * x1) + (x2 + (x2 - x1))) * (1 / ((x1 * x1) + 1))) * (-(2))))) + (4 * (x1 * x1)))) + (((x1 * (-(6))) * x1) + x1))) - ((3 * (1 / ((-(1)) - (x1 * x1)))) * (((x1 * x1) * (((3 * x1) * x1) + (x2 + (x2 - x1)))) + (((3 * x1) * x1) - ((x1 + x2) + x2))))) + x1) + interval(-3.30278440152655449991e-08, 3.30278440152655449991e-08)))

Corresponding original subexpressions:
1: rnd64((x1 * x1))
2: rnd[64,ne,1.00,-53,0]((rnd64((x1 * x1)) + 1))
3: rnd64((3 * x1))
4: rnd64((rnd64((3 * x1)) * x1))
5: rnd[64,ne,1.00,-53,0]((x2 - x1))
6: rnd[64,ne,1.00,-53,0]((x2 + rnd[64,ne,1.00,-53,0]((x2 - x1))))
7: rnd[64,ne,1.00,-53,0]((rnd64((rnd64((3 * x1)) * x1)) + rnd[64,ne,1.00,-53,0]((x2 + rnd[64,ne,1.00,-53,0]((x2 - x1))))))
8: rnd64((rnd[64,ne,1.00,-53,0]((rnd64((rnd64((3 * x1)) * x1)) + rnd[64,ne,1.00,-53,0]((x2 + rnd[64,ne,1.00,-53,0]((x2 - x1)))))) / rnd[64,ne,1.00,-53,0]((rnd64((x1 * x1)) + 1))))
9: rnd64((rnd64((rnd[64,ne,1.00,-53,0]((rnd64((rnd64((3 * x1)) * x1)) + rnd[64,ne,1.00,-53,0]((x2 + rnd[64,ne,1.00,-53,0]((x2 - x1)))))) / rnd[64,ne,1.00,-53,0]((rnd64((x1 * x1)) + 1)))) * (-(2))))
10: rnd[64,ne,1.00,-53,0](((-(6)) - rnd64((rnd64((rnd[64,ne,1.00,-53,0]((rnd64((rnd64((3 * x1)) * x1)) + rnd[64,ne,1.00,-53,0]((x2 + rnd[64,ne,1.00,-53,0]((x2 - x1)))))) / rnd[64,ne,1.00,-53,0]((rnd64((x1 * x1)) + 1)))) * (-(2))))))
11: rnd64((x1 * rnd[64,ne,1.00,-53,0](((-(6)) - rnd64((rnd64((rnd[64,ne,1.00,-53,0]((rnd64((rnd64((3 * x1)) * x1)) + rnd[64,ne,1.00,-53,0]((x2 + rnd[64,ne,1.00,-53,0]((x2 - x1)))))) / rnd[64,ne,1.00,-53,0]((rnd64((x1 * x1)) + 1)))) * (-(2))))))))
12: rnd[64,ne,1.00,-53,0]((rnd64((x1 * rnd[64,ne,1.00,-53,0](((-(6)) - rnd64((rnd64((rnd[64,ne,1.00,-53,0]((rnd64((rnd64((3 * x1)) * x1)) + rnd[64,ne,1.00,-53,0]((x2 + rnd[64,ne,1.00,-53,0]((x2 - x1)))))) / rnd[64,ne,1.00,-53,0]((rnd64((x1 * x1)) + 1)))) * (-(2)))))))) + (4 * rnd64((x1 * x1)))))
13: rnd64((rnd64((rnd[64,ne,1.00,-53,0]((rnd64((rnd64((3 * x1)) * x1)) + rnd[64,ne,1.00,-53,0]((x2 + rnd[64,ne,1.00,-53,0]((x2 - x1)))))) / rnd[64,ne,1.00,-53,0]((rnd64((x1 * x1)) + 1)))) * rnd[64,ne,1.00,-53,0]((rnd64((x1 * rnd[64,ne,1.00,-53,0](((-(6)) - rnd64((rnd64((rnd[64,ne,1.00,-53,0]((rnd64((rnd64((3 * x1)) * x1)) + rnd[64,ne,1.00,-53,0]((x2 + rnd[64,ne,1.00,-53,0]((x2 - x1)))))) / rnd[64,ne,1.00,-53,0]((rnd64((x1 * x1)) + 1)))) * (-(2)))))))) + (4 * rnd64((x1 * x1)))))))
14: rnd64((x1 * (-(6))))
15: rnd64((rnd64((x1 * (-(6)))) * x1))
16: rnd[64,ne,1.00,-53,0]((rnd64((rnd64((x1 * (-(6)))) * x1)) + x1))
17: rnd[64,ne,1.00,-53,0]((rnd64((rnd64((rnd[64,ne,1.00,-53,0]((rnd64((rnd64((3 * x1)) * x1)) + rnd[64,ne,1.00,-53,0]((x2 + rnd[64,ne,1.00,-53,0]((x2 - x1)))))) / rnd[64,ne,1.00,-53,0]((rnd64((x1 * x1)) + 1)))) * rnd[64,ne,1.00,-53,0]((rnd64((x1 * rnd[64,ne,1.00,-53,0](((-(6)) - rnd64((rnd64((rnd[64,ne,1.00,-53,0]((rnd64((rnd64((3 * x1)) * x1)) + rnd[64,ne,1.00,-53,0]((x2 + rnd[64,ne,1.00,-53,0]((x2 - x1)))))) / rnd[64,ne,1.00,-53,0]((rnd64((x1 * x1)) + 1)))) * (-(2)))))))) + (4 * rnd64((x1 * x1))))))) + rnd[64,ne,1.00,-53,0]((rnd64((rnd64((x1 * (-(6)))) * x1)) + x1))))
18: rnd64((rnd[64,ne,1.00,-53,0]((rnd64((x1 * x1)) + 1)) * rnd[64,ne,1.00,-53,0]((rnd64((rnd64((rnd[64,ne,1.00,-53,0]((rnd64((rnd64((3 * x1)) * x1)) + rnd[64,ne,1.00,-53,0]((x2 + rnd[64,ne,1.00,-53,0]((x2 - x1)))))) / rnd[64,ne,1.00,-53,0]((rnd64((x1 * x1)) + 1)))) * rnd[64,ne,1.00,-53,0]((rnd64((x1 * rnd[64,ne,1.00,-53,0](((-(6)) - rnd64((rnd64((rnd[64,ne,1.00,-53,0]((rnd64((rnd64((3 * x1)) * x1)) + rnd[64,ne,1.00,-53,0]((x2 + rnd[64,ne,1.00,-53,0]((x2 - x1)))))) / rnd[64,ne,1.00,-53,0]((rnd64((x1 * x1)) + 1)))) * (-(2)))))))) + (4 * rnd64((x1 * x1))))))) + rnd[64,ne,1.00,-53,0]((rnd64((rnd64((x1 * (-(6)))) * x1)) + x1))))))
19: rnd[64,ne,1.00,-53,0](((-(1)) - rnd64((x1 * x1))))
20: rnd64((3 / rnd[64,ne,1.00,-53,0](((-(1)) - rnd64((x1 * x1))))))
21: rnd64((rnd64((x1 * x1)) * rnd[64,ne,1.00,-53,0]((rnd64((rnd64((3 * x1)) * x1)) + rnd[64,ne,1.00,-53,0]((x2 + rnd[64,ne,1.00,-53,0]((x2 - x1))))))))
22: rnd[64,ne,1.00,-53,0]((x1 + x2))
23: rnd[64,ne,1.00,-53,0]((rnd[64,ne,1.00,-53,0]((x1 + x2)) + x2))
24: rnd[64,ne,1.00,-53,0]((rnd64((rnd64((3 * x1)) * x1)) - rnd[64,ne,1.00,-53,0]((rnd[64,ne,1.00,-53,0]((x1 + x2)) + x2))))
25: rnd[64,ne,1.00,-53,0]((rnd64((rnd64((x1 * x1)) * rnd[64,ne,1.00,-53,0]((rnd64((rnd64((3 * x1)) * x1)) + rnd[64,ne,1.00,-53,0]((x2 + rnd[64,ne,1.00,-53,0]((x2 - x1)))))))) + rnd[64,ne,1.00,-53,0]((rnd64((rnd64((3 * x1)) * x1)) - rnd[64,ne,1.00,-53,0]((rnd[64,ne,1.00,-53,0]((x1 + x2)) + x2))))))
26: rnd64((rnd64((3 / rnd[64,ne,1.00,-53,0](((-(1)) - rnd64((x1 * x1)))))) * rnd[64,ne,1.00,-53,0]((rnd64((rnd64((x1 * x1)) * rnd[64,ne,1.00,-53,0]((rnd64((rnd64((3 * x1)) * x1)) + rnd[64,ne,1.00,-53,0]((x2 + rnd[64,ne,1.00,-53,0]((x2 - x1)))))))) + rnd[64,ne,1.00,-53,0]((rnd64((rnd64((3 * x1)) * x1)) - rnd[64,ne,1.00,-53,0]((rnd[64,ne,1.00,-53,0]((x1 + x2)) + x2))))))))
27: rnd[64,ne,1.00,-53,0]((rnd64((rnd[64,ne,1.00,-53,0]((rnd64((x1 * x1)) + 1)) * rnd[64,ne,1.00,-53,0]((rnd64((rnd64((rnd[64,ne,1.00,-53,0]((rnd64((rnd64((3 * x1)) * x1)) + rnd[64,ne,1.00,-53,0]((x2 + rnd[64,ne,1.00,-53,0]((x2 - x1)))))) / rnd[64,ne,1.00,-53,0]((rnd64((x1 * x1)) + 1)))) * rnd[64,ne,1.00,-53,0]((rnd64((x1 * rnd[64,ne,1.00,-53,0](((-(6)) - rnd64((rnd64((rnd[64,ne,1.00,-53,0]((rnd64((rnd64((3 * x1)) * x1)) + rnd[64,ne,1.00,-53,0]((x2 + rnd[64,ne,1.00,-53,0]((x2 - x1)))))) / rnd[64,ne,1.00,-53,0]((rnd64((x1 * x1)) + 1)))) * (-(2)))))))) + (4 * rnd64((x1 * x1))))))) + rnd[64,ne,1.00,-53,0]((rnd64((rnd64((x1 * (-(6)))) * x1)) + x1)))))) - rnd64((rnd64((3 / rnd[64,ne,1.00,-53,0](((-(1)) - rnd64((x1 * x1)))))) * rnd[64,ne,1.00,-53,0]((rnd64((rnd64((x1 * x1)) * rnd[64,ne,1.00,-53,0]((rnd64((rnd64((3 * x1)) * x1)) + rnd[64,ne,1.00,-53,0]((x2 + rnd[64,ne,1.00,-53,0]((x2 - x1)))))))) + rnd[64,ne,1.00,-53,0]((rnd64((rnd64((3 * x1)) * x1)) - rnd[64,ne,1.00,-53,0]((rnd[64,ne,1.00,-53,0]((x1 + x2)) + x2))))))))))
28: rnd[64,ne,1.00,-53,0]((rnd[64,ne,1.00,-53,0]((rnd64((rnd[64,ne,1.00,-53,0]((rnd64((x1 * x1)) + 1)) * rnd[64,ne,1.00,-53,0]((rnd64((rnd64((rnd[64,ne,1.00,-53,0]((rnd64((rnd64((3 * x1)) * x1)) + rnd[64,ne,1.00,-53,0]((x2 + rnd[64,ne,1.00,-53,0]((x2 - x1)))))) / rnd[64,ne,1.00,-53,0]((rnd64((x1 * x1)) + 1)))) * rnd[64,ne,1.00,-53,0]((rnd64((x1 * rnd[64,ne,1.00,-53,0](((-(6)) - rnd64((rnd64((rnd[64,ne,1.00,-53,0]((rnd64((rnd64((3 * x1)) * x1)) + rnd[64,ne,1.00,-53,0]((x2 + rnd[64,ne,1.00,-53,0]((x2 - x1)))))) / rnd[64,ne,1.00,-53,0]((rnd64((x1 * x1)) + 1)))) * (-(2)))))))) + (4 * rnd64((x1 * x1))))))) + rnd[64,ne,1.00,-53,0]((rnd64((rnd64((x1 * (-(6)))) * x1)) + x1)))))) - rnd64((rnd64((3 / rnd[64,ne,1.00,-53,0](((-(1)) - rnd64((x1 * x1)))))) * rnd[64,ne,1.00,-53,0]((rnd64((rnd64((x1 * x1)) * rnd[64,ne,1.00,-53,0]((rnd64((rnd64((3 * x1)) * x1)) + rnd[64,ne,1.00,-53,0]((x2 + rnd[64,ne,1.00,-53,0]((x2 - x1)))))))) + rnd[64,ne,1.00,-53,0]((rnd64((rnd64((3 * x1)) * x1)) - rnd[64,ne,1.00,-53,0]((rnd[64,ne,1.00,-53,0]((x1 + x2)) + x2)))))))))) + x1))

Selected optimization method: bb-eval
bb-eval_opt: x_abs_tol = 1.000000e-02, f_rel_tol = 1.000000e-02, f_abs_tol = 1.000000e-02, iters = 1000000
bounds: [-1.695483e+03, 4.877860e+03]

Computing absolute errors
Selected optimization method: bb-eval
bb-eval_opt: x_abs_tol = 1.000000e-02, f_rel_tol = 1.000000e-02, f_abs_tol = 1.000000e-02, iters = 1000000
rmin(result = 1.518762e-06, lower = 1.518762e-06), rmax(result = 1.518762e-06, lower = 1.518762e-06)
-1: exp = -53: 1.518762e-06 (low = 1.518762e-06, subopt = 0.0%)

Solving the exact optimization problem
Selected optimization method: bb-eval
bb-eval_opt: x_abs_tol = 1.000000e-02, f_rel_tol = 1.000000e-02, f_abs_tol = 1.000000e-02, iters = 1000000
exact bound (exp = -53): 7.406165e+04 (low = 7.367521e+04, subopt = 0.5%)
total2: 1.686164e-22 (low = 1.686164e-22, subopt = 0.0%)
exact total: 8.222494e-12 (low = 8.179592e-12, subopt = 0.5%)

Computing relative errors
**WARNING**: 
Cannot compute the relative error: values of the function are close to zero

Elapsed time: 0.49088
*************************************

-------------------------------------------------------------------------------
Problem: result

Optimization lower bounds for error models:
The absolute error (exact) model: 8.179591e-12 (0x1.1fcb36277bf0cp-37) (suboptimality = 0.5%)

Bounds (without rounding): [-1.695484e+3, 4.877861e+3]
Bounds (floating-point): [-1.695484e+3, 4.877861e+3]

Absolute error (exact): 8.222495e-12 (0x1.214da555779cbp-37)

Elapsed time: 0.49

