Base path: /Users/laura.zielinski/FPTaylor
Config file: /Users/laura.zielinski/FPTaylor/default.cfg
Config file: /var/folders/38/q_vgzzt959nfc63ldktzz1gr0000gp/T/tmp6otk1f2c.cfg
default-rnd = rnd64
nlopt-cc = gcc -std=c99 -O3
opt-exact = true
develop = false
log-append-date = start
uncertainty = false
rel-error = true
opt-approx = false
proof-record = false
find-bounds = false
proof-dir = proofs
opt-f-abs-tol = 0.01
fail-on-exception = true
print-opt-lower-bounds = true
bb-compile = {base}/b_and_b/compile.sh {base} {input} {out}
z3-python-lib = 
opt-x-abs-tol = 0.01
export-error-bounds = 
opt-f-rel-tol = 0.01
export-options = 
opt-x-rel-tol = 0.0
rel-error-threshold = 0.0001
bb-alg = opt0
log-base-dir = log
intermediate-opt = false
z3-interval-bounds = true
opt-max-iters = 1000000
abs-error = true
z3-bin = 
maxima-simplification = false
print-hex-floats = true
debug = true
print-precision = 7
export-error-bounds-data = 
fp-power2-model = true
opt = auto
default-var-type = float64
verbosity = 2
ulp-error = false
opt-timeout = 10000
nlopt-lib = -lnlopt -lm
tmp-base-dir = tmp
unique-indices = false
z3-seed = 0
tmp-date = false
z3-python-cmd = python
const-approx-real-vars = false
print-second-order-errors = false
Resetting input_parser_env
eval_const_expr: (-(5))
result: -5
eval_const_expr: 5
result: 5
eval_const_expr: 0
result: 0
eval_const_expr: 5
result: 5
eval_const_expr: (-(5))
result: -5
eval_const_expr: (-(5))
result: -5
eval_const_expr: 5
result: 5
eval_const_expr: 0
result: 0
eval_const_expr: 5
result: 5
eval_const_expr: (-(5))
result: -5
Resetting input_parser_env
|tasks| = 1
Processing: result

*************************************
Taylor form for: rnd64((rnd64((rnd64((rnd64((rnd64(x2) * rnd64(x2))) * rnd64((rnd64(x2) * rnd64(x2))))) + rnd64((rnd64((rnd64((rnd64(x2) * rnd64(x2))) * rnd64((rnd64(x1) - rnd64(7))))) + rnd64((rnd64((rnd64((rnd64((rnd64(x2) * rnd64(x2))) * rnd64((-(rnd64(7)))))) + rnd64(49))) + rnd64((rnd64((rnd64(x1) * rnd64((rnd64(x2) * rnd64(x2))))) + rnd64((rnd64((rnd64((rnd64(x1) - rnd64(7))) * rnd64(x1))) - rnd64((rnd64(x1) * rnd64(7))))))))))))) + rnd64((rnd64((rnd64((rnd64(x1) * rnd64(x1))) * rnd64((rnd64((rnd64(x1) * rnd64(x1))) + rnd64((rnd64((-(rnd64(11)))) + rnd64(x2))))))) - rnd64((rnd64((rnd64(11) * rnd64((rnd64(x1) * rnd64(x1))))) - rnd64((rnd64((rnd64((rnd64((-(rnd64(11)))) * rnd64(x2))) - rnd64((-(rnd64(121)))))) + rnd64((rnd64(x2) * rnd64((rnd64((rnd64(x1) * rnd64(x1))) + rnd64((rnd64((-(rnd64(11)))) + rnd64(x2)))))))))))))))

Conservative bound: [-1350.000000, 1640.000000]

Simplified rounding: rnd[64,ne,1.00,-53,0]((rnd[64,ne,1.00,-53,0]((rnd64((rnd64((x2 * x2)) * rnd64((x2 * x2)))) + rnd[64,ne,1.00,-53,0]((rnd64((rnd64((x2 * x2)) * rnd[64,ne,1.00,-53,0]((x1 - 7)))) + rnd[64,ne,1.00,-53,0]((rnd[64,ne,1.00,-53,0]((rnd64((rnd64((x2 * x2)) * (-(7)))) + 49)) + rnd[64,ne,1.00,-53,0]((rnd64((x1 * rnd64((x2 * x2)))) + rnd[64,ne,1.00,-53,0]((rnd64((rnd[64,ne,1.00,-53,0]((x1 - 7)) * x1)) - rnd64((x1 * 7)))))))))))) + rnd[64,ne,1.00,-53,0]((rnd64((rnd64((x1 * x1)) * rnd[64,ne,1.00,-53,0]((rnd64((x1 * x1)) + rnd[64,ne,1.00,-53,0](((-(11)) + x2)))))) - rnd[64,ne,1.00,-53,0]((rnd64((11 * rnd64((x1 * x1)))) - rnd[64,ne,1.00,-53,0]((rnd[64,ne,1.00,-53,0]((rnd64(((-(11)) * x2)) - (-(121)))) + rnd64((x2 * rnd[64,ne,1.00,-53,0]((rnd64((x1 * x1)) + rnd[64,ne,1.00,-53,0](((-(11)) + x2))))))))))))))
Building Taylor forms...
var_form
mul_form
rounded_form
mul_form
rounded_form
var_form
const_form
sub_form
rounded_form
mul_form
rounded_form
neg_form
mul_form
rounded_form
const_form
add_form
rounded_form
mul_form
rounded_form
mul_form
rounded_form
mul_form
rounded_form
sub_form
rounded_form
add_form
rounded_form
add_form
rounded_form
add_form
rounded_form
add_form
rounded_form
mul_form
rounded_form
const_form
neg_form
add_form
rounded_form
add_form
rounded_form
mul_form
rounded_form
mul_form
rounded_form
mul_form
rounded_form
const_form
neg_form
sub_form
rounded_form
mul_form
rounded_form
add_form
rounded_form
sub_form
rounded_form
sub_form
rounded_form
add_form
rounded_form
Taylor forms cache stats: num_bindings = 61, num_buckets = 1024, max_bucket_length = 3
Expr cache stats: num_bindings = 183, num_buckets = 65536, max_bucket_length = 3
Simplifying Taylor forms...
success
v0 = ((((x2 * x2) * (x2 * x2)) + (((x2 * x2) * (x1 - 7)) + ((((x2 * x2) * (-(7))) + 49) + ((x1 * (x2 * x2)) + (((x1 - 7) * x1) - (x1 * 7)))))) + (((x1 * x1) * ((x1 * x1) + ((-(11)) + x2))) - ((11 * (x1 * x1)) - ((((-(11)) * x2) - (-(121))) + (x2 * ((x1 * x1) + ((-(11)) + x2)))))))
-1: exp = -53: (1125899906842625/9903520314283042199192993792)
1: exp = -53: ((((x2 * x2) * floor_power2(((x2 * x2) + 0))) + ((x2 * x2) * floor_power2(((x2 * x2) + 0)))) + (((x1 - 7) * floor_power2(((x2 * x2) + 0))) + (((-(7)) * floor_power2(((x2 * x2) + 0))) + (x1 * floor_power2(((x2 * x2) + 0))))))
2: exp = -53: floor_power2((((x2 * x2) * (x2 * x2)) + interval(-8.88178419700125358557e-14, 8.88178419700125358557e-14)))
3: exp = -53: (((x2 * x2) * floor_power2(((x1 - 7) + 0))) + (x1 * floor_power2(((x1 - 7) + 0))))
4: exp = -53: floor_power2((((x2 * x2) * (x1 - 7)) + interval(-4.35207425653061426955e-14, 4.35207425653061426955e-14)))
5: exp = -53: floor_power2((((x2 * x2) * (-(7))) + interval(-1.24344978758017548305e-14, 1.24344978758017548305e-14)))
6: exp = -53: floor_power2(((((x2 * x2) * (-(7))) + 49) + interval(-2.66453525910037601256e-14, 2.66453525910037601256e-14)))
7: exp = -53: floor_power2(((x1 * (x2 * x2)) + interval(-8.88178419700125390111e-15, 8.88178419700125390111e-15)))
8: exp = -53: floor_power2((((x1 - 7) * x1) + interval(-4.44089209850062616169e-15, 4.44089209850062616169e-15)))
9: exp = -53: (-(floor_power2(((x1 * 7) + 0))))
10: exp = -53: floor_power2(((((x1 - 7) * x1) - (x1 * 7)) + interval(-1.15463194561016295981e-14, 1.15463194561016295981e-14)))
11: exp = -53: floor_power2((((x1 * (x2 * x2)) + (((x1 - 7) * x1) - (x1 * 7))) + interval(-3.46389583683048903721e-14, 3.46389583683048903721e-14)))
12: exp = -53: floor_power2((((((x2 * x2) * (-(7))) + 49) + ((x1 * (x2 * x2)) + (((x1 - 7) * x1) - (x1 * 7)))) + interval(-8.26005930321116592293e-14, 8.26005930321116592293e-14)))
13: exp = -53: floor_power2(((((x2 * x2) * (x1 - 7)) + ((((x2 * x2) * (-(7))) + 49) + ((x1 * (x2 * x2)) + (((x1 - 7) * x1) - (x1 * 7))))) + interval(-1.82964754458225823105e-13, 1.82964754458225823105e-13)))
14: exp = -53: floor_power2(((((x2 * x2) * (x2 * x2)) + (((x2 * x2) * (x1 - 7)) + ((((x2 * x2) * (-(7))) + 49) + ((x1 * (x2 * x2)) + (((x1 - 7) * x1) - (x1 * 7)))))) + interval(-3.51718654201249642493e-13, 3.51718654201249642493e-13)))
15: exp = -53: ((((x1 * x1) * floor_power2(((x1 * x1) + 0))) + (((x1 * x1) + ((-(11)) + x2)) * floor_power2(((x1 * x1) + 0)))) + (-(((11 * floor_power2(((x1 * x1) + 0))) + (-((x2 * floor_power2(((x1 * x1) + 0)))))))))
16: exp = -53: (((x1 * x1) * floor_power2((((-(11)) + x2) + 0))) + (-((-((x2 * floor_power2((((-(11)) + x2) + 0))))))))
17: exp = -53: (((x1 * x1) * floor_power2((((x1 * x1) + ((-(11)) + x2)) + interval(-2.66453525910037609145e-15, 2.66453525910037609145e-15)))) + (-((-((x2 * floor_power2((((x1 * x1) + ((-(11)) + x2)) + interval(-2.66453525910037609145e-15, 2.66453525910037609145e-15)))))))))
18: exp = -53: floor_power2((((x1 * x1) * ((x1 * x1) + ((-(11)) + x2))) + interval(-1.44773082411120438115e-13, 1.44773082411120438115e-13)))
19: exp = -53: (-(floor_power2(((11 * (x1 * x1)) + interval(-1.95399252334027582669e-14, 1.95399252334027582669e-14)))))
20: exp = -53: (-((-(floor_power2((((-(11)) * x2) + 0))))))
21: exp = -53: (-((-(floor_power2(((((-(11)) * x2) - (-(121))) + interval(-3.55271367880050171822e-15, 3.55271367880050171822e-15)))))))
22: exp = -53: (-((-(floor_power2(((x2 * ((x1 * x1) + ((-(11)) + x2))) + interval(-2.22044604925031339639e-14, 2.22044604925031339639e-14)))))))
23: exp = -53: (-((-(floor_power2((((((-(11)) * x2) - (-(121))) + (x2 * ((x1 * x1) + ((-(11)) + x2)))) + interval(-4.70734562441066436248e-14, 4.70734562441066436248e-14)))))))
24: exp = -53: (-(floor_power2((((11 * (x1 * x1)) - ((((-(11)) * x2) - (-(121))) + (x2 * ((x1 * x1) + ((-(11)) + x2))))) + interval(-1.23456800338317432539e-13, 1.23456800338317432539e-13)))))
25: exp = -53: floor_power2(((((x1 * x1) * ((x1 * x1) + ((-(11)) + x2))) - ((11 * (x1 * x1)) - ((((-(11)) * x2) - (-(121))) + (x2 * ((x1 * x1) + ((-(11)) + x2)))))) + interval(-3.05533376376843130412e-13, 3.05533376376843130412e-13)))
26: exp = -53: floor_power2((((((x2 * x2) * (x2 * x2)) + (((x2 * x2) * (x1 - 7)) + ((((x2 * x2) * (-(7))) + 49) + ((x1 * (x2 * x2)) + (((x1 - 7) * x1) - (x1 * 7)))))) + (((x1 * x1) * ((x1 * x1) + ((-(11)) + x2))) - ((11 * (x1 * x1)) - ((((-(11)) * x2) - (-(121))) + (x2 * ((x1 * x1) + ((-(11)) + x2))))))) + interval(-7.70938868299708802644e-13, 7.70938868299708802644e-13)))

Corresponding original subexpressions:
1: rnd64((x2 * x2))
2: rnd64((rnd64((x2 * x2)) * rnd64((x2 * x2))))
3: rnd[64,ne,1.00,-53,0]((x1 - 7))
4: rnd64((rnd64((x2 * x2)) * rnd[64,ne,1.00,-53,0]((x1 - 7))))
5: rnd64((rnd64((x2 * x2)) * (-(7))))
6: rnd[64,ne,1.00,-53,0]((rnd64((rnd64((x2 * x2)) * (-(7)))) + 49))
7: rnd64((x1 * rnd64((x2 * x2))))
8: rnd64((rnd[64,ne,1.00,-53,0]((x1 - 7)) * x1))
9: rnd64((x1 * 7))
10: rnd[64,ne,1.00,-53,0]((rnd64((rnd[64,ne,1.00,-53,0]((x1 - 7)) * x1)) - rnd64((x1 * 7))))
11: rnd[64,ne,1.00,-53,0]((rnd64((x1 * rnd64((x2 * x2)))) + rnd[64,ne,1.00,-53,0]((rnd64((rnd[64,ne,1.00,-53,0]((x1 - 7)) * x1)) - rnd64((x1 * 7))))))
12: rnd[64,ne,1.00,-53,0]((rnd[64,ne,1.00,-53,0]((rnd64((rnd64((x2 * x2)) * (-(7)))) + 49)) + rnd[64,ne,1.00,-53,0]((rnd64((x1 * rnd64((x2 * x2)))) + rnd[64,ne,1.00,-53,0]((rnd64((rnd[64,ne,1.00,-53,0]((x1 - 7)) * x1)) - rnd64((x1 * 7))))))))
13: rnd[64,ne,1.00,-53,0]((rnd64((rnd64((x2 * x2)) * rnd[64,ne,1.00,-53,0]((x1 - 7)))) + rnd[64,ne,1.00,-53,0]((rnd[64,ne,1.00,-53,0]((rnd64((rnd64((x2 * x2)) * (-(7)))) + 49)) + rnd[64,ne,1.00,-53,0]((rnd64((x1 * rnd64((x2 * x2)))) + rnd[64,ne,1.00,-53,0]((rnd64((rnd[64,ne,1.00,-53,0]((x1 - 7)) * x1)) - rnd64((x1 * 7))))))))))
14: rnd[64,ne,1.00,-53,0]((rnd64((rnd64((x2 * x2)) * rnd64((x2 * x2)))) + rnd[64,ne,1.00,-53,0]((rnd64((rnd64((x2 * x2)) * rnd[64,ne,1.00,-53,0]((x1 - 7)))) + rnd[64,ne,1.00,-53,0]((rnd[64,ne,1.00,-53,0]((rnd64((rnd64((x2 * x2)) * (-(7)))) + 49)) + rnd[64,ne,1.00,-53,0]((rnd64((x1 * rnd64((x2 * x2)))) + rnd[64,ne,1.00,-53,0]((rnd64((rnd[64,ne,1.00,-53,0]((x1 - 7)) * x1)) - rnd64((x1 * 7))))))))))))
15: rnd64((x1 * x1))
16: rnd[64,ne,1.00,-53,0](((-(11)) + x2))
17: rnd[64,ne,1.00,-53,0]((rnd64((x1 * x1)) + rnd[64,ne,1.00,-53,0](((-(11)) + x2))))
18: rnd64((rnd64((x1 * x1)) * rnd[64,ne,1.00,-53,0]((rnd64((x1 * x1)) + rnd[64,ne,1.00,-53,0](((-(11)) + x2))))))
19: rnd64((11 * rnd64((x1 * x1))))
20: rnd64(((-(11)) * x2))
21: rnd[64,ne,1.00,-53,0]((rnd64(((-(11)) * x2)) - (-(121))))
22: rnd64((x2 * rnd[64,ne,1.00,-53,0]((rnd64((x1 * x1)) + rnd[64,ne,1.00,-53,0](((-(11)) + x2))))))
23: rnd[64,ne,1.00,-53,0]((rnd[64,ne,1.00,-53,0]((rnd64(((-(11)) * x2)) - (-(121)))) + rnd64((x2 * rnd[64,ne,1.00,-53,0]((rnd64((x1 * x1)) + rnd[64,ne,1.00,-53,0](((-(11)) + x2))))))))
24: rnd[64,ne,1.00,-53,0]((rnd64((11 * rnd64((x1 * x1)))) - rnd[64,ne,1.00,-53,0]((rnd[64,ne,1.00,-53,0]((rnd64(((-(11)) * x2)) - (-(121)))) + rnd64((x2 * rnd[64,ne,1.00,-53,0]((rnd64((x1 * x1)) + rnd[64,ne,1.00,-53,0](((-(11)) + x2))))))))))
25: rnd[64,ne,1.00,-53,0]((rnd64((rnd64((x1 * x1)) * rnd[64,ne,1.00,-53,0]((rnd64((x1 * x1)) + rnd[64,ne,1.00,-53,0](((-(11)) + x2)))))) - rnd[64,ne,1.00,-53,0]((rnd64((11 * rnd64((x1 * x1)))) - rnd[64,ne,1.00,-53,0]((rnd[64,ne,1.00,-53,0]((rnd64(((-(11)) * x2)) - (-(121)))) + rnd64((x2 * rnd[64,ne,1.00,-53,0]((rnd64((x1 * x1)) + rnd[64,ne,1.00,-53,0](((-(11)) + x2))))))))))))
26: rnd[64,ne,1.00,-53,0]((rnd[64,ne,1.00,-53,0]((rnd64((rnd64((x2 * x2)) * rnd64((x2 * x2)))) + rnd[64,ne,1.00,-53,0]((rnd64((rnd64((x2 * x2)) * rnd[64,ne,1.00,-53,0]((x1 - 7)))) + rnd[64,ne,1.00,-53,0]((rnd[64,ne,1.00,-53,0]((rnd64((rnd64((x2 * x2)) * (-(7)))) + 49)) + rnd[64,ne,1.00,-53,0]((rnd64((x1 * rnd64((x2 * x2)))) + rnd[64,ne,1.00,-53,0]((rnd64((rnd[64,ne,1.00,-53,0]((x1 - 7)) * x1)) - rnd64((x1 * 7)))))))))))) + rnd[64,ne,1.00,-53,0]((rnd64((rnd64((x1 * x1)) * rnd[64,ne,1.00,-53,0]((rnd64((x1 * x1)) + rnd[64,ne,1.00,-53,0](((-(11)) + x2)))))) - rnd[64,ne,1.00,-53,0]((rnd64((11 * rnd64((x1 * x1)))) - rnd[64,ne,1.00,-53,0]((rnd[64,ne,1.00,-53,0]((rnd64(((-(11)) * x2)) - (-(121)))) + rnd64((x2 * rnd[64,ne,1.00,-53,0]((rnd64((x1 * x1)) + rnd[64,ne,1.00,-53,0](((-(11)) + x2))))))))))))))

Selected optimization method: bb-eval
bb-eval_opt: x_abs_tol = 1.000000e-02, f_rel_tol = 1.000000e-02, f_abs_tol = 1.000000e-02, iters = 1000000
bounds: [-2.796295e+00, 8.985632e+02]

Computing absolute errors
Selected optimization method: bb-eval
bb-eval_opt: x_abs_tol = 1.000000e-02, f_rel_tol = 1.000000e-02, f_abs_tol = 1.000000e-02, iters = 1000000
rmin(result = 1.136868e-13, lower = 1.136868e-13), rmax(result = 1.136868e-13, lower = 1.136868e-13)
-1: exp = -53: 1.136868e-13 (low = 1.136868e-13, subopt = 0.0%)

Solving the exact optimization problem
Selected optimization method: bb-eval
bb-eval_opt: x_abs_tol = 1.000000e-02, f_rel_tol = 1.000000e-02, f_abs_tol = 1.000000e-02, iters = 1000000
exact bound (exp = -53): 5.180000e+03 (low = 5.150000e+03, subopt = 0.6%)
total2: 1.262177e-29 (low = 1.262177e-29, subopt = 0.0%)
exact total: 5.750955e-13 (low = 5.717649e-13, subopt = 0.6%)

Computing relative errors
**WARNING**: 
Cannot compute the relative error: values of the function are close to zero

Elapsed time: 0.60232
*************************************

-------------------------------------------------------------------------------
Problem: result

Optimization lower bounds for error models:
The absolute error (exact) model: 5.717648e-13 (0x1.41ep-41) (suboptimality = 0.6%)

Bounds (without rounding): [-2.796296, 8.985633e+2]
Bounds (floating-point): [-2.796296, 8.985633e+2]

Absolute error (exact): 5.750956e-13 (0x1.43c0000000001p-41)

Elapsed time: 0.60

