Base path: /Users/laura.zielinski/FPTaylor
Config file: /Users/laura.zielinski/FPTaylor/default.cfg
Config file: /var/folders/38/q_vgzzt959nfc63ldktzz1gr0000gp/T/tmps7ex93fx.cfg
default-rnd = rnd64
nlopt-cc = gcc -std=c99 -O3
opt-exact = true
develop = false
log-append-date = start
uncertainty = false
rel-error = true
opt-approx = false
proof-record = false
find-bounds = false
proof-dir = proofs
opt-f-abs-tol = 0.01
fail-on-exception = true
print-opt-lower-bounds = true
bb-compile = {base}/b_and_b/compile.sh {base} {input} {out}
z3-python-lib = 
opt-x-abs-tol = 0.01
export-error-bounds = 
opt-f-rel-tol = 0.01
export-options = 
opt-x-rel-tol = 0.0
rel-error-threshold = 0.0001
bb-alg = opt0
log-base-dir = log
intermediate-opt = false
z3-interval-bounds = true
opt-max-iters = 1000000
abs-error = true
z3-bin = 
maxima-simplification = false
print-hex-floats = true
debug = true
print-precision = 7
export-error-bounds-data = 
fp-power2-model = true
opt = auto
default-var-type = float64
verbosity = 2
ulp-error = false
opt-timeout = 10000
nlopt-lib = -lnlopt -lm
tmp-base-dir = tmp
unique-indices = false
z3-seed = 0
tmp-date = false
z3-python-cmd = python
const-approx-real-vars = false
print-second-order-errors = false
Resetting input_parser_env
eval_const_expr: (1/100000)
result: 1/100000
eval_const_expr: 1
result: 1
eval_const_expr: 0
result: 0
eval_const_expr: 1
result: 1
eval_const_expr: (1/100000)
result: 1/100000
eval_const_expr: (1/100000)
result: 1/100000
eval_const_expr: 1
result: 1
eval_const_expr: 0
result: 0
eval_const_expr: 1
result: 1
eval_const_expr: (1/100000)
result: 1/100000
eval_const_expr: (1/100000)
result: 1/100000
eval_const_expr: 1
result: 1
eval_const_expr: 0
result: 0
eval_const_expr: 1
result: 1
eval_const_expr: (1/100000)
result: 1/100000
eval_const_expr: (-(1))
result: -1
eval_const_expr: 1
result: 1
eval_const_expr: 0
result: 0
eval_const_expr: 1
result: 1
eval_const_expr: (-(1))
result: -1
eval_const_expr: (-(1))
result: -1
eval_const_expr: 1
result: 1
eval_const_expr: 0
result: 0
eval_const_expr: 1
result: 1
eval_const_expr: (-(1))
result: -1
eval_const_expr: (-(1))
result: -1
eval_const_expr: 1
result: 1
eval_const_expr: 0
result: 0
eval_const_expr: 1
result: 1
eval_const_expr: (-(1))
result: -1
eval_const_expr: (1/100000)
result: 1/100000
eval_const_expr: 1
result: 1
eval_const_expr: 0
result: 0
eval_const_expr: 1
result: 1
eval_const_expr: (1/100000)
result: 1/100000
eval_const_expr: (1/100000)
result: 1/100000
eval_const_expr: 1
result: 1
eval_const_expr: 0
result: 0
eval_const_expr: 1
result: 1
eval_const_expr: (1/100000)
result: 1/100000
eval_const_expr: (1/100000)
result: 1/100000
eval_const_expr: 1
result: 1
eval_const_expr: 0
result: 0
eval_const_expr: 1
result: 1
eval_const_expr: (1/100000)
result: 1/100000
Resetting input_parser_env
|tasks| = 1
Processing: result

*************************************
Taylor form for: rnd64((rnd64(0) + rnd64((rnd64((rnd64((rnd64((rnd64(w0) * rnd64((rnd64(0) - rnd64(m0))))) * rnd64((rnd64((-(rnd64(3)))) * rnd64((rnd64((rnd64(1) * rnd64((rnd64(a0) / rnd64(w0))))) * rnd64((rnd64(a0) / rnd64(w0))))))))) * rnd64(1))) + rnd64((rnd64((rnd64((rnd64((rnd64(w1) * rnd64((rnd64(0) - rnd64(m1))))) * rnd64((rnd64((-(rnd64(3)))) * rnd64((rnd64((rnd64(1) * rnd64((rnd64(a1) / rnd64(w1))))) * rnd64((rnd64(a1) / rnd64(w1))))))))) * rnd64(1))) + rnd64((rnd64((rnd64((rnd64((rnd64(w2) * rnd64((rnd64(0) - rnd64(m2))))) * rnd64((rnd64((-(rnd64(3)))) * rnd64((rnd64((rnd64(1) * rnd64((rnd64(a2) / rnd64(w2))))) * rnd64((rnd64(a2) / rnd64(w2))))))))) * rnd64(1))) + rnd64(0)))))))))

Conservative bound: [-90000000000.000473, 90000000000.000473]

Simplified rounding: rnd[64,ne,1.00,-53,0]((0 + rnd[64,ne,1.00,-53,0](((rnd64((rnd64((w0 * rnd[64,ne,1.00,-53,0]((0 - m0)))) * rnd64(((-(3)) * rnd64(((1 * rnd64((a0 / w0))) * rnd64((a0 / w0)))))))) * 1) + rnd[64,ne,1.00,-53,0](((rnd64((rnd64((w1 * rnd[64,ne,1.00,-53,0]((0 - m1)))) * rnd64(((-(3)) * rnd64(((1 * rnd64((a1 / w1))) * rnd64((a1 / w1)))))))) * 1) + rnd[64,ne,1.00,-53,0](((rnd64((rnd64((w2 * rnd[64,ne,1.00,-53,0]((0 - m2)))) * rnd64(((-(3)) * rnd64(((1 * rnd64((a2 / w2))) * rnd64((a2 / w2)))))))) * 1) + 0))))))))
Building Taylor forms...
const_form
var_form
var_form
sub_form
rounded_form
mul_form
rounded_form
const_form
neg_form
const_form
var_form
div_form
inv_form
mul_form
rounded_form
mul_form
mul_form
rounded_form
mul_form
rounded_form
mul_form
rounded_form
mul_form
var_form
var_form
sub_form
rounded_form
mul_form
rounded_form
var_form
div_form
inv_form
mul_form
rounded_form
mul_form
mul_form
rounded_form
mul_form
rounded_form
mul_form
rounded_form
mul_form
var_form
var_form
sub_form
rounded_form
mul_form
rounded_form
var_form
div_form
inv_form
mul_form
rounded_form
mul_form
mul_form
rounded_form
mul_form
rounded_form
mul_form
rounded_form
mul_form
add_form
rounded_form
add_form
rounded_form
add_form
rounded_form
add_form
rounded_form
Taylor forms cache stats: num_bindings = 63, num_buckets = 1024, max_bucket_length = 2
Expr cache stats: num_bindings = 180, num_buckets = 65536, max_bucket_length = 2
Simplifying Taylor forms...
success
v0 = (0 + ((((w0 * (0 - m0)) * ((-(3)) * ((1 * (a0 * (1 / w0))) * (a0 * (1 / w0))))) * 1) + ((((w1 * (0 - m1)) * ((-(3)) * ((1 * (a1 * (1 / w1))) * (a1 * (1 / w1))))) * 1) + ((((w2 * (0 - m2)) * ((-(3)) * ((1 * (a2 * (1 / w2))) * (a2 * (1 / w2))))) * 1) + 0))))
-1: exp = -53: (6699015110393859/147573952589676412928)
1: exp = -53: (1 * (((-(3)) * ((1 * (a0 * (1 / w0))) * (a0 * (1 / w0)))) * (w0 * floor_power2(((0 - m0) + 0)))))
2: exp = -53: (1 * (((-(3)) * ((1 * (a0 * (1 / w0))) * (a0 * (1 / w0)))) * floor_power2(((w0 * (0 - m0)) + interval(-5.55111512312578270212e-17, 5.55111512312578270212e-17)))))
3: exp = -53: (1 * ((w0 * (0 - m0)) * ((-(3)) * (((1 * (a0 * (1 / w0))) * floor_power2(((a0 * (1 / w0)) + 0))) + ((a0 * (1 / w0)) * (1 * floor_power2(((a0 * (1 / w0)) + 0))))))))
4: exp = -53: (1 * ((w0 * (0 - m0)) * ((-(3)) * floor_power2((((1 * (a0 * (1 / w0))) * (a0 * (1 / w0))) + interval(-1.45519152283668560418e-06, 1.45519152283668560418e-06))))))
5: exp = -53: (1 * ((w0 * (0 - m0)) * floor_power2((((-(3)) * ((1 * (a0 * (1 / w0))) * (a0 * (1 / w0)))) + interval(-7.22659751772880723606e-06, 7.22659751772880723606e-06)))))
6: exp = -53: (1 * floor_power2((((w0 * (0 - m0)) * ((-(3)) * ((1 * (a0 * (1 / w0))) * (a0 * (1 / w0))))) + interval(-1.41299497613545150561e-05, 1.41299497613545150561e-05))))
7: exp = -53: (1 * (((-(3)) * ((1 * (a1 * (1 / w1))) * (a1 * (1 / w1)))) * (w1 * floor_power2(((0 - m1) + 0)))))
8: exp = -53: (1 * (((-(3)) * ((1 * (a1 * (1 / w1))) * (a1 * (1 / w1)))) * floor_power2(((w1 * (0 - m1)) + interval(-5.55111512312578270212e-17, 5.55111512312578270212e-17)))))
9: exp = -53: (1 * ((w1 * (0 - m1)) * ((-(3)) * (((1 * (a1 * (1 / w1))) * floor_power2(((a1 * (1 / w1)) + 0))) + ((a1 * (1 / w1)) * (1 * floor_power2(((a1 * (1 / w1)) + 0))))))))
10: exp = -53: (1 * ((w1 * (0 - m1)) * ((-(3)) * floor_power2((((1 * (a1 * (1 / w1))) * (a1 * (1 / w1))) + interval(-1.45519152283668560418e-06, 1.45519152283668560418e-06))))))
11: exp = -53: (1 * ((w1 * (0 - m1)) * floor_power2((((-(3)) * ((1 * (a1 * (1 / w1))) * (a1 * (1 / w1)))) + interval(-7.22659751772880723606e-06, 7.22659751772880723606e-06)))))
12: exp = -53: (1 * floor_power2((((w1 * (0 - m1)) * ((-(3)) * ((1 * (a1 * (1 / w1))) * (a1 * (1 / w1))))) + interval(-1.41299497613545150561e-05, 1.41299497613545150561e-05))))
13: exp = -53: (1 * (((-(3)) * ((1 * (a2 * (1 / w2))) * (a2 * (1 / w2)))) * (w2 * floor_power2(((0 - m2) + 0)))))
14: exp = -53: (1 * (((-(3)) * ((1 * (a2 * (1 / w2))) * (a2 * (1 / w2)))) * floor_power2(((w2 * (0 - m2)) + interval(-5.55111512312578270212e-17, 5.55111512312578270212e-17)))))
15: exp = -53: (1 * ((w2 * (0 - m2)) * ((-(3)) * (((1 * (a2 * (1 / w2))) * floor_power2(((a2 * (1 / w2)) + 0))) + ((a2 * (1 / w2)) * (1 * floor_power2(((a2 * (1 / w2)) + 0))))))))
16: exp = -53: (1 * ((w2 * (0 - m2)) * ((-(3)) * floor_power2((((1 * (a2 * (1 / w2))) * (a2 * (1 / w2))) + interval(-1.45519152283668560418e-06, 1.45519152283668560418e-06))))))
17: exp = -53: (1 * ((w2 * (0 - m2)) * floor_power2((((-(3)) * ((1 * (a2 * (1 / w2))) * (a2 * (1 / w2)))) + interval(-7.22659751772880723606e-06, 7.22659751772880723606e-06)))))
18: exp = -53: (1 * floor_power2((((w2 * (0 - m2)) * ((-(3)) * ((1 * (a2 * (1 / w2))) * (a2 * (1 / w2))))) + interval(-1.41299497613545150561e-05, 1.41299497613545150561e-05))))
19: exp = -53: floor_power2((((((w2 * (0 - m2)) * ((-(3)) * ((1 * (a2 * (1 / w2))) * (a2 * (1 / w2))))) * 1) + 0) + interval(-1.60372983941670167502e-05, 1.60372983941670167502e-05)))
20: exp = -53: floor_power2((((((w1 * (0 - m1)) * ((-(3)) * ((1 * (a1 * (1 / w1))) * (a1 * (1 / w1))))) * 1) + ((((w2 * (0 - m2)) * ((-(3)) * ((1 * (a2 * (1 / w2))) * (a2 * (1 / w2))))) * 1) + 0)) + interval(-3.39819454211465402766e-05, 3.39819454211465402766e-05)))
21: exp = -53: floor_power2((((((w0 * (0 - m0)) * ((-(3)) * ((1 * (a0 * (1 / w0))) * (a0 * (1 / w0))))) * 1) + ((((w1 * (0 - m1)) * ((-(3)) * ((1 * (a1 * (1 / w1))) * (a1 * (1 / w1))))) * 1) + ((((w2 * (0 - m2)) * ((-(3)) * ((1 * (a2 * (1 / w2))) * (a2 * (1 / w2))))) * 1) + 0))) + interval(-5.38339410809385705793e-05, 5.38339410809385705793e-05)))
22: exp = -53: floor_power2(((0 + ((((w0 * (0 - m0)) * ((-(3)) * ((1 * (a0 * (1 / w0))) * (a0 * (1 / w0))))) * 1) + ((((w1 * (0 - m1)) * ((-(3)) * ((1 * (a1 * (1 / w1))) * (a1 * (1 / w1))))) * 1) + ((((w2 * (0 - m2)) * ((-(3)) * ((1 * (a2 * (1 / w2))) * (a2 * (1 / w2))))) * 1) + 0)))) + interval(-6.14633356121885705793e-05, 6.14633356121885705793e-05)))

Corresponding original subexpressions:
1: rnd[64,ne,1.00,-53,0]((0 - m0))
2: rnd64((w0 * rnd[64,ne,1.00,-53,0]((0 - m0))))
3: rnd64((a0 / w0))
4: rnd64(((1 * rnd64((a0 / w0))) * rnd64((a0 / w0))))
5: rnd64(((-(3)) * rnd64(((1 * rnd64((a0 / w0))) * rnd64((a0 / w0))))))
6: rnd64((rnd64((w0 * rnd[64,ne,1.00,-53,0]((0 - m0)))) * rnd64(((-(3)) * rnd64(((1 * rnd64((a0 / w0))) * rnd64((a0 / w0))))))))
7: rnd[64,ne,1.00,-53,0]((0 - m1))
8: rnd64((w1 * rnd[64,ne,1.00,-53,0]((0 - m1))))
9: rnd64((a1 / w1))
10: rnd64(((1 * rnd64((a1 / w1))) * rnd64((a1 / w1))))
11: rnd64(((-(3)) * rnd64(((1 * rnd64((a1 / w1))) * rnd64((a1 / w1))))))
12: rnd64((rnd64((w1 * rnd[64,ne,1.00,-53,0]((0 - m1)))) * rnd64(((-(3)) * rnd64(((1 * rnd64((a1 / w1))) * rnd64((a1 / w1))))))))
13: rnd[64,ne,1.00,-53,0]((0 - m2))
14: rnd64((w2 * rnd[64,ne,1.00,-53,0]((0 - m2))))
15: rnd64((a2 / w2))
16: rnd64(((1 * rnd64((a2 / w2))) * rnd64((a2 / w2))))
17: rnd64(((-(3)) * rnd64(((1 * rnd64((a2 / w2))) * rnd64((a2 / w2))))))
18: rnd64((rnd64((w2 * rnd[64,ne,1.00,-53,0]((0 - m2)))) * rnd64(((-(3)) * rnd64(((1 * rnd64((a2 / w2))) * rnd64((a2 / w2))))))))
19: rnd[64,ne,1.00,-53,0](((rnd64((rnd64((w2 * rnd[64,ne,1.00,-53,0]((0 - m2)))) * rnd64(((-(3)) * rnd64(((1 * rnd64((a2 / w2))) * rnd64((a2 / w2)))))))) * 1) + 0))
20: rnd[64,ne,1.00,-53,0](((rnd64((rnd64((w1 * rnd[64,ne,1.00,-53,0]((0 - m1)))) * rnd64(((-(3)) * rnd64(((1 * rnd64((a1 / w1))) * rnd64((a1 / w1)))))))) * 1) + rnd[64,ne,1.00,-53,0](((rnd64((rnd64((w2 * rnd[64,ne,1.00,-53,0]((0 - m2)))) * rnd64(((-(3)) * rnd64(((1 * rnd64((a2 / w2))) * rnd64((a2 / w2)))))))) * 1) + 0))))
21: rnd[64,ne,1.00,-53,0](((rnd64((rnd64((w0 * rnd[64,ne,1.00,-53,0]((0 - m0)))) * rnd64(((-(3)) * rnd64(((1 * rnd64((a0 / w0))) * rnd64((a0 / w0)))))))) * 1) + rnd[64,ne,1.00,-53,0](((rnd64((rnd64((w1 * rnd[64,ne,1.00,-53,0]((0 - m1)))) * rnd64(((-(3)) * rnd64(((1 * rnd64((a1 / w1))) * rnd64((a1 / w1)))))))) * 1) + rnd[64,ne,1.00,-53,0](((rnd64((rnd64((w2 * rnd[64,ne,1.00,-53,0]((0 - m2)))) * rnd64(((-(3)) * rnd64(((1 * rnd64((a2 / w2))) * rnd64((a2 / w2)))))))) * 1) + 0))))))
22: rnd[64,ne,1.00,-53,0]((0 + rnd[64,ne,1.00,-53,0](((rnd64((rnd64((w0 * rnd[64,ne,1.00,-53,0]((0 - m0)))) * rnd64(((-(3)) * rnd64(((1 * rnd64((a0 / w0))) * rnd64((a0 / w0)))))))) * 1) + rnd[64,ne,1.00,-53,0](((rnd64((rnd64((w1 * rnd[64,ne,1.00,-53,0]((0 - m1)))) * rnd64(((-(3)) * rnd64(((1 * rnd64((a1 / w1))) * rnd64((a1 / w1)))))))) * 1) + rnd[64,ne,1.00,-53,0](((rnd64((rnd64((w2 * rnd[64,ne,1.00,-53,0]((0 - m2)))) * rnd64(((-(3)) * rnd64(((1 * rnd64((a2 / w2))) * rnd64((a2 / w2)))))))) * 1) + 0))))))))

Selected optimization method: bb
bb_opt: x_abs_tol = 1.000000e-02, f_rel_tol = 1.000000e-02, f_abs_tol = 1.000000e-02, iters = 1000000
iterations(min = 1000000, max = 1000000): 1000000
min = -2.250068e+10 (lower_min = -5.062534e+05)
max = 2.250068e+10 (lower_max = 4.007839e+05)
subopt = 2.250027e+10 (100.0%)
bounds: [-2.250068e+10, 2.250068e+10]

Computing absolute errors
Selected optimization method: bb-eval
bb-eval_opt: x_abs_tol = 1.000000e-02, f_rel_tol = 1.000000e-02, f_abs_tol = 1.000000e-02, iters = 1000000
rmin(result = 4.539429e-05, lower = 4.539429e-05), rmax(result = 4.539429e-05, lower = 4.539429e-05)
-1: exp = -53: 4.539429e-05 (low = 4.539429e-05, subopt = 0.0%)

Solving the exact optimization problem
Selected optimization method: bb
bb_opt: x_abs_tol = 1.000000e-02, f_rel_tol = 1.000000e-02, f_abs_tol = 1.000000e-02, iters = 1000000
iterations(min = 0, max = 1000000): 1000000
min = 0.000000e+00 (lower_min = 0.000000e+00)
max = 1.555852e+11 (lower_max = 3.479071e+06)
subopt = 1.555817e+11 (100.0%)
exact bound (exp = -53): 1.555852e+11 (low = 3.479071e+06, subopt = 100.0%)
total2: 5.039779e-21 (low = 5.039779e-21, subopt = 0.0%)
exact total: 1.727343e-05 (low = 3.862545e-10, subopt = 100.0%)

Computing relative errors
**WARNING**: 
Cannot compute the relative error: values of the function are close to zero

Elapsed time: 32.37379
*************************************

-------------------------------------------------------------------------------
Problem: result

Optimization lower bounds for error models:
The absolute error (exact) model: 3.862545e-10 (0x1.a8b0fb3bac898p-32) (suboptimality = 100.0%)

Bounds (without rounding): [-2.250068e+10, 2.250068e+10]
Bounds (floating-point): [-2.250068e+10, 2.250068e+10]

Absolute error (exact): 1.727343e-5 (0x1.21cccc35dd228p-16)

Elapsed time: 32.37

