Base path: /Users/laura.zielinski/FPTaylor
Config file: /Users/laura.zielinski/FPTaylor/default.cfg
Config file: /var/folders/38/q_vgzzt959nfc63ldktzz1gr0000gp/T/tmpx9bpzdgw.cfg
default-rnd = rnd64
nlopt-cc = gcc -std=c99 -O3
opt-exact = true
develop = false
log-append-date = start
uncertainty = false
rel-error = true
opt-approx = false
proof-record = false
find-bounds = false
proof-dir = proofs
opt-f-abs-tol = 0.01
fail-on-exception = true
print-opt-lower-bounds = true
bb-compile = {base}/b_and_b/compile.sh {base} {input} {out}
z3-python-lib = 
opt-x-abs-tol = 0.01
export-error-bounds = 
opt-f-rel-tol = 0.01
export-options = 
opt-x-rel-tol = 0.0
rel-error-threshold = 0.0001
bb-alg = opt0
log-base-dir = log
intermediate-opt = false
z3-interval-bounds = true
opt-max-iters = 1000000
abs-error = true
z3-bin = 
maxima-simplification = false
print-hex-floats = true
debug = true
print-precision = 7
export-error-bounds-data = 
fp-power2-model = true
opt = auto
default-var-type = float64
verbosity = 2
ulp-error = false
opt-timeout = 10000
nlopt-lib = -lnlopt -lm
tmp-base-dir = tmp
unique-indices = false
z3-seed = 0
tmp-date = false
z3-python-cmd = python
const-approx-real-vars = false
print-second-order-errors = false
Resetting input_parser_env
eval_const_expr: (-((157079632679/100000000000)))
result: -157079632679/100000000000
eval_const_expr: (157079632679/100000000000)
result: 157079632679/100000000000
eval_const_expr: 0
result: 0
eval_const_expr: (157079632679/100000000000)
result: 157079632679/100000000000
eval_const_expr: (-((157079632679/100000000000)))
result: -157079632679/100000000000
Resetting input_parser_env
|tasks| = 1
Processing: result

*************************************
Taylor form for: rnd64((rnd64(x) - rnd64((rnd64(x) * rnd64((rnd64((rnd64((rnd64((rnd64((rnd64((-(rnd64(1)))) / rnd64(120))) * rnd64((rnd64(x) * rnd64(x))))) - rnd64((rnd64((-(rnd64(1)))) / rnd64(6))))) * rnd64((rnd64(x) * rnd64(x))))) - rnd64((rnd64((rnd64((rnd64((-(rnd64(1)))) / rnd64(5040))) * rnd64((rnd64((rnd64((rnd64((rnd64(x) * rnd64(x))) * rnd64(x))) * rnd64(x))) * rnd64(x))))) * rnd64(x)))))))))

Conservative bound: [-2.221442, 2.221442]

Simplified rounding: rnd[64,ne,1.00,-53,0]((x - rnd64((x * rnd[64,ne,1.00,-53,0]((rnd64((rnd[64,ne,1.00,-53,0]((rnd64((rnd64(((-(1)) / 120)) * rnd64((x * x)))) - rnd64(((-(1)) / 6)))) * rnd64((x * x)))) - rnd64((rnd64((rnd64(((-(1)) / 5040)) * rnd64((rnd64((rnd64((rnd64((x * x)) * x)) * x)) * x)))) * x))))))))
Building Taylor forms...
var_form
const_form
neg_form
const_form
div_form
inv_form
mul_form
rounded_form
mul_form
rounded_form
mul_form
rounded_form
const_form
div_form
inv_form
mul_form
rounded_form
sub_form
rounded_form
mul_form
rounded_form
const_form
div_form
inv_form
mul_form
rounded_form
mul_form
rounded_form
mul_form
rounded_form
mul_form
rounded_form
mul_form
rounded_form
mul_form
rounded_form
sub_form
rounded_form
mul_form
rounded_form
sub_form
rounded_form
Taylor forms cache stats: num_bindings = 36, num_buckets = 1024, max_bucket_length = 2
Expr cache stats: num_bindings = 164, num_buckets = 65536, max_bucket_length = 1
Simplifying Taylor forms...
success
v0 = (x - (x * ((((((-(1)) * (1 / 120)) * (x * x)) - ((-(1)) * (1 / 6))) * (x * x)) - ((((-(1)) * (1 / 5040)) * ((((x * x) * x) * x) * x)) * x))))
-1: exp = -53: (4576048262025675/40564819207303340847894502572032)
1: exp = -53: (-((x * ((x * x) * ((x * x) * floor_power2((((-(1)) * (1 / 120)) + 0)))))))
2: exp = -53: (-((x * (((((((-(1)) * (1 / 120)) * (x * x)) - ((-(1)) * (1 / 6))) * floor_power2(((x * x) + 0))) + ((x * x) * (((-(1)) * (1 / 120)) * floor_power2(((x * x) + 0))))) + (-((x * (((-(1)) * (1 / 5040)) * (x * (x * (x * floor_power2(((x * x) + 0)))))))))))))
3: exp = -53: (-((x * ((x * x) * floor_power2(((((-(1)) * (1 / 120)) * (x * x)) + interval(-3.99050101434196808126e-18, 3.99050101434196808126e-18)))))))
4: exp = -53: (-((x * ((x * x) * (-(floor_power2((((-(1)) * (1 / 6)) + 0))))))))
5: exp = -53: (-((x * ((x * x) * floor_power2((((((-(1)) * (1 / 120)) * (x * x)) - ((-(1)) * (1 / 6))) + interval(-1.96030122981332342421e-17, 1.96030122981332342421e-17)))))))
6: exp = -53: (-((x * floor_power2(((((((-(1)) * (1 / 120)) * (x * x)) - ((-(1)) * (1 / 6))) * (x * x)) + interval(-1.15052387985585948209e-16, 1.15052387985585948209e-16))))))
7: exp = -53: (-((x * (-((x * (((((x * x) * x) * x) * x) * floor_power2((((-(1)) * (1 / 5040)) + 0)))))))))
8: exp = -53: (-((x * (-((x * (((-(1)) * (1 / 5040)) * (x * (x * floor_power2((((x * x) * x) + interval(-3.48786849799775978113e-16, 3.48786849799775978113e-16))))))))))))
9: exp = -53: (-((x * (-((x * (((-(1)) * (1 / 5040)) * (x * floor_power2(((((x * x) * x) * x) + interval(-8.96659952297919541663e-16, 8.96659952297919541663e-16)))))))))))
10: exp = -53: (-((x * (-((x * (((-(1)) * (1 / 5040)) * floor_power2((((((x * x) * x) * x) * x) + interval(-2.10604385904882060603e-15, 2.10604385904882060603e-15))))))))))
11: exp = -53: (-((x * (-((x * floor_power2(((((-(1)) * (1 / 5040)) * ((((x * x) * x) * x) * x)) + interval(-7.23696099732731774252e-19, 7.23696099732731774252e-19)))))))))
12: exp = -53: (-((x * (-(floor_power2((((((-(1)) * (1 / 5040)) * ((((x * x) * x) * x) * x)) * x) + interval(-1.30708525417622177357e-18, 1.30708525417622177357e-18))))))))
13: exp = -53: (-((x * floor_power2((((((((-(1)) * (1 / 120)) * (x * x)) - ((-(1)) * (1 / 6))) * (x * x)) - ((((-(1)) * (1 / 5040)) * ((((x * x) * x) * x) * x)) * x)) + interval(-1.44331889289888244277e-16, 1.44331889289888244277e-16))))))
14: exp = -53: (-(floor_power2(((x * ((((((-(1)) * (1 / 120)) * (x * x)) - ((-(1)) * (1 / 6))) * (x * x)) - ((((-(1)) * (1 / 5040)) * ((((x * x) * x) * x) * x)) * x))) + interval(-2.70314357760189452766e-16, 2.70314357760189452766e-16)))))
15: exp = -53: floor_power2(((x - (x * ((((((-(1)) * (1 / 120)) * (x * x)) - ((-(1)) * (1 / 6))) * (x * x)) - ((((-(1)) * (1 / 5040)) * ((((x * x) * x) * x) * x)) * x)))) + interval(-3.25825508991447279787e-16, 3.25825508991447279787e-16)))

Corresponding original subexpressions:
1: rnd64(((-(1)) / 120))
2: rnd64((x * x))
3: rnd64((rnd64(((-(1)) / 120)) * rnd64((x * x))))
4: rnd64(((-(1)) / 6))
5: rnd[64,ne,1.00,-53,0]((rnd64((rnd64(((-(1)) / 120)) * rnd64((x * x)))) - rnd64(((-(1)) / 6))))
6: rnd64((rnd[64,ne,1.00,-53,0]((rnd64((rnd64(((-(1)) / 120)) * rnd64((x * x)))) - rnd64(((-(1)) / 6)))) * rnd64((x * x))))
7: rnd64(((-(1)) / 5040))
8: rnd64((rnd64((x * x)) * x))
9: rnd64((rnd64((rnd64((x * x)) * x)) * x))
10: rnd64((rnd64((rnd64((rnd64((x * x)) * x)) * x)) * x))
11: rnd64((rnd64(((-(1)) / 5040)) * rnd64((rnd64((rnd64((rnd64((x * x)) * x)) * x)) * x))))
12: rnd64((rnd64((rnd64(((-(1)) / 5040)) * rnd64((rnd64((rnd64((rnd64((x * x)) * x)) * x)) * x)))) * x))
13: rnd[64,ne,1.00,-53,0]((rnd64((rnd[64,ne,1.00,-53,0]((rnd64((rnd64(((-(1)) / 120)) * rnd64((x * x)))) - rnd64(((-(1)) / 6)))) * rnd64((x * x)))) - rnd64((rnd64((rnd64(((-(1)) / 5040)) * rnd64((rnd64((rnd64((rnd64((x * x)) * x)) * x)) * x)))) * x))))
14: rnd64((x * rnd[64,ne,1.00,-53,0]((rnd64((rnd[64,ne,1.00,-53,0]((rnd64((rnd64(((-(1)) / 120)) * rnd64((x * x)))) - rnd64(((-(1)) / 6)))) * rnd64((x * x)))) - rnd64((rnd64((rnd64(((-(1)) / 5040)) * rnd64((rnd64((rnd64((rnd64((x * x)) * x)) * x)) * x)))) * x))))))
15: rnd[64,ne,1.00,-53,0]((x - rnd64((x * rnd[64,ne,1.00,-53,0]((rnd64((rnd[64,ne,1.00,-53,0]((rnd64((rnd64(((-(1)) / 120)) * rnd64((x * x)))) - rnd64(((-(1)) / 6)))) * rnd64((x * x)))) - rnd64((rnd64((rnd64(((-(1)) / 5040)) * rnd64((rnd64((rnd64((rnd64((x * x)) * x)) * x)) * x)))) * x))))))))

Selected optimization method: bb-eval
bb-eval_opt: x_abs_tol = 1.000000e-02, f_rel_tol = 1.000000e-02, f_abs_tol = 1.000000e-02, iters = 1000000
bounds: [-1.013262e+00, 1.013262e+00]

Computing absolute errors
Selected optimization method: bb-eval
bb-eval_opt: x_abs_tol = 1.000000e-02, f_rel_tol = 1.000000e-02, f_abs_tol = 1.000000e-02, iters = 1000000
rmin(result = 1.128083e-16, lower = 1.128083e-16), rmax(result = 1.128083e-16, lower = 1.128083e-16)
-1: exp = -53: 1.128083e-16 (low = 1.128083e-16, subopt = 0.0%)

Solving the exact optimization problem
Selected optimization method: bb-eval
bb-eval_opt: x_abs_tol = 1.000000e-02, f_rel_tol = 1.000000e-02, f_abs_tol = 1.000000e-02, iters = 1000000
exact bound (exp = -53): 3.806590e+00 (low = 3.305582e+00, subopt = 13.2%)
total2: 1.252424e-32 (low = 1.252424e-32, subopt = 0.0%)
exact total: 4.226164e-16 (low = 3.669934e-16, subopt = 13.2%)

Computing relative errors
**WARNING**: 
Cannot compute the relative error: values of the function are close to zero

Elapsed time: 0.02622
*************************************

-------------------------------------------------------------------------------
Problem: result

Optimization lower bounds for error models:
The absolute error (exact) model: 3.669933e-16 (0x1.a71d537cd378fp-52) (suboptimality = 13.2%)

Bounds (without rounding): [-1.013262, 1.013262]
Bounds (floating-point): [-1.013262, 1.013262]

Absolute error (exact): 4.226164e-16 (0x1.e73e55bb462fcp-52)

Elapsed time: 0.03

