Base path: /Users/laura.zielinski/FPTaylor
Config file: /Users/laura.zielinski/FPTaylor/default.cfg
Config file: /var/folders/38/q_vgzzt959nfc63ldktzz1gr0000gp/T/tmp0e00vpek.cfg
default-rnd = rnd64
nlopt-cc = gcc -std=c99 -O3
opt-exact = true
develop = false
log-append-date = start
uncertainty = false
rel-error = true
opt-approx = false
proof-record = false
find-bounds = false
proof-dir = proofs
opt-f-abs-tol = 0.01
fail-on-exception = true
print-opt-lower-bounds = true
bb-compile = {base}/b_and_b/compile.sh {base} {input} {out}
z3-python-lib = 
opt-x-abs-tol = 0.01
export-error-bounds = 
opt-f-rel-tol = 0.01
export-options = 
opt-x-rel-tol = 0.0
rel-error-threshold = 0.0001
bb-alg = opt0
log-base-dir = log
intermediate-opt = false
z3-interval-bounds = true
opt-max-iters = 1000000
abs-error = true
z3-bin = 
maxima-simplification = false
print-hex-floats = true
debug = true
print-precision = 7
export-error-bounds-data = 
fp-power2-model = true
opt = auto
default-var-type = float64
verbosity = 2
ulp-error = false
opt-timeout = 10000
nlopt-lib = -lnlopt -lm
tmp-base-dir = tmp
unique-indices = false
z3-seed = 0
tmp-date = false
z3-python-cmd = python
const-approx-real-vars = false
print-second-order-errors = false
Resetting input_parser_env
eval_const_expr: 1
result: 1
eval_const_expr: 10
result: 10
eval_const_expr: 0
result: 0
eval_const_expr: 10
result: 10
eval_const_expr: 1
result: 1
eval_const_expr: (-(10))
result: -10
eval_const_expr: 0
result: 0
eval_const_expr: 0
result: 0
eval_const_expr: 0
result: 0
eval_const_expr: (-(10))
result: -10
Resetting input_parser_env
|tasks| = 1
Processing: result

*************************************
Taylor form for: rnd64((rnd64((rnd64(x) * rnd64(x))) / rnd64((rnd64(sqrt(rnd64((rnd64((rnd64(y) * rnd64(y))) + rnd64((rnd64(x) * rnd64(x))))))) - rnd64(y)))))

Conservative bound: [0.041421, 100.000000]

Simplified rounding: rnd64((rnd64((x * x)) / rnd[64,ne,1.00,-53,0]((rnd[64,ne,1.00,-53,0](sqrt(rnd[64,ne,1.00,-53,0]((rnd64((y * y)) + rnd64((x * x)))))) - y))))
Building Taylor forms...
var_form
mul_form
rounded_form
var_form
mul_form
rounded_form
add_form
rounded_form
sqrt_form
rounded_form
sub_form
rounded_form
div_form
inv_form
mul_form
rounded_form
Taylor forms cache stats: num_bindings = 14, num_buckets = 1024, max_bucket_length = 2
Expr cache stats: num_bindings = 60, num_buckets = 65536, max_bucket_length = 3
Simplifying Taylor forms...
success
v0 = ((x * x) * (1 / (sqrt(((y * y) + (x * x))) - y)))
-1: exp = -53: (6741655545708941/19342813113834066795298816)
1: exp = -53: (((x * x) * (-(((floor_power2(((x * x) + 0)) / (2 * sqrt(((y * y) + (x * x))))) / ((sqrt(((y * y) + (x * x))) - y) * (sqrt(((y * y) + (x * x))) - y)))))) + ((1 / (sqrt(((y * y) + (x * x))) - y)) * floor_power2(((x * x) + 0))))
2: exp = -53: ((x * x) * (-(((floor_power2(((y * y) + 0)) / (2 * sqrt(((y * y) + (x * x))))) / ((sqrt(((y * y) + (x * x))) - y) * (sqrt(((y * y) + (x * x))) - y))))))
3: exp = -53: ((x * x) * (-(((floor_power2((((y * y) + (x * x)) + interval(-1.42108547152020068729e-14, 1.42108547152020068729e-14))) / (2 * sqrt(((y * y) + (x * x))))) / ((sqrt(((y * y) + (x * x))) - y) * (sqrt(((y * y) + (x * x))) - y))))))
4: exp = -53: ((x * x) * (-((floor_power2((sqrt(((y * y) + (x * x))) + interval(-1.42108547152021078471e-14, 1.42108547152021078471e-14))) / ((sqrt(((y * y) + (x * x))) - y) * (sqrt(((y * y) + (x * x))) - y))))))
5: exp = -53: ((x * x) * (-((floor_power2(((sqrt(((y * y) + (x * x))) - y) + interval(-1.50990331349022330794e-14, 1.50990331349022330794e-14))) / ((sqrt(((y * y) + (x * x))) - y) * (sqrt(((y * y) + (x * x))) - y))))))
6: exp = -53: floor_power2((((x * x) * (1 / (sqrt(((y * y) + (x * x))) - y))) + interval(-1.68753669808310648170e-12, 1.68753669808310648170e-12)))

Corresponding original subexpressions:
1: rnd64((x * x))
2: rnd64((y * y))
3: rnd[64,ne,1.00,-53,0]((rnd64((y * y)) + rnd64((x * x))))
4: rnd[64,ne,1.00,-53,0](sqrt(rnd[64,ne,1.00,-53,0]((rnd64((y * y)) + rnd64((x * x))))))
5: rnd[64,ne,1.00,-53,0]((rnd[64,ne,1.00,-53,0](sqrt(rnd[64,ne,1.00,-53,0]((rnd64((y * y)) + rnd64((x * x)))))) - y))
6: rnd64((rnd64((x * x)) / rnd[64,ne,1.00,-53,0]((rnd[64,ne,1.00,-53,0](sqrt(rnd[64,ne,1.00,-53,0]((rnd64((y * y)) + rnd64((x * x)))))) - y))))

Selected optimization method: bb-eval
bb-eval_opt: x_abs_tol = 1.000000e-02, f_rel_tol = 1.000000e-02, f_abs_tol = 1.000000e-02, iters = 1000000
bounds: [4.142136e-02, 1.007081e+01]

Computing absolute errors
Selected optimization method: bb-eval
bb-eval_opt: x_abs_tol = 1.000000e-02, f_rel_tol = 1.000000e-02, f_abs_tol = 1.000000e-02, iters = 1000000
rmin(result = 3.485354e-10, lower = 3.485354e-10), rmax(result = 3.485354e-10, lower = 3.485354e-10)
-1: exp = -53: 3.485354e-10 (low = 3.485354e-10, subopt = 0.0%)

Solving the exact optimization problem
Selected optimization method: bb-eval
bb-eval_opt: x_abs_tol = 1.000000e-02, f_rel_tol = 1.000000e-02, f_abs_tol = 1.000000e-02, iters = 1000000
exact bound (exp = -53): 3.406033e+01 (low = 3.199512e+01, subopt = 6.1%)
total2: 3.869521e-26 (low = 3.869521e-26, subopt = 0.0%)
exact total: 3.781456e-15 (low = 3.552172e-15, subopt = 6.1%)

Computing relative errors
Selected optimization method: bb-eval
bb-eval_opt: x_abs_tol = 1.000000e-02, f_rel_tol = 1.000000e-02, f_abs_tol = 1.000000e-02, iters = 1000000
rmin(result = 3.485354e-10, lower = 3.485354e-10), rmax(result = 3.485354e-10, lower = 3.485354e-10)
-1: exp = -53: 3.485354e-10 (low = 3.485354e-10, subopt = 0.0%)

Solving the exact optimization problem
Selected optimization method: bb-eval
bb-eval_opt: x_abs_tol = 1.000000e-02, f_rel_tol = 1.000000e-02, f_abs_tol = 1.000000e-02, iters = 1000000
exact bound-rel (exp = -53): 4.385415e+00 (low = 3.996950e+00, subopt = 8.9%)
total2: 9.341849e-25 (low = 3.842313e-27, subopt = 99.6%)
exact total-rel: 4.868789e-16 (low = 4.437506e-16, subopt = 8.9%)

Elapsed time: 0.14642
*************************************

-------------------------------------------------------------------------------
Problem: result

Optimization lower bounds for error models:
The absolute error (exact) model: 3.552171e-15 (0x1.ffec031f9b06ep-49) (suboptimality = 6.1%)
The relative error (exact) model: 4.437506e-16 (0x1.ff9c12bca8a28p-52) (suboptimality = 8.9%)

Bounds (without rounding): [4.142135e-2, 1.007082e+1]
Bounds (floating-point): [4.142135e-2, 1.007082e+1]

Absolute error (exact): 3.781457e-15 (0x1.107b8e26f1687p-48)
Relative error (exact): 4.868789e-16 (0x1.18aaa4a9aee23p-51)

Elapsed time: 0.15

