Base path: /Users/laura.zielinski/FPTaylor
Config file: /Users/laura.zielinski/FPTaylor/default.cfg
Config file: /var/folders/38/q_vgzzt959nfc63ldktzz1gr0000gp/T/tmp85080lyu.cfg
default-rnd = rnd64
nlopt-cc = gcc -std=c99 -O3
opt-exact = true
develop = false
log-append-date = start
uncertainty = false
rel-error = true
opt-approx = false
proof-record = false
find-bounds = false
proof-dir = proofs
opt-f-abs-tol = 0.01
fail-on-exception = true
print-opt-lower-bounds = true
bb-compile = {base}/b_and_b/compile.sh {base} {input} {out}
z3-python-lib = 
opt-x-abs-tol = 0.01
export-error-bounds = 
opt-f-rel-tol = 0.01
export-options = 
opt-x-rel-tol = 0.0
rel-error-threshold = 0.0001
bb-alg = opt0
log-base-dir = log
intermediate-opt = false
z3-interval-bounds = true
opt-max-iters = 1000000
abs-error = true
z3-bin = 
maxima-simplification = false
print-hex-floats = true
debug = true
print-precision = 7
export-error-bounds-data = 
fp-power2-model = true
opt = auto
default-var-type = float64
verbosity = 2
ulp-error = false
opt-timeout = 10000
nlopt-lib = -lnlopt -lm
tmp-base-dir = tmp
unique-indices = false
z3-seed = 0
tmp-date = false
z3-python-cmd = python
const-approx-real-vars = false
print-second-order-errors = false
Resetting input_parser_env
eval_const_expr: 4
result: 4
eval_const_expr: (3969/625)
result: 3969/625
eval_const_expr: 0
result: 0
eval_const_expr: (3969/625)
result: 3969/625
eval_const_expr: 4
result: 4
eval_const_expr: 4
result: 4
eval_const_expr: (3969/625)
result: 3969/625
eval_const_expr: 0
result: 0
eval_const_expr: (3969/625)
result: 3969/625
eval_const_expr: 4
result: 4
eval_const_expr: 4
result: 4
eval_const_expr: (3969/625)
result: 3969/625
eval_const_expr: 0
result: 0
eval_const_expr: (3969/625)
result: 3969/625
eval_const_expr: 4
result: 4
eval_const_expr: 4
result: 4
eval_const_expr: (3969/625)
result: 3969/625
eval_const_expr: 0
result: 0
eval_const_expr: (3969/625)
result: 3969/625
eval_const_expr: 4
result: 4
eval_const_expr: 4
result: 4
eval_const_expr: (3969/625)
result: 3969/625
eval_const_expr: 0
result: 0
eval_const_expr: (3969/625)
result: 3969/625
eval_const_expr: 4
result: 4
eval_const_expr: 4
result: 4
eval_const_expr: (3969/625)
result: 3969/625
eval_const_expr: 0
result: 0
eval_const_expr: (3969/625)
result: 3969/625
eval_const_expr: 4
result: 4
Resetting input_parser_env
|tasks| = 1
Processing: result

*************************************
Taylor form for: rnd64((rnd64((rnd64((rnd64(x5) - rnd64(x3))) * rnd64((rnd64(x2) - rnd64(x6))))) - rnd64((rnd64(x1) * rnd64((rnd64(x4) - rnd64((rnd64((rnd64(x2) - rnd64((rnd64(x4) - rnd64(x5))))) + rnd64((rnd64(x3) + rnd64((rnd64(x6) - rnd64(x1)))))))))))))

Conservative bound: [-24.900721, 90.629901]

Simplified rounding: rnd[64,ne,1.00,-53,0]((rnd64((rnd[64,ne,1.00,-53,0]((x5 - x3)) * rnd[64,ne,1.00,-53,0]((x2 - x6)))) - rnd64((x1 * rnd[64,ne,1.00,-53,0]((x4 - rnd[64,ne,1.00,-53,0]((rnd[64,ne,1.00,-53,0]((x2 - rnd[64,ne,1.00,-53,0]((x4 - x5)))) + rnd[64,ne,1.00,-53,0]((x3 + rnd[64,ne,1.00,-53,0]((x6 - x1))))))))))))
Building Taylor forms...
var_form
var_form
sub_form
rounded_form
var_form
var_form
sub_form
rounded_form
mul_form
rounded_form
var_form
var_form
sub_form
rounded_form
sub_form
rounded_form
sub_form
rounded_form
add_form
rounded_form
add_form
rounded_form
sub_form
rounded_form
mul_form
rounded_form
sub_form
rounded_form
Taylor forms cache stats: num_bindings = 28, num_buckets = 1024, max_bucket_length = 1
Expr cache stats: num_bindings = 73, num_buckets = 65536, max_bucket_length = 1
Simplifying Taylor forms...
success
v0 = (((x5 - x3) * (x2 - x6)) - (x1 * (x4 - ((x2 - (x4 - x5)) + (x3 + (x6 - x1))))))
-1: exp = -53: (2251799813685249/5070602400912917605986812821504)
1: exp = -53: ((x2 - x6) * floor_power2(((x5 - x3) + 0)))
2: exp = -53: ((x5 - x3) * floor_power2(((x2 - x6) + 0)))
3: exp = -53: floor_power2((((x5 - x3) * (x2 - x6)) + interval(-1.04378727883158758735e-15, 1.04378727883158758735e-15)))
4: exp = -53: (-((x1 * (-((-(floor_power2(((x4 - x5) + 0)))))))))
5: exp = -53: (-((x1 * (-(floor_power2(((x2 - (x4 - x5)) + interval(-2.22044604925031308085e-16, 2.22044604925031308085e-16))))))))
6: exp = -53: (-((x1 * (-(floor_power2(((x6 - x1) + 0)))))))
7: exp = -53: (-((x1 * (-(floor_power2(((x3 + (x6 - x1)) + interval(-2.22044604925031308085e-16, 2.22044604925031308085e-16))))))))
8: exp = -53: (-((x1 * (-(floor_power2((((x2 - (x4 - x5)) + (x3 + (x6 - x1))) + interval(-2.22044604925031308085e-15, 2.22044604925031308085e-15))))))))
9: exp = -53: (-((x1 * floor_power2(((x4 - ((x2 - (x4 - x5)) + (x3 + (x6 - x1)))) + interval(-3.99680288865056354553e-15, 3.99680288865056354553e-15))))))
10: exp = -53: (-(floor_power2(((x1 * (x4 - ((x2 - (x4 - x5)) + (x3 + (x6 - x1))))) + interval(-3.10215853005502195584e-14, 3.10215853005502195584e-14)))))
11: exp = -53: floor_power2(((((x5 - x3) * (x2 - x6)) - (x1 * (x4 - ((x2 - (x4 - x5)) + (x3 + (x6 - x1)))))) + interval(-3.96148891468328745789e-14, 3.96148891468328745789e-14)))

Corresponding original subexpressions:
1: rnd[64,ne,1.00,-53,0]((x5 - x3))
2: rnd[64,ne,1.00,-53,0]((x2 - x6))
3: rnd64((rnd[64,ne,1.00,-53,0]((x5 - x3)) * rnd[64,ne,1.00,-53,0]((x2 - x6))))
4: rnd[64,ne,1.00,-53,0]((x4 - x5))
5: rnd[64,ne,1.00,-53,0]((x2 - rnd[64,ne,1.00,-53,0]((x4 - x5))))
6: rnd[64,ne,1.00,-53,0]((x6 - x1))
7: rnd[64,ne,1.00,-53,0]((x3 + rnd[64,ne,1.00,-53,0]((x6 - x1))))
8: rnd[64,ne,1.00,-53,0]((rnd[64,ne,1.00,-53,0]((x2 - rnd[64,ne,1.00,-53,0]((x4 - x5)))) + rnd[64,ne,1.00,-53,0]((x3 + rnd[64,ne,1.00,-53,0]((x6 - x1))))))
9: rnd[64,ne,1.00,-53,0]((x4 - rnd[64,ne,1.00,-53,0]((rnd[64,ne,1.00,-53,0]((x2 - rnd[64,ne,1.00,-53,0]((x4 - x5)))) + rnd[64,ne,1.00,-53,0]((x3 + rnd[64,ne,1.00,-53,0]((x6 - x1))))))))
10: rnd64((x1 * rnd[64,ne,1.00,-53,0]((x4 - rnd[64,ne,1.00,-53,0]((rnd[64,ne,1.00,-53,0]((x2 - rnd[64,ne,1.00,-53,0]((x4 - x5)))) + rnd[64,ne,1.00,-53,0]((x3 + rnd[64,ne,1.00,-53,0]((x6 - x1))))))))))
11: rnd[64,ne,1.00,-53,0]((rnd64((rnd[64,ne,1.00,-53,0]((x5 - x3)) * rnd[64,ne,1.00,-53,0]((x2 - x6)))) - rnd64((x1 * rnd[64,ne,1.00,-53,0]((x4 - rnd[64,ne,1.00,-53,0]((rnd[64,ne,1.00,-53,0]((x2 - rnd[64,ne,1.00,-53,0]((x4 - x5)))) + rnd[64,ne,1.00,-53,0]((x3 + rnd[64,ne,1.00,-53,0]((x6 - x1))))))))))))

Selected optimization method: bb
bb_opt: x_abs_tol = 1.000000e-02, f_rel_tol = 1.000000e-02, f_abs_tol = 1.000000e-02, iters = 1000000
iterations(min = 2938, max = 2638): 2938
min = -1.937642e+01 (lower_min = -1.917367e+01)
max = 7.041546e+01 (lower_max = 6.971310e+01)
subopt = 7.023528e-01 (1.0%)
bounds: [-1.937642e+01, 7.041546e+01]

Computing absolute errors
Selected optimization method: bb-eval
bb-eval_opt: x_abs_tol = 1.000000e-02, f_rel_tol = 1.000000e-02, f_abs_tol = 1.000000e-02, iters = 1000000
rmin(result = 4.440892e-16, lower = 4.440892e-16), rmax(result = 4.440892e-16, lower = 4.440892e-16)
-1: exp = -53: 4.440892e-16 (low = 4.440892e-16, subopt = 0.0%)

Solving the exact optimization problem
Selected optimization method: bb
bb_opt: x_abs_tol = 1.000000e-02, f_rel_tol = 1.000000e-02, f_abs_tol = 1.000000e-02, iters = 1000000
iterations(min = 0, max = 4385): 4385
min = 0.000000e+00 (lower_min = 0.000000e+00)
max = 3.369974e+02 (lower_max = 3.366361e+02)
subopt = 3.613406e-01 (0.1%)
exact bound (exp = -53): 3.369974e+02 (low = 3.366361e+02, subopt = 0.1%)
total2: 4.930381e-32 (low = 4.930381e-32, subopt = 0.0%)
exact total: 3.741423e-14 (low = 3.737412e-14, subopt = 0.1%)

Computing relative errors
**WARNING**: 
Cannot compute the relative error: values of the function are close to zero

Elapsed time: 1.29168
*************************************

-------------------------------------------------------------------------------
Problem: result

Optimization lower bounds for error models:
The absolute error (exact) model: 3.737411e-14 (0x1.50a2d7dbf487ep-45) (suboptimality = 0.1%)

Bounds (without rounding): [-1.937643e+1, 7.041546e+1]
Bounds (floating-point): [-1.937643e+1, 7.041546e+1]

Absolute error (exact): 3.741424e-14 (0x1.50ff58adab9fcp-45)

Elapsed time: 1.29

