Base path: /Users/laura.zielinski/FPTaylor
Config file: /Users/laura.zielinski/FPTaylor/default.cfg
Config file: /var/folders/38/q_vgzzt959nfc63ldktzz1gr0000gp/T/tmp8uhm0hol.cfg
default-rnd = rnd64
nlopt-cc = gcc -std=c99 -O3
opt-exact = true
develop = false
log-append-date = start
uncertainty = false
rel-error = true
opt-approx = false
proof-record = false
find-bounds = false
proof-dir = proofs
opt-f-abs-tol = 0.01
fail-on-exception = true
print-opt-lower-bounds = true
bb-compile = {base}/b_and_b/compile.sh {base} {input} {out}
z3-python-lib = 
opt-x-abs-tol = 0.01
export-error-bounds = 
opt-f-rel-tol = 0.01
export-options = 
opt-x-rel-tol = 0.0
rel-error-threshold = 0.0001
bb-alg = opt0
log-base-dir = log
intermediate-opt = false
z3-interval-bounds = true
opt-max-iters = 1000000
abs-error = true
z3-bin = 
maxima-simplification = false
print-hex-floats = true
debug = true
print-precision = 7
export-error-bounds-data = 
fp-power2-model = true
opt = auto
default-var-type = float64
verbosity = 2
ulp-error = false
opt-timeout = 10000
nlopt-lib = -lnlopt -lm
tmp-base-dir = tmp
unique-indices = false
z3-seed = 0
tmp-date = false
z3-python-cmd = python
const-approx-real-vars = false
print-second-order-errors = false
Resetting input_parser_env
eval_const_expr: (1/10)
result: 1/10
eval_const_expr: 100
result: 100
eval_const_expr: 0
result: 0
eval_const_expr: 100
result: 100
eval_const_expr: (1/10)
result: 1/10
Resetting input_parser_env
|tasks| = 1
Processing: result

*************************************
Taylor form for: rnd64((rnd64((rnd64(1) / rnd64(x))) / rnd64((rnd64((-(rnd64(1)))) - rnd64(x)))))

Conservative bound: [-9.090909, -0.000099]

Simplified rounding: rnd64((rnd64((1 / x)) / rnd[64,ne,1.00,-53,0](((-(1)) - x))))
Building Taylor forms...
const_form
var_form
div_form
inv_form
mul_form
rounded_form
neg_form
sub_form
rounded_form
div_form
inv_form
mul_form
rounded_form
Taylor forms cache stats: num_bindings = 9, num_buckets = 1024, max_bucket_length = 1
Expr cache stats: num_bindings = 28, num_buckets = 65536, max_bucket_length = 1
Simplifying Taylor forms...
success
v0 = ((1 * (1 / x)) * (1 / ((-(1)) - x)))
-1: exp = -53: (8575364617293263/2475880078570760549798248448)
1: exp = -53: ((1 / ((-(1)) - x)) * floor_power2(((1 * (1 / x)) + 0)))
2: exp = -53: ((1 * (1 / x)) * (-((floor_power2((((-(1)) - x) + 0)) / (((-(1)) - x) * ((-(1)) - x))))))
3: exp = -53: floor_power2((((1 * (1 / x)) * (1 / ((-(1)) - x))) + interval(-5.95299750724633723347e-14, 5.95299750724633723347e-14)))

Corresponding original subexpressions:
1: rnd64((1 / x))
2: rnd[64,ne,1.00,-53,0](((-(1)) - x))
3: rnd64((rnd64((1 / x)) / rnd[64,ne,1.00,-53,0](((-(1)) - x))))

Selected optimization method: bb-eval
bb-eval_opt: x_abs_tol = 1.000000e-02, f_rel_tol = 1.000000e-02, f_abs_tol = 1.000000e-02, iters = 1000000
bounds: [-9.090909e+00, -9.900990e-05]

Computing absolute errors
Selected optimization method: bb-eval
bb-eval_opt: x_abs_tol = 1.000000e-02, f_rel_tol = 1.000000e-02, f_abs_tol = 1.000000e-02, iters = 1000000
rmin(result = 3.463562e-12, lower = 3.463562e-12), rmax(result = 3.463562e-12, lower = 3.463562e-12)
-1: exp = -53: 3.463562e-12 (low = 3.463562e-12, subopt = 0.0%)

Solving the exact optimization problem
Selected optimization method: bb-eval
bb-eval_opt: x_abs_tol = 1.000000e-02, f_rel_tol = 1.000000e-02, f_abs_tol = 1.000000e-02, iters = 1000000
exact bound (exp = -53): 2.353719e+01 (low = 2.353719e+01, subopt = 0.0%)
total2: 3.845326e-28 (low = 3.845326e-28, subopt = 0.0%)
exact total: 2.613153e-15 (low = 2.613153e-15, subopt = 0.0%)

Computing relative errors
**WARNING**: 
Cannot compute the relative error: values of the function are close to zero

Elapsed time: 0.00623
*************************************

-------------------------------------------------------------------------------
Problem: result

Optimization lower bounds for error models:
The absolute error (exact) model: 2.613153e-15 (0x1.789854a0cb584p-49) (suboptimality = 0.0%)

Bounds (without rounding): [-9.090910, -9.900990e-5]
Bounds (floating-point): [-9.090910, -9.900990e-5]

Absolute error (exact): 2.613154e-15 (0x1.789854a0cb58ap-49)

Elapsed time: 0.01

