Base path: /Users/laura.zielinski/FPTaylor
Config file: /Users/laura.zielinski/FPTaylor/default.cfg
Config file: /var/folders/38/q_vgzzt959nfc63ldktzz1gr0000gp/T/tmpqf5somb7.cfg
default-rnd = rnd64
nlopt-cc = gcc -std=c99 -O3
opt-exact = true
develop = false
log-append-date = start
uncertainty = false
rel-error = true
opt-approx = false
proof-record = false
find-bounds = false
proof-dir = proofs
opt-f-abs-tol = 0.01
fail-on-exception = true
print-opt-lower-bounds = true
bb-compile = {base}/b_and_b/compile.sh {base} {input} {out}
z3-python-lib = 
opt-x-abs-tol = 0.01
export-error-bounds = 
opt-f-rel-tol = 0.01
export-options = 
opt-x-rel-tol = 0.0
rel-error-threshold = 0.0001
bb-alg = opt0
log-base-dir = log
intermediate-opt = false
z3-interval-bounds = true
opt-max-iters = 1000000
abs-error = true
z3-bin = 
maxima-simplification = false
print-hex-floats = true
debug = true
print-precision = 7
export-error-bounds-data = 
fp-power2-model = true
opt = auto
default-var-type = float64
verbosity = 2
ulp-error = false
opt-timeout = 10000
nlopt-lib = -lnlopt -lm
tmp-base-dir = tmp
unique-indices = false
z3-seed = 0
tmp-date = false
z3-python-cmd = python
const-approx-real-vars = false
print-second-order-errors = false
Resetting input_parser_env
eval_const_expr: (-((157079632679/100000000000)))
result: -157079632679/100000000000
eval_const_expr: (157079632679/100000000000)
result: 157079632679/100000000000
eval_const_expr: 0
result: 0
eval_const_expr: (157079632679/100000000000)
result: 157079632679/100000000000
eval_const_expr: (-((157079632679/100000000000)))
result: -157079632679/100000000000
Resetting input_parser_env
|tasks| = 1
Processing: result

*************************************
Taylor form for: rnd64((rnd64(x) * rnd64((rnd64((rnd64((rnd64((rnd64(x) * rnd64(x))) / rnd64((-(rnd64(6)))))) - rnd64((-(rnd64(1)))))) + rnd64((rnd64((rnd64((rnd64(x) * rnd64(x))) * rnd64((rnd64(x) * rnd64(x))))) * rnd64((rnd64((rnd64(1) / rnd64(120))) - rnd64((rnd64((rnd64(x) * rnd64(x))) / rnd64(5040)))))))))))

Conservative bound: [-1.650489, 1.650489]

Simplified rounding: rnd64((x * rnd[64,ne,1.00,-53,0]((rnd[64,ne,1.00,-53,0]((rnd64((rnd64((x * x)) / (-(6)))) - (-(1)))) + rnd64((rnd64((rnd64((x * x)) * rnd64((x * x)))) * rnd[64,ne,1.00,-53,0]((rnd64((1 / 120)) - rnd64((rnd64((x * x)) / 5040))))))))))
Building Taylor forms...
var_form
mul_form
rounded_form
const_form
neg_form
div_form
inv_form
mul_form
rounded_form
const_form
neg_form
sub_form
rounded_form
mul_form
rounded_form
const_form
div_form
inv_form
mul_form
rounded_form
const_form
div_form
inv_form
mul_form
rounded_form
sub_form
rounded_form
mul_form
rounded_form
add_form
rounded_form
mul_form
rounded_form
Taylor forms cache stats: num_bindings = 27, num_buckets = 1024, max_bucket_length = 2
Expr cache stats: num_bindings = 93, num_buckets = 65536, max_bucket_length = 2
Simplifying Taylor forms...
success
v0 = (x * ((((x * x) * (1 / (-(6)))) - (-(1))) + (((x * x) * (x * x)) * ((1 * (1 / 120)) - ((x * x) * (1 / 5040))))))
-1: exp = -53: (1855728062187035/40564819207303340847894502572032)
1: exp = -53: (x * (((1 / (-(6))) * floor_power2(((x * x) + 0))) + ((((x * x) * (x * x)) * (-(((1 / 5040) * floor_power2(((x * x) + 0)))))) + (((1 * (1 / 120)) - ((x * x) * (1 / 5040))) * (((x * x) * floor_power2(((x * x) + 0))) + ((x * x) * floor_power2(((x * x) + 0))))))))
2: exp = -53: (x * floor_power2((((x * x) * (1 / (-(6)))) + interval(-3.70074341541718949524e-17, 3.70074341541718949524e-17))))
3: exp = -53: (x * floor_power2(((((x * x) * (1 / (-(6)))) - (-(1))) + interval(-6.47630097698008146260e-17, 6.47630097698008146260e-17))))
4: exp = -53: (x * (((1 * (1 / 120)) - ((x * x) * (1 / 5040))) * floor_power2((((x * x) * (x * x)) + interval(-1.09574620499628722571e-15, 1.09574620499628722571e-15)))))
5: exp = -53: (x * (((x * x) * (x * x)) * floor_power2(((1 * (1 / 120)) + 0))))
6: exp = -53: (x * (((x * x) * (x * x)) * (-(floor_power2((((x * x) * (1 / 5040)) + interval(-4.40564692311570175712e-20, 4.40564692311570175712e-20)))))))
7: exp = -53: (x * (((x * x) * (x * x)) * floor_power2((((1 * (1 / 120)) - ((x * x) * (1 / 5040))) + interval(-9.65628315843835810552e-19, 9.65628315843835810552e-19)))))
8: exp = -53: (x * floor_power2(((((x * x) * (x * x)) * ((1 * (1 / 120)) - ((x * x) * (1 / 5040)))) + interval(-2.37231114400124062720e-17, 2.37231114400124062720e-17))))
9: exp = -53: (x * floor_power2((((((x * x) * (1 / (-(6)))) - (-(1))) + (((x * x) * (x * x)) * ((1 * (1 / 120)) - ((x * x) * (1 / 5040))))) + interval(-1.94114871038183548299e-16, 1.94114871038183548299e-16))))
10: exp = -53: floor_power2(((x * ((((x * x) * (1 / (-(6)))) - (-(1))) + (((x * x) * (x * x)) * ((1 * (1 / 120)) - ((x * x) * (1 / 5040)))))) + interval(-4.79308351301981292676e-16, 4.79308351301981292676e-16)))

Corresponding original subexpressions:
1: rnd64((x * x))
2: rnd64((rnd64((x * x)) / (-(6))))
3: rnd[64,ne,1.00,-53,0]((rnd64((rnd64((x * x)) / (-(6)))) - (-(1))))
4: rnd64((rnd64((x * x)) * rnd64((x * x))))
5: rnd64((1 / 120))
6: rnd64((rnd64((x * x)) / 5040))
7: rnd[64,ne,1.00,-53,0]((rnd64((1 / 120)) - rnd64((rnd64((x * x)) / 5040))))
8: rnd64((rnd64((rnd64((x * x)) * rnd64((x * x)))) * rnd[64,ne,1.00,-53,0]((rnd64((1 / 120)) - rnd64((rnd64((x * x)) / 5040))))))
9: rnd[64,ne,1.00,-53,0]((rnd[64,ne,1.00,-53,0]((rnd64((rnd64((x * x)) / (-(6)))) - (-(1)))) + rnd64((rnd64((rnd64((x * x)) * rnd64((x * x)))) * rnd[64,ne,1.00,-53,0]((rnd64((1 / 120)) - rnd64((rnd64((x * x)) / 5040))))))))
10: rnd64((x * rnd[64,ne,1.00,-53,0]((rnd[64,ne,1.00,-53,0]((rnd64((rnd64((x * x)) / (-(6)))) - (-(1)))) + rnd64((rnd64((rnd64((x * x)) * rnd64((x * x)))) * rnd[64,ne,1.00,-53,0]((rnd64((1 / 120)) - rnd64((rnd64((x * x)) / 5040))))))))))

Selected optimization method: bb-eval
bb-eval_opt: x_abs_tol = 1.000000e-02, f_rel_tol = 1.000000e-02, f_abs_tol = 1.000000e-02, iters = 1000000
bounds: [-1.019100e+00, 1.019100e+00]

Computing absolute errors
Selected optimization method: bb-eval
bb-eval_opt: x_abs_tol = 1.000000e-02, f_rel_tol = 1.000000e-02, f_abs_tol = 1.000000e-02, iters = 1000000
rmin(result = 4.574723e-17, lower = 4.574723e-17), rmax(result = 4.574723e-17, lower = 4.574723e-17)
-1: exp = -53: 4.574723e-17 (low = 4.574723e-17, subopt = 0.0%)

Solving the exact optimization problem
Selected optimization method: bb-eval
bb-eval_opt: x_abs_tol = 1.000000e-02, f_rel_tol = 1.000000e-02, f_abs_tol = 1.000000e-02, iters = 1000000
exact bound (exp = -53): 3.622723e+00 (low = 3.121750e+00, subopt = 13.8%)
total2: 5.078963e-33 (low = 5.078963e-33, subopt = 0.0%)
exact total: 4.022030e-16 (low = 3.465839e-16, subopt = 13.8%)

Computing relative errors
**WARNING**: 
Cannot compute the relative error: values of the function are close to zero

Elapsed time: 0.02000
*************************************

-------------------------------------------------------------------------------
Problem: result

Optimization lower bounds for error models:
The absolute error (exact) model: 3.465839e-16 (0x1.8f9584a77fa6dp-52) (suboptimality = 13.8%)

Bounds (without rounding): [-1.019100, 1.019100]
Bounds (floating-point): [-1.019100, 1.019100]

Absolute error (exact): 4.022031e-16 (0x1.cfb55fa99ee1ap-52)

Elapsed time: 0.02

