Base path: /Users/laura.zielinski/FPTaylor
Config file: /Users/laura.zielinski/FPTaylor/default.cfg
Config file: /var/folders/38/q_vgzzt959nfc63ldktzz1gr0000gp/T/tmp0tfakt4g.cfg
default-rnd = rnd64
nlopt-cc = gcc -std=c99 -O3
opt-exact = true
develop = false
log-append-date = start
uncertainty = false
rel-error = true
opt-approx = false
proof-record = false
find-bounds = false
proof-dir = proofs
opt-f-abs-tol = 0.01
fail-on-exception = true
print-opt-lower-bounds = true
bb-compile = {base}/b_and_b/compile.sh {base} {input} {out}
z3-python-lib = 
opt-x-abs-tol = 0.01
export-error-bounds = 
opt-f-rel-tol = 0.01
export-options = 
opt-x-rel-tol = 0.0
rel-error-threshold = 0.0001
bb-alg = opt0
log-base-dir = log
intermediate-opt = false
z3-interval-bounds = true
opt-max-iters = 1000000
abs-error = true
z3-bin = 
maxima-simplification = false
print-hex-floats = true
debug = true
print-precision = 7
export-error-bounds-data = 
fp-power2-model = true
opt = auto
default-var-type = float64
verbosity = 2
ulp-error = false
opt-timeout = 10000
nlopt-lib = -lnlopt -lm
tmp-base-dir = tmp
unique-indices = false
z3-seed = 0
tmp-date = false
z3-python-cmd = python
const-approx-real-vars = false
print-second-order-errors = false
Resetting input_parser_env
eval_const_expr: (1/10000)
result: 1/10000
eval_const_expr: 100
result: 100
eval_const_expr: 0
result: 0
eval_const_expr: 100
result: 100
eval_const_expr: (1/10000)
result: 1/10000
Resetting input_parser_env
|tasks| = 1
Processing: result

*************************************
Taylor form for: rnd64((rnd64(sqrt(rnd64((rnd64((rnd64(1) + rnd64((rnd64(1) / rnd64(x))))) - rnd64((rnd64((-(rnd64(1)))) - rnd64(x))))))) + rnd64((rnd64((rnd64((-(rnd64(1)))) / rnd64(sqrt(rnd64((rnd64(1) + rnd64(x))))))) - rnd64(sqrt(rnd64(x)))))))

Conservative bound: [-9.582170, 100.399202]

Simplified rounding: rnd[64,ne,1.00,-53,0]((rnd[64,ne,1.00,-53,0](sqrt(rnd[64,ne,1.00,-53,0]((rnd[64,ne,1.00,-53,0]((1 + rnd64((1 / x)))) - rnd[64,ne,1.00,-53,0](((-(1)) - x)))))) + rnd[64,ne,1.00,-53,0]((rnd64(((-(1)) / rnd[64,ne,1.00,-53,0](sqrt(rnd[64,ne,1.00,-53,0]((1 + x)))))) - rnd[64,ne,1.00,-53,0](sqrt(x))))))
Building Taylor forms...
const_form
var_form
div_form
inv_form
mul_form
rounded_form
add_form
rounded_form
neg_form
sub_form
rounded_form
sub_form
rounded_form
sqrt_form
rounded_form
add_form
rounded_form
sqrt_form
rounded_form
div_form
inv_form
mul_form
rounded_form
sqrt_form
rounded_form
sub_form
rounded_form
add_form
rounded_form
Taylor forms cache stats: num_bindings = 25, num_buckets = 1024, max_bucket_length = 1
Expr cache stats: num_bindings = 75, num_buckets = 65536, max_bucket_length = 1
Simplifying Taylor forms...
success
v0 = (sqrt(((1 + (1 * (1 / x))) - ((-(1)) - x))) + (((-(1)) * (1 / sqrt((1 + x)))) - sqrt(x)))
-1: exp = -53: (893612532148789/302231454903657293676544)
1: exp = -53: (floor_power2(((1 * (1 / x)) + 0)) / (2 * sqrt(((1 + (1 * (1 / x))) - ((-(1)) - x)))))
2: exp = -53: (floor_power2(((1 + (1 * (1 / x))) + interval(-9.09494701772928439863e-13, 9.09494701772928439863e-13))) / (2 * sqrt(((1 + (1 * (1 / x))) - ((-(1)) - x)))))
3: exp = -53: ((-(floor_power2((((-(1)) - x) + 0)))) / (2 * sqrt(((1 + (1 * (1 / x))) - ((-(1)) - x)))))
4: exp = -53: (floor_power2((((1 + (1 * (1 / x))) - ((-(1)) - x)) + interval(-1.82609483090345788159e-12, 1.82609483090345788159e-12))) / (2 * sqrt(((1 + (1 * (1 / x))) - ((-(1)) - x)))))
5: exp = -53: floor_power2((sqrt(((1 + (1 * (1 / x))) - ((-(1)) - x))) + interval(-9.64744043521743688955e-13, 9.64744043521743688955e-13)))
6: exp = -53: ((-(1)) * (-(((floor_power2(((1 + x) + 0)) / (2 * sqrt((1 + x)))) / (sqrt((1 + x)) * sqrt((1 + x)))))))
7: exp = -53: ((-(1)) * (-((floor_power2((sqrt((1 + x)) + interval(-3.55253605643813391643e-15, 3.55253605643813391643e-15))) / (sqrt((1 + x)) * sqrt((1 + x)))))))
8: exp = -53: floor_power2((((-(1)) * (1 / sqrt((1 + x)))) + interval(-4.44027044909337141711e-15, 4.44027044909337141711e-15)))
9: exp = -53: (-(floor_power2((sqrt(x) + 0))))
10: exp = -53: floor_power2(((((-(1)) * (1 / sqrt((1 + x)))) - sqrt(x)) + interval(-5.38396002002475447647e-15, 5.38396002002475447647e-15)))
11: exp = -53: floor_power2(((sqrt(((1 + (1 * (1 / x))) - ((-(1)) - x))) + (((-(1)) * (1 / sqrt((1 + x)))) - sqrt(x))) + interval(-9.78121609319069682540e-13, 9.78121609319069682540e-13)))

Corresponding original subexpressions:
1: rnd64((1 / x))
2: rnd[64,ne,1.00,-53,0]((1 + rnd64((1 / x))))
3: rnd[64,ne,1.00,-53,0](((-(1)) - x))
4: rnd[64,ne,1.00,-53,0]((rnd[64,ne,1.00,-53,0]((1 + rnd64((1 / x)))) - rnd[64,ne,1.00,-53,0](((-(1)) - x))))
5: rnd[64,ne,1.00,-53,0](sqrt(rnd[64,ne,1.00,-53,0]((rnd[64,ne,1.00,-53,0]((1 + rnd64((1 / x)))) - rnd[64,ne,1.00,-53,0](((-(1)) - x))))))
6: rnd[64,ne,1.00,-53,0]((1 + x))
7: rnd[64,ne,1.00,-53,0](sqrt(rnd[64,ne,1.00,-53,0]((1 + x))))
8: rnd64(((-(1)) / rnd[64,ne,1.00,-53,0](sqrt(rnd[64,ne,1.00,-53,0]((1 + x))))))
9: rnd[64,ne,1.00,-53,0](sqrt(x))
10: rnd[64,ne,1.00,-53,0]((rnd64(((-(1)) / rnd[64,ne,1.00,-53,0](sqrt(rnd[64,ne,1.00,-53,0]((1 + x)))))) - rnd[64,ne,1.00,-53,0](sqrt(x))))
11: rnd[64,ne,1.00,-53,0]((rnd[64,ne,1.00,-53,0](sqrt(rnd[64,ne,1.00,-53,0]((rnd[64,ne,1.00,-53,0]((1 + rnd64((1 / x)))) - rnd[64,ne,1.00,-53,0](((-(1)) - x)))))) + rnd[64,ne,1.00,-53,0]((rnd64(((-(1)) / rnd[64,ne,1.00,-53,0](sqrt(rnd[64,ne,1.00,-53,0]((1 + x)))))) - rnd[64,ne,1.00,-53,0](sqrt(x))))))

Selected optimization method: bb-eval
bb-eval_opt: x_abs_tol = 1.000000e-02, f_rel_tol = 1.000000e-02, f_abs_tol = 1.000000e-02, iters = 1000000
bounds: [-9.465696e-03, 9.992879e+01]

Computing absolute errors
Selected optimization method: bb-eval
bb-eval_opt: x_abs_tol = 1.000000e-02, f_rel_tol = 1.000000e-02, f_abs_tol = 1.000000e-02, iters = 1000000
rmin(result = 2.956716e-09, lower = 2.956716e-09), rmax(result = 2.956716e-09, lower = 2.956716e-09)
-1: exp = -53: 2.956716e-09 (low = 2.956716e-09, subopt = 0.0%)

Solving the exact optimization problem
Selected optimization method: bb-eval
bb-eval_opt: x_abs_tol = 1.000000e-02, f_rel_tol = 1.000000e-02, f_abs_tol = 1.000000e-02, iters = 1000000
exact bound (exp = -53): 1.092984e+03 (low = 2.538804e+02, subopt = 76.8%)
total2: 3.282614e-25 (low = 3.282614e-25, subopt = 0.0%)
exact total: 1.213456e-13 (low = 2.818638e-14, subopt = 76.8%)

Computing relative errors
**WARNING**: 
Cannot compute the relative error: values of the function are close to zero

Elapsed time: 0.02999
*************************************

-------------------------------------------------------------------------------
Problem: result

Optimization lower bounds for error models:
The absolute error (exact) model: 2.818638e-14 (0x1.fbc2bd44a2a0ap-46) (suboptimality = 76.8%)

Bounds (without rounding): [-9.465696e-3, 9.992880e+1]
Bounds (floating-point): [-9.465696e-3, 9.992880e+1]

Absolute error (exact): 1.213457e-13 (0x1.113f007d4ad47p-43)

Elapsed time: 0.03

