Base path: /Users/laura.zielinski/FPTaylor
Config file: /Users/laura.zielinski/FPTaylor/default.cfg
Config file: /var/folders/38/q_vgzzt959nfc63ldktzz1gr0000gp/T/tmpv6nbaisb.cfg
default-rnd = rnd64
nlopt-cc = gcc -std=c99 -O3
opt-exact = true
develop = false
log-append-date = start
uncertainty = false
rel-error = true
opt-approx = false
proof-record = false
find-bounds = false
proof-dir = proofs
opt-f-abs-tol = 0.01
fail-on-exception = true
print-opt-lower-bounds = true
bb-compile = {base}/b_and_b/compile.sh {base} {input} {out}
z3-python-lib = 
opt-x-abs-tol = 0.01
export-error-bounds = 
opt-f-rel-tol = 0.01
export-options = 
opt-x-rel-tol = 0.0
rel-error-threshold = 0.0001
bb-alg = opt0
log-base-dir = log
intermediate-opt = false
z3-interval-bounds = true
opt-max-iters = 1000000
abs-error = true
z3-bin = 
maxima-simplification = false
print-hex-floats = true
debug = true
print-precision = 7
export-error-bounds-data = 
fp-power2-model = true
opt = auto
default-var-type = float64
verbosity = 2
ulp-error = false
opt-timeout = 10000
nlopt-lib = -lnlopt -lm
tmp-base-dir = tmp
unique-indices = false
z3-seed = 0
tmp-date = false
z3-python-cmd = python
const-approx-real-vars = false
print-second-order-errors = false
Resetting input_parser_env
eval_const_expr: (-(1))
result: -1
eval_const_expr: 1
result: 1
eval_const_expr: 0
result: 0
eval_const_expr: 1
result: 1
eval_const_expr: (-(1))
result: -1
eval_const_expr: 0
result: 0
eval_const_expr: (1/10)
result: 1/10
eval_const_expr: 0
result: 0
eval_const_expr: (1/10)
result: 1/10
eval_const_expr: 0
result: 0
eval_const_expr: 1
result: 1
eval_const_expr: (21/20)
result: 21/20
eval_const_expr: 0
result: 0
eval_const_expr: (21/20)
result: 21/20
eval_const_expr: 1
result: 1
Resetting input_parser_env
|tasks| = 1
Processing: result

*************************************
Taylor form for: rnd64((rnd64((rnd64((rnd64(rone_es) - rnd64((rnd64((rnd64(2) - rnd64((rnd64(es) * rnd64((rnd64(ca) * rnd64(ca))))))) * rnd64((rnd64((rnd64(ca) * rnd64(es))) * rnd64((rnd64(ca) * rnd64(rone_es))))))))) * rnd64(rone_es))) + rnd64((-(rnd64(1))))))

Conservative bound: [-0.210000, 0.323000]

Simplified rounding: rnd[64,ne,1.00,-53,0]((rnd64((rnd[64,ne,1.00,-53,0]((rone_es - rnd64((rnd[64,ne,1.00,-53,0]((2 - rnd64((es * rnd64((ca * ca)))))) * rnd64((rnd64((ca * es)) * rnd64((ca * rone_es)))))))) * rone_es)) + (-(1))))
Building Taylor forms...
var_form
const_form
var_form
var_form
mul_form
rounded_form
mul_form
rounded_form
sub_form
rounded_form
mul_form
rounded_form
mul_form
rounded_form
mul_form
rounded_form
mul_form
rounded_form
sub_form
rounded_form
mul_form
rounded_form
const_form
neg_form
add_form
rounded_form
Taylor forms cache stats: num_bindings = 26, num_buckets = 1024, max_bucket_length = 1
Expr cache stats: num_bindings = 85, num_buckets = 65536, max_bucket_length = 1
Simplifying Taylor forms...
success
v0 = (((rone_es - ((2 - (es * (ca * ca))) * ((ca * es) * (ca * rone_es)))) * rone_es) + (-(1)))
-1: exp = -53: (1434981421503481/20282409603651670423947251286016)
1: exp = -53: (rone_es * (-((((ca * es) * (ca * rone_es)) * (-((es * floor_power2(((ca * ca) + 0)))))))))
2: exp = -53: (rone_es * (-((((ca * es) * (ca * rone_es)) * (-(floor_power2(((es * (ca * ca)) + interval(-5.55111512312578378064e-18, 5.55111512312578378064e-18)))))))))
3: exp = -53: (rone_es * (-((((ca * es) * (ca * rone_es)) * floor_power2(((2 - (es * (ca * ca))) + interval(-1.24900090270330129287e-17, 1.24900090270330129287e-17)))))))
4: exp = -53: (rone_es * (-(((2 - (es * (ca * ca))) * ((ca * rone_es) * floor_power2(((ca * es) + 0)))))))
5: exp = -53: (rone_es * (-(((2 - (es * (ca * ca))) * ((ca * es) * floor_power2(((ca * rone_es) + 0)))))))
6: exp = -53: (rone_es * (-(((2 - (es * (ca * ca))) * floor_power2((((ca * es) * (ca * rone_es)) + interval(-1.83880688453541576660e-17, 1.83880688453541576660e-17)))))))
7: exp = -53: (rone_es * (-(floor_power2((((2 - (es * (ca * ca))) * ((ca * es) * (ca * rone_es))) + interval(-7.52800599634895467015e-17, 7.52800599634895467015e-17))))))
8: exp = -53: (rone_es * floor_power2(((rone_es - ((2 - (es * (ca * ca))) * ((ca * es) * (ca * rone_es)))) + interval(-8.91578477713040034568e-17, 8.91578477713040034568e-17))))
9: exp = -53: floor_power2((((rone_es - ((2 - (es * (ca * ca))) * ((ca * es) * (ca * rone_es)))) * rone_es) + interval(-2.10189157745510669956e-16, 2.10189157745510669956e-16)))
10: exp = -53: floor_power2(((((rone_es - ((2 - (es * (ca * ca))) * ((ca * es) * (ca * rone_es)))) * rone_es) + (-(1))) + interval(-3.21211460208026348651e-16, 3.21211460208026348651e-16)))

Corresponding original subexpressions:
1: rnd64((ca * ca))
2: rnd64((es * rnd64((ca * ca))))
3: rnd[64,ne,1.00,-53,0]((2 - rnd64((es * rnd64((ca * ca))))))
4: rnd64((ca * es))
5: rnd64((ca * rone_es))
6: rnd64((rnd64((ca * es)) * rnd64((ca * rone_es))))
7: rnd64((rnd[64,ne,1.00,-53,0]((2 - rnd64((es * rnd64((ca * ca)))))) * rnd64((rnd64((ca * es)) * rnd64((ca * rone_es))))))
8: rnd[64,ne,1.00,-53,0]((rone_es - rnd64((rnd[64,ne,1.00,-53,0]((2 - rnd64((es * rnd64((ca * ca)))))) * rnd64((rnd64((ca * es)) * rnd64((ca * rone_es))))))))
9: rnd64((rnd[64,ne,1.00,-53,0]((rone_es - rnd64((rnd[64,ne,1.00,-53,0]((2 - rnd64((es * rnd64((ca * ca)))))) * rnd64((rnd64((ca * es)) * rnd64((ca * rone_es)))))))) * rone_es))
10: rnd[64,ne,1.00,-53,0]((rnd64((rnd[64,ne,1.00,-53,0]((rone_es - rnd64((rnd[64,ne,1.00,-53,0]((2 - rnd64((es * rnd64((ca * ca)))))) * rnd64((rnd64((ca * es)) * rnd64((ca * rone_es)))))))) * rone_es)) + (-(1))))

Selected optimization method: bb-eval
bb-eval_opt: x_abs_tol = 1.000000e-02, f_rel_tol = 1.000000e-02, f_abs_tol = 1.000000e-02, iters = 1000000
bounds: [-1.919632e-01, 1.025000e-01]

Computing absolute errors
Selected optimization method: bb-eval
bb-eval_opt: x_abs_tol = 1.000000e-02, f_rel_tol = 1.000000e-02, f_abs_tol = 1.000000e-02, iters = 1000000
rmin(result = 7.075005e-17, lower = 7.075005e-17), rmax(result = 7.075005e-17, lower = 7.075005e-17)
-1: exp = -53: 7.075005e-17 (low = 7.075005e-17, subopt = 0.0%)

Solving the exact optimization problem
Selected optimization method: bb-eval
bb-eval_opt: x_abs_tol = 1.000000e-02, f_rel_tol = 1.000000e-02, f_abs_tol = 1.000000e-02, iters = 1000000
exact bound (exp = -53): 2.344775e+00 (low = 2.270909e+00, subopt = 3.2%)
total2: 7.854833e-33 (low = 7.854833e-33, subopt = 0.0%)
exact total: 2.603224e-16 (low = 2.521216e-16, subopt = 3.2%)

Computing relative errors
**WARNING**: 
Cannot compute the relative error: values of the function are close to zero

Elapsed time: 0.05241
*************************************

-------------------------------------------------------------------------------
Problem: result

Optimization lower bounds for error models:
The absolute error (exact) model: 2.521215e-16 (0x1.22ad26f93c3c8p-52) (suboptimality = 3.2%)

Bounds (without rounding): [-1.919633e-1, 1.025001e-1]
Bounds (floating-point): [-1.919633e-1, 1.025001e-1]

Absolute error (exact): 2.603224e-16 (0x1.2c219a415916ep-52)

Elapsed time: 0.05

