Base path: /Users/laura.zielinski/FPTaylor
Config file: /Users/laura.zielinski/FPTaylor/default.cfg
Config file: /var/folders/38/q_vgzzt959nfc63ldktzz1gr0000gp/T/tmpv5n3gqit.cfg
default-rnd = rnd64
nlopt-cc = gcc -std=c99 -O3
opt-exact = true
develop = false
log-append-date = start
uncertainty = false
rel-error = true
opt-approx = false
proof-record = false
find-bounds = false
proof-dir = proofs
opt-f-abs-tol = 0.01
fail-on-exception = true
print-opt-lower-bounds = true
bb-compile = {base}/b_and_b/compile.sh {base} {input} {out}
z3-python-lib = 
opt-x-abs-tol = 0.01
export-error-bounds = 
opt-f-rel-tol = 0.01
export-options = 
opt-x-rel-tol = 0.0
rel-error-threshold = 0.0001
bb-alg = opt0
log-base-dir = log
intermediate-opt = false
z3-interval-bounds = true
opt-max-iters = 1000000
abs-error = true
z3-bin = 
maxima-simplification = false
print-hex-floats = true
debug = true
print-precision = 7
export-error-bounds-data = 
fp-power2-model = true
opt = auto
default-var-type = float64
verbosity = 2
ulp-error = false
opt-timeout = 10000
nlopt-lib = -lnlopt -lm
tmp-base-dir = tmp
unique-indices = false
z3-seed = 0
tmp-date = false
z3-python-cmd = python
const-approx-real-vars = false
print-second-order-errors = false
Resetting input_parser_env
eval_const_expr: (-(10))
result: -10
eval_const_expr: 10
result: 10
eval_const_expr: 0
result: 0
eval_const_expr: 10
result: 10
eval_const_expr: (-(10))
result: -10
eval_const_expr: (-(10))
result: -10
eval_const_expr: 10
result: 10
eval_const_expr: 0
result: 0
eval_const_expr: 10
result: 10
eval_const_expr: (-(10))
result: -10
eval_const_expr: (-(10))
result: -10
eval_const_expr: 10
result: 10
eval_const_expr: 0
result: 0
eval_const_expr: 10
result: 10
eval_const_expr: (-(10))
result: -10
eval_const_expr: (-(10))
result: -10
eval_const_expr: 10
result: 10
eval_const_expr: 0
result: 0
eval_const_expr: 10
result: 10
eval_const_expr: (-(10))
result: -10
eval_const_expr: (-(10))
result: -10
eval_const_expr: 10
result: 10
eval_const_expr: 0
result: 0
eval_const_expr: 10
result: 10
eval_const_expr: (-(10))
result: -10
eval_const_expr: (-(10))
result: -10
eval_const_expr: 10
result: 10
eval_const_expr: 0
result: 0
eval_const_expr: 10
result: 10
eval_const_expr: (-(10))
result: -10
eval_const_expr: (-(10))
result: -10
eval_const_expr: 10
result: 10
eval_const_expr: 0
result: 0
eval_const_expr: 10
result: 10
eval_const_expr: (-(10))
result: -10
eval_const_expr: (-(10))
result: -10
eval_const_expr: 10
result: 10
eval_const_expr: 0
result: 0
eval_const_expr: 10
result: 10
eval_const_expr: (-(10))
result: -10
eval_const_expr: (-(10))
result: -10
eval_const_expr: 10
result: 10
eval_const_expr: 0
result: 0
eval_const_expr: 10
result: 10
eval_const_expr: (-(10))
result: -10
Resetting input_parser_env
|tasks| = 1
Processing: result

*************************************
Taylor form for: rnd64((rnd64((rnd64((rnd64((rnd64((rnd64(h) * rnd64(d))) - rnd64((rnd64(g) * rnd64(e))))) * rnd64(c))) - rnd64((rnd64((rnd64(d) * rnd64(b))) * rnd64(i))))) + rnd64((rnd64((rnd64(a) * rnd64((rnd64(i) * rnd64(e))))) - rnd64((rnd64(f) * rnd64((rnd64((rnd64(a) * rnd64(h))) - rnd64((rnd64(b) * rnd64(g)))))))))))

Conservative bound: [-6000.000000, 6000.000000]

Simplified rounding: rnd[64,ne,1.00,-53,0]((rnd[64,ne,1.00,-53,0]((rnd64((rnd[64,ne,1.00,-53,0]((rnd64((h * d)) - rnd64((g * e)))) * c)) - rnd64((rnd64((d * b)) * i)))) + rnd[64,ne,1.00,-53,0]((rnd64((a * rnd64((i * e)))) - rnd64((f * rnd[64,ne,1.00,-53,0]((rnd64((a * h)) - rnd64((b * g))))))))))
Building Taylor forms...
var_form
var_form
mul_form
rounded_form
var_form
var_form
mul_form
rounded_form
sub_form
rounded_form
var_form
mul_form
rounded_form
var_form
mul_form
rounded_form
var_form
mul_form
rounded_form
sub_form
rounded_form
var_form
mul_form
rounded_form
mul_form
rounded_form
var_form
mul_form
rounded_form
mul_form
rounded_form
sub_form
rounded_form
mul_form
rounded_form
sub_form
rounded_form
add_form
rounded_form
Taylor forms cache stats: num_bindings = 39, num_buckets = 1024, max_bucket_length = 2
Expr cache stats: num_bindings = 87, num_buckets = 65536, max_bucket_length = 1
Simplifying Taylor forms...
success
v0 = (((((h * d) - (g * e)) * c) - ((d * b) * i)) + ((a * (i * e)) - (f * ((a * h) - (b * g)))))
-1: exp = -53: (1/77962512091199992642827059103001506487009814860760060214943251657703589526131408819724920527056082073802439329851269345467673358921624752372623898370501227356250221599651784238966317243920429186822396747833747030989484783403158999565970908923751724902621910424834220376654628719935312887808)
1: exp = -53: (c * floor_power2(((h * d) + 0)))
2: exp = -53: (c * (-(floor_power2(((g * e) + 0)))))
3: exp = -53: (c * floor_power2((((h * d) - (g * e)) + interval(-1.42108547152020068729e-14, 1.42108547152020068729e-14))))
4: exp = -53: floor_power2(((((h * d) - (g * e)) * c) + interval(-2.84217094304040124836e-13, 2.84217094304040124836e-13)))
5: exp = -53: (-((i * floor_power2(((d * b) + 0)))))
6: exp = -53: (-(floor_power2((((d * b) * i) + interval(-7.10542735760100312089e-14, 7.10542735760100312089e-14)))))
7: exp = -53: floor_power2((((((h * d) - (g * e)) * c) - ((d * b) * i)) + interval(-5.25801624462474238519e-13, 5.25801624462474238519e-13)))
8: exp = -53: (a * floor_power2(((i * e) + 0)))
9: exp = -53: floor_power2(((a * (i * e)) + interval(-7.10542735760100312089e-14, 7.10542735760100312089e-14)))
10: exp = -53: (-((f * floor_power2(((a * h) + 0)))))
11: exp = -53: (-((f * (-(floor_power2(((b * g) + 0)))))))
12: exp = -53: (-((f * floor_power2((((a * h) - (b * g)) + interval(-1.42108547152020068729e-14, 1.42108547152020068729e-14))))))
13: exp = -53: (-(floor_power2(((f * ((a * h) - (b * g))) + interval(-2.84217094304040124836e-13, 2.84217094304040124836e-13)))))
14: exp = -53: floor_power2((((a * (i * e)) - (f * ((a * h) - (b * g)))) + interval(-5.25801624462474238519e-13, 5.25801624462474238519e-13)))
15: exp = -53: floor_power2(((((((h * d) - (g * e)) * c) - ((d * b) * i)) + ((a * (i * e)) - (f * ((a * h) - (b * g))))) + interval(-1.50635059981141259600e-12, 1.50635059981141259600e-12)))

Corresponding original subexpressions:
1: rnd64((h * d))
2: rnd64((g * e))
3: rnd[64,ne,1.00,-53,0]((rnd64((h * d)) - rnd64((g * e))))
4: rnd64((rnd[64,ne,1.00,-53,0]((rnd64((h * d)) - rnd64((g * e)))) * c))
5: rnd64((d * b))
6: rnd64((rnd64((d * b)) * i))
7: rnd[64,ne,1.00,-53,0]((rnd64((rnd[64,ne,1.00,-53,0]((rnd64((h * d)) - rnd64((g * e)))) * c)) - rnd64((rnd64((d * b)) * i))))
8: rnd64((i * e))
9: rnd64((a * rnd64((i * e))))
10: rnd64((a * h))
11: rnd64((b * g))
12: rnd[64,ne,1.00,-53,0]((rnd64((a * h)) - rnd64((b * g))))
13: rnd64((f * rnd[64,ne,1.00,-53,0]((rnd64((a * h)) - rnd64((b * g))))))
14: rnd[64,ne,1.00,-53,0]((rnd64((a * rnd64((i * e)))) - rnd64((f * rnd[64,ne,1.00,-53,0]((rnd64((a * h)) - rnd64((b * g))))))))
15: rnd[64,ne,1.00,-53,0]((rnd[64,ne,1.00,-53,0]((rnd64((rnd[64,ne,1.00,-53,0]((rnd64((h * d)) - rnd64((g * e)))) * c)) - rnd64((rnd64((d * b)) * i)))) + rnd[64,ne,1.00,-53,0]((rnd64((a * rnd64((i * e)))) - rnd64((f * rnd[64,ne,1.00,-53,0]((rnd64((a * h)) - rnd64((b * g))))))))))

Selected optimization method: bb
bb_opt: x_abs_tol = 1.000000e-02, f_rel_tol = 1.000000e-02, f_abs_tol = 1.000000e-02, iters = 1000000
iterations(min = 1000000, max = 1000000): 1000000
min = -4.120178e+03 (lower_min = -3.997101e+03)
max = 4.120178e+03 (lower_max = 3.997101e+03)
subopt = 1.230774e+02 (3.0%)
bounds: [-4.120178e+03, 4.120178e+03]

Computing absolute errors
Selected optimization method: bb-eval
bb-eval_opt: x_abs_tol = 1.000000e-02, f_rel_tol = 1.000000e-02, f_abs_tol = 1.000000e-02, iters = 1000000
rmin(result = 1.282668e-290, lower = 1.282668e-290), rmax(result = 1.282668e-290, lower = 1.282668e-290)
-1: exp = -53: 1.282668e-290 (low = 1.282668e-290, subopt = 0.0%)

Solving the exact optimization problem
Selected optimization method: bb
bb_opt: x_abs_tol = 1.000000e-02, f_rel_tol = 1.000000e-02, f_abs_tol = 1.000000e-02, iters = 1000000
iterations(min = 0, max = 272954): 272954
min = 0.000000e+00 (lower_min = 0.000000e+00)
max = 1.459200e+04 (lower_max = 1.459200e+04)
subopt = 0.000000e+00 (0.0%)
exact bound (exp = -53): 1.459200e+04 (low = 1.459200e+04, subopt = 0.0%)
total2: 1.424047e-306 (low = 1.424047e-306, subopt = 0.0%)
exact total: 1.620037e-12 (low = 1.620037e-12, subopt = 0.0%)

Computing relative errors
**WARNING**: 
Cannot compute the relative error: values of the function are close to zero

Elapsed time: 7.74539
*************************************

-------------------------------------------------------------------------------
Problem: result

Optimization lower bounds for error models:
The absolute error (exact) model: 1.620037e-12 (0x1.c8p-40) (suboptimality = 0.0%)

Bounds (without rounding): [-4.120179e+3, 4.120179e+3]
Bounds (floating-point): [-4.120179e+3, 4.120179e+3]

Absolute error (exact): 1.620038e-12 (0x1.c800000000001p-40)

Elapsed time: 7.75

