Base path: /Users/laura.zielinski/FPTaylor
Config file: /Users/laura.zielinski/FPTaylor/default.cfg
Config file: /var/folders/38/q_vgzzt959nfc63ldktzz1gr0000gp/T/tmpq0e6kfww.cfg
default-rnd = rnd64
nlopt-cc = gcc -std=c99 -O3
opt-exact = true
develop = false
log-append-date = start
uncertainty = false
rel-error = true
opt-approx = false
proof-record = false
find-bounds = false
proof-dir = proofs
opt-f-abs-tol = 0.01
fail-on-exception = true
print-opt-lower-bounds = true
bb-compile = {base}/b_and_b/compile.sh {base} {input} {out}
z3-python-lib = 
opt-x-abs-tol = 0.01
export-error-bounds = 
opt-f-rel-tol = 0.01
export-options = 
opt-x-rel-tol = 0.0
rel-error-threshold = 0.0001
bb-alg = opt0
log-base-dir = log
intermediate-opt = false
z3-interval-bounds = true
opt-max-iters = 1000000
abs-error = true
z3-bin = 
maxima-simplification = false
print-hex-floats = true
debug = true
print-precision = 7
export-error-bounds-data = 
fp-power2-model = true
opt = auto
default-var-type = float64
verbosity = 2
ulp-error = false
opt-timeout = 10000
nlopt-lib = -lnlopt -lm
tmp-base-dir = tmp
unique-indices = false
z3-seed = 0
tmp-date = false
z3-python-cmd = python
const-approx-real-vars = false
print-second-order-errors = false
Resetting input_parser_env
eval_const_expr: (1/10000)
result: 1/10000
eval_const_expr: 100
result: 100
eval_const_expr: 0
result: 0
eval_const_expr: 100
result: 100
eval_const_expr: (1/10000)
result: 1/10000
Resetting input_parser_env
|tasks| = 1
Processing: result

*************************************
Taylor form for: rnd64(sqrt(rnd64((rnd64(1) / rnd64((rnd64((rnd64(x) - rnd64((-(rnd64(1)))))) - rnd64((rnd64((rnd64((-(rnd64(2)))) * rnd64(sqrt(rnd64((rnd64((rnd64(x) * rnd64(x))) + rnd64(x))))))) - rnd64(x)))))))))

Conservative bound: [0.049876, 0.990050]

Simplified rounding: rnd[64,ne,1.00,-53,0](sqrt(rnd64((1 / rnd[64,ne,1.00,-53,0]((rnd[64,ne,1.00,-53,0]((x - (-(1)))) - rnd[64,ne,1.00,-53,0]((rnd64(((-(2)) * rnd[64,ne,1.00,-53,0](sqrt(rnd[64,ne,1.00,-53,0]((rnd64((x * x)) + x)))))) - x))))))))
Building Taylor forms...
const_form
var_form
neg_form
sub_form
rounded_form
const_form
neg_form
mul_form
rounded_form
add_form
rounded_form
sqrt_form
rounded_form
mul_form
rounded_form
sub_form
rounded_form
sub_form
rounded_form
div_form
inv_form
mul_form
rounded_form
sqrt_form
rounded_form
Taylor forms cache stats: num_bindings = 23, num_buckets = 1024, max_bucket_length = 2
Expr cache stats: num_bindings = 97, num_buckets = 65536, max_bucket_length = 2
Simplifying Taylor forms...
success
v0 = sqrt((1 * (1 / ((x - (-(1))) - (((-(2)) * sqrt(((x * x) + x))) - x)))))
-1: exp = -53: (1585250471670331/4503599627370496)
1: exp = -53: ((1 * (-((floor_power2(((x - (-(1))) + 0)) / (((x - (-(1))) - (((-(2)) * sqrt(((x * x) + x))) - x)) * ((x - (-(1))) - (((-(2)) * sqrt(((x * x) + x))) - x))))))) / (2 * sqrt((1 * (1 / ((x - (-(1))) - (((-(2)) * sqrt(((x * x) + x))) - x)))))))
2: exp = -53: ((1 * (-(((-(((-(2)) * (floor_power2(((x * x) + 0)) / (2 * sqrt(((x * x) + x))))))) / (((x - (-(1))) - (((-(2)) * sqrt(((x * x) + x))) - x)) * ((x - (-(1))) - (((-(2)) * sqrt(((x * x) + x))) - x))))))) / (2 * sqrt((1 * (1 / ((x - (-(1))) - (((-(2)) * sqrt(((x * x) + x))) - x)))))))
3: exp = -53: ((1 * (-(((-(((-(2)) * (floor_power2((((x * x) + x) + interval(-9.09494701772928439863e-13, 9.09494701772928439863e-13))) / (2 * sqrt(((x * x) + x))))))) / (((x - (-(1))) - (((-(2)) * sqrt(((x * x) + x))) - x)) * ((x - (-(1))) - (((-(2)) * sqrt(((x * x) + x))) - x))))))) / (2 * sqrt((1 * (1 / ((x - (-(1))) - (((-(2)) * sqrt(((x * x) + x))) - x)))))))
4: exp = -53: ((1 * (-(((-(((-(2)) * floor_power2((sqrt(((x * x) + x)) + interval(-9.09449234583443606858e-11, 9.09449234583443606858e-11)))))) / (((x - (-(1))) - (((-(2)) * sqrt(((x * x) + x))) - x)) * ((x - (-(1))) - (((-(2)) * sqrt(((x * x) + x))) - x))))))) / (2 * sqrt((1 * (1 / ((x - (-(1))) - (((-(2)) * sqrt(((x * x) + x))) - x)))))))
5: exp = -53: ((1 * (-(((-(floor_power2((((-(2)) * sqrt(((x * x) + x))) + interval(-1.81904057771403923375e-10, 1.81904057771403923375e-10))))) / (((x - (-(1))) - (((-(2)) * sqrt(((x * x) + x))) - x)) * ((x - (-(1))) - (((-(2)) * sqrt(((x * x) + x))) - x))))))) / (2 * sqrt((1 * (1 / ((x - (-(1))) - (((-(2)) * sqrt(((x * x) + x))) - x)))))))
6: exp = -53: ((1 * (-(((-(floor_power2(((((-(2)) * sqrt(((x * x) + x))) - x) + interval(-1.81918268626119125379e-10, 1.81918268626119125379e-10))))) / (((x - (-(1))) - (((-(2)) * sqrt(((x * x) + x))) - x)) * ((x - (-(1))) - (((-(2)) * sqrt(((x * x) + x))) - x))))))) / (2 * sqrt((1 * (1 / ((x - (-(1))) - (((-(2)) * sqrt(((x * x) + x))) - x)))))))
7: exp = -53: ((1 * (-((floor_power2((((x - (-(1))) - (((-(2)) * sqrt(((x * x) + x))) - x)) + interval(-1.81953795762907130388e-10, 1.81953795762907130388e-10))) / (((x - (-(1))) - (((-(2)) * sqrt(((x * x) + x))) - x)) * ((x - (-(1))) - (((-(2)) * sqrt(((x * x) + x))) - x))))))) / (2 * sqrt((1 * (1 / ((x - (-(1))) - (((-(2)) * sqrt(((x * x) + x))) - x)))))))
8: exp = -53: (floor_power2(((1 * (1 / ((x - (-(1))) - (((-(2)) * sqrt(((x * x) + x))) - x)))) + interval(-1.74846709251321279906e-10, 1.74846709251321279906e-10))) / (2 * sqrt((1 * (1 / ((x - (-(1))) - (((-(2)) * sqrt(((x * x) + x))) - x)))))))
9: exp = -53: floor_power2((sqrt((1 * (1 / ((x - (-(1))) - (((-(2)) * sqrt(((x * x) + x))) - x))))) + interval(-1.75282797392215885745e-09, 1.75282797392215885745e-09)))

Corresponding original subexpressions:
1: rnd[64,ne,1.00,-53,0]((x - (-(1))))
2: rnd64((x * x))
3: rnd[64,ne,1.00,-53,0]((rnd64((x * x)) + x))
4: rnd[64,ne,1.00,-53,0](sqrt(rnd[64,ne,1.00,-53,0]((rnd64((x * x)) + x))))
5: rnd64(((-(2)) * rnd[64,ne,1.00,-53,0](sqrt(rnd[64,ne,1.00,-53,0]((rnd64((x * x)) + x))))))
6: rnd[64,ne,1.00,-53,0]((rnd64(((-(2)) * rnd[64,ne,1.00,-53,0](sqrt(rnd[64,ne,1.00,-53,0]((rnd64((x * x)) + x)))))) - x))
7: rnd[64,ne,1.00,-53,0]((rnd[64,ne,1.00,-53,0]((x - (-(1)))) - rnd[64,ne,1.00,-53,0]((rnd64(((-(2)) * rnd[64,ne,1.00,-53,0](sqrt(rnd[64,ne,1.00,-53,0]((rnd64((x * x)) + x)))))) - x))))
8: rnd64((1 / rnd[64,ne,1.00,-53,0]((rnd[64,ne,1.00,-53,0]((x - (-(1)))) - rnd[64,ne,1.00,-53,0]((rnd64(((-(2)) * rnd[64,ne,1.00,-53,0](sqrt(rnd[64,ne,1.00,-53,0]((rnd64((x * x)) + x)))))) - x))))))
9: rnd[64,ne,1.00,-53,0](sqrt(rnd64((1 / rnd[64,ne,1.00,-53,0]((rnd[64,ne,1.00,-53,0]((x - (-(1)))) - rnd[64,ne,1.00,-53,0]((rnd64(((-(2)) * rnd[64,ne,1.00,-53,0](sqrt(rnd[64,ne,1.00,-53,0]((rnd64((x * x)) + x)))))) - x))))))))

Selected optimization method: bb-eval
bb-eval_opt: x_abs_tol = 1.000000e-02, f_rel_tol = 1.000000e-02, f_abs_tol = 1.000000e-02, iters = 1000000
bounds: [4.987562e-02, 9.900500e-01]

Computing absolute errors
Selected optimization method: bb-eval
bb-eval_opt: x_abs_tol = 1.000000e-02, f_rel_tol = 1.000000e-02, f_abs_tol = 1.000000e-02, iters = 1000000
rmin(result = 3.519963e-01, lower = 3.519963e-01), rmax(result = 3.519963e-01, lower = 3.519963e-01)
-1: exp = -53: 3.519963e-01 (low = 3.519963e-01, subopt = 0.0%)

Solving the exact optimization problem
Selected optimization method: bb-eval
bb-eval_opt: x_abs_tol = 1.000000e-02, f_rel_tol = 1.000000e-02, f_abs_tol = 1.000000e-02, iters = 1000000
exact bound (exp = -53): 2.209391e+00 (low = 1.748665e+00, subopt = 20.9%)
total2: 3.907944e-17 (low = 3.907944e-17, subopt = 0.0%)
exact total: 2.843711e-16 (low = 2.332203e-16, subopt = 18.0%)
**WARNING**: Large second-order error: 3.907944e-17 (first-order = 2.452917e-16)
**WARNING**: Try intermediate-opt = true or manually split intervals of input variables.

Computing relative errors
Selected optimization method: bb-eval
bb-eval_opt: x_abs_tol = 1.000000e-02, f_rel_tol = 1.000000e-02, f_abs_tol = 1.000000e-02, iters = 1000000
rmin(result = 3.519963e-01, lower = 3.519963e-01), rmax(result = 3.519963e-01, lower = 3.519963e-01)
-1: exp = -53: 3.519963e-01 (low = 3.519963e-01, subopt = 0.0%)

Solving the exact optimization problem
Selected optimization method: bb-eval
bb-eval_opt: x_abs_tol = 1.000000e-02, f_rel_tol = 1.000000e-02, f_abs_tol = 1.000000e-02, iters = 1000000
exact bound-rel (exp = -53): 3.063565e+00 (low = 2.583015e+00, subopt = 15.7%)
total2: 7.835379e-16 (low = 3.947219e-17, subopt = 95.0%)
exact total-rel: 1.123662e-15 (low = 3.262445e-16, subopt = 71.0%)
**WARNING**: Large second-order error: 7.835379e-16 (first-order = 3.401241e-16)
**WARNING**: Try intermediate-opt = true or manually split intervals of input variables.

Elapsed time: 0.03386
*************************************

-------------------------------------------------------------------------------
Problem: result

Optimization lower bounds for error models:
The absolute error (exact) model: 2.332202e-16 (0x1.0ce2795f45496p-52) (suboptimality = 18.0%)
The relative error (exact) model: 3.262444e-16 (0x1.78226025385f1p-52) (suboptimality = 71.0%)

Bounds (without rounding): [4.987562e-2, 9.900500e-1]
Bounds (floating-point): [4.987562e-2, 9.900500e-1]

Absolute error (exact): 2.843712e-16 (0x1.47db890eb7f1p-52)
Relative error (exact): 1.123663e-15 (0x1.43df9f9ba77b2p-50)

Elapsed time: 0.03

