Base path: /Users/laura.zielinski/FPTaylor
Config file: /Users/laura.zielinski/FPTaylor/default.cfg
Config file: /var/folders/38/q_vgzzt959nfc63ldktzz1gr0000gp/T/tmp0j_jpo0i.cfg
default-rnd = rnd64
nlopt-cc = gcc -std=c99 -O3
opt-exact = true
develop = false
log-append-date = start
uncertainty = false
rel-error = true
opt-approx = false
proof-record = false
find-bounds = false
proof-dir = proofs
opt-f-abs-tol = 0.01
fail-on-exception = true
print-opt-lower-bounds = true
bb-compile = {base}/b_and_b/compile.sh {base} {input} {out}
z3-python-lib = 
opt-x-abs-tol = 0.01
export-error-bounds = 
opt-f-rel-tol = 0.01
export-options = 
opt-x-rel-tol = 0.0
rel-error-threshold = 0.0001
bb-alg = opt0
log-base-dir = log
intermediate-opt = false
z3-interval-bounds = true
opt-max-iters = 1000000
abs-error = true
z3-bin = 
maxima-simplification = false
print-hex-floats = true
debug = true
print-precision = 7
export-error-bounds-data = 
fp-power2-model = true
opt = auto
default-var-type = float64
verbosity = 2
ulp-error = false
opt-timeout = 10000
nlopt-lib = -lnlopt -lm
tmp-base-dir = tmp
unique-indices = false
z3-seed = 0
tmp-date = false
z3-python-cmd = python
const-approx-real-vars = false
print-second-order-errors = false
Resetting input_parser_env
eval_const_expr: 6
result: 6
eval_const_expr: 8
result: 8
eval_const_expr: 0
result: 0
eval_const_expr: 8
result: 8
eval_const_expr: 6
result: 6
eval_const_expr: 6
result: 6
eval_const_expr: 8
result: 8
eval_const_expr: 0
result: 0
eval_const_expr: 8
result: 8
eval_const_expr: 6
result: 6
eval_const_expr: 6
result: 6
eval_const_expr: 8
result: 8
eval_const_expr: 0
result: 0
eval_const_expr: 8
result: 8
eval_const_expr: 6
result: 6
Resetting input_parser_env
|tasks| = 1
Processing: result

*************************************
Taylor form for: rnd64(sqrt(rnd64((rnd64((rnd64((rnd64((rnd64((rnd64(a) + rnd64(b))) + rnd64((rnd64((rnd64((rnd64(c) / rnd64(2))) - rnd64(a))) * rnd64(2))))) / rnd64(4))) * rnd64((rnd64(c) + rnd64((rnd64(a) + rnd64(b))))))) * rnd64((rnd64((rnd64((rnd64((rnd64((rnd64((rnd64(c) / rnd64(2))) - rnd64(c))) * rnd64(2))) + rnd64((rnd64(a) + rnd64(b))))) / rnd64(2))) * rnd64((rnd64((rnd64((rnd64((rnd64((rnd64(c) / rnd64(2))) - rnd64(b))) * rnd64(2))) + rnd64((rnd64(a) + rnd64(b))))) / rnd64(2)))))))))

Conservative bound: [3.000000, 50.911688]

Simplified rounding: rnd[64,ne,1.00,-53,0](sqrt(rnd64((rnd64((rnd[64,ne,1.00,0,-1022]((rnd[64,ne,1.00,-53,0]((rnd[64,ne,1.00,-53,0]((a + b)) + (rnd[64,ne,1.00,-53,0]((rnd[64,ne,1.00,0,-1022]((c / 2)) - a)) * 2))) / 4)) * rnd[64,ne,1.00,-53,0]((c + rnd[64,ne,1.00,-53,0]((a + b)))))) * rnd64((rnd[64,ne,1.00,0,-1022]((rnd[64,ne,1.00,-53,0](((rnd[64,ne,1.00,-53,0]((rnd[64,ne,1.00,0,-1022]((c / 2)) - c)) * 2) + rnd[64,ne,1.00,-53,0]((a + b)))) / 2)) * rnd[64,ne,1.00,0,-1022]((rnd[64,ne,1.00,-53,0](((rnd[64,ne,1.00,-53,0]((rnd[64,ne,1.00,0,-1022]((c / 2)) - b)) * 2) + rnd[64,ne,1.00,-53,0]((a + b)))) / 2))))))))
Building Taylor forms...
var_form
var_form
add_form
rounded_form
var_form
const_form
div_form
inv_form
mul_form
rounded_form
sub_form
rounded_form
mul_form
add_form
rounded_form
const_form
div_form
inv_form
mul_form
rounded_form
add_form
rounded_form
mul_form
rounded_form
sub_form
rounded_form
mul_form
add_form
rounded_form
div_form
inv_form
mul_form
rounded_form
sub_form
rounded_form
mul_form
add_form
rounded_form
div_form
inv_form
mul_form
rounded_form
mul_form
rounded_form
mul_form
rounded_form
sqrt_form
rounded_form
Taylor forms cache stats: num_bindings = 40, num_buckets = 1024, max_bucket_length = 2
Expr cache stats: num_bindings = 150, num_buckets = 65536, max_bucket_length = 1
Simplifying Taylor forms...
success
v0 = sqrt((((((a + b) + (((c * (1 / 2)) - a) * 2)) * (1 / 4)) * (c + (a + b))) * ((((((c * (1 / 2)) - c) * 2) + (a + b)) * (1 / 2)) * (((((c * (1 / 2)) - b) * 2) + (a + b)) * (1 / 2)))))
-1: exp = -53: (6137965123248825/19342813113834066795298816)
-1: exp = -1022: (1296 / (2 * sqrt((((((a + b) + (((c * (1 / 2)) - a) * 2)) * (1 / 4)) * (c + (a + b))) * ((((((c * (1 / 2)) - c) * 2) + (a + b)) * (1 / 2)) * (((((c * (1 / 2)) - b) * 2) + (a + b)) * (1 / 2)))))))
1: exp = -53: (((((((a + b) + (((c * (1 / 2)) - a) * 2)) * (1 / 4)) * (c + (a + b))) * (((((((c * (1 / 2)) - c) * 2) + (a + b)) * (1 / 2)) * ((1 / 2) * floor_power2(((a + b) + 0)))) + ((((((c * (1 / 2)) - b) * 2) + (a + b)) * (1 / 2)) * ((1 / 2) * floor_power2(((a + b) + 0)))))) + (((((((c * (1 / 2)) - c) * 2) + (a + b)) * (1 / 2)) * (((((c * (1 / 2)) - b) * 2) + (a + b)) * (1 / 2))) * (((((a + b) + (((c * (1 / 2)) - a) * 2)) * (1 / 4)) * floor_power2(((a + b) + 0))) + ((c + (a + b)) * ((1 / 4) * floor_power2(((a + b) + 0))))))) / (2 * sqrt((((((a + b) + (((c * (1 / 2)) - a) * 2)) * (1 / 4)) * (c + (a + b))) * ((((((c * (1 / 2)) - c) * 2) + (a + b)) * (1 / 2)) * (((((c * (1 / 2)) - b) * 2) + (a + b)) * (1 / 2)))))))
2: exp = -53: ((((((((c * (1 / 2)) - c) * 2) + (a + b)) * (1 / 2)) * (((((c * (1 / 2)) - b) * 2) + (a + b)) * (1 / 2))) * ((c + (a + b)) * ((1 / 4) * (2 * floor_power2((((c * (1 / 2)) - a) + interval(-2.22507385850720138309e-308, 2.22507385850720138309e-308))))))) / (2 * sqrt((((((a + b) + (((c * (1 / 2)) - a) * 2)) * (1 / 4)) * (c + (a + b))) * ((((((c * (1 / 2)) - c) * 2) + (a + b)) * (1 / 2)) * (((((c * (1 / 2)) - b) * 2) + (a + b)) * (1 / 2)))))))
3: exp = -53: ((((((((c * (1 / 2)) - c) * 2) + (a + b)) * (1 / 2)) * (((((c * (1 / 2)) - b) * 2) + (a + b)) * (1 / 2))) * ((c + (a + b)) * ((1 / 4) * floor_power2((((a + b) + (((c * (1 / 2)) - a) * 2)) + interval(-1.77635683940025085911e-15, 1.77635683940025085911e-15)))))) / (2 * sqrt((((((a + b) + (((c * (1 / 2)) - a) * 2)) * (1 / 4)) * (c + (a + b))) * ((((((c * (1 / 2)) - c) * 2) + (a + b)) * (1 / 2)) * (((((c * (1 / 2)) - b) * 2) + (a + b)) * (1 / 2)))))))
-1: exp = -1022: ((((((((c * (1 / 2)) - c) * 2) + (a + b)) * (1 / 2)) * (((((c * (1 / 2)) - b) * 2) + (a + b)) * (1 / 2))) * ((c + (a + b)) * 1)) / (2 * sqrt((((((a + b) + (((c * (1 / 2)) - a) * 2)) * (1 / 4)) * (c + (a + b))) * ((((((c * (1 / 2)) - c) * 2) + (a + b)) * (1 / 2)) * (((((c * (1 / 2)) - b) * 2) + (a + b)) * (1 / 2)))))))
4: exp = -53: ((((((((c * (1 / 2)) - c) * 2) + (a + b)) * (1 / 2)) * (((((c * (1 / 2)) - b) * 2) + (a + b)) * (1 / 2))) * ((((a + b) + (((c * (1 / 2)) - a) * 2)) * (1 / 4)) * floor_power2(((c + (a + b)) + interval(-8.88178419700125232339e-16, 8.88178419700125232339e-16))))) / (2 * sqrt((((((a + b) + (((c * (1 / 2)) - a) * 2)) * (1 / 4)) * (c + (a + b))) * ((((((c * (1 / 2)) - c) * 2) + (a + b)) * (1 / 2)) * (((((c * (1 / 2)) - b) * 2) + (a + b)) * (1 / 2)))))))
5: exp = -53: ((((((((c * (1 / 2)) - c) * 2) + (a + b)) * (1 / 2)) * (((((c * (1 / 2)) - b) * 2) + (a + b)) * (1 / 2))) * floor_power2((((((a + b) + (((c * (1 / 2)) - a) * 2)) * (1 / 4)) * (c + (a + b))) + interval(-2.39808173319033875840e-14, 2.39808173319033875840e-14)))) / (2 * sqrt((((((a + b) + (((c * (1 / 2)) - a) * 2)) * (1 / 4)) * (c + (a + b))) * ((((((c * (1 / 2)) - c) * 2) + (a + b)) * (1 / 2)) * (((((c * (1 / 2)) - b) * 2) + (a + b)) * (1 / 2)))))))
6: exp = -53: ((((((a + b) + (((c * (1 / 2)) - a) * 2)) * (1 / 4)) * (c + (a + b))) * ((((((c * (1 / 2)) - b) * 2) + (a + b)) * (1 / 2)) * ((1 / 2) * (2 * floor_power2((((c * (1 / 2)) - c) + interval(-2.22507385850720138309e-308, 2.22507385850720138309e-308))))))) / (2 * sqrt((((((a + b) + (((c * (1 / 2)) - a) * 2)) * (1 / 4)) * (c + (a + b))) * ((((((c * (1 / 2)) - c) * 2) + (a + b)) * (1 / 2)) * (((((c * (1 / 2)) - b) * 2) + (a + b)) * (1 / 2)))))))
7: exp = -53: ((((((a + b) + (((c * (1 / 2)) - a) * 2)) * (1 / 4)) * (c + (a + b))) * ((((((c * (1 / 2)) - b) * 2) + (a + b)) * (1 / 2)) * ((1 / 2) * floor_power2((((((c * (1 / 2)) - c) * 2) + (a + b)) + interval(-1.77635683940025085911e-15, 1.77635683940025085911e-15)))))) / (2 * sqrt((((((a + b) + (((c * (1 / 2)) - a) * 2)) * (1 / 4)) * (c + (a + b))) * ((((((c * (1 / 2)) - c) * 2) + (a + b)) * (1 / 2)) * (((((c * (1 / 2)) - b) * 2) + (a + b)) * (1 / 2)))))))
-1: exp = -1022: ((((((a + b) + (((c * (1 / 2)) - a) * 2)) * (1 / 4)) * (c + (a + b))) * ((((((c * (1 / 2)) - b) * 2) + (a + b)) * (1 / 2)) * 1)) / (2 * sqrt((((((a + b) + (((c * (1 / 2)) - a) * 2)) * (1 / 4)) * (c + (a + b))) * ((((((c * (1 / 2)) - c) * 2) + (a + b)) * (1 / 2)) * (((((c * (1 / 2)) - b) * 2) + (a + b)) * (1 / 2)))))))
8: exp = -53: ((((((a + b) + (((c * (1 / 2)) - a) * 2)) * (1 / 4)) * (c + (a + b))) * ((((((c * (1 / 2)) - c) * 2) + (a + b)) * (1 / 2)) * ((1 / 2) * (2 * floor_power2((((c * (1 / 2)) - b) + interval(-2.22507385850720138309e-308, 2.22507385850720138309e-308))))))) / (2 * sqrt((((((a + b) + (((c * (1 / 2)) - a) * 2)) * (1 / 4)) * (c + (a + b))) * ((((((c * (1 / 2)) - c) * 2) + (a + b)) * (1 / 2)) * (((((c * (1 / 2)) - b) * 2) + (a + b)) * (1 / 2)))))))
9: exp = -53: ((((((a + b) + (((c * (1 / 2)) - a) * 2)) * (1 / 4)) * (c + (a + b))) * ((((((c * (1 / 2)) - c) * 2) + (a + b)) * (1 / 2)) * ((1 / 2) * floor_power2((((((c * (1 / 2)) - b) * 2) + (a + b)) + interval(-1.77635683940025085911e-15, 1.77635683940025085911e-15)))))) / (2 * sqrt((((((a + b) + (((c * (1 / 2)) - a) * 2)) * (1 / 4)) * (c + (a + b))) * ((((((c * (1 / 2)) - c) * 2) + (a + b)) * (1 / 2)) * (((((c * (1 / 2)) - b) * 2) + (a + b)) * (1 / 2)))))))
-1: exp = -1022: ((((((a + b) + (((c * (1 / 2)) - a) * 2)) * (1 / 4)) * (c + (a + b))) * ((((((c * (1 / 2)) - c) * 2) + (a + b)) * (1 / 2)) * 1)) / (2 * sqrt((((((a + b) + (((c * (1 / 2)) - a) * 2)) * (1 / 4)) * (c + (a + b))) * ((((((c * (1 / 2)) - c) * 2) + (a + b)) * (1 / 2)) * (((((c * (1 / 2)) - b) * 2) + (a + b)) * (1 / 2)))))))
10: exp = -53: ((((((a + b) + (((c * (1 / 2)) - a) * 2)) * (1 / 4)) * (c + (a + b))) * floor_power2((((((((c * (1 / 2)) - c) * 2) + (a + b)) * (1 / 2)) * (((((c * (1 / 2)) - b) * 2) + (a + b)) * (1 / 2))) + interval(-1.59872115546022636484e-14, 1.59872115546022636484e-14)))) / (2 * sqrt((((((a + b) + (((c * (1 / 2)) - a) * 2)) * (1 / 4)) * (c + (a + b))) * ((((((c * (1 / 2)) - c) * 2) + (a + b)) * (1 / 2)) * (((((c * (1 / 2)) - b) * 2) + (a + b)) * (1 / 2)))))))
11: exp = -53: (floor_power2(((((((a + b) + (((c * (1 / 2)) - a) * 2)) * (1 / 4)) * (c + (a + b))) * ((((((c * (1 / 2)) - c) * 2) + (a + b)) * (1 / 2)) * (((((c * (1 / 2)) - b) * 2) + (a + b)) * (1 / 2)))) + interval(-2.52597942562715818026e-12, 2.52597942562715818026e-12))) / (2 * sqrt((((((a + b) + (((c * (1 / 2)) - a) * 2)) * (1 / 4)) * (c + (a + b))) * ((((((c * (1 / 2)) - c) * 2) + (a + b)) * (1 / 2)) * (((((c * (1 / 2)) - b) * 2) + (a + b)) * (1 / 2)))))))
12: exp = -53: floor_power2((sqrt((((((a + b) + (((c * (1 / 2)) - a) * 2)) * (1 / 4)) * (c + (a + b))) * ((((((c * (1 / 2)) - c) * 2) + (a + b)) * (1 / 2)) * (((((c * (1 / 2)) - b) * 2) + (a + b)) * (1 / 2))))) + interval(-4.58892183511766778326e-13, 4.58892183511766778326e-13)))

Corresponding original subexpressions:
1: rnd[64,ne,1.00,-53,0]((a + b))
2: rnd[64,ne,1.00,-53,0]((rnd[64,ne,1.00,0,-1022]((c / 2)) - a))
3: rnd[64,ne,1.00,-53,0]((rnd[64,ne,1.00,-53,0]((a + b)) + (rnd[64,ne,1.00,-53,0]((rnd[64,ne,1.00,0,-1022]((c / 2)) - a)) * 2)))
4: rnd[64,ne,1.00,-53,0]((c + rnd[64,ne,1.00,-53,0]((a + b))))
5: rnd64((rnd[64,ne,1.00,0,-1022]((rnd[64,ne,1.00,-53,0]((rnd[64,ne,1.00,-53,0]((a + b)) + (rnd[64,ne,1.00,-53,0]((rnd[64,ne,1.00,0,-1022]((c / 2)) - a)) * 2))) / 4)) * rnd[64,ne,1.00,-53,0]((c + rnd[64,ne,1.00,-53,0]((a + b))))))
6: rnd[64,ne,1.00,-53,0]((rnd[64,ne,1.00,0,-1022]((c / 2)) - c))
7: rnd[64,ne,1.00,-53,0](((rnd[64,ne,1.00,-53,0]((rnd[64,ne,1.00,0,-1022]((c / 2)) - c)) * 2) + rnd[64,ne,1.00,-53,0]((a + b))))
8: rnd[64,ne,1.00,-53,0]((rnd[64,ne,1.00,0,-1022]((c / 2)) - b))
9: rnd[64,ne,1.00,-53,0](((rnd[64,ne,1.00,-53,0]((rnd[64,ne,1.00,0,-1022]((c / 2)) - b)) * 2) + rnd[64,ne,1.00,-53,0]((a + b))))
10: rnd64((rnd[64,ne,1.00,0,-1022]((rnd[64,ne,1.00,-53,0](((rnd[64,ne,1.00,-53,0]((rnd[64,ne,1.00,0,-1022]((c / 2)) - c)) * 2) + rnd[64,ne,1.00,-53,0]((a + b)))) / 2)) * rnd[64,ne,1.00,0,-1022]((rnd[64,ne,1.00,-53,0](((rnd[64,ne,1.00,-53,0]((rnd[64,ne,1.00,0,-1022]((c / 2)) - b)) * 2) + rnd[64,ne,1.00,-53,0]((a + b)))) / 2))))
11: rnd64((rnd64((rnd[64,ne,1.00,0,-1022]((rnd[64,ne,1.00,-53,0]((rnd[64,ne,1.00,-53,0]((a + b)) + (rnd[64,ne,1.00,-53,0]((rnd[64,ne,1.00,0,-1022]((c / 2)) - a)) * 2))) / 4)) * rnd[64,ne,1.00,-53,0]((c + rnd[64,ne,1.00,-53,0]((a + b)))))) * rnd64((rnd[64,ne,1.00,0,-1022]((rnd[64,ne,1.00,-53,0](((rnd[64,ne,1.00,-53,0]((rnd[64,ne,1.00,0,-1022]((c / 2)) - c)) * 2) + rnd[64,ne,1.00,-53,0]((a + b)))) / 2)) * rnd[64,ne,1.00,0,-1022]((rnd[64,ne,1.00,-53,0](((rnd[64,ne,1.00,-53,0]((rnd[64,ne,1.00,0,-1022]((c / 2)) - b)) * 2) + rnd[64,ne,1.00,-53,0]((a + b)))) / 2))))))
12: rnd[64,ne,1.00,-53,0](sqrt(rnd64((rnd64((rnd[64,ne,1.00,0,-1022]((rnd[64,ne,1.00,-53,0]((rnd[64,ne,1.00,-53,0]((a + b)) + (rnd[64,ne,1.00,-53,0]((rnd[64,ne,1.00,0,-1022]((c / 2)) - a)) * 2))) / 4)) * rnd[64,ne,1.00,-53,0]((c + rnd[64,ne,1.00,-53,0]((a + b)))))) * rnd64((rnd[64,ne,1.00,0,-1022]((rnd[64,ne,1.00,-53,0](((rnd[64,ne,1.00,-53,0]((rnd[64,ne,1.00,0,-1022]((c / 2)) - c)) * 2) + rnd[64,ne,1.00,-53,0]((a + b)))) / 2)) * rnd[64,ne,1.00,0,-1022]((rnd[64,ne,1.00,-53,0](((rnd[64,ne,1.00,-53,0]((rnd[64,ne,1.00,0,-1022]((c / 2)) - b)) * 2) + rnd[64,ne,1.00,-53,0]((a + b)))) / 2))))))))

Selected optimization method: bb
bb_opt: x_abs_tol = 1.000000e-02, f_rel_tol = 1.000000e-02, f_abs_tol = 1.000000e-02, iters = 1000000
iterations(min = 688, max = 518): 688
min = 1.542629e+01 (lower_min = 1.558846e+01)
max = 2.798382e+01 (lower_max = 2.771281e+01)
subopt = 2.710026e-01 (1.0%)
bounds: [1.542629e+01, 2.798382e+01]

Computing absolute errors
Selected optimization method: bb-eval
bb-eval_opt: x_abs_tol = 1.000000e-02, f_rel_tol = 1.000000e-02, f_abs_tol = 1.000000e-02, iters = 1000000
rmin(result = 3.173254e-10, lower = 3.173254e-10), rmax(result = 3.173254e-10, lower = 3.173254e-10)
-1: exp = -53: 3.173254e-10 (low = 3.173254e-10, subopt = 0.0%)
Selected optimization method: bb
bb_opt: x_abs_tol = 1.000000e-02, f_rel_tol = 1.000000e-02, f_abs_tol = 1.000000e-02, iters = 1000000
iterations(min = 518, max = 738): 738
min = 2.315624e+01 (lower_min = 2.338269e+01)
max = 4.189611e+01 (lower_max = 4.156922e+01)
subopt = 3.268868e-01 (0.8%)
rmin(result = 2.315624e+01, lower = 2.338269e+01), rmax(result = 4.189611e+01, lower = 4.156922e+01)
-1: exp = -1022: 4.189611e+01 (low = 4.156922e+01, subopt = 0.8%)
Selected optimization method: bb
bb_opt: x_abs_tol = 1.000000e-02, f_rel_tol = 1.000000e-02, f_abs_tol = 1.000000e-02, iters = 1000000
iterations(min = 58400, max = 4897): 58400
min = 4.403716e+00 (lower_min = 4.451618e+00)
max = 9.023241e+00 (lower_max = 8.930340e+00)
subopt = 9.290077e-02 (1.0%)
rmin(result = 4.403716e+00, lower = 4.451618e+00), rmax(result = 9.023241e+00, lower = 8.930340e+00)
-1: exp = -1022: 9.023241e+00 (low = 8.930340e+00, subopt = 1.0%)
Selected optimization method: bb
bb_opt: x_abs_tol = 1.000000e-02, f_rel_tol = 1.000000e-02, f_abs_tol = 1.000000e-02, iters = 1000000
iterations(min = 63034, max = 5022): 63034
min = 2.201858e+00 (lower_min = 2.225809e+00)
max = 4.511620e+00 (lower_max = 4.465170e+00)
subopt = 4.645038e-02 (1.0%)
rmin(result = 2.201858e+00, lower = 2.225809e+00), rmax(result = 4.511620e+00, lower = 4.465170e+00)
-1: exp = -1022: 4.511620e+00 (low = 4.465170e+00, subopt = 1.0%)
Selected optimization method: bb
bb_opt: x_abs_tol = 1.000000e-02, f_rel_tol = 1.000000e-02, f_abs_tol = 1.000000e-02, iters = 1000000
iterations(min = 47584, max = 4486): 47584
min = 2.197758e+00 (lower_min = 2.225809e+00)
max = 4.511620e+00 (lower_max = 4.465170e+00)
subopt = 4.645038e-02 (1.0%)
rmin(result = 2.197758e+00, lower = 2.225809e+00), rmax(result = 4.511620e+00, lower = 4.465170e+00)
-1: exp = -1022: 4.511620e+00 (low = 4.465170e+00, subopt = 1.0%)

Solving the exact optimization problem
Selected optimization method: bb
bb_opt: x_abs_tol = 1.000000e-02, f_rel_tol = 1.000000e-02, f_abs_tol = 1.000000e-02, iters = 1000000
iterations(min = 0, max = 66614): 66614
min = 0.000000e+00 (lower_min = 0.000000e+00)
max = 1.883686e+02 (lower_max = 1.591521e+02)
subopt = 2.921650e+01 (15.5%)
exact bound (exp = -53): 1.883686e+02 (low = 1.591521e+02, subopt = 15.5%)
total2: 3.523019e-26 (low = 3.523019e-26, subopt = 0.0%)
exact total: 2.091311e-14 (low = 1.766943e-14, subopt = 15.5%)

Computing relative errors
Selected optimization method: bb-eval
bb-eval_opt: x_abs_tol = 1.000000e-02, f_rel_tol = 1.000000e-02, f_abs_tol = 1.000000e-02, iters = 1000000
rmin(result = 3.173254e-10, lower = 3.173254e-10), rmax(result = 3.173254e-10, lower = 3.173254e-10)
-1: exp = -53: 3.173254e-10 (low = 3.173254e-10, subopt = 0.0%)
Selected optimization method: bb
bb_opt: x_abs_tol = 1.000000e-02, f_rel_tol = 1.000000e-02, f_abs_tol = 1.000000e-02, iters = 1000000
iterations(min = 518, max = 738): 738
min = 2.315624e+01 (lower_min = 2.338269e+01)
max = 4.189611e+01 (lower_max = 4.156922e+01)
subopt = 3.268868e-01 (0.8%)
rmin(result = 2.315624e+01, lower = 2.338269e+01), rmax(result = 4.189611e+01, lower = 4.156922e+01)
-1: exp = -1022: 4.189611e+01 (low = 4.156922e+01, subopt = 0.8%)
Selected optimization method: bb
bb_opt: x_abs_tol = 1.000000e-02, f_rel_tol = 1.000000e-02, f_abs_tol = 1.000000e-02, iters = 1000000
iterations(min = 58400, max = 4897): 58400
min = 4.403716e+00 (lower_min = 4.451618e+00)
max = 9.023241e+00 (lower_max = 8.930340e+00)
subopt = 9.290077e-02 (1.0%)
rmin(result = 4.403716e+00, lower = 4.451618e+00), rmax(result = 9.023241e+00, lower = 8.930340e+00)
-1: exp = -1022: 9.023241e+00 (low = 8.930340e+00, subopt = 1.0%)
Selected optimization method: bb
bb_opt: x_abs_tol = 1.000000e-02, f_rel_tol = 1.000000e-02, f_abs_tol = 1.000000e-02, iters = 1000000
iterations(min = 63034, max = 5022): 63034
min = 2.201858e+00 (lower_min = 2.225809e+00)
max = 4.511620e+00 (lower_max = 4.465170e+00)
subopt = 4.645038e-02 (1.0%)
rmin(result = 2.201858e+00, lower = 2.225809e+00), rmax(result = 4.511620e+00, lower = 4.465170e+00)
-1: exp = -1022: 4.511620e+00 (low = 4.465170e+00, subopt = 1.0%)
Selected optimization method: bb
bb_opt: x_abs_tol = 1.000000e-02, f_rel_tol = 1.000000e-02, f_abs_tol = 1.000000e-02, iters = 1000000
iterations(min = 47584, max = 4486): 47584
min = 2.197758e+00 (lower_min = 2.225809e+00)
max = 4.511620e+00 (lower_max = 4.465170e+00)
subopt = 4.645038e-02 (1.0%)
rmin(result = 2.197758e+00, lower = 2.225809e+00), rmax(result = 4.511620e+00, lower = 4.465170e+00)
-1: exp = -1022: 4.511620e+00 (low = 4.465170e+00, subopt = 1.0%)

Solving the exact optimization problem
Selected optimization method: bb
bb_opt: x_abs_tol = 1.000000e-02, f_rel_tol = 1.000000e-02, f_abs_tol = 1.000000e-02, iters = 1000000
iterations(min = 0, max = 52521): 52521
min = 0.000000e+00 (lower_min = 0.000000e+00)
max = 7.906513e+00 (lower_max = 7.526868e+00)
subopt = 3.796457e-01 (4.8%)
exact bound-rel (exp = -53): 7.906513e+00 (low = 7.526868e+00, subopt = 4.8%)
total2: 2.283776e-27 (low = 1.258949e-27, subopt = 44.9%)
exact total-rel: 8.777993e-16 (low = 8.356502e-16, subopt = 4.8%)

Elapsed time: 7.53206
*************************************

-------------------------------------------------------------------------------
Problem: result

Optimization lower bounds for error models:
The absolute error (exact) model: 1.766942e-14 (0x1.3e4ddc11b4bcdp-46) (suboptimality = 15.5%)
The relative error (exact) model: 8.356501e-16 (0x1.e1b8337141012p-51) (suboptimality = 4.8%)

Bounds (without rounding): [1.542628e+1, 2.798382e+1]
Bounds (floating-point): [1.542628e+1, 2.798382e+1]

Absolute error (exact): 2.091312e-14 (0x1.78bcb499b07d9p-46)
Relative error (exact): 8.777994e-16 (0x1.fa0451085c94p-51)

Elapsed time: 7.53

