Base path: /Users/laura.zielinski/FPTaylor
Config file: /Users/laura.zielinski/FPTaylor/default.cfg
Config file: /var/folders/38/q_vgzzt959nfc63ldktzz1gr0000gp/T/tmp8zs3vqe9.cfg
default-rnd = rnd64
nlopt-cc = gcc -std=c99 -O3
opt-exact = true
develop = false
log-append-date = start
uncertainty = false
rel-error = true
opt-approx = false
proof-record = false
find-bounds = false
proof-dir = proofs
opt-f-abs-tol = 0.01
fail-on-exception = true
print-opt-lower-bounds = true
bb-compile = {base}/b_and_b/compile.sh {base} {input} {out}
z3-python-lib = 
opt-x-abs-tol = 0.01
export-error-bounds = 
opt-f-rel-tol = 0.01
export-options = 
opt-x-rel-tol = 0.0
rel-error-threshold = 0.0001
bb-alg = opt0
log-base-dir = log
intermediate-opt = false
z3-interval-bounds = true
opt-max-iters = 1000000
abs-error = true
z3-bin = 
maxima-simplification = false
print-hex-floats = true
debug = true
print-precision = 7
export-error-bounds-data = 
fp-power2-model = true
opt = auto
default-var-type = float64
verbosity = 2
ulp-error = false
opt-timeout = 10000
nlopt-lib = -lnlopt -lm
tmp-base-dir = tmp
unique-indices = false
z3-seed = 0
tmp-date = false
z3-python-cmd = python
const-approx-real-vars = false
print-second-order-errors = false
Resetting input_parser_env
eval_const_expr: 1
result: 1
eval_const_expr: 10
result: 10
eval_const_expr: 0
result: 0
eval_const_expr: 10
result: 10
eval_const_expr: 1
result: 1
eval_const_expr: 0
result: 0
eval_const_expr: 10
result: 10
eval_const_expr: 0
result: 0
eval_const_expr: 10
result: 10
eval_const_expr: 0
result: 0
Resetting input_parser_env
|tasks| = 1
Processing: result

*************************************
Taylor form for: rnd64((rnd64(y) + rnd64(sqrt(rnd64((rnd64((rnd64(y) * rnd64(y))) + rnd64((rnd64(x) * rnd64(x)))))))))

Conservative bound: [1.000000, 24.142136]

Simplified rounding: rnd[64,ne,1.00,-53,0]((y + rnd[64,ne,1.00,-53,0](sqrt(rnd[64,ne,1.00,-53,0]((rnd64((y * y)) + rnd64((x * x))))))))
Building Taylor forms...
var_form
mul_form
rounded_form
var_form
mul_form
rounded_form
add_form
rounded_form
sqrt_form
rounded_form
add_form
rounded_form
Taylor forms cache stats: num_bindings = 12, num_buckets = 1024, max_bucket_length = 2
Expr cache stats: num_bindings = 27, num_buckets = 65536, max_bucket_length = 2
Simplifying Taylor forms...
success
v0 = (y + sqrt(((y * y) + (x * x))))
-1: exp = -53: (2251799813685347/2475880078570760549798248448)
1: exp = -53: (floor_power2(((y * y) + 0)) / (2 * sqrt(((y * y) + (x * x)))))
2: exp = -53: (floor_power2(((x * x) + 0)) / (2 * sqrt(((y * y) + (x * x)))))
3: exp = -53: (floor_power2((((y * y) + (x * x)) + interval(-1.42108547152020068729e-14, 1.42108547152020068729e-14))) / (2 * sqrt(((y * y) + (x * x)))))
4: exp = -53: floor_power2((sqrt(((y * y) + (x * x))) + interval(-1.42108547152021078471e-14, 1.42108547152021078471e-14)))
5: exp = -53: floor_power2(((y + sqrt(((y * y) + (x * x)))) + interval(-1.50990331349022330794e-14, 1.50990331349022330794e-14)))

Corresponding original subexpressions:
1: rnd64((y * y))
2: rnd64((x * x))
3: rnd[64,ne,1.00,-53,0]((rnd64((y * y)) + rnd64((x * x))))
4: rnd[64,ne,1.00,-53,0](sqrt(rnd[64,ne,1.00,-53,0]((rnd64((y * y)) + rnd64((x * x))))))
5: rnd[64,ne,1.00,-53,0]((y + rnd[64,ne,1.00,-53,0](sqrt(rnd[64,ne,1.00,-53,0]((rnd64((y * y)) + rnd64((x * x))))))))

Selected optimization method: bb-eval
bb-eval_opt: x_abs_tol = 1.000000e-02, f_rel_tol = 1.000000e-02, f_abs_tol = 1.000000e-02, iters = 1000000
bounds: [1.000000e+00, 2.414214e+01]

Computing absolute errors
Selected optimization method: bb-eval
bb-eval_opt: x_abs_tol = 1.000000e-02, f_rel_tol = 1.000000e-02, f_abs_tol = 1.000000e-02, iters = 1000000
rmin(result = 9.094947e-13, lower = 9.094947e-13), rmax(result = 9.094947e-13, lower = 9.094947e-13)
-1: exp = -53: 9.094947e-13 (low = 9.094947e-13, subopt = 0.0%)

Solving the exact optimization problem
Selected optimization method: bb-eval
bb-eval_opt: x_abs_tol = 1.000000e-02, f_rel_tol = 1.000000e-02, f_abs_tol = 1.000000e-02, iters = 1000000
exact bound (exp = -53): 3.551503e+01 (low = 3.520410e+01, subopt = 0.9%)
total2: 1.009742e-28 (low = 1.009742e-28, subopt = 0.0%)
exact total: 3.942960e-15 (low = 3.908441e-15, subopt = 0.9%)

Computing relative errors
Selected optimization method: bb-eval
bb-eval_opt: x_abs_tol = 1.000000e-02, f_rel_tol = 1.000000e-02, f_abs_tol = 1.000000e-02, iters = 1000000
rmin(result = 9.094947e-13, lower = 9.094947e-13), rmax(result = 9.094947e-13, lower = 9.094947e-13)
-1: exp = -53: 9.094947e-13 (low = 9.094947e-13, subopt = 0.0%)

Solving the exact optimization problem
Selected optimization method: bb-eval
bb-eval_opt: x_abs_tol = 1.000000e-02, f_rel_tol = 1.000000e-02, f_abs_tol = 1.000000e-02, iters = 1000000
exact bound-rel (exp = -53): 3.013738e+00 (low = 2.996099e+00, subopt = 0.6%)
total2: 1.009742e-28 (low = 4.182488e-30, subopt = 95.9%)
exact total-rel: 3.345922e-16 (low = 3.326338e-16, subopt = 0.6%)

Elapsed time: 0.00807
*************************************

-------------------------------------------------------------------------------
Problem: result

Optimization lower bounds for error models:
The absolute error (exact) model: 3.908440e-15 (0x1.19a200bbc54d1p-48) (suboptimality = 0.9%)
The relative error (exact) model: 3.326337e-16 (0x1.7f8027f403844p-52) (suboptimality = 0.6%)

Bounds (without rounding): [1.000000, 2.414214e+1]
Bounds (floating-point): [9.999999e-1, 2.414214e+1]

Absolute error (exact): 3.942960e-15 (0x1.1c1ec5c61cf09p-48)
Relative error (exact): 3.345922e-16 (0x1.81c22c752373cp-52)

Elapsed time: 0.01

