Base path: /Users/laura.zielinski/FPTaylor
Config file: /Users/laura.zielinski/FPTaylor/default.cfg
Config file: /var/folders/38/q_vgzzt959nfc63ldktzz1gr0000gp/T/tmpnid11xx_.cfg
default-rnd = rnd64
nlopt-cc = gcc -std=c99 -O3
opt-exact = true
develop = false
log-append-date = start
uncertainty = false
rel-error = true
opt-approx = false
proof-record = false
find-bounds = false
proof-dir = proofs
opt-f-abs-tol = 0.01
fail-on-exception = true
print-opt-lower-bounds = true
bb-compile = {base}/b_and_b/compile.sh {base} {input} {out}
z3-python-lib = 
opt-x-abs-tol = 0.01
export-error-bounds = 
opt-f-rel-tol = 0.01
export-options = 
opt-x-rel-tol = 0.0
rel-error-threshold = 0.0001
bb-alg = opt0
log-base-dir = log
intermediate-opt = false
z3-interval-bounds = true
opt-max-iters = 1000000
abs-error = true
z3-bin = 
maxima-simplification = false
print-hex-floats = true
debug = true
print-precision = 7
export-error-bounds-data = 
fp-power2-model = true
opt = auto
default-var-type = float64
verbosity = 2
ulp-error = false
opt-timeout = 10000
nlopt-lib = -lnlopt -lm
tmp-base-dir = tmp
unique-indices = false
z3-seed = 0
tmp-date = false
z3-python-cmd = python
const-approx-real-vars = false
print-second-order-errors = false
Resetting input_parser_env
eval_const_expr: (-(10))
result: -10
eval_const_expr: 10
result: 10
eval_const_expr: 0
result: 0
eval_const_expr: 10
result: 10
eval_const_expr: (-(10))
result: -10
eval_const_expr: (-(10))
result: -10
eval_const_expr: 10
result: 10
eval_const_expr: 0
result: 0
eval_const_expr: 10
result: 10
eval_const_expr: (-(10))
result: -10
eval_const_expr: (-(10))
result: -10
eval_const_expr: 10
result: 10
eval_const_expr: 0
result: 0
eval_const_expr: 10
result: 10
eval_const_expr: (-(10))
result: -10
eval_const_expr: (-(10))
result: -10
eval_const_expr: 10
result: 10
eval_const_expr: 0
result: 0
eval_const_expr: 10
result: 10
eval_const_expr: (-(10))
result: -10
eval_const_expr: (-(10))
result: -10
eval_const_expr: 10
result: 10
eval_const_expr: 0
result: 0
eval_const_expr: 10
result: 10
eval_const_expr: (-(10))
result: -10
eval_const_expr: (-(10))
result: -10
eval_const_expr: 10
result: 10
eval_const_expr: 0
result: 0
eval_const_expr: 10
result: 10
eval_const_expr: (-(10))
result: -10
eval_const_expr: (-(10))
result: -10
eval_const_expr: 10
result: 10
eval_const_expr: 0
result: 0
eval_const_expr: 10
result: 10
eval_const_expr: (-(10))
result: -10
eval_const_expr: (-(10))
result: -10
eval_const_expr: 10
result: 10
eval_const_expr: 0
result: 0
eval_const_expr: 10
result: 10
eval_const_expr: (-(10))
result: -10
eval_const_expr: (-(10))
result: -10
eval_const_expr: 10
result: 10
eval_const_expr: 0
result: 0
eval_const_expr: 10
result: 10
eval_const_expr: (-(10))
result: -10
Resetting input_parser_env
|tasks| = 1
Processing: result

*************************************
Taylor form for: rnd64((rnd64((rnd64((rnd64(d) * rnd64((rnd64((rnd64(h) * rnd64(c))) - rnd64((rnd64(b) * rnd64(i))))))) + rnd64((rnd64(g) * rnd64((rnd64(b) * rnd64(f))))))) + rnd64((rnd64((rnd64(e) * rnd64((rnd64((rnd64(i) * rnd64(a))) - rnd64((rnd64(g) * rnd64(c))))))) - rnd64((rnd64((rnd64(f) * rnd64(a))) * rnd64(h)))))))

Conservative bound: [-6000.000000, 6000.000000]

Simplified rounding: rnd[64,ne,1.00,-53,0]((rnd[64,ne,1.00,-53,0]((rnd64((d * rnd[64,ne,1.00,-53,0]((rnd64((h * c)) - rnd64((b * i)))))) + rnd64((g * rnd64((b * f)))))) + rnd[64,ne,1.00,-53,0]((rnd64((e * rnd[64,ne,1.00,-53,0]((rnd64((i * a)) - rnd64((g * c)))))) - rnd64((rnd64((f * a)) * h))))))
Building Taylor forms...
var_form
var_form
var_form
mul_form
rounded_form
var_form
var_form
mul_form
rounded_form
sub_form
rounded_form
mul_form
rounded_form
var_form
var_form
mul_form
rounded_form
mul_form
rounded_form
add_form
rounded_form
var_form
var_form
mul_form
rounded_form
mul_form
rounded_form
sub_form
rounded_form
mul_form
rounded_form
mul_form
rounded_form
mul_form
rounded_form
sub_form
rounded_form
add_form
rounded_form
Taylor forms cache stats: num_bindings = 39, num_buckets = 1024, max_bucket_length = 1
Expr cache stats: num_bindings = 82, num_buckets = 65536, max_bucket_length = 1
Simplifying Taylor forms...
success
v0 = (((d * ((h * c) - (b * i))) + (g * (b * f))) + ((e * ((i * a) - (g * c))) - ((f * a) * h)))
-1: exp = -53: (1/77962512091199992642827059103001506487009814860760060214943251657703589526131408819724920527056082073802439329851269345467673358921624752372623898370501227356250221599651784238966317243920429186822396747833747030989484783403158999565970908923751724902621910424834220376654628719935312887808)
1: exp = -53: (d * floor_power2(((h * c) + 0)))
2: exp = -53: (d * (-(floor_power2(((b * i) + 0)))))
3: exp = -53: (d * floor_power2((((h * c) - (b * i)) + interval(-1.42108547152020068729e-14, 1.42108547152020068729e-14))))
4: exp = -53: floor_power2(((d * ((h * c) - (b * i))) + interval(-2.84217094304040124836e-13, 2.84217094304040124836e-13)))
5: exp = -53: (g * floor_power2(((b * f) + 0)))
6: exp = -53: floor_power2(((g * (b * f)) + interval(-7.10542735760100312089e-14, 7.10542735760100312089e-14)))
7: exp = -53: floor_power2((((d * ((h * c) - (b * i))) + (g * (b * f))) + interval(-5.25801624462474238519e-13, 5.25801624462474238519e-13)))
8: exp = -53: (e * floor_power2(((i * a) + 0)))
9: exp = -53: (e * (-(floor_power2(((g * c) + 0)))))
10: exp = -53: (e * floor_power2((((i * a) - (g * c)) + interval(-1.42108547152020068729e-14, 1.42108547152020068729e-14))))
11: exp = -53: floor_power2(((e * ((i * a) - (g * c))) + interval(-2.84217094304040124836e-13, 2.84217094304040124836e-13)))
12: exp = -53: (-((h * floor_power2(((f * a) + 0)))))
13: exp = -53: (-(floor_power2((((f * a) * h) + interval(-7.10542735760100312089e-14, 7.10542735760100312089e-14)))))
14: exp = -53: floor_power2((((e * ((i * a) - (g * c))) - ((f * a) * h)) + interval(-5.25801624462474238519e-13, 5.25801624462474238519e-13)))
15: exp = -53: floor_power2(((((d * ((h * c) - (b * i))) + (g * (b * f))) + ((e * ((i * a) - (g * c))) - ((f * a) * h))) + interval(-1.50635059981141259600e-12, 1.50635059981141259600e-12)))

Corresponding original subexpressions:
1: rnd64((h * c))
2: rnd64((b * i))
3: rnd[64,ne,1.00,-53,0]((rnd64((h * c)) - rnd64((b * i))))
4: rnd64((d * rnd[64,ne,1.00,-53,0]((rnd64((h * c)) - rnd64((b * i))))))
5: rnd64((b * f))
6: rnd64((g * rnd64((b * f))))
7: rnd[64,ne,1.00,-53,0]((rnd64((d * rnd[64,ne,1.00,-53,0]((rnd64((h * c)) - rnd64((b * i)))))) + rnd64((g * rnd64((b * f))))))
8: rnd64((i * a))
9: rnd64((g * c))
10: rnd[64,ne,1.00,-53,0]((rnd64((i * a)) - rnd64((g * c))))
11: rnd64((e * rnd[64,ne,1.00,-53,0]((rnd64((i * a)) - rnd64((g * c))))))
12: rnd64((f * a))
13: rnd64((rnd64((f * a)) * h))
14: rnd[64,ne,1.00,-53,0]((rnd64((e * rnd[64,ne,1.00,-53,0]((rnd64((i * a)) - rnd64((g * c)))))) - rnd64((rnd64((f * a)) * h))))
15: rnd[64,ne,1.00,-53,0]((rnd[64,ne,1.00,-53,0]((rnd64((d * rnd[64,ne,1.00,-53,0]((rnd64((h * c)) - rnd64((b * i)))))) + rnd64((g * rnd64((b * f)))))) + rnd[64,ne,1.00,-53,0]((rnd64((e * rnd[64,ne,1.00,-53,0]((rnd64((i * a)) - rnd64((g * c)))))) - rnd64((rnd64((f * a)) * h))))))

Selected optimization method: bb
bb_opt: x_abs_tol = 1.000000e-02, f_rel_tol = 1.000000e-02, f_abs_tol = 1.000000e-02, iters = 1000000
iterations(min = 1000000, max = 1000000): 1000000
min = -4.120178e+03 (lower_min = -3.997101e+03)
max = 4.120178e+03 (lower_max = 3.997101e+03)
subopt = 1.230774e+02 (3.0%)
bounds: [-4.120178e+03, 4.120178e+03]

Computing absolute errors
Selected optimization method: bb-eval
bb-eval_opt: x_abs_tol = 1.000000e-02, f_rel_tol = 1.000000e-02, f_abs_tol = 1.000000e-02, iters = 1000000
rmin(result = 1.282668e-290, lower = 1.282668e-290), rmax(result = 1.282668e-290, lower = 1.282668e-290)
-1: exp = -53: 1.282668e-290 (low = 1.282668e-290, subopt = 0.0%)

Solving the exact optimization problem
Selected optimization method: bb
bb_opt: x_abs_tol = 1.000000e-02, f_rel_tol = 1.000000e-02, f_abs_tol = 1.000000e-02, iters = 1000000
iterations(min = 0, max = 1000000): 1000000
min = 0.000000e+00 (lower_min = 0.000000e+00)
max = 1.664000e+04 (lower_max = 1.457200e+04)
subopt = 2.068000e+03 (12.4%)
exact bound (exp = -53): 1.664000e+04 (low = 1.457200e+04, subopt = 12.4%)
total2: 1.424047e-306 (low = 1.424047e-306, subopt = 0.0%)
exact total: 1.847411e-12 (low = 1.617817e-12, subopt = 12.4%)

Computing relative errors
**WARNING**: 
Cannot compute the relative error: values of the function are close to zero

Elapsed time: 13.16824
*************************************

-------------------------------------------------------------------------------
Problem: result

Optimization lower bounds for error models:
The absolute error (exact) model: 1.617816e-12 (0x1.c76p-40) (suboptimality = 12.4%)

Bounds (without rounding): [-4.120179e+3, 4.120179e+3]
Bounds (floating-point): [-4.120179e+3, 4.120179e+3]

Absolute error (exact): 1.847412e-12 (0x1.0400000000001p-39)

Elapsed time: 13.17

