Base path: /Users/laura.zielinski/FPTaylor
Config file: /Users/laura.zielinski/FPTaylor/default.cfg
Config file: /var/folders/38/q_vgzzt959nfc63ldktzz1gr0000gp/T/tmpioy56s8r.cfg
default-rnd = rnd64
nlopt-cc = gcc -std=c99 -O3
opt-exact = true
develop = false
log-append-date = start
uncertainty = false
rel-error = true
opt-approx = false
proof-record = false
find-bounds = false
proof-dir = proofs
opt-f-abs-tol = 0.01
fail-on-exception = true
print-opt-lower-bounds = true
bb-compile = {base}/b_and_b/compile.sh {base} {input} {out}
z3-python-lib = 
opt-x-abs-tol = 0.01
export-error-bounds = 
opt-f-rel-tol = 0.01
export-options = 
opt-x-rel-tol = 0.0
rel-error-threshold = 0.0001
bb-alg = opt0
log-base-dir = log
intermediate-opt = false
z3-interval-bounds = true
opt-max-iters = 1000000
abs-error = true
z3-bin = 
maxima-simplification = false
print-hex-floats = true
debug = true
print-precision = 7
export-error-bounds-data = 
fp-power2-model = true
opt = auto
default-var-type = float64
verbosity = 2
ulp-error = false
opt-timeout = 10000
nlopt-lib = -lnlopt -lm
tmp-base-dir = tmp
unique-indices = false
z3-seed = 0
tmp-date = false
z3-python-cmd = python
const-approx-real-vars = false
print-second-order-errors = false
Resetting input_parser_env
eval_const_expr: 9
result: 9
eval_const_expr: 9
result: 9
eval_const_expr: 0
result: 0
eval_const_expr: 9
result: 9
eval_const_expr: 9
result: 9
eval_const_expr: (471/100)
result: 471/100
eval_const_expr: (489/100)
result: 489/100
eval_const_expr: 0
result: 0
eval_const_expr: (489/100)
result: 489/100
eval_const_expr: (471/100)
result: 471/100
eval_const_expr: (471/100)
result: 471/100
eval_const_expr: (489/100)
result: 489/100
eval_const_expr: 0
result: 0
eval_const_expr: (489/100)
result: 489/100
eval_const_expr: (471/100)
result: 471/100
Resetting input_parser_env
|tasks| = 1
Processing: result

*************************************
Taylor form for: rnd64(sqrt(rnd64((-(rnd64((rnd64((rnd64((rnd64((rnd64((rnd64((rnd64((rnd64(c) / rnd64(2))) - rnd64((rnd64(b) + rnd64((rnd64(a) / rnd64((-(rnd64(2)))))))))) - rnd64((rnd64(b) / rnd64((-(rnd64(2)))))))) * rnd64(c))) - rnd64((rnd64((rnd64((rnd64((rnd64((rnd64((-(rnd64(2)))) * rnd64(b))) + rnd64(a))) + rnd64(b))) + rnd64(c))) * rnd64((rnd64((rnd64(c) - rnd64((rnd64(a) / rnd64(2))))) + rnd64((rnd64(b) / rnd64((-(rnd64(2)))))))))))) * rnd64((rnd64((rnd64((rnd64(c) + rnd64(b))) + rnd64(a))) * rnd64((rnd64(c) - rnd64((rnd64((rnd64((rnd64(2) * rnd64(a))) - rnd64(a))) - rnd64(b))))))))) / rnd64((-(rnd64(8)))))))))))

Conservative bound: [6.007907, 8.955935]

Simplified rounding: rnd[64,ne,1.00,-53,0](sqrt((-(rnd64((rnd64((rnd[64,ne,1.00,-53,0]((rnd64((rnd[64,ne,1.00,-53,0]((rnd[64,ne,1.00,-53,0]((rnd[64,ne,1.00,0,-1022]((c / 2)) - rnd[64,ne,1.00,-53,0]((b + rnd64((a / (-(2)))))))) - rnd64((b / (-(2)))))) * c)) - rnd64((rnd[64,ne,1.00,-53,0]((rnd[64,ne,1.00,-53,0]((rnd[64,ne,1.00,-53,0]((rnd64(((-(2)) * b)) + a)) + b)) + c)) * rnd[64,ne,1.00,-53,0]((rnd[64,ne,1.00,-53,0]((c - rnd[64,ne,1.00,0,-1022]((a / 2)))) + rnd64((b / (-(2)))))))))) * rnd64((rnd[64,ne,1.00,-53,0]((rnd[64,ne,1.00,-53,0]((c + b)) + a)) * rnd[64,ne,1.00,-53,0]((c - rnd[64,ne,1.00,-53,0]((rnd[64,ne,1.00,-53,0](((2 * a) - a)) - b)))))))) / (-(8))))))))
Building Taylor forms...
var_form
const_form
div_form
inv_form
mul_form
rounded_form
var_form
var_form
neg_form
div_form
inv_form
mul_form
rounded_form
add_form
rounded_form
sub_form
rounded_form
div_form
inv_form
mul_form
rounded_form
sub_form
rounded_form
mul_form
rounded_form
mul_form
rounded_form
add_form
rounded_form
add_form
rounded_form
add_form
rounded_form
div_form
inv_form
mul_form
rounded_form
sub_form
rounded_form
add_form
rounded_form
mul_form
rounded_form
sub_form
rounded_form
add_form
rounded_form
add_form
rounded_form
mul_form
sub_form
rounded_form
sub_form
rounded_form
sub_form
rounded_form
mul_form
rounded_form
mul_form
rounded_form
const_form
neg_form
div_form
inv_form
mul_form
rounded_form
neg_form
sqrt_form
rounded_form
Taylor forms cache stats: num_bindings = 59, num_buckets = 1024, max_bucket_length = 2
Expr cache stats: num_bindings = 262, num_buckets = 65536, max_bucket_length = 2
Simplifying Taylor forms...
success
v0 = sqrt((-((((((((c * (1 / 2)) - (b + (a * (1 / (-(2)))))) - (b * (1 / (-(2))))) * c) - ((((((-(2)) * b) + a) + b) + c) * ((c - (a * (1 / 2))) + (b * (1 / (-(2))))))) * (((c + b) + a) * (c - (((2 * a) - a) - b)))) * (1 / (-(8)))))))
-1: exp = -53: (6369844248026429/19807040628566084398385987584)
-1: exp = -1022: ((-(((1 / (-(8))) * ((((c + b) + a) * (c - (((2 * a) - a) - b))) * (8022036836253697/562949953421312))))) / (2 * sqrt((-((((((((c * (1 / 2)) - (b + (a * (1 / (-(2)))))) - (b * (1 / (-(2))))) * c) - ((((((-(2)) * b) + a) + b) + c) * ((c - (a * (1 / 2))) + (b * (1 / (-(2))))))) * (((c + b) + a) * (c - (((2 * a) - a) - b)))) * (1 / (-(8)))))))))
1: exp = -53: ((-(((1 / (-(8))) * ((((c + b) + a) * (c - (((2 * a) - a) - b))) * (c * (-(floor_power2(((a * (1 / (-(2)))) + 0))))))))) / (2 * sqrt((-((((((((c * (1 / 2)) - (b + (a * (1 / (-(2)))))) - (b * (1 / (-(2))))) * c) - ((((((-(2)) * b) + a) + b) + c) * ((c - (a * (1 / 2))) + (b * (1 / (-(2))))))) * (((c + b) + a) * (c - (((2 * a) - a) - b)))) * (1 / (-(8)))))))))
2: exp = -53: ((-(((1 / (-(8))) * ((((c + b) + a) * (c - (((2 * a) - a) - b))) * (c * (-(floor_power2(((b + (a * (1 / (-(2))))) + interval(-4.44089209850062714777e-16, 4.44089209850062714777e-16)))))))))) / (2 * sqrt((-((((((((c * (1 / 2)) - (b + (a * (1 / (-(2)))))) - (b * (1 / (-(2))))) * c) - ((((((-(2)) * b) + a) + b) + c) * ((c - (a * (1 / 2))) + (b * (1 / (-(2))))))) * (((c + b) + a) * (c - (((2 * a) - a) - b)))) * (1 / (-(8)))))))))
3: exp = -53: ((-(((1 / (-(8))) * ((((c + b) + a) * (c - (((2 * a) - a) - b))) * (c * floor_power2((((c * (1 / 2)) - (b + (a * (1 / (-(2)))))) + interval(-4.71844785465691628288e-16, 4.71844785465691628288e-16)))))))) / (2 * sqrt((-((((((((c * (1 / 2)) - (b + (a * (1 / (-(2)))))) - (b * (1 / (-(2))))) * c) - ((((((-(2)) * b) + a) + b) + c) * ((c - (a * (1 / 2))) + (b * (1 / (-(2))))))) * (((c + b) + a) * (c - (((2 * a) - a) - b)))) * (1 / (-(8)))))))))
4: exp = -53: ((-(((1 / (-(8))) * ((((c + b) + a) * (c - (((2 * a) - a) - b))) * ((c * (-(floor_power2(((b * (1 / (-(2)))) + 0))))) + (-(((((((-(2)) * b) + a) + b) + c) * floor_power2(((b * (1 / (-(2)))) + 0)))))))))) / (2 * sqrt((-((((((((c * (1 / 2)) - (b + (a * (1 / (-(2)))))) - (b * (1 / (-(2))))) * c) - ((((((-(2)) * b) + a) + b) + c) * ((c - (a * (1 / 2))) + (b * (1 / (-(2))))))) * (((c + b) + a) * (c - (((2 * a) - a) - b)))) * (1 / (-(8)))))))))
5: exp = -53: ((-(((1 / (-(8))) * ((((c + b) + a) * (c - (((2 * a) - a) - b))) * (c * floor_power2(((((c * (1 / 2)) - (b + (a * (1 / (-(2)))))) - (b * (1 / (-(2))))) + interval(-9.15933995315754343065e-16, 9.15933995315754343065e-16)))))))) / (2 * sqrt((-((((((((c * (1 / 2)) - (b + (a * (1 / (-(2)))))) - (b * (1 / (-(2))))) * c) - ((((((-(2)) * b) + a) + b) + c) * ((c - (a * (1 / 2))) + (b * (1 / (-(2))))))) * (((c + b) + a) * (c - (((2 * a) - a) - b)))) * (1 / (-(8)))))))))
6: exp = -53: ((-(((1 / (-(8))) * ((((c + b) + a) * (c - (((2 * a) - a) - b))) * floor_power2((((((c * (1 / 2)) - (b + (a * (1 / (-(2)))))) - (b * (1 / (-(2))))) * c) + interval(-6.65051347326084513379e-15, 6.65051347326084513379e-15))))))) / (2 * sqrt((-((((((((c * (1 / 2)) - (b + (a * (1 / (-(2)))))) - (b * (1 / (-(2))))) * c) - ((((((-(2)) * b) + a) + b) + c) * ((c - (a * (1 / 2))) + (b * (1 / (-(2))))))) * (((c + b) + a) * (c - (((2 * a) - a) - b)))) * (1 / (-(8)))))))))
7: exp = -53: ((-(((1 / (-(8))) * ((((c + b) + a) * (c - (((2 * a) - a) - b))) * (-((((c - (a * (1 / 2))) + (b * (1 / (-(2))))) * floor_power2((((-(2)) * b) + 0))))))))) / (2 * sqrt((-((((((((c * (1 / 2)) - (b + (a * (1 / (-(2)))))) - (b * (1 / (-(2))))) * c) - ((((((-(2)) * b) + a) + b) + c) * ((c - (a * (1 / 2))) + (b * (1 / (-(2))))))) * (((c + b) + a) * (c - (((2 * a) - a) - b)))) * (1 / (-(8)))))))))
8: exp = -53: ((-(((1 / (-(8))) * ((((c + b) + a) * (c - (((2 * a) - a) - b))) * (-((((c - (a * (1 / 2))) + (b * (1 / (-(2))))) * floor_power2(((((-(2)) * b) + a) + interval(-8.88178419700125429554e-16, 8.88178419700125429554e-16)))))))))) / (2 * sqrt((-((((((((c * (1 / 2)) - (b + (a * (1 / (-(2)))))) - (b * (1 / (-(2))))) * c) - ((((((-(2)) * b) + a) + b) + c) * ((c - (a * (1 / 2))) + (b * (1 / (-(2))))))) * (((c + b) + a) * (c - (((2 * a) - a) - b)))) * (1 / (-(8)))))))))
9: exp = -53: ((-(((1 / (-(8))) * ((((c + b) + a) * (c - (((2 * a) - a) - b))) * (-((((c - (a * (1 / 2))) + (b * (1 / (-(2))))) * floor_power2((((((-(2)) * b) + a) + b) + interval(-9.43689570931383256575e-16, 9.43689570931383256575e-16)))))))))) / (2 * sqrt((-((((((((c * (1 / 2)) - (b + (a * (1 / (-(2)))))) - (b * (1 / (-(2))))) * c) - ((((((-(2)) * b) + a) + b) + c) * ((c - (a * (1 / 2))) + (b * (1 / (-(2))))))) * (((c + b) + a) * (c - (((2 * a) - a) - b)))) * (1 / (-(8)))))))))
10: exp = -53: ((-(((1 / (-(8))) * ((((c + b) + a) * (c - (((2 * a) - a) - b))) * (-((((c - (a * (1 / 2))) + (b * (1 / (-(2))))) * floor_power2(((((((-(2)) * b) + a) + b) + c) + interval(-1.38777878078144587274e-15, 1.38777878078144587274e-15)))))))))) / (2 * sqrt((-((((((((c * (1 / 2)) - (b + (a * (1 / (-(2)))))) - (b * (1 / (-(2))))) * c) - ((((((-(2)) * b) + a) + b) + c) * ((c - (a * (1 / 2))) + (b * (1 / (-(2))))))) * (((c + b) + a) * (c - (((2 * a) - a) - b)))) * (1 / (-(8)))))))))
11: exp = -53: ((-(((1 / (-(8))) * ((((c + b) + a) * (c - (((2 * a) - a) - b))) * (-(((((((-(2)) * b) + a) + b) + c) * floor_power2(((c - (a * (1 / 2))) + interval(-2.22507385850720138309e-308, 2.22507385850720138309e-308)))))))))) / (2 * sqrt((-((((((((c * (1 / 2)) - (b + (a * (1 / (-(2)))))) - (b * (1 / (-(2))))) * c) - ((((((-(2)) * b) + a) + b) + c) * ((c - (a * (1 / 2))) + (b * (1 / (-(2))))))) * (((c + b) + a) * (c - (((2 * a) - a) - b)))) * (1 / (-(8)))))))))
12: exp = -53: ((-(((1 / (-(8))) * ((((c + b) + a) * (c - (((2 * a) - a) - b))) * (-(((((((-(2)) * b) + a) + b) + c) * floor_power2((((c - (a * (1 / 2))) + (b * (1 / (-(2))))) + interval(-2.49800180540660270899e-16, 2.49800180540660270899e-16)))))))))) / (2 * sqrt((-((((((((c * (1 / 2)) - (b + (a * (1 / (-(2)))))) - (b * (1 / (-(2))))) * c) - ((((((-(2)) * b) + a) + b) + c) * ((c - (a * (1 / 2))) + (b * (1 / (-(2))))))) * (((c + b) + a) * (c - (((2 * a) - a) - b)))) * (1 / (-(8)))))))))
13: exp = -53: ((-(((1 / (-(8))) * ((((c + b) + a) * (c - (((2 * a) - a) - b))) * (-(floor_power2((((((((-(2)) * b) + a) + b) + c) * ((c - (a * (1 / 2))) + (b * (1 / (-(2)))))) + interval(-9.50323153503518962913e-15, 9.50323153503518962913e-15))))))))) / (2 * sqrt((-((((((((c * (1 / 2)) - (b + (a * (1 / (-(2)))))) - (b * (1 / (-(2))))) * c) - ((((((-(2)) * b) + a) + b) + c) * ((c - (a * (1 / 2))) + (b * (1 / (-(2))))))) * (((c + b) + a) * (c - (((2 * a) - a) - b)))) * (1 / (-(8)))))))))
14: exp = -53: ((-(((1 / (-(8))) * ((((c + b) + a) * (c - (((2 * a) - a) - b))) * floor_power2(((((((c * (1 / 2)) - (b + (a * (1 / (-(2)))))) - (b * (1 / (-(2))))) * c) - ((((((-(2)) * b) + a) + b) + c) * ((c - (a * (1 / 2))) + (b * (1 / (-(2))))))) + interval(-1.97064586870965412143e-14, 1.97064586870965412143e-14))))))) / (2 * sqrt((-((((((((c * (1 / 2)) - (b + (a * (1 / (-(2)))))) - (b * (1 / (-(2))))) * c) - ((((((-(2)) * b) + a) + b) + c) * ((c - (a * (1 / 2))) + (b * (1 / (-(2))))))) * (((c + b) + a) * (c - (((2 * a) - a) - b)))) * (1 / (-(8)))))))))
15: exp = -53: ((-(((1 / (-(8))) * ((((((c * (1 / 2)) - (b + (a * (1 / (-(2)))))) - (b * (1 / (-(2))))) * c) - ((((((-(2)) * b) + a) + b) + c) * ((c - (a * (1 / 2))) + (b * (1 / (-(2))))))) * ((c - (((2 * a) - a) - b)) * floor_power2(((c + b) + 0))))))) / (2 * sqrt((-((((((((c * (1 / 2)) - (b + (a * (1 / (-(2)))))) - (b * (1 / (-(2))))) * c) - ((((((-(2)) * b) + a) + b) + c) * ((c - (a * (1 / 2))) + (b * (1 / (-(2))))))) * (((c + b) + a) * (c - (((2 * a) - a) - b)))) * (1 / (-(8)))))))))
16: exp = -53: ((-(((1 / (-(8))) * ((((((c * (1 / 2)) - (b + (a * (1 / (-(2)))))) - (b * (1 / (-(2))))) * c) - ((((((-(2)) * b) + a) + b) + c) * ((c - (a * (1 / 2))) + (b * (1 / (-(2))))))) * ((c - (((2 * a) - a) - b)) * floor_power2((((c + b) + a) + interval(-8.88178419700125232339e-16, 8.88178419700125232339e-16)))))))) / (2 * sqrt((-((((((((c * (1 / 2)) - (b + (a * (1 / (-(2)))))) - (b * (1 / (-(2))))) * c) - ((((((-(2)) * b) + a) + b) + c) * ((c - (a * (1 / 2))) + (b * (1 / (-(2))))))) * (((c + b) + a) * (c - (((2 * a) - a) - b)))) * (1 / (-(8)))))))))
17: exp = -53: ((-(((1 / (-(8))) * ((((((c * (1 / 2)) - (b + (a * (1 / (-(2)))))) - (b * (1 / (-(2))))) * c) - ((((((-(2)) * b) + a) + b) + c) * ((c - (a * (1 / 2))) + (b * (1 / (-(2))))))) * (((c + b) + a) * (-(floor_power2((((2 * a) - a) + 0))))))))) / (2 * sqrt((-((((((((c * (1 / 2)) - (b + (a * (1 / (-(2)))))) - (b * (1 / (-(2))))) * c) - ((((((-(2)) * b) + a) + b) + c) * ((c - (a * (1 / 2))) + (b * (1 / (-(2))))))) * (((c + b) + a) * (c - (((2 * a) - a) - b)))) * (1 / (-(8)))))))))
18: exp = -53: ((-(((1 / (-(8))) * ((((((c * (1 / 2)) - (b + (a * (1 / (-(2)))))) - (b * (1 / (-(2))))) * c) - ((((((-(2)) * b) + a) + b) + c) * ((c - (a * (1 / 2))) + (b * (1 / (-(2))))))) * (((c + b) + a) * (-(floor_power2(((((2 * a) - a) - b) + interval(-8.88178419700125232339e-16, 8.88178419700125232339e-16)))))))))) / (2 * sqrt((-((((((((c * (1 / 2)) - (b + (a * (1 / (-(2)))))) - (b * (1 / (-(2))))) * c) - ((((((-(2)) * b) + a) + b) + c) * ((c - (a * (1 / 2))) + (b * (1 / (-(2))))))) * (((c + b) + a) * (c - (((2 * a) - a) - b)))) * (1 / (-(8)))))))))
19: exp = -53: ((-(((1 / (-(8))) * ((((((c * (1 / 2)) - (b + (a * (1 / (-(2)))))) - (b * (1 / (-(2))))) * c) - ((((((-(2)) * b) + a) + b) + c) * ((c - (a * (1 / 2))) + (b * (1 / (-(2))))))) * (((c + b) + a) * floor_power2(((c - (((2 * a) - a) - b)) + interval(-1.33226762955018784851e-15, 1.33226762955018784851e-15)))))))) / (2 * sqrt((-((((((((c * (1 / 2)) - (b + (a * (1 / (-(2)))))) - (b * (1 / (-(2))))) * c) - ((((((-(2)) * b) + a) + b) + c) * ((c - (a * (1 / 2))) + (b * (1 / (-(2))))))) * (((c + b) + a) * (c - (((2 * a) - a) - b)))) * (1 / (-(8)))))))))
20: exp = -53: ((-(((1 / (-(8))) * ((((((c * (1 / 2)) - (b + (a * (1 / (-(2)))))) - (b * (1 / (-(2))))) * c) - ((((((-(2)) * b) + a) + b) + c) * ((c - (a * (1 / 2))) + (b * (1 / (-(2))))))) * floor_power2(((((c + b) + a) * (c - (((2 * a) - a) - b))) + interval(-2.81408230051738553257e-14, 2.81408230051738553257e-14))))))) / (2 * sqrt((-((((((((c * (1 / 2)) - (b + (a * (1 / (-(2)))))) - (b * (1 / (-(2))))) * c) - ((((((-(2)) * b) + a) + b) + c) * ((c - (a * (1 / 2))) + (b * (1 / (-(2))))))) * (((c + b) + a) * (c - (((2 * a) - a) - b)))) * (1 / (-(8)))))))))
21: exp = -53: ((-(((1 / (-(8))) * floor_power2((((((((c * (1 / 2)) - (b + (a * (1 / (-(2)))))) - (b * (1 / (-(2))))) * c) - ((((((-(2)) * b) + a) + b) + c) * ((c - (a * (1 / 2))) + (b * (1 / (-(2))))))) * (((c + b) + a) * (c - (((2 * a) - a) - b)))) + interval(-1.61231926210092808522e-12, 1.61231926210092808522e-12)))))) / (2 * sqrt((-((((((((c * (1 / 2)) - (b + (a * (1 / (-(2)))))) - (b * (1 / (-(2))))) * c) - ((((((-(2)) * b) + a) + b) + c) * ((c - (a * (1 / 2))) + (b * (1 / (-(2))))))) * (((c + b) + a) * (c - (((2 * a) - a) - b)))) * (1 / (-(8)))))))))
22: exp = -53: ((-(floor_power2(((((((((c * (1 / 2)) - (b + (a * (1 / (-(2)))))) - (b * (1 / (-(2))))) * c) - ((((((-(2)) * b) + a) + b) + c) * ((c - (a * (1 / 2))) + (b * (1 / (-(2))))))) * (((c + b) + a) * (c - (((2 * a) - a) - b)))) * (1 / (-(8)))) + interval(-2.08645335120217012512e-13, 2.08645335120217012512e-13))))) / (2 * sqrt((-((((((((c * (1 / 2)) - (b + (a * (1 / (-(2)))))) - (b * (1 / (-(2))))) * c) - ((((((-(2)) * b) + a) + b) + c) * ((c - (a * (1 / 2))) + (b * (1 / (-(2))))))) * (((c + b) + a) * (c - (((2 * a) - a) - b)))) * (1 / (-(8)))))))))
23: exp = -53: floor_power2((sqrt((-((((((((c * (1 / 2)) - (b + (a * (1 / (-(2)))))) - (b * (1 / (-(2))))) * c) - ((((((-(2)) * b) + a) + b) + c) * ((c - (a * (1 / 2))) + (b * (1 / (-(2))))))) * (((c + b) + a) * (c - (((2 * a) - a) - b)))) * (1 / (-(8))))))) + interval(-1.79555674326127432838e-14, 1.79555674326127432838e-14)))

Corresponding original subexpressions:
1: rnd64((a / (-(2))))
2: rnd[64,ne,1.00,-53,0]((b + rnd64((a / (-(2))))))
3: rnd[64,ne,1.00,-53,0]((rnd[64,ne,1.00,0,-1022]((c / 2)) - rnd[64,ne,1.00,-53,0]((b + rnd64((a / (-(2))))))))
4: rnd64((b / (-(2))))
5: rnd[64,ne,1.00,-53,0]((rnd[64,ne,1.00,-53,0]((rnd[64,ne,1.00,0,-1022]((c / 2)) - rnd[64,ne,1.00,-53,0]((b + rnd64((a / (-(2)))))))) - rnd64((b / (-(2))))))
6: rnd64((rnd[64,ne,1.00,-53,0]((rnd[64,ne,1.00,-53,0]((rnd[64,ne,1.00,0,-1022]((c / 2)) - rnd[64,ne,1.00,-53,0]((b + rnd64((a / (-(2)))))))) - rnd64((b / (-(2)))))) * c))
7: rnd64(((-(2)) * b))
8: rnd[64,ne,1.00,-53,0]((rnd64(((-(2)) * b)) + a))
9: rnd[64,ne,1.00,-53,0]((rnd[64,ne,1.00,-53,0]((rnd64(((-(2)) * b)) + a)) + b))
10: rnd[64,ne,1.00,-53,0]((rnd[64,ne,1.00,-53,0]((rnd[64,ne,1.00,-53,0]((rnd64(((-(2)) * b)) + a)) + b)) + c))
11: rnd[64,ne,1.00,-53,0]((c - rnd[64,ne,1.00,0,-1022]((a / 2))))
12: rnd[64,ne,1.00,-53,0]((rnd[64,ne,1.00,-53,0]((c - rnd[64,ne,1.00,0,-1022]((a / 2)))) + rnd64((b / (-(2))))))
13: rnd64((rnd[64,ne,1.00,-53,0]((rnd[64,ne,1.00,-53,0]((rnd[64,ne,1.00,-53,0]((rnd64(((-(2)) * b)) + a)) + b)) + c)) * rnd[64,ne,1.00,-53,0]((rnd[64,ne,1.00,-53,0]((c - rnd[64,ne,1.00,0,-1022]((a / 2)))) + rnd64((b / (-(2))))))))
14: rnd[64,ne,1.00,-53,0]((rnd64((rnd[64,ne,1.00,-53,0]((rnd[64,ne,1.00,-53,0]((rnd[64,ne,1.00,0,-1022]((c / 2)) - rnd[64,ne,1.00,-53,0]((b + rnd64((a / (-(2)))))))) - rnd64((b / (-(2)))))) * c)) - rnd64((rnd[64,ne,1.00,-53,0]((rnd[64,ne,1.00,-53,0]((rnd[64,ne,1.00,-53,0]((rnd64(((-(2)) * b)) + a)) + b)) + c)) * rnd[64,ne,1.00,-53,0]((rnd[64,ne,1.00,-53,0]((c - rnd[64,ne,1.00,0,-1022]((a / 2)))) + rnd64((b / (-(2))))))))))
15: rnd[64,ne,1.00,-53,0]((c + b))
16: rnd[64,ne,1.00,-53,0]((rnd[64,ne,1.00,-53,0]((c + b)) + a))
17: rnd[64,ne,1.00,-53,0](((2 * a) - a))
18: rnd[64,ne,1.00,-53,0]((rnd[64,ne,1.00,-53,0](((2 * a) - a)) - b))
19: rnd[64,ne,1.00,-53,0]((c - rnd[64,ne,1.00,-53,0]((rnd[64,ne,1.00,-53,0](((2 * a) - a)) - b))))
20: rnd64((rnd[64,ne,1.00,-53,0]((rnd[64,ne,1.00,-53,0]((c + b)) + a)) * rnd[64,ne,1.00,-53,0]((c - rnd[64,ne,1.00,-53,0]((rnd[64,ne,1.00,-53,0](((2 * a) - a)) - b))))))
21: rnd64((rnd[64,ne,1.00,-53,0]((rnd64((rnd[64,ne,1.00,-53,0]((rnd[64,ne,1.00,-53,0]((rnd[64,ne,1.00,0,-1022]((c / 2)) - rnd[64,ne,1.00,-53,0]((b + rnd64((a / (-(2)))))))) - rnd64((b / (-(2)))))) * c)) - rnd64((rnd[64,ne,1.00,-53,0]((rnd[64,ne,1.00,-53,0]((rnd[64,ne,1.00,-53,0]((rnd64(((-(2)) * b)) + a)) + b)) + c)) * rnd[64,ne,1.00,-53,0]((rnd[64,ne,1.00,-53,0]((c - rnd[64,ne,1.00,0,-1022]((a / 2)))) + rnd64((b / (-(2)))))))))) * rnd64((rnd[64,ne,1.00,-53,0]((rnd[64,ne,1.00,-53,0]((c + b)) + a)) * rnd[64,ne,1.00,-53,0]((c - rnd[64,ne,1.00,-53,0]((rnd[64,ne,1.00,-53,0](((2 * a) - a)) - b))))))))
22: rnd64((rnd64((rnd[64,ne,1.00,-53,0]((rnd64((rnd[64,ne,1.00,-53,0]((rnd[64,ne,1.00,-53,0]((rnd[64,ne,1.00,0,-1022]((c / 2)) - rnd[64,ne,1.00,-53,0]((b + rnd64((a / (-(2)))))))) - rnd64((b / (-(2)))))) * c)) - rnd64((rnd[64,ne,1.00,-53,0]((rnd[64,ne,1.00,-53,0]((rnd[64,ne,1.00,-53,0]((rnd64(((-(2)) * b)) + a)) + b)) + c)) * rnd[64,ne,1.00,-53,0]((rnd[64,ne,1.00,-53,0]((c - rnd[64,ne,1.00,0,-1022]((a / 2)))) + rnd64((b / (-(2)))))))))) * rnd64((rnd[64,ne,1.00,-53,0]((rnd[64,ne,1.00,-53,0]((c + b)) + a)) * rnd[64,ne,1.00,-53,0]((c - rnd[64,ne,1.00,-53,0]((rnd[64,ne,1.00,-53,0](((2 * a) - a)) - b)))))))) / (-(8))))
23: rnd[64,ne,1.00,-53,0](sqrt((-(rnd64((rnd64((rnd[64,ne,1.00,-53,0]((rnd64((rnd[64,ne,1.00,-53,0]((rnd[64,ne,1.00,-53,0]((rnd[64,ne,1.00,0,-1022]((c / 2)) - rnd[64,ne,1.00,-53,0]((b + rnd64((a / (-(2)))))))) - rnd64((b / (-(2)))))) * c)) - rnd64((rnd[64,ne,1.00,-53,0]((rnd[64,ne,1.00,-53,0]((rnd[64,ne,1.00,-53,0]((rnd64(((-(2)) * b)) + a)) + b)) + c)) * rnd[64,ne,1.00,-53,0]((rnd[64,ne,1.00,-53,0]((c - rnd[64,ne,1.00,0,-1022]((a / 2)))) + rnd64((b / (-(2)))))))))) * rnd64((rnd[64,ne,1.00,-53,0]((rnd[64,ne,1.00,-53,0]((c + b)) + a)) * rnd[64,ne,1.00,-53,0]((c - rnd[64,ne,1.00,-53,0]((rnd[64,ne,1.00,-53,0](((2 * a) - a)) - b)))))))) / (-(8))))))))

Selected optimization method: bb-eval
bb-eval_opt: x_abs_tol = 1.000000e-02, f_rel_tol = 1.000000e-02, f_abs_tol = 1.000000e-02, iters = 1000000
bounds: [6.195654e+00, 8.697591e+00]

Computing absolute errors
Selected optimization method: bb-eval
bb-eval_opt: x_abs_tol = 1.000000e-02, f_rel_tol = 1.000000e-02, f_abs_tol = 1.000000e-02, iters = 1000000
rmin(result = 3.215950e-13, lower = 3.215950e-13), rmax(result = 3.215950e-13, lower = 3.215950e-13)
-1: exp = -53: 3.215950e-13 (low = 3.215950e-13, subopt = 0.0%)
Selected optimization method: bb-eval
bb-eval_opt: x_abs_tol = 1.000000e-02, f_rel_tol = 1.000000e-02, f_abs_tol = 1.000000e-02, iters = 1000000
rmin(result = 1.084843e+00, lower = 1.100986e+00), rmax(result = 1.535208e+00, lower = 1.514982e+00)
-1: exp = -1022: 1.535208e+00 (low = 1.514982e+00, subopt = 1.3%)

Solving the exact optimization problem
Selected optimization method: bb-eval
bb-eval_opt: x_abs_tol = 1.000000e-02, f_rel_tol = 1.000000e-02, f_abs_tol = 1.000000e-02, iters = 1000000
exact bound (exp = -53): 1.237585e+02 (low = 1.220107e+02, subopt = 1.4%)
total2: 3.570421e-29 (low = 3.570421e-29, subopt = 0.0%)
exact total: 1.373995e-14 (low = 1.354591e-14, subopt = 1.4%)

Computing relative errors
Selected optimization method: bb-eval
bb-eval_opt: x_abs_tol = 1.000000e-02, f_rel_tol = 1.000000e-02, f_abs_tol = 1.000000e-02, iters = 1000000
rmin(result = 3.215950e-13, lower = 3.215950e-13), rmax(result = 3.215950e-13, lower = 3.215950e-13)
-1: exp = -53: 3.215950e-13 (low = 3.215950e-13, subopt = 0.0%)
Selected optimization method: bb-eval
bb-eval_opt: x_abs_tol = 1.000000e-02, f_rel_tol = 1.000000e-02, f_abs_tol = 1.000000e-02, iters = 1000000
rmin(result = 1.084843e+00, lower = 1.100986e+00), rmax(result = 1.535208e+00, lower = 1.514982e+00)
-1: exp = -1022: 1.535208e+00 (low = 1.514982e+00, subopt = 1.3%)

Solving the exact optimization problem
Selected optimization method: bb-eval
bb-eval_opt: x_abs_tol = 1.000000e-02, f_rel_tol = 1.000000e-02, f_abs_tol = 1.000000e-02, iters = 1000000
exact bound-rel (exp = -53): 1.966578e+01 (low = 1.943927e+01, subopt = 1.2%)
total2: 5.762783e-30 (low = 4.105069e-30, subopt = 28.8%)
exact total-rel: 2.183340e-15 (low = 2.158193e-15, subopt = 1.2%)

Elapsed time: 0.07523
*************************************

-------------------------------------------------------------------------------
Problem: result

Optimization lower bounds for error models:
The absolute error (exact) model: 1.354591e-14 (0x1.e80af88f93dc1p-47) (suboptimality = 1.4%)
The relative error (exact) model: 2.158192e-15 (0x1.3707434d7cd4p-49) (suboptimality = 1.2%)

Bounds (without rounding): [6.195654, 8.697592]
Bounds (floating-point): [6.195654, 8.697592]

Absolute error (exact): 1.373996e-14 (0x1.ef08b2c23312ap-47)
Relative error (exact): 2.183340e-15 (0x1.3aa705ed7a971p-49)

Elapsed time: 0.08

