Base path: /Users/laura.zielinski/FPTaylor
Config file: /Users/laura.zielinski/FPTaylor/default.cfg
Config file: /var/folders/38/q_vgzzt959nfc63ldktzz1gr0000gp/T/tmpaw0o6z3p.cfg
default-rnd = rnd64
nlopt-cc = gcc -std=c99 -O3
opt-exact = true
develop = false
log-append-date = start
uncertainty = false
rel-error = true
opt-approx = false
proof-record = false
find-bounds = false
proof-dir = proofs
opt-f-abs-tol = 0.01
fail-on-exception = true
print-opt-lower-bounds = true
bb-compile = {base}/b_and_b/compile.sh {base} {input} {out}
z3-python-lib = 
opt-x-abs-tol = 0.01
export-error-bounds = 
opt-f-rel-tol = 0.01
export-options = 
opt-x-rel-tol = 0.0
rel-error-threshold = 0.0001
bb-alg = opt0
log-base-dir = log
intermediate-opt = false
z3-interval-bounds = true
opt-max-iters = 1000000
abs-error = true
z3-bin = 
maxima-simplification = false
print-hex-floats = true
debug = true
print-precision = 7
export-error-bounds-data = 
fp-power2-model = true
opt = auto
default-var-type = float64
verbosity = 2
ulp-error = false
opt-timeout = 10000
nlopt-lib = -lnlopt -lm
tmp-base-dir = tmp
unique-indices = false
z3-seed = 0
tmp-date = false
z3-python-cmd = python
const-approx-real-vars = false
print-second-order-errors = false
Resetting input_parser_env
eval_const_expr: (-(1))
result: -1
eval_const_expr: 1
result: 1
eval_const_expr: 0
result: 0
eval_const_expr: 1
result: 1
eval_const_expr: (-(1))
result: -1
eval_const_expr: 0
result: 0
eval_const_expr: (1/10)
result: 1/10
eval_const_expr: 0
result: 0
eval_const_expr: (1/10)
result: 1/10
eval_const_expr: 0
result: 0
eval_const_expr: 1
result: 1
eval_const_expr: (21/20)
result: 21/20
eval_const_expr: 0
result: 0
eval_const_expr: (21/20)
result: 21/20
eval_const_expr: 1
result: 1
Resetting input_parser_env
|tasks| = 1
Processing: result

*************************************
Taylor form for: rnd64((rnd64((rnd64((rnd64((rnd64((rnd64((rnd64(1) - rnd64(rone_es))) + rnd64((rnd64((rnd64(ca) * rnd64(es))) * rnd64((rnd64(rone_es) * rnd64(ca))))))) * rnd64((rnd64((rnd64(ca) * rnd64(es))) * rnd64((rnd64(rone_es) * rnd64(ca))))))) + rnd64((rnd64((-(rnd64(1)))) + rnd64(rone_es))))) - rnd64((rnd64((rnd64(ca) * rnd64(es))) * rnd64((rnd64(rone_es) * rnd64(ca))))))) + rnd64((rnd64((rnd64(rone_es) * rnd64((rnd64((-(rnd64(1)))) + rnd64(rone_es))))) - rnd64((rnd64((rnd64(rone_es) * rnd64(rone_es))) * rnd64((rnd64(ca) * rnd64((rnd64(ca) * rnd64(es)))))))))))

Conservative bound: [-0.231525, 0.334025]

Simplified rounding: rnd[64,ne,1.00,-53,0]((rnd[64,ne,1.00,-53,0]((rnd[64,ne,1.00,-53,0]((rnd64((rnd[64,ne,1.00,-53,0]((rnd[64,ne,1.00,-53,0]((1 - rone_es)) + rnd64((rnd64((ca * es)) * rnd64((rone_es * ca)))))) * rnd64((rnd64((ca * es)) * rnd64((rone_es * ca)))))) + rnd[64,ne,1.00,-53,0](((-(1)) + rone_es)))) - rnd64((rnd64((ca * es)) * rnd64((rone_es * ca)))))) + rnd[64,ne,1.00,-53,0]((rnd64((rone_es * rnd[64,ne,1.00,-53,0](((-(1)) + rone_es)))) - rnd64((rnd64((rone_es * rone_es)) * rnd64((ca * rnd64((ca * es))))))))))
Building Taylor forms...
const_form
var_form
sub_form
rounded_form
var_form
var_form
mul_form
rounded_form
mul_form
rounded_form
mul_form
rounded_form
add_form
rounded_form
mul_form
rounded_form
neg_form
add_form
rounded_form
add_form
rounded_form
sub_form
rounded_form
mul_form
rounded_form
mul_form
rounded_form
mul_form
rounded_form
mul_form
rounded_form
sub_form
rounded_form
add_form
rounded_form
Taylor forms cache stats: num_bindings = 35, num_buckets = 1024, max_bucket_length = 1
Expr cache stats: num_bindings = 114, num_buckets = 65536, max_bucket_length = 1
Simplifying Taylor forms...
success
v0 = ((((((1 - rone_es) + ((ca * es) * (rone_es * ca))) * ((ca * es) * (rone_es * ca))) + ((-(1)) + rone_es)) - ((ca * es) * (rone_es * ca))) + ((rone_es * ((-(1)) + rone_es)) - ((rone_es * rone_es) * (ca * (ca * es)))))
-1: exp = -53: (41015906884649/1267650600228229401496703205376)
1: exp = -53: (((ca * es) * (rone_es * ca)) * floor_power2(((1 - rone_es) + 0)))
2: exp = -53: ((((((1 - rone_es) + ((ca * es) * (rone_es * ca))) * ((rone_es * ca) * floor_power2(((ca * es) + 0)))) + (((ca * es) * (rone_es * ca)) * ((rone_es * ca) * floor_power2(((ca * es) + 0))))) + (-(((rone_es * ca) * floor_power2(((ca * es) + 0)))))) + (-(((rone_es * rone_es) * (ca * floor_power2(((ca * es) + 0)))))))
3: exp = -53: (((((1 - rone_es) + ((ca * es) * (rone_es * ca))) * ((ca * es) * floor_power2(((rone_es * ca) + 0)))) + (((ca * es) * (rone_es * ca)) * ((ca * es) * floor_power2(((rone_es * ca) + 0))))) + (-(((ca * es) * floor_power2(((rone_es * ca) + 0))))))
4: exp = -53: (((((1 - rone_es) + ((ca * es) * (rone_es * ca))) * floor_power2((((ca * es) * (rone_es * ca)) + interval(-1.83880688453541576660e-17, 1.83880688453541576660e-17)))) + (((ca * es) * (rone_es * ca)) * floor_power2((((ca * es) * (rone_es * ca)) + interval(-1.83880688453541576660e-17, 1.83880688453541576660e-17))))) + (-(floor_power2((((ca * es) * (rone_es * ca)) + interval(-1.83880688453541576660e-17, 1.83880688453541576660e-17))))))
5: exp = -53: (((ca * es) * (rone_es * ca)) * floor_power2((((1 - rone_es) + ((ca * es) * (rone_es * ca))) + interval(-2.87964097012150002324e-17, 2.87964097012150002324e-17))))
6: exp = -53: floor_power2(((((1 - rone_es) + ((ca * es) * (rone_es * ca))) * ((ca * es) * (rone_es * ca))) + interval(-8.40646996458361503115e-18, 8.40646996458361503115e-18)))
7: exp = -53: (floor_power2((((-(1)) + rone_es) + 0)) + (rone_es * floor_power2((((-(1)) + rone_es) + 0))))
8: exp = -53: floor_power2((((((1 - rone_es) + ((ca * es) * (rone_es * ca))) * ((ca * es) * (rone_es * ca))) + ((-(1)) + rone_es)) + interval(-1.36106403925140363144e-17, 1.36106403925140363144e-17)))
9: exp = -53: floor_power2(((((((1 - rone_es) + ((ca * es) * (rone_es * ca))) * ((ca * es) * (rone_es * ca))) + ((-(1)) + rone_es)) - ((ca * es) * (rone_es * ca))) + interval(-4.58764970456826615208e-17, 4.58764970456826615208e-17)))
10: exp = -53: floor_power2(((rone_es * ((-(1)) + rone_es)) + interval(-3.64291929955129505234e-18, 3.64291929955129505234e-18)))
11: exp = -53: (-(((ca * (ca * es)) * floor_power2(((rone_es * rone_es) + 0)))))
12: exp = -53: (-(((rone_es * rone_es) * floor_power2(((ca * (ca * es)) + interval(-6.93889390390722991839e-18, 6.93889390390722991839e-18))))))
13: exp = -53: (-(floor_power2((((rone_es * rone_es) * (ca * (ca * es))) + interval(-2.64024913043670143307e-17, 2.64024913043670143307e-17)))))
14: exp = -53: floor_power2((((rone_es * ((-(1)) + rone_es)) - ((rone_es * rone_es) * (ca * (ca * es)))) + interval(-4.04537514597791542607e-17, 4.04537514597791542607e-17)))
15: exp = -53: floor_power2((((((((1 - rone_es) + ((ca * es) * (rone_es * ca))) * ((ca * es) * (rone_es * ca))) + ((-(1)) + rone_es)) - ((ca * es) * (rone_es * ca))) + ((rone_es * ((-(1)) + rone_es)) - ((rone_es * rone_es) * (ca * (ca * es))))) + interval(-1.14085824121090753944e-16, 1.14085824121090753944e-16)))

Corresponding original subexpressions:
1: rnd[64,ne,1.00,-53,0]((1 - rone_es))
2: rnd64((ca * es))
3: rnd64((rone_es * ca))
4: rnd64((rnd64((ca * es)) * rnd64((rone_es * ca))))
5: rnd[64,ne,1.00,-53,0]((rnd[64,ne,1.00,-53,0]((1 - rone_es)) + rnd64((rnd64((ca * es)) * rnd64((rone_es * ca))))))
6: rnd64((rnd[64,ne,1.00,-53,0]((rnd[64,ne,1.00,-53,0]((1 - rone_es)) + rnd64((rnd64((ca * es)) * rnd64((rone_es * ca)))))) * rnd64((rnd64((ca * es)) * rnd64((rone_es * ca))))))
7: rnd[64,ne,1.00,-53,0](((-(1)) + rone_es))
8: rnd[64,ne,1.00,-53,0]((rnd64((rnd[64,ne,1.00,-53,0]((rnd[64,ne,1.00,-53,0]((1 - rone_es)) + rnd64((rnd64((ca * es)) * rnd64((rone_es * ca)))))) * rnd64((rnd64((ca * es)) * rnd64((rone_es * ca)))))) + rnd[64,ne,1.00,-53,0](((-(1)) + rone_es))))
9: rnd[64,ne,1.00,-53,0]((rnd[64,ne,1.00,-53,0]((rnd64((rnd[64,ne,1.00,-53,0]((rnd[64,ne,1.00,-53,0]((1 - rone_es)) + rnd64((rnd64((ca * es)) * rnd64((rone_es * ca)))))) * rnd64((rnd64((ca * es)) * rnd64((rone_es * ca)))))) + rnd[64,ne,1.00,-53,0](((-(1)) + rone_es)))) - rnd64((rnd64((ca * es)) * rnd64((rone_es * ca))))))
10: rnd64((rone_es * rnd[64,ne,1.00,-53,0](((-(1)) + rone_es))))
11: rnd64((rone_es * rone_es))
12: rnd64((ca * rnd64((ca * es))))
13: rnd64((rnd64((rone_es * rone_es)) * rnd64((ca * rnd64((ca * es))))))
14: rnd[64,ne,1.00,-53,0]((rnd64((rone_es * rnd[64,ne,1.00,-53,0](((-(1)) + rone_es)))) - rnd64((rnd64((rone_es * rone_es)) * rnd64((ca * rnd64((ca * es))))))))
15: rnd[64,ne,1.00,-53,0]((rnd[64,ne,1.00,-53,0]((rnd[64,ne,1.00,-53,0]((rnd64((rnd[64,ne,1.00,-53,0]((rnd[64,ne,1.00,-53,0]((1 - rone_es)) + rnd64((rnd64((ca * es)) * rnd64((rone_es * ca)))))) * rnd64((rnd64((ca * es)) * rnd64((rone_es * ca)))))) + rnd[64,ne,1.00,-53,0](((-(1)) + rone_es)))) - rnd64((rnd64((ca * es)) * rnd64((rone_es * ca)))))) + rnd[64,ne,1.00,-53,0]((rnd64((rone_es * rnd[64,ne,1.00,-53,0](((-(1)) + rone_es)))) - rnd64((rnd64((rone_es * rone_es)) * rnd64((ca * rnd64((ca * es))))))))))

Selected optimization method: bb-eval
bb-eval_opt: x_abs_tol = 1.000000e-02, f_rel_tol = 1.000000e-02, f_abs_tol = 1.000000e-02, iters = 1000000
bounds: [-1.939381e-01, 1.031891e-01]

Computing absolute errors
Selected optimization method: bb-eval
bb-eval_opt: x_abs_tol = 1.000000e-02, f_rel_tol = 1.000000e-02, f_abs_tol = 1.000000e-02, iters = 1000000
rmin(result = 3.235585e-17, lower = 3.235585e-17), rmax(result = 3.235585e-17, lower = 3.235585e-17)
-1: exp = -53: 3.235585e-17 (low = 3.235585e-17, subopt = 0.0%)

Solving the exact optimization problem
Selected optimization method: bb-eval
bb-eval_opt: x_abs_tol = 1.000000e-02, f_rel_tol = 1.000000e-02, f_abs_tol = 1.000000e-02, iters = 1000000
exact bound (exp = -53): 8.806537e-01 (low = 8.443008e-01, subopt = 4.1%)
total2: 3.592220e-33 (low = 3.592220e-33, subopt = 0.0%)
exact total: 9.777220e-17 (low = 9.373622e-17, subopt = 4.1%)

Computing relative errors
**WARNING**: 
Cannot compute the relative error: values of the function are close to zero

Elapsed time: 0.03041
*************************************

-------------------------------------------------------------------------------
Problem: result

Optimization lower bounds for error models:
The absolute error (exact) model: 9.373621e-17 (0x1.b0483126e978ap-54) (suboptimality = 4.1%)

Bounds (without rounding): [-1.939382e-1, 1.031891e-1]
Bounds (floating-point): [-1.939382e-1, 1.031891e-1]

Absolute error (exact): 9.777220e-17 (0x1.c2e509ea04524p-54)

Elapsed time: 0.03

