Base path: /Users/laura.zielinski/FPTaylor
Config file: /Users/laura.zielinski/FPTaylor/default.cfg
Config file: /var/folders/38/q_vgzzt959nfc63ldktzz1gr0000gp/T/tmp39hk1jwo.cfg
default-rnd = rnd64
nlopt-cc = gcc -std=c99 -O3
opt-exact = true
develop = false
log-append-date = start
uncertainty = false
rel-error = true
opt-approx = false
proof-record = false
find-bounds = false
proof-dir = proofs
opt-f-abs-tol = 0.01
fail-on-exception = true
print-opt-lower-bounds = true
bb-compile = {base}/b_and_b/compile.sh {base} {input} {out}
z3-python-lib = 
opt-x-abs-tol = 0.01
export-error-bounds = 
opt-f-rel-tol = 0.01
export-options = 
opt-x-rel-tol = 0.0
rel-error-threshold = 0.0001
bb-alg = opt0
log-base-dir = log
intermediate-opt = false
z3-interval-bounds = true
opt-max-iters = 1000000
abs-error = true
z3-bin = 
maxima-simplification = false
print-hex-floats = true
debug = true
print-precision = 7
export-error-bounds-data = 
fp-power2-model = true
opt = auto
default-var-type = float64
verbosity = 2
ulp-error = false
opt-timeout = 10000
nlopt-lib = -lnlopt -lm
tmp-base-dir = tmp
unique-indices = false
z3-seed = 0
tmp-date = false
z3-python-cmd = python
const-approx-real-vars = false
print-second-order-errors = false
Resetting input_parser_env
eval_const_expr: 2
result: 2
eval_const_expr: 100
result: 100
eval_const_expr: 0
result: 0
eval_const_expr: 100
result: 100
eval_const_expr: 2
result: 2
Resetting input_parser_env
|tasks| = 1
Processing: result

*************************************
Taylor form for: rnd64((rnd64((rnd64((-(rnd64(2)))) / rnd64((rnd64(x) - rnd64((rnd64(1) / rnd64(x))))))) - rnd64((rnd64(1) / rnd64((rnd64(x) - rnd64(1)))))))

Conservative bound: [-2.333333, -0.030103]

Simplified rounding: rnd[64,ne,1.00,-53,0]((rnd64(((-(2)) / rnd[64,ne,1.00,-53,0]((x - rnd64((1 / x)))))) - rnd64((1 / rnd[64,ne,1.00,-53,0]((x - 1))))))
Building Taylor forms...
const_form
neg_form
var_form
const_form
div_form
inv_form
mul_form
rounded_form
sub_form
rounded_form
div_form
inv_form
mul_form
rounded_form
sub_form
rounded_form
div_form
inv_form
mul_form
rounded_form
sub_form
rounded_form
Taylor forms cache stats: num_bindings = 16, num_buckets = 1024, max_bucket_length = 1
Expr cache stats: num_bindings = 58, num_buckets = 65536, max_bucket_length = 2
Simplifying Taylor forms...
success
v0 = (((-(2)) * (1 / (x - (1 * (1 / x))))) - (1 * (1 / (x - 1))))
-1: exp = -53: (112395158241889/154742504910672534362390528)
1: exp = -53: ((-(2)) * (-(((-(floor_power2(((1 * (1 / x)) + 0)))) / ((x - (1 * (1 / x))) * (x - (1 * (1 / x))))))))
2: exp = -53: ((-(2)) * (-((floor_power2(((x - (1 * (1 / x))) + interval(-2.77555756156289196736e-17, 2.77555756156289196736e-17))) / ((x - (1 * (1 / x))) * (x - (1 * (1 / x))))))))
3: exp = -53: floor_power2((((-(2)) * (1 / (x - (1 * (1 / x))))) + interval(-6.34060705174814735816e-15, 6.34060705174814735816e-15)))
4: exp = -53: (-((1 * (-((floor_power2(((x - 1) + 0)) / ((x - 1) * (x - 1))))))))
5: exp = -53: (-(floor_power2(((1 * (1 / (x - 1))) + interval(-7.10542735760105392353e-15, 7.10542735760105392353e-15)))))
6: exp = -53: floor_power2(((((-(2)) * (1 / (x - (1 * (1 / x))))) - (1 * (1 / (x - 1)))) + interval(-1.36680790142742318009e-14, 1.36680790142742318009e-14)))

Corresponding original subexpressions:
1: rnd64((1 / x))
2: rnd[64,ne,1.00,-53,0]((x - rnd64((1 / x))))
3: rnd64(((-(2)) / rnd[64,ne,1.00,-53,0]((x - rnd64((1 / x))))))
4: rnd[64,ne,1.00,-53,0]((x - 1))
5: rnd64((1 / rnd[64,ne,1.00,-53,0]((x - 1))))
6: rnd[64,ne,1.00,-53,0]((rnd64(((-(2)) / rnd[64,ne,1.00,-53,0]((x - rnd64((1 / x)))))) - rnd64((1 / rnd[64,ne,1.00,-53,0]((x - 1))))))

Selected optimization method: bb-eval
bb-eval_opt: x_abs_tol = 1.000000e-02, f_rel_tol = 1.000000e-02, f_abs_tol = 1.000000e-02, iters = 1000000
bounds: [-2.333333e+00, -3.010301e-02]

Computing absolute errors
Selected optimization method: bb-eval
bb-eval_opt: x_abs_tol = 1.000000e-02, f_rel_tol = 1.000000e-02, f_abs_tol = 1.000000e-02, iters = 1000000
rmin(result = 7.263367e-13, lower = 7.263367e-13), rmax(result = 7.263367e-13, lower = 7.263367e-13)
-1: exp = -53: 7.263367e-13 (low = 7.263367e-13, subopt = 0.0%)

Solving the exact optimization problem
Selected optimization method: bb-eval
bb-eval_opt: x_abs_tol = 1.000000e-02, f_rel_tol = 1.000000e-02, f_abs_tol = 1.000000e-02, iters = 1000000
exact bound (exp = -53): 6.111111e+00 (low = 5.599640e+00, subopt = 8.4%)
total2: 8.063957e-29 (low = 8.063957e-29, subopt = 0.0%)
exact total: 6.784696e-16 (low = 6.216850e-16, subopt = 8.4%)

Computing relative errors
Selected optimization method: bb-eval
bb-eval_opt: x_abs_tol = 1.000000e-02, f_rel_tol = 1.000000e-02, f_abs_tol = 1.000000e-02, iters = 1000000
rmin(result = 7.263367e-13, lower = 7.263367e-13), rmax(result = 7.263367e-13, lower = 7.263367e-13)
-1: exp = -53: 7.263367e-13 (low = 7.263367e-13, subopt = 0.0%)

Solving the exact optimization problem
Selected optimization method: bb-eval
bb-eval_opt: x_abs_tol = 1.000000e-02, f_rel_tol = 1.000000e-02, f_abs_tol = 1.000000e-02, iters = 1000000
exact bound-rel (exp = -53): 2.633216e+00 (low = 2.523136e+00, subopt = 4.2%)
total2: 2.678788e-27 (low = 3.455982e-29, subopt = 98.7%)
exact total-rel: 2.923457e-16 (low = 2.801243e-16, subopt = 4.2%)

Elapsed time: 0.01154
*************************************

-------------------------------------------------------------------------------
Problem: result

Optimization lower bounds for error models:
The absolute error (exact) model: 6.216849e-16 (0x1.666081aff3885p-51) (suboptimality = 8.4%)
The relative error (exact) model: 2.801243e-16 (0x1.42f61d090fed3p-52) (suboptimality = 4.2%)

Bounds (without rounding): [-2.333334, -3.010301e-2]
Bounds (floating-point): [-2.333334, -3.010301e-2]

Absolute error (exact): 6.784697e-16 (0x1.871c71c71ca4fp-51)
Relative error (exact): 2.923458e-16 (0x1.510d3aeb4a823p-52)

Elapsed time: 0.01

