Base path: /Users/laura.zielinski/FPTaylor
Config file: /Users/laura.zielinski/FPTaylor/default.cfg
Config file: /var/folders/38/q_vgzzt959nfc63ldktzz1gr0000gp/T/tmpnr16_bfb.cfg
default-rnd = rnd64
nlopt-cc = gcc -std=c99 -O3
opt-exact = true
develop = false
log-append-date = start
uncertainty = false
rel-error = true
opt-approx = false
proof-record = false
find-bounds = false
proof-dir = proofs
opt-f-abs-tol = 0.01
fail-on-exception = true
print-opt-lower-bounds = true
bb-compile = {base}/b_and_b/compile.sh {base} {input} {out}
z3-python-lib = 
opt-x-abs-tol = 0.01
export-error-bounds = 
opt-f-rel-tol = 0.01
export-options = 
opt-x-rel-tol = 0.0
rel-error-threshold = 0.0001
bb-alg = opt0
log-base-dir = log
intermediate-opt = false
z3-interval-bounds = true
opt-max-iters = 1000000
abs-error = true
z3-bin = 
maxima-simplification = false
print-hex-floats = true
debug = true
print-precision = 7
export-error-bounds-data = 
fp-power2-model = true
opt = auto
default-var-type = float64
verbosity = 2
ulp-error = false
opt-timeout = 10000
nlopt-lib = -lnlopt -lm
tmp-base-dir = tmp
unique-indices = false
z3-seed = 0
tmp-date = false
z3-python-cmd = python
const-approx-real-vars = false
print-second-order-errors = false
Resetting input_parser_env
eval_const_expr: 2
result: 2
eval_const_expr: 100
result: 100
eval_const_expr: 0
result: 0
eval_const_expr: 100
result: 100
eval_const_expr: 2
result: 2
Resetting input_parser_env
|tasks| = 1
Processing: result

*************************************
Taylor form for: rnd64((rnd64((rnd64((rnd64((rnd64((-(rnd64(1)))) - rnd64(1))) / rnd64(x))) / rnd64((rnd64((rnd64((rnd64((-(rnd64(1)))) / rnd64(x))) / rnd64(x))) + rnd64(1))))) - rnd64((rnd64((rnd64((-(rnd64(1)))) / rnd64(x))) / rnd64((rnd64((rnd64(1) / rnd64(x))) + rnd64((-(rnd64(1))))))))))

Conservative bound: [-2.333333, -0.030103]

Simplified rounding: rnd[64,ne,1.00,-53,0]((rnd64((rnd64((rnd[64,ne,1.00,-53,0](((-(1)) - 1)) / x)) / rnd[64,ne,1.00,-53,0]((rnd64((rnd64(((-(1)) / x)) / x)) + 1)))) - rnd64((rnd64(((-(1)) / x)) / rnd[64,ne,1.00,-53,0]((rnd64((1 / x)) + (-(1))))))))
Building Taylor forms...
const_form
neg_form
sub_form
rounded_form
var_form
div_form
inv_form
mul_form
rounded_form
div_form
inv_form
mul_form
rounded_form
div_form
inv_form
mul_form
rounded_form
add_form
rounded_form
div_form
inv_form
mul_form
rounded_form
div_form
inv_form
mul_form
rounded_form
add_form
rounded_form
div_form
inv_form
mul_form
rounded_form
sub_form
rounded_form
Taylor forms cache stats: num_bindings = 23, num_buckets = 1024, max_bucket_length = 1
Expr cache stats: num_bindings = 98, num_buckets = 65536, max_bucket_length = 2
Simplifying Taylor forms...
success
v0 = (((((-(1)) - 1) * (1 / x)) * (1 / ((((-(1)) * (1 / x)) * (1 / x)) + 1))) - (((-(1)) * (1 / x)) * (1 / ((1 * (1 / x)) + (-(1))))))
-1: exp = -53: (8048099334097285/10141204801825835211973625643008)
1: exp = -53: ((1 / ((((-(1)) * (1 / x)) * (1 / x)) + 1)) * ((1 / x) * floor_power2((((-(1)) - 1) + 0))))
2: exp = -53: ((1 / ((((-(1)) * (1 / x)) * (1 / x)) + 1)) * floor_power2(((((-(1)) - 1) * (1 / x)) + interval(-5.55111512312578270212e-17, 5.55111512312578270212e-17))))
3: exp = -53: (((((-(1)) - 1) * (1 / x)) * (-((((1 / x) * floor_power2((((-(1)) * (1 / x)) + 0))) / (((((-(1)) * (1 / x)) * (1 / x)) + 1) * ((((-(1)) * (1 / x)) * (1 / x)) + 1)))))) + (-(((1 / ((1 * (1 / x)) + (-(1)))) * floor_power2((((-(1)) * (1 / x)) + 0))))))
4: exp = -53: ((((-(1)) - 1) * (1 / x)) * (-((floor_power2(((((-(1)) * (1 / x)) * (1 / x)) + interval(-1.38777878078144598368e-17, 1.38777878078144598368e-17))) / (((((-(1)) * (1 / x)) * (1 / x)) + 1) * ((((-(1)) * (1 / x)) * (1 / x)) + 1))))))
5: exp = -53: ((((-(1)) - 1) * (1 / x)) * (-((floor_power2((((((-(1)) * (1 / x)) * (1 / x)) + 1) + interval(-4.16333634234433764289e-17, 4.16333634234433764289e-17))) / (((((-(1)) * (1 / x)) * (1 / x)) + 1) * ((((-(1)) * (1 / x)) * (1 / x)) + 1))))))
6: exp = -53: floor_power2((((((-(1)) - 1) * (1 / x)) * (1 / ((((-(1)) * (1 / x)) * (1 / x)) + 1))) + interval(-3.94745964311166945231e-16, 3.94745964311166945231e-16)))
7: exp = -53: (-((((-(1)) * (1 / x)) * (-((floor_power2(((1 * (1 / x)) + 0)) / (((1 * (1 / x)) + (-(1))) * ((1 * (1 / x)) + (-(1))))))))))
8: exp = -53: (-((((-(1)) * (1 / x)) * (-((floor_power2((((1 * (1 / x)) + (-(1))) + interval(-2.77555756156289196736e-17, 2.77555756156289196736e-17))) / (((1 * (1 / x)) + (-(1))) * ((1 * (1 / x)) + (-(1))))))))))
9: exp = -53: (-(floor_power2(((((-(1)) * (1 / x)) * (1 / ((1 * (1 / x)) + (-(1))))) + interval(-2.22044604925031357389e-16, 2.22044604925031357389e-16)))))
10: exp = -53: floor_power2(((((((-(1)) - 1) * (1 / x)) * (1 / ((((-(1)) * (1 / x)) * (1 / x)) + 1))) - (((-(1)) * (1 / x)) * (1 / ((1 * (1 / x)) + (-(1)))))) + interval(-8.38835174161229660008e-16, 8.38835174161229660008e-16)))

Corresponding original subexpressions:
1: rnd[64,ne,1.00,-53,0](((-(1)) - 1))
2: rnd64((rnd[64,ne,1.00,-53,0](((-(1)) - 1)) / x))
3: rnd64(((-(1)) / x))
4: rnd64((rnd64(((-(1)) / x)) / x))
5: rnd[64,ne,1.00,-53,0]((rnd64((rnd64(((-(1)) / x)) / x)) + 1))
6: rnd64((rnd64((rnd[64,ne,1.00,-53,0](((-(1)) - 1)) / x)) / rnd[64,ne,1.00,-53,0]((rnd64((rnd64(((-(1)) / x)) / x)) + 1))))
7: rnd64((1 / x))
8: rnd[64,ne,1.00,-53,0]((rnd64((1 / x)) + (-(1))))
9: rnd64((rnd64(((-(1)) / x)) / rnd[64,ne,1.00,-53,0]((rnd64((1 / x)) + (-(1))))))
10: rnd[64,ne,1.00,-53,0]((rnd64((rnd64((rnd[64,ne,1.00,-53,0](((-(1)) - 1)) / x)) / rnd[64,ne,1.00,-53,0]((rnd64((rnd64(((-(1)) / x)) / x)) + 1)))) - rnd64((rnd64(((-(1)) / x)) / rnd[64,ne,1.00,-53,0]((rnd64((1 / x)) + (-(1))))))))

Selected optimization method: bb-eval
bb-eval_opt: x_abs_tol = 1.000000e-02, f_rel_tol = 1.000000e-02, f_abs_tol = 1.000000e-02, iters = 1000000
bounds: [-2.333333e+00, -3.010301e-02]

Computing absolute errors
Selected optimization method: bb-eval
bb-eval_opt: x_abs_tol = 1.000000e-02, f_rel_tol = 1.000000e-02, f_abs_tol = 1.000000e-02, iters = 1000000
rmin(result = 7.936039e-16, lower = 7.936039e-16), rmax(result = 7.936039e-16, lower = 7.936039e-16)
-1: exp = -53: 7.936039e-16 (low = 7.936039e-16, subopt = 0.0%)

Solving the exact optimization problem
Selected optimization method: bb-eval
bb-eval_opt: x_abs_tol = 1.000000e-02, f_rel_tol = 1.000000e-02, f_abs_tol = 1.000000e-02, iters = 1000000
exact bound (exp = -53): 9.555556e+00 (low = 8.151933e+00, subopt = 14.7%)
total2: 8.810773e-32 (low = 8.810773e-32, subopt = 0.0%)
exact total: 1.060880e-15 (low = 9.050464e-16, subopt = 14.7%)

Computing relative errors
Selected optimization method: bb-eval
bb-eval_opt: x_abs_tol = 1.000000e-02, f_rel_tol = 1.000000e-02, f_abs_tol = 1.000000e-02, iters = 1000000
rmin(result = 7.936039e-16, lower = 7.936039e-16), rmax(result = 7.936039e-16, lower = 7.936039e-16)
-1: exp = -53: 7.936039e-16 (low = 7.936039e-16, subopt = 0.0%)

Solving the exact optimization problem
Selected optimization method: bb-eval
bb-eval_opt: x_abs_tol = 1.000000e-02, f_rel_tol = 1.000000e-02, f_abs_tol = 1.000000e-02, iters = 1000000
exact bound-rel (exp = -53): 4.117393e+00 (low = 3.765946e+00, subopt = 8.5%)
total2: 2.926874e-30 (low = 3.776046e-32, subopt = 98.7%)
exact total-rel: 4.571224e-16 (low = 4.181039e-16, subopt = 8.5%)

Elapsed time: 0.01376
*************************************

-------------------------------------------------------------------------------
Problem: result

Optimization lower bounds for error models:
The absolute error (exact) model: 9.050464e-16 (0x1.04dca37b6e0bp-50) (suboptimality = 14.7%)
The relative error (exact) model: 4.181039e-16 (0x1.e20a80bfadee7p-52) (suboptimality = 8.5%)

Bounds (without rounding): [-2.333334, -3.010301e-2]
Bounds (floating-point): [-2.333334, -3.010301e-2]

Absolute error (exact): 1.060880e-15 (0x1.31c71c71c71cap-50)
Relative error (exact): 4.571225e-16 (0x1.07835c9bfcb08p-51)

Elapsed time: 0.01

