Base path: /Users/laura.zielinski/FPTaylor
Config file: /Users/laura.zielinski/FPTaylor/default.cfg
Config file: /var/folders/38/q_vgzzt959nfc63ldktzz1gr0000gp/T/tmpvvfdpdme.cfg
default-rnd = rnd64
nlopt-cc = gcc -std=c99 -O3
opt-exact = true
develop = false
log-append-date = start
uncertainty = false
rel-error = true
opt-approx = false
proof-record = false
find-bounds = false
proof-dir = proofs
opt-f-abs-tol = 0.01
fail-on-exception = true
print-opt-lower-bounds = true
bb-compile = {base}/b_and_b/compile.sh {base} {input} {out}
z3-python-lib = 
opt-x-abs-tol = 0.01
export-error-bounds = 
opt-f-rel-tol = 0.01
export-options = 
opt-x-rel-tol = 0.0
rel-error-threshold = 0.0001
bb-alg = opt0
log-base-dir = log
intermediate-opt = false
z3-interval-bounds = true
opt-max-iters = 1000000
abs-error = true
z3-bin = 
maxima-simplification = false
print-hex-floats = true
debug = true
print-precision = 7
export-error-bounds-data = 
fp-power2-model = true
opt = auto
default-var-type = float64
verbosity = 2
ulp-error = false
opt-timeout = 10000
nlopt-lib = -lnlopt -lm
tmp-base-dir = tmp
unique-indices = false
z3-seed = 0
tmp-date = false
z3-python-cmd = python
const-approx-real-vars = false
print-second-order-errors = false
Resetting input_parser_env
eval_const_expr: 6
result: 6
eval_const_expr: 8
result: 8
eval_const_expr: 0
result: 0
eval_const_expr: 8
result: 8
eval_const_expr: 6
result: 6
eval_const_expr: 6
result: 6
eval_const_expr: 8
result: 8
eval_const_expr: 0
result: 0
eval_const_expr: 8
result: 8
eval_const_expr: 6
result: 6
eval_const_expr: 6
result: 6
eval_const_expr: 8
result: 8
eval_const_expr: 0
result: 0
eval_const_expr: 8
result: 8
eval_const_expr: 6
result: 6
Resetting input_parser_env
|tasks| = 1
Processing: result

*************************************
Taylor form for: rnd64(sqrt(rnd64((rnd64((rnd64((rnd64((rnd64((rnd64((rnd64((rnd64((-(rnd64(2)))) * rnd64(b))) + rnd64(a))) + rnd64(b))) + rnd64(c))) / rnd64(4))) * rnd64((rnd64((rnd64((rnd64((rnd64(2) * rnd64(c))) - rnd64(a))) - rnd64(b))) - rnd64(c))))) * rnd64((rnd64((rnd64((rnd64((rnd64((rnd64(a) * rnd64((-(rnd64(2)))))) + rnd64(a))) + rnd64(b))) + rnd64(c))) * rnd64((rnd64((rnd64((rnd64(b) + rnd64(c))) + rnd64(a))) / rnd64((-(rnd64(4))))))))))))

Conservative bound: [3.000000, 50.911688]

Simplified rounding: rnd[64,ne,1.00,-53,0](sqrt(rnd64((rnd64((rnd[64,ne,1.00,0,-1022]((rnd[64,ne,1.00,-53,0]((rnd[64,ne,1.00,-53,0]((rnd[64,ne,1.00,-53,0]((rnd64(((-(2)) * b)) + a)) + b)) + c)) / 4)) * rnd[64,ne,1.00,-53,0]((rnd[64,ne,1.00,-53,0]((rnd[64,ne,1.00,-53,0](((2 * c) - a)) - b)) - c)))) * rnd64((rnd[64,ne,1.00,-53,0]((rnd[64,ne,1.00,-53,0]((rnd[64,ne,1.00,-53,0]((rnd64((a * (-(2)))) + a)) + b)) + c)) * rnd64((rnd[64,ne,1.00,-53,0]((rnd[64,ne,1.00,-53,0]((b + c)) + a)) / (-(4))))))))))
Building Taylor forms...
const_form
neg_form
var_form
mul_form
rounded_form
var_form
add_form
rounded_form
add_form
rounded_form
var_form
add_form
rounded_form
const_form
div_form
inv_form
mul_form
rounded_form
mul_form
sub_form
rounded_form
sub_form
rounded_form
sub_form
rounded_form
mul_form
rounded_form
mul_form
rounded_form
add_form
rounded_form
add_form
rounded_form
add_form
rounded_form
add_form
rounded_form
add_form
rounded_form
neg_form
div_form
inv_form
mul_form
rounded_form
mul_form
rounded_form
mul_form
rounded_form
sqrt_form
rounded_form
Taylor forms cache stats: num_bindings = 46, num_buckets = 1024, max_bucket_length = 1
Expr cache stats: num_bindings = 158, num_buckets = 65536, max_bucket_length = 1
Simplifying Taylor forms...
success
v0 = sqrt(((((((((-(2)) * b) + a) + b) + c) * (1 / 4)) * ((((2 * c) - a) - b) - c)) * (((((a * (-(2))) + a) + b) + c) * (((b + c) + a) * (1 / (-(4)))))))
-1: exp = -53: (1872281868708259/4835703278458516698824704)
1: exp = -53: (((((((a * (-(2))) + a) + b) + c) * (((b + c) + a) * (1 / (-(4))))) * (((((2 * c) - a) - b) - c) * ((1 / 4) * floor_power2((((-(2)) * b) + 0))))) / (2 * sqrt(((((((((-(2)) * b) + a) + b) + c) * (1 / 4)) * ((((2 * c) - a) - b) - c)) * (((((a * (-(2))) + a) + b) + c) * (((b + c) + a) * (1 / (-(4)))))))))
2: exp = -53: (((((((a * (-(2))) + a) + b) + c) * (((b + c) + a) * (1 / (-(4))))) * (((((2 * c) - a) - b) - c) * ((1 / 4) * floor_power2(((((-(2)) * b) + a) + interval(-8.88178419700125429554e-16, 8.88178419700125429554e-16)))))) / (2 * sqrt(((((((((-(2)) * b) + a) + b) + c) * (1 / 4)) * ((((2 * c) - a) - b) - c)) * (((((a * (-(2))) + a) + b) + c) * (((b + c) + a) * (1 / (-(4)))))))))
3: exp = -53: (((((((a * (-(2))) + a) + b) + c) * (((b + c) + a) * (1 / (-(4))))) * (((((2 * c) - a) - b) - c) * ((1 / 4) * floor_power2((((((-(2)) * b) + a) + b) + interval(-1.77635683940025085911e-15, 1.77635683940025085911e-15)))))) / (2 * sqrt(((((((((-(2)) * b) + a) + b) + c) * (1 / 4)) * ((((2 * c) - a) - b) - c)) * (((((a * (-(2))) + a) + b) + c) * (((b + c) + a) * (1 / (-(4)))))))))
4: exp = -53: (((((((a * (-(2))) + a) + b) + c) * (((b + c) + a) * (1 / (-(4))))) * (((((2 * c) - a) - b) - c) * ((1 / 4) * floor_power2(((((((-(2)) * b) + a) + b) + c) + interval(-2.22044604925031347528e-15, 2.22044604925031347528e-15)))))) / (2 * sqrt(((((((((-(2)) * b) + a) + b) + c) * (1 / 4)) * ((((2 * c) - a) - b) - c)) * (((((a * (-(2))) + a) + b) + c) * (((b + c) + a) * (1 / (-(4)))))))))
-1: exp = -1022: (((((((a * (-(2))) + a) + b) + c) * (((b + c) + a) * (1 / (-(4))))) * (((((2 * c) - a) - b) - c) * 1)) / (2 * sqrt(((((((((-(2)) * b) + a) + b) + c) * (1 / 4)) * ((((2 * c) - a) - b) - c)) * (((((a * (-(2))) + a) + b) + c) * (((b + c) + a) * (1 / (-(4)))))))))
5: exp = -53: (((((((a * (-(2))) + a) + b) + c) * (((b + c) + a) * (1 / (-(4))))) * (((((((-(2)) * b) + a) + b) + c) * (1 / 4)) * floor_power2((((2 * c) - a) + 0)))) / (2 * sqrt(((((((((-(2)) * b) + a) + b) + c) * (1 / 4)) * ((((2 * c) - a) - b) - c)) * (((((a * (-(2))) + a) + b) + c) * (((b + c) + a) * (1 / (-(4)))))))))
6: exp = -53: (((((((a * (-(2))) + a) + b) + c) * (((b + c) + a) * (1 / (-(4))))) * (((((((-(2)) * b) + a) + b) + c) * (1 / 4)) * floor_power2(((((2 * c) - a) - b) + interval(-8.88178419700125232339e-16, 8.88178419700125232339e-16))))) / (2 * sqrt(((((((((-(2)) * b) + a) + b) + c) * (1 / 4)) * ((((2 * c) - a) - b) - c)) * (((((a * (-(2))) + a) + b) + c) * (((b + c) + a) * (1 / (-(4)))))))))
7: exp = -53: (((((((a * (-(2))) + a) + b) + c) * (((b + c) + a) * (1 / (-(4))))) * (((((((-(2)) * b) + a) + b) + c) * (1 / 4)) * floor_power2((((((2 * c) - a) - b) - c) + interval(-1.33226762955018784851e-15, 1.33226762955018784851e-15))))) / (2 * sqrt(((((((((-(2)) * b) + a) + b) + c) * (1 / 4)) * ((((2 * c) - a) - b) - c)) * (((((a * (-(2))) + a) + b) + c) * (((b + c) + a) * (1 / (-(4)))))))))
8: exp = -53: (((((((a * (-(2))) + a) + b) + c) * (((b + c) + a) * (1 / (-(4))))) * floor_power2(((((((((-(2)) * b) + a) + b) + c) * (1 / 4)) * ((((2 * c) - a) - b) - c)) + interval(-1.59872115546022604930e-14, 1.59872115546022604930e-14)))) / (2 * sqrt(((((((((-(2)) * b) + a) + b) + c) * (1 / 4)) * ((((2 * c) - a) - b) - c)) * (((((a * (-(2))) + a) + b) + c) * (((b + c) + a) * (1 / (-(4)))))))))
9: exp = -53: (((((((((-(2)) * b) + a) + b) + c) * (1 / 4)) * ((((2 * c) - a) - b) - c)) * ((((b + c) + a) * (1 / (-(4)))) * floor_power2(((a * (-(2))) + 0)))) / (2 * sqrt(((((((((-(2)) * b) + a) + b) + c) * (1 / 4)) * ((((2 * c) - a) - b) - c)) * (((((a * (-(2))) + a) + b) + c) * (((b + c) + a) * (1 / (-(4)))))))))
10: exp = -53: (((((((((-(2)) * b) + a) + b) + c) * (1 / 4)) * ((((2 * c) - a) - b) - c)) * ((((b + c) + a) * (1 / (-(4)))) * floor_power2((((a * (-(2))) + a) + interval(-8.88178419700125429554e-16, 8.88178419700125429554e-16))))) / (2 * sqrt(((((((((-(2)) * b) + a) + b) + c) * (1 / 4)) * ((((2 * c) - a) - b) - c)) * (((((a * (-(2))) + a) + b) + c) * (((b + c) + a) * (1 / (-(4)))))))))
11: exp = -53: (((((((((-(2)) * b) + a) + b) + c) * (1 / 4)) * ((((2 * c) - a) - b) - c)) * ((((b + c) + a) * (1 / (-(4)))) * floor_power2(((((a * (-(2))) + a) + b) + interval(-1.77635683940025085911e-15, 1.77635683940025085911e-15))))) / (2 * sqrt(((((((((-(2)) * b) + a) + b) + c) * (1 / 4)) * ((((2 * c) - a) - b) - c)) * (((((a * (-(2))) + a) + b) + c) * (((b + c) + a) * (1 / (-(4)))))))))
12: exp = -53: (((((((((-(2)) * b) + a) + b) + c) * (1 / 4)) * ((((2 * c) - a) - b) - c)) * ((((b + c) + a) * (1 / (-(4)))) * floor_power2((((((a * (-(2))) + a) + b) + c) + interval(-2.22044604925031347528e-15, 2.22044604925031347528e-15))))) / (2 * sqrt(((((((((-(2)) * b) + a) + b) + c) * (1 / 4)) * ((((2 * c) - a) - b) - c)) * (((((a * (-(2))) + a) + b) + c) * (((b + c) + a) * (1 / (-(4)))))))))
13: exp = -53: (((((((((-(2)) * b) + a) + b) + c) * (1 / 4)) * ((((2 * c) - a) - b) - c)) * (((((a * (-(2))) + a) + b) + c) * ((1 / (-(4))) * floor_power2(((b + c) + 0))))) / (2 * sqrt(((((((((-(2)) * b) + a) + b) + c) * (1 / 4)) * ((((2 * c) - a) - b) - c)) * (((((a * (-(2))) + a) + b) + c) * (((b + c) + a) * (1 / (-(4)))))))))
14: exp = -53: (((((((((-(2)) * b) + a) + b) + c) * (1 / 4)) * ((((2 * c) - a) - b) - c)) * (((((a * (-(2))) + a) + b) + c) * ((1 / (-(4))) * floor_power2((((b + c) + a) + interval(-8.88178419700125232339e-16, 8.88178419700125232339e-16)))))) / (2 * sqrt(((((((((-(2)) * b) + a) + b) + c) * (1 / 4)) * ((((2 * c) - a) - b) - c)) * (((((a * (-(2))) + a) + b) + c) * (((b + c) + a) * (1 / (-(4)))))))))
15: exp = -53: (((((((((-(2)) * b) + a) + b) + c) * (1 / 4)) * ((((2 * c) - a) - b) - c)) * (((((a * (-(2))) + a) + b) + c) * floor_power2(((((b + c) + a) * (1 / (-(4)))) + interval(-6.66133814775093924254e-16, 6.66133814775093924254e-16))))) / (2 * sqrt(((((((((-(2)) * b) + a) + b) + c) * (1 / 4)) * ((((2 * c) - a) - b) - c)) * (((((a * (-(2))) + a) + b) + c) * (((b + c) + a) * (1 / (-(4)))))))))
16: exp = -53: (((((((((-(2)) * b) + a) + b) + c) * (1 / 4)) * ((((2 * c) - a) - b) - c)) * floor_power2(((((((a * (-(2))) + a) + b) + c) * (((b + c) + a) * (1 / (-(4))))) + interval(-3.19744231092045146751e-14, 3.19744231092045146751e-14)))) / (2 * sqrt(((((((((-(2)) * b) + a) + b) + c) * (1 / 4)) * ((((2 * c) - a) - b) - c)) * (((((a * (-(2))) + a) + b) + c) * (((b + c) + a) * (1 / (-(4)))))))))
17: exp = -53: (floor_power2((((((((((-(2)) * b) + a) + b) + c) * (1 / 4)) * ((((2 * c) - a) - b) - c)) * (((((a * (-(2))) + a) + b) + c) * (((b + c) + a) * (1 / (-(4)))))) + interval(-2.81374923360999794774e-12, 2.81374923360999794774e-12))) / (2 * sqrt(((((((((-(2)) * b) + a) + b) + c) * (1 / 4)) * ((((2 * c) - a) - b) - c)) * (((((a * (-(2))) + a) + b) + c) * (((b + c) + a) * (1 / (-(4)))))))))
18: exp = -53: floor_power2((sqrt(((((((((-(2)) * b) + a) + b) + c) * (1 / 4)) * ((((2 * c) - a) - b) - c)) * (((((a * (-(2))) + a) + b) + c) * (((b + c) + a) * (1 / (-(4))))))) + interval(-5.06853818175581214912e-13, 5.06853818175581214912e-13)))

Corresponding original subexpressions:
1: rnd64(((-(2)) * b))
2: rnd[64,ne,1.00,-53,0]((rnd64(((-(2)) * b)) + a))
3: rnd[64,ne,1.00,-53,0]((rnd[64,ne,1.00,-53,0]((rnd64(((-(2)) * b)) + a)) + b))
4: rnd[64,ne,1.00,-53,0]((rnd[64,ne,1.00,-53,0]((rnd[64,ne,1.00,-53,0]((rnd64(((-(2)) * b)) + a)) + b)) + c))
5: rnd[64,ne,1.00,-53,0](((2 * c) - a))
6: rnd[64,ne,1.00,-53,0]((rnd[64,ne,1.00,-53,0](((2 * c) - a)) - b))
7: rnd[64,ne,1.00,-53,0]((rnd[64,ne,1.00,-53,0]((rnd[64,ne,1.00,-53,0](((2 * c) - a)) - b)) - c))
8: rnd64((rnd[64,ne,1.00,0,-1022]((rnd[64,ne,1.00,-53,0]((rnd[64,ne,1.00,-53,0]((rnd[64,ne,1.00,-53,0]((rnd64(((-(2)) * b)) + a)) + b)) + c)) / 4)) * rnd[64,ne,1.00,-53,0]((rnd[64,ne,1.00,-53,0]((rnd[64,ne,1.00,-53,0](((2 * c) - a)) - b)) - c))))
9: rnd64((a * (-(2))))
10: rnd[64,ne,1.00,-53,0]((rnd64((a * (-(2)))) + a))
11: rnd[64,ne,1.00,-53,0]((rnd[64,ne,1.00,-53,0]((rnd64((a * (-(2)))) + a)) + b))
12: rnd[64,ne,1.00,-53,0]((rnd[64,ne,1.00,-53,0]((rnd[64,ne,1.00,-53,0]((rnd64((a * (-(2)))) + a)) + b)) + c))
13: rnd[64,ne,1.00,-53,0]((b + c))
14: rnd[64,ne,1.00,-53,0]((rnd[64,ne,1.00,-53,0]((b + c)) + a))
15: rnd64((rnd[64,ne,1.00,-53,0]((rnd[64,ne,1.00,-53,0]((b + c)) + a)) / (-(4))))
16: rnd64((rnd[64,ne,1.00,-53,0]((rnd[64,ne,1.00,-53,0]((rnd[64,ne,1.00,-53,0]((rnd64((a * (-(2)))) + a)) + b)) + c)) * rnd64((rnd[64,ne,1.00,-53,0]((rnd[64,ne,1.00,-53,0]((b + c)) + a)) / (-(4))))))
17: rnd64((rnd64((rnd[64,ne,1.00,0,-1022]((rnd[64,ne,1.00,-53,0]((rnd[64,ne,1.00,-53,0]((rnd[64,ne,1.00,-53,0]((rnd64(((-(2)) * b)) + a)) + b)) + c)) / 4)) * rnd[64,ne,1.00,-53,0]((rnd[64,ne,1.00,-53,0]((rnd[64,ne,1.00,-53,0](((2 * c) - a)) - b)) - c)))) * rnd64((rnd[64,ne,1.00,-53,0]((rnd[64,ne,1.00,-53,0]((rnd[64,ne,1.00,-53,0]((rnd64((a * (-(2)))) + a)) + b)) + c)) * rnd64((rnd[64,ne,1.00,-53,0]((rnd[64,ne,1.00,-53,0]((b + c)) + a)) / (-(4))))))))
18: rnd[64,ne,1.00,-53,0](sqrt(rnd64((rnd64((rnd[64,ne,1.00,0,-1022]((rnd[64,ne,1.00,-53,0]((rnd[64,ne,1.00,-53,0]((rnd[64,ne,1.00,-53,0]((rnd64(((-(2)) * b)) + a)) + b)) + c)) / 4)) * rnd[64,ne,1.00,-53,0]((rnd[64,ne,1.00,-53,0]((rnd[64,ne,1.00,-53,0](((2 * c) - a)) - b)) - c)))) * rnd64((rnd[64,ne,1.00,-53,0]((rnd[64,ne,1.00,-53,0]((rnd[64,ne,1.00,-53,0]((rnd64((a * (-(2)))) + a)) + b)) + c)) * rnd64((rnd[64,ne,1.00,-53,0]((rnd[64,ne,1.00,-53,0]((b + c)) + a)) / (-(4))))))))))

Selected optimization method: bb
bb_opt: x_abs_tol = 1.000000e-02, f_rel_tol = 1.000000e-02, f_abs_tol = 1.000000e-02, iters = 1000000
iterations(min = 688, max = 518): 688
min = 1.542629e+01 (lower_min = 1.558846e+01)
max = 2.798382e+01 (lower_max = 2.771281e+01)
subopt = 2.710026e-01 (1.0%)
bounds: [1.542629e+01, 2.798382e+01]

Computing absolute errors
Selected optimization method: bb-eval
bb-eval_opt: x_abs_tol = 1.000000e-02, f_rel_tol = 1.000000e-02, f_abs_tol = 1.000000e-02, iters = 1000000
rmin(result = 3.871788e-10, lower = 3.871788e-10), rmax(result = 3.871788e-10, lower = 3.871788e-10)
-1: exp = -53: 3.871788e-10 (low = 3.871788e-10, subopt = 0.0%)
Selected optimization method: bb
bb_opt: x_abs_tol = 1.000000e-02, f_rel_tol = 1.000000e-02, f_abs_tol = 1.000000e-02, iters = 1000000
iterations(min = 58400, max = 4897): 58400
min = 4.403716e+00 (lower_min = 4.451618e+00)
max = 9.023241e+00 (lower_max = 8.930340e+00)
subopt = 9.290077e-02 (1.0%)
rmin(result = 4.403716e+00, lower = 4.451618e+00), rmax(result = 9.023241e+00, lower = 8.930340e+00)
-1: exp = -1022: 9.023241e+00 (low = 8.930340e+00, subopt = 1.0%)

Solving the exact optimization problem
Selected optimization method: bb
bb_opt: x_abs_tol = 1.000000e-02, f_rel_tol = 1.000000e-02, f_abs_tol = 1.000000e-02, iters = 1000000
iterations(min = 0, max = 177071): 177071
min = 0.000000e+00 (lower_min = 0.000000e+00)
max = 1.838091e+02 (lower_max = 1.545526e+02)
subopt = 2.925651e+01 (15.9%)
exact bound (exp = -53): 1.838091e+02 (low = 1.545526e+02, subopt = 15.9%)
total2: 4.298548e-26 (low = 4.298548e-26, subopt = 0.0%)
exact total: 2.040691e-14 (low = 1.715878e-14, subopt = 15.9%)

Computing relative errors
Selected optimization method: bb-eval
bb-eval_opt: x_abs_tol = 1.000000e-02, f_rel_tol = 1.000000e-02, f_abs_tol = 1.000000e-02, iters = 1000000
rmin(result = 3.871788e-10, lower = 3.871788e-10), rmax(result = 3.871788e-10, lower = 3.871788e-10)
-1: exp = -53: 3.871788e-10 (low = 3.871788e-10, subopt = 0.0%)
Selected optimization method: bb
bb_opt: x_abs_tol = 1.000000e-02, f_rel_tol = 1.000000e-02, f_abs_tol = 1.000000e-02, iters = 1000000
iterations(min = 58400, max = 4897): 58400
min = 4.403716e+00 (lower_min = 4.451618e+00)
max = 9.023241e+00 (lower_max = 8.930340e+00)
subopt = 9.290077e-02 (1.0%)
rmin(result = 4.403716e+00, lower = 4.451618e+00), rmax(result = 9.023241e+00, lower = 8.930340e+00)
-1: exp = -1022: 9.023241e+00 (low = 8.930340e+00, subopt = 1.0%)

Solving the exact optimization problem
Selected optimization method: bb
bb_opt: x_abs_tol = 1.000000e-02, f_rel_tol = 1.000000e-02, f_abs_tol = 1.000000e-02, iters = 1000000
iterations(min = 0, max = 32759): 32759
min = 0.000000e+00 (lower_min = 0.000000e+00)
max = 8.313072e+00 (lower_max = 7.737519e+00)
subopt = 5.755528e-01 (6.9%)
exact bound-rel (exp = -53): 8.313072e+00 (low = 7.737519e+00, subopt = 6.9%)
total2: 2.786508e-27 (low = 1.536084e-27, subopt = 44.9%)
exact total-rel: 9.229363e-16 (low = 8.590371e-16, subopt = 6.9%)

Elapsed time: 5.86314
*************************************

-------------------------------------------------------------------------------
Problem: result

Optimization lower bounds for error models:
The absolute error (exact) model: 1.715878e-14 (0x1.351aeaad85e59p-46) (suboptimality = 15.9%)
The relative error (exact) model: 8.590371e-16 (0x1.ef3381cee077bp-51) (suboptimality = 6.9%)

Bounds (without rounding): [1.542628e+1, 2.798382e+1]
Bounds (floating-point): [1.542628e+1, 2.798382e+1]

Absolute error (exact): 2.040691e-14 (0x1.6f9e404c79f64p-46)
Relative error (exact): 9.229364e-16 (0x1.0a04ae947701ep-50)

Elapsed time: 5.86

