Base path: /Users/laura.zielinski/FPTaylor
Config file: /Users/laura.zielinski/FPTaylor/default.cfg
Config file: /var/folders/38/q_vgzzt959nfc63ldktzz1gr0000gp/T/tmpws_qxq10.cfg
default-rnd = rnd64
nlopt-cc = gcc -std=c99 -O3
opt-exact = true
develop = false
log-append-date = start
uncertainty = false
rel-error = true
opt-approx = false
proof-record = false
find-bounds = false
proof-dir = proofs
opt-f-abs-tol = 0.01
fail-on-exception = true
print-opt-lower-bounds = true
bb-compile = {base}/b_and_b/compile.sh {base} {input} {out}
z3-python-lib = 
opt-x-abs-tol = 0.01
export-error-bounds = 
opt-f-rel-tol = 0.01
export-options = 
opt-x-rel-tol = 0.0
rel-error-threshold = 0.0001
bb-alg = opt0
log-base-dir = log
intermediate-opt = false
z3-interval-bounds = true
opt-max-iters = 1000000
abs-error = true
z3-bin = 
maxima-simplification = false
print-hex-floats = true
debug = true
print-precision = 7
export-error-bounds-data = 
fp-power2-model = true
opt = auto
default-var-type = float64
verbosity = 2
ulp-error = false
opt-timeout = 10000
nlopt-lib = -lnlopt -lm
tmp-base-dir = tmp
unique-indices = false
z3-seed = 0
tmp-date = false
z3-python-cmd = python
const-approx-real-vars = false
print-second-order-errors = false
Resetting input_parser_env
eval_const_expr: 2
result: 2
eval_const_expr: 100
result: 100
eval_const_expr: 0
result: 0
eval_const_expr: 100
result: 100
eval_const_expr: 2
result: 2
Resetting input_parser_env
|tasks| = 1
Processing: result

*************************************
Taylor form for: rnd64((rnd64((rnd64(x) / rnd64((rnd64(x) + rnd64(1))))) - rnd64((rnd64((rnd64(x) + rnd64(1))) / rnd64((rnd64(x) - rnd64(1)))))))

Conservative bound: [-100.980198, 33.303030]

Simplified rounding: rnd[64,ne,1.00,-53,0]((rnd64((x / rnd[64,ne,1.00,-53,0]((x + 1)))) - rnd64((rnd[64,ne,1.00,-53,0]((x + 1)) / rnd[64,ne,1.00,-53,0]((x - 1))))))
Building Taylor forms...
var_form
const_form
add_form
rounded_form
div_form
inv_form
mul_form
rounded_form
sub_form
rounded_form
div_form
inv_form
mul_form
rounded_form
sub_form
rounded_form
Taylor forms cache stats: num_bindings = 12, num_buckets = 1024, max_bucket_length = 1
Expr cache stats: num_bindings = 52, num_buckets = 65536, max_bucket_length = 2
Simplifying Taylor forms...
success
v0 = ((x * (1 / (x + 1))) - ((x + 1) * (1 / (x - 1))))
-1: exp = -53: (7438236884557679/154742504910672534362390528)
1: exp = -53: ((x * (-((floor_power2(((x + 1) + 0)) / ((x + 1) * (x + 1)))))) + (-(((1 / (x - 1)) * floor_power2(((x + 1) + 0))))))
2: exp = -53: floor_power2(((x * (1 / (x + 1))) + interval(-7.89491928622335531292e-14, 7.89491928622335531292e-14)))
3: exp = -53: (-(((x + 1) * (-((floor_power2(((x - 1) + 0)) / ((x - 1) * (x - 1))))))))
4: exp = -53: (-(floor_power2((((x + 1) * (1 / (x - 1))) + interval(-7.24753590475307440247e-13, 7.24753590475307440247e-13)))))
5: exp = -53: floor_power2((((x * (1 / (x + 1))) - ((x + 1) * (1 / (x - 1)))) + interval(-8.14360924373942420433e-13, 8.14360924373942420433e-13)))

Corresponding original subexpressions:
1: rnd[64,ne,1.00,-53,0]((x + 1))
2: rnd64((x / rnd[64,ne,1.00,-53,0]((x + 1))))
3: rnd[64,ne,1.00,-53,0]((x - 1))
4: rnd64((rnd[64,ne,1.00,-53,0]((x + 1)) / rnd[64,ne,1.00,-53,0]((x - 1))))
5: rnd[64,ne,1.00,-53,0]((rnd64((x / rnd[64,ne,1.00,-53,0]((x + 1)))) - rnd64((rnd[64,ne,1.00,-53,0]((x + 1)) / rnd[64,ne,1.00,-53,0]((x - 1))))))

Selected optimization method: bb-eval
bb-eval_opt: x_abs_tol = 1.000000e-02, f_rel_tol = 1.000000e-02, f_abs_tol = 1.000000e-02, iters = 1000000
bounds: [-2.362534e+00, -2.246924e-02]

Computing absolute errors
Selected optimization method: bb-eval
bb-eval_opt: x_abs_tol = 1.000000e-02, f_rel_tol = 1.000000e-02, f_abs_tol = 1.000000e-02, iters = 1000000
rmin(result = 4.806848e-11, lower = 4.806848e-11), rmax(result = 4.806848e-11, lower = 4.806848e-11)
-1: exp = -53: 4.806848e-11 (low = 4.806848e-11, subopt = 0.0%)

Solving the exact optimization problem
Selected optimization method: bb-eval
bb-eval_opt: x_abs_tol = 1.000000e-02, f_rel_tol = 1.000000e-02, f_abs_tol = 1.000000e-02, iters = 1000000
exact bound (exp = -53): 9.959066e+00 (low = 9.902451e+00, subopt = 0.6%)
total2: 5.336673e-27 (low = 5.336673e-27, subopt = 0.0%)
exact total: 1.105678e-15 (low = 1.099393e-15, subopt = 0.6%)

Computing relative errors
Selected optimization method: bb-eval
bb-eval_opt: x_abs_tol = 1.000000e-02, f_rel_tol = 1.000000e-02, f_abs_tol = 1.000000e-02, iters = 1000000
rmin(result = 4.806848e-11, lower = 4.806848e-11), rmax(result = 4.806848e-11, lower = 4.806848e-11)
-1: exp = -53: 4.806848e-11 (low = 4.806848e-11, subopt = 0.0%)

Solving the exact optimization problem
Selected optimization method: bb-eval
bb-eval_opt: x_abs_tol = 1.000000e-02, f_rel_tol = 1.000000e-02, f_abs_tol = 1.000000e-02, iters = 1000000
exact bound-rel (exp = -53): 1.154998e+02 (low = 1.145734e+02, subopt = 0.8%)
total2: 2.375101e-25 (low = 2.258877e-27, subopt = 99.0%)
exact total-rel: 1.282306e-14 (low = 1.272020e-14, subopt = 0.8%)

Elapsed time: 0.03910
*************************************

-------------------------------------------------------------------------------
Problem: result

Optimization lower bounds for error models:
The absolute error (exact) model: 1.099392e-15 (0x1.3ce0e0c0d8f1fp-50) (suboptimality = 0.6%)
The relative error (exact) model: 1.272020e-14 (0x1.ca4b2448a4e76p-47) (suboptimality = 0.8%)

Bounds (without rounding): [-2.362534, -2.246924e-2]
Bounds (floating-point): [-2.362534, -2.246924e-2]

Absolute error (exact): 1.105679e-15 (0x1.3eb0aaaab146p-50)
Relative error (exact): 1.282306e-14 (0x1.cdffd73ef67e4p-47)

Elapsed time: 0.04

