Base path: /Users/laura.zielinski/FPTaylor
Config file: /Users/laura.zielinski/FPTaylor/default.cfg
Config file: /var/folders/38/q_vgzzt959nfc63ldktzz1gr0000gp/T/tmp1hekyabk.cfg
default-rnd = rnd64
nlopt-cc = gcc -std=c99 -O3
opt-exact = true
develop = false
log-append-date = start
uncertainty = false
rel-error = true
opt-approx = false
proof-record = false
find-bounds = false
proof-dir = proofs
opt-f-abs-tol = 0.01
fail-on-exception = true
print-opt-lower-bounds = true
bb-compile = {base}/b_and_b/compile.sh {base} {input} {out}
z3-python-lib = 
opt-x-abs-tol = 0.01
export-error-bounds = 
opt-f-rel-tol = 0.01
export-options = 
opt-x-rel-tol = 0.0
rel-error-threshold = 0.0001
bb-alg = opt0
log-base-dir = log
intermediate-opt = false
z3-interval-bounds = true
opt-max-iters = 1000000
abs-error = true
z3-bin = 
maxima-simplification = false
print-hex-floats = true
debug = true
print-precision = 7
export-error-bounds-data = 
fp-power2-model = true
opt = auto
default-var-type = float64
verbosity = 2
ulp-error = false
opt-timeout = 10000
nlopt-lib = -lnlopt -lm
tmp-base-dir = tmp
unique-indices = false
z3-seed = 0
tmp-date = false
z3-python-cmd = python
const-approx-real-vars = false
print-second-order-errors = false
Resetting input_parser_env
eval_const_expr: 1
result: 1
eval_const_expr: 100
result: 100
eval_const_expr: 0
result: 0
eval_const_expr: 100
result: 100
eval_const_expr: 1
result: 1
eval_const_expr: 0
result: 0
eval_const_expr: 100
result: 100
eval_const_expr: 0
result: 0
eval_const_expr: 100
result: 100
eval_const_expr: 0
result: 0
eval_const_expr: (-(100))
result: -100
eval_const_expr: (-(1))
result: -1
eval_const_expr: 0
result: 0
eval_const_expr: (-(1))
result: -1
eval_const_expr: (-(100))
result: -100
Resetting input_parser_env
|tasks| = 1
Processing: result

*************************************
Taylor form for: rnd64((rnd64(c) / rnd64((rnd64((-(rnd64(sqrt(rnd64((rnd64((rnd64(b2) * rnd64(b2))) - rnd64((rnd64(a) * rnd64(c)))))))))) - rnd64(b2)))))

Conservative bound: [0.004142, 100.000000]

Simplified rounding: rnd64((c / rnd[64,ne,1.00,-53,0](((-(rnd[64,ne,1.00,-53,0](sqrt(rnd[64,ne,1.00,-53,0]((rnd64((b2 * b2)) - rnd64((a * c)))))))) - b2))))
Building Taylor forms...
var_form
var_form
mul_form
rounded_form
var_form
mul_form
rounded_form
sub_form
rounded_form
sqrt_form
rounded_form
neg_form
sub_form
rounded_form
div_form
inv_form
mul_form
rounded_form
Taylor forms cache stats: num_bindings = 16, num_buckets = 1024, max_bucket_length = 1
Expr cache stats: num_bindings = 62, num_buckets = 65536, max_bucket_length = 2
Simplifying Taylor forms...
success
v0 = (c * (1 / ((-(sqrt(((b2 * b2) - (a * c))))) - b2)))
-1: exp = -53: (5388465969597823/1180591620717411303424)
1: exp = -53: (c * (-(((-((floor_power2(((b2 * b2) + 0)) / (2 * sqrt(((b2 * b2) - (a * c))))))) / (((-(sqrt(((b2 * b2) - (a * c))))) - b2) * ((-(sqrt(((b2 * b2) - (a * c))))) - b2))))))
2: exp = -53: (c * (-(((-(((-(floor_power2(((a * c) + 0)))) / (2 * sqrt(((b2 * b2) - (a * c))))))) / (((-(sqrt(((b2 * b2) - (a * c))))) - b2) * ((-(sqrt(((b2 * b2) - (a * c))))) - b2))))))
3: exp = -53: (c * (-(((-((floor_power2((((b2 * b2) - (a * c)) + interval(-1.81898940354585687973e-12, 1.81898940354585687973e-12))) / (2 * sqrt(((b2 * b2) - (a * c))))))) / (((-(sqrt(((b2 * b2) - (a * c))))) - b2) * ((-(sqrt(((b2 * b2) - (a * c))))) - b2))))))
4: exp = -53: (c * (-(((-(floor_power2((sqrt(((b2 * b2) - (a * c))) + interval(-1.81898940354751124095e-12, 1.81898940354751124095e-12))))) / (((-(sqrt(((b2 * b2) - (a * c))))) - b2) * ((-(sqrt(((b2 * b2) - (a * c))))) - b2))))))
5: exp = -53: (c * (-((floor_power2((((-(sqrt(((b2 * b2) - (a * c))))) - b2) + interval(-1.83320025826271324467e-12, 1.83320025826271324467e-12))) / (((-(sqrt(((b2 * b2) - (a * c))))) - b2) * ((-(sqrt(((b2 * b2) - (a * c))))) - b2))))))
6: exp = -53: floor_power2(((c * (1 / ((-(sqrt(((b2 * b2) - (a * c))))) - b2))) + interval(-1.84741111298132799849e-10, 1.84741111298132799849e-10)))

Corresponding original subexpressions:
1: rnd64((b2 * b2))
2: rnd64((a * c))
3: rnd[64,ne,1.00,-53,0]((rnd64((b2 * b2)) - rnd64((a * c))))
4: rnd[64,ne,1.00,-53,0](sqrt(rnd[64,ne,1.00,-53,0]((rnd64((b2 * b2)) - rnd64((a * c))))))
5: rnd[64,ne,1.00,-53,0](((-(rnd[64,ne,1.00,-53,0](sqrt(rnd[64,ne,1.00,-53,0]((rnd64((b2 * b2)) - rnd64((a * c)))))))) - b2))
6: rnd64((c / rnd[64,ne,1.00,-53,0](((-(rnd[64,ne,1.00,-53,0](sqrt(rnd[64,ne,1.00,-53,0]((rnd64((b2 * b2)) - rnd64((a * c)))))))) - b2))))

Selected optimization method: bb
bb_opt: x_abs_tol = 1.000000e-02, f_rel_tol = 1.000000e-02, f_abs_tol = 1.000000e-02, iters = 1000000
iterations(min = 0, max = 40): 40
min = 4.142136e-03 (lower_min = 4.987562e-03)
max = 1.007825e+01 (lower_max = 1.000000e+01)
subopt = 7.825278e-02 (0.8%)
bounds: [4.142136e-03, 1.007825e+01]

Computing absolute errors
Selected optimization method: bb-eval
bb-eval_opt: x_abs_tol = 1.000000e-02, f_rel_tol = 1.000000e-02, f_abs_tol = 1.000000e-02, iters = 1000000
rmin(result = 4.564208e-06, lower = 4.564208e-06), rmax(result = 4.564208e-06, lower = 4.564208e-06)
-1: exp = -53: 4.564208e-06 (low = 4.564208e-06, subopt = 0.0%)

Solving the exact optimization problem
Selected optimization method: bb
bb_opt: x_abs_tol = 1.000000e-02, f_rel_tol = 1.000000e-02, f_abs_tol = 1.000000e-02, iters = 1000000
iterations(min = 0, max = 1465): 1465
min = 0.000000e+00 (lower_min = 0.000000e+00)
max = 3.217590e+01 (lower_max = 3.199780e+01)
subopt = 1.780962e-01 (0.6%)
exact bound (exp = -53): 3.217590e+01 (low = 3.199780e+01, subopt = 0.6%)
total2: 5.067289e-22 (low = 5.067289e-22, subopt = 0.0%)
exact total: 3.572243e-15 (low = 3.552470e-15, subopt = 0.6%)

Computing relative errors
Selected optimization method: bb-eval
bb-eval_opt: x_abs_tol = 1.000000e-02, f_rel_tol = 1.000000e-02, f_abs_tol = 1.000000e-02, iters = 1000000
rmin(result = 4.564208e-06, lower = 4.564208e-06), rmax(result = 4.564208e-06, lower = 4.564208e-06)
-1: exp = -53: 4.564208e-06 (low = 4.564208e-06, subopt = 0.0%)

Solving the exact optimization problem
Selected optimization method: bb
bb_opt: x_abs_tol = 1.000000e-02, f_rel_tol = 1.000000e-02, f_abs_tol = 1.000000e-02, iters = 1000000
iterations(min = 0, max = 656381): 656381
min = 0.000000e+00 (lower_min = 0.000000e+00)
max = 4.067022e+00 (lower_max = 3.999811e+00)
subopt = 6.721029e-02 (1.7%)
exact bound-rel (exp = -53): 4.067022e+00 (low = 3.999811e+00, subopt = 1.7%)
total2: 1.223352e-19 (low = 5.027944e-23, subopt = 100.0%)
exact total-rel: 4.516524e-16 (low = 4.440683e-16, subopt = 1.7%)

Elapsed time: 5.90035
*************************************

-------------------------------------------------------------------------------
Problem: result

Optimization lower bounds for error models:
The absolute error (exact) model: 3.552470e-15 (0x1.fff705bc15894p-49) (suboptimality = 0.6%)
The relative error (exact) model: 4.440683e-16 (0x1.fff9d462c2c5ep-52) (suboptimality = 1.7%)

Bounds (without rounding): [4.142135e-3, 1.007826e+1]
Bounds (floating-point): [4.142135e-3, 1.007826e+1]

Absolute error (exact): 3.572243e-15 (0x1.0168409222b27p-48)
Relative error (exact): 4.516525e-16 (0x1.045c225fe7a48p-51)

Elapsed time: 5.90

