Base path: /Users/laura.zielinski/FPTaylor
Config file: /Users/laura.zielinski/FPTaylor/default.cfg
Config file: /var/folders/38/q_vgzzt959nfc63ldktzz1gr0000gp/T/tmp83fzkcpx.cfg
default-rnd = rnd64
nlopt-cc = gcc -std=c99 -O3
opt-exact = true
develop = false
log-append-date = start
uncertainty = false
rel-error = true
opt-approx = false
proof-record = false
find-bounds = false
proof-dir = proofs
opt-f-abs-tol = 0.01
fail-on-exception = true
print-opt-lower-bounds = true
bb-compile = {base}/b_and_b/compile.sh {base} {input} {out}
z3-python-lib = 
opt-x-abs-tol = 0.01
export-error-bounds = 
opt-f-rel-tol = 0.01
export-options = 
opt-x-rel-tol = 0.0
rel-error-threshold = 0.0001
bb-alg = opt0
log-base-dir = log
intermediate-opt = false
z3-interval-bounds = true
opt-max-iters = 1000000
abs-error = true
z3-bin = 
maxima-simplification = false
print-hex-floats = true
debug = true
print-precision = 7
export-error-bounds-data = 
fp-power2-model = true
opt = auto
default-var-type = float64
verbosity = 2
ulp-error = false
opt-timeout = 10000
nlopt-lib = -lnlopt -lm
tmp-base-dir = tmp
unique-indices = false
z3-seed = 0
tmp-date = false
z3-python-cmd = python
const-approx-real-vars = false
print-second-order-errors = false
Resetting input_parser_env
eval_const_expr: (1/10)
result: 1/10
eval_const_expr: 100
result: 100
eval_const_expr: 0
result: 0
eval_const_expr: 100
result: 100
eval_const_expr: (1/10)
result: 1/10
Resetting input_parser_env
|tasks| = 1
Processing: result

*************************************
Taylor form for: rnd64((rnd64((-(rnd64(1)))) / rnd64((rnd64((rnd64(x) * rnd64(x))) + rnd64(x)))))

Conservative bound: [-9.090909, -0.000099]

Simplified rounding: rnd64(((-(1)) / rnd[64,ne,1.00,-53,0]((rnd64((x * x)) + x))))
Building Taylor forms...
const_form
neg_form
var_form
mul_form
rounded_form
add_form
rounded_form
div_form
inv_form
mul_form
rounded_form
Taylor forms cache stats: num_bindings = 9, num_buckets = 1024, max_bucket_length = 1
Expr cache stats: num_bindings = 24, num_buckets = 65536, max_bucket_length = 2
Simplifying Taylor forms...
success
v0 = ((-(1)) * (1 / ((x * x) + x)))
-1: exp = -53: (3304317439009909/147573952589676412928)
1: exp = -53: ((-(1)) * (-((floor_power2(((x * x) + 0)) / (((x * x) + x) * ((x * x) + x))))))
2: exp = -53: ((-(1)) * (-((floor_power2((((x * x) + x) + interval(-9.09494701772928439863e-13, 9.09494701772928439863e-13))) / (((x * x) + x) * ((x * x) + x))))))
3: exp = -53: floor_power2((((-(1)) * (1 / ((x * x) + x))) + interval(-1.50329702774870804624e-10, 1.50329702774870804624e-10)))

Corresponding original subexpressions:
1: rnd64((x * x))
2: rnd[64,ne,1.00,-53,0]((rnd64((x * x)) + x))
3: rnd64(((-(1)) / rnd[64,ne,1.00,-53,0]((rnd64((x * x)) + x))))

Selected optimization method: bb-eval
bb-eval_opt: x_abs_tol = 1.000000e-02, f_rel_tol = 1.000000e-02, f_abs_tol = 1.000000e-02, iters = 1000000
bounds: [-9.090909e+00, -9.900990e-05]

Computing absolute errors
Selected optimization method: bb-eval
bb-eval_opt: x_abs_tol = 1.000000e-02, f_rel_tol = 1.000000e-02, f_abs_tol = 1.000000e-02, iters = 1000000
rmin(result = 2.239093e-05, lower = 2.239093e-05), rmax(result = 2.239093e-05, lower = 2.239093e-05)
-1: exp = -53: 2.239093e-05 (low = 2.239093e-05, subopt = 0.0%)

Solving the exact optimization problem
Selected optimization method: bb-eval
bb-eval_opt: x_abs_tol = 1.000000e-02, f_rel_tol = 1.000000e-02, f_abs_tol = 1.000000e-02, iters = 1000000
exact bound (exp = -53): 1.652966e+01 (low = 1.381095e+01, subopt = 16.4%)
total2: 2.485892e-21 (low = 2.485892e-21, subopt = 0.0%)
exact total: 1.835163e-15 (low = 1.533326e-15, subopt = 16.4%)

Computing relative errors
**WARNING**: 
Cannot compute the relative error: values of the function are close to zero

Elapsed time: 0.00624
*************************************

-------------------------------------------------------------------------------
Problem: result

Optimization lower bounds for error models:
The absolute error (exact) model: 1.533325e-15 (0x1.b9f37d3cf87fap-50) (suboptimality = 16.4%)

Bounds (without rounding): [-9.090910, -9.900990e-5]
Bounds (floating-point): [-9.090910, -9.900990e-5]

Absolute error (exact): 1.835164e-15 (0x1.08799118f7175p-49)

Elapsed time: 0.01

