Base path: /Users/laura.zielinski/FPTaylor
Config file: /Users/laura.zielinski/FPTaylor/default.cfg
Config file: /var/folders/38/q_vgzzt959nfc63ldktzz1gr0000gp/T/tmpk7iam5ry.cfg
default-rnd = rnd64
nlopt-cc = gcc -std=c99 -O3
opt-exact = true
develop = false
log-append-date = start
uncertainty = false
rel-error = true
opt-approx = false
proof-record = false
find-bounds = false
proof-dir = proofs
opt-f-abs-tol = 0.01
fail-on-exception = true
print-opt-lower-bounds = true
bb-compile = {base}/b_and_b/compile.sh {base} {input} {out}
z3-python-lib = 
opt-x-abs-tol = 0.01
export-error-bounds = 
opt-f-rel-tol = 0.01
export-options = 
opt-x-rel-tol = 0.0
rel-error-threshold = 0.0001
bb-alg = opt0
log-base-dir = log
intermediate-opt = false
z3-interval-bounds = true
opt-max-iters = 1000000
abs-error = true
z3-bin = 
maxima-simplification = false
print-hex-floats = true
debug = true
print-precision = 7
export-error-bounds-data = 
fp-power2-model = true
opt = auto
default-var-type = float64
verbosity = 2
ulp-error = false
opt-timeout = 10000
nlopt-lib = -lnlopt -lm
tmp-base-dir = tmp
unique-indices = false
z3-seed = 0
tmp-date = false
z3-python-cmd = python
const-approx-real-vars = false
print-second-order-errors = false
Resetting input_parser_env
eval_const_expr: 0
result: 0
eval_const_expr: 6
result: 6
eval_const_expr: 0
result: 0
eval_const_expr: 6
result: 6
eval_const_expr: 0
result: 0
eval_const_expr: 0
result: 0
eval_const_expr: 6
result: 6
eval_const_expr: 0
result: 0
eval_const_expr: 6
result: 6
eval_const_expr: 0
result: 0
eval_const_expr: 1
result: 1
eval_const_expr: 5
result: 5
eval_const_expr: 0
result: 0
eval_const_expr: 5
result: 5
eval_const_expr: 1
result: 1
eval_const_expr: 0
result: 0
eval_const_expr: 6
result: 6
eval_const_expr: 0
result: 0
eval_const_expr: 6
result: 6
eval_const_expr: 0
result: 0
eval_const_expr: 0
result: 0
eval_const_expr: 6
result: 6
eval_const_expr: 0
result: 0
eval_const_expr: 6
result: 6
eval_const_expr: 0
result: 0
eval_const_expr: 0
result: 0
eval_const_expr: 10
result: 10
eval_const_expr: 0
result: 0
eval_const_expr: 10
result: 10
eval_const_expr: 0
result: 0
Resetting input_parser_env
|tasks| = 1
Processing: result

*************************************
Taylor form for: rnd64((rnd64((rnd64((rnd64(4) - rnd64(x4))) * rnd64((rnd64((-(rnd64(4)))) + rnd64(x4))))) - rnd64((rnd64((rnd64((rnd64((rnd64((rnd64(x1) + rnd64((-(rnd64(2)))))) * rnd64((rnd64(25) * rnd64((rnd64(x1) + rnd64((-(rnd64(2)))))))))) + rnd64((rnd64((rnd64(x3) + rnd64((-(rnd64(1)))))) * rnd64((rnd64(x3) + rnd64((-(rnd64(1)))))))))) - rnd64((rnd64((rnd64(2) - rnd64(x2))) * rnd64((rnd64(x2) - rnd64(2))))))) + rnd64((rnd64((rnd64((rnd64(4) - rnd64(x6))) * rnd64((rnd64(4) - rnd64(x6))))) - rnd64((rnd64((rnd64(1) - rnd64(x5))) * rnd64((rnd64((-(rnd64(1)))) + rnd64(x5)))))))))))

Conservative bound: [-509.000000, 221.000000]

Simplified rounding: rnd[64,ne,1.00,-53,0]((rnd64((rnd[64,ne,1.00,-53,0]((4 - x4)) * rnd[64,ne,1.00,-53,0](((-(4)) + x4)))) - rnd[64,ne,1.00,-53,0]((rnd[64,ne,1.00,-53,0]((rnd[64,ne,1.00,-53,0]((rnd64((rnd[64,ne,1.00,-53,0]((x1 + (-(2)))) * rnd64((25 * rnd[64,ne,1.00,-53,0]((x1 + (-(2)))))))) + rnd64((rnd[64,ne,1.00,-53,0]((x3 + (-(1)))) * rnd[64,ne,1.00,-53,0]((x3 + (-(1)))))))) - rnd64((rnd[64,ne,1.00,-53,0]((2 - x2)) * rnd[64,ne,1.00,-53,0]((x2 - 2)))))) + rnd[64,ne,1.00,-53,0]((rnd64((rnd[64,ne,1.00,-53,0]((4 - x6)) * rnd[64,ne,1.00,-53,0]((4 - x6)))) - rnd64((rnd[64,ne,1.00,-53,0]((1 - x5)) * rnd[64,ne,1.00,-53,0](((-(1)) + x5))))))))))
Building Taylor forms...
const_form
var_form
sub_form
rounded_form
neg_form
add_form
rounded_form
mul_form
rounded_form
var_form
const_form
neg_form
add_form
rounded_form
const_form
mul_form
rounded_form
mul_form
rounded_form
var_form
const_form
neg_form
add_form
rounded_form
mul_form
rounded_form
add_form
rounded_form
var_form
sub_form
rounded_form
sub_form
rounded_form
mul_form
rounded_form
sub_form
rounded_form
var_form
sub_form
rounded_form
mul_form
rounded_form
var_form
sub_form
rounded_form
add_form
rounded_form
mul_form
rounded_form
sub_form
rounded_form
add_form
rounded_form
sub_form
rounded_form
Taylor forms cache stats: num_bindings = 55, num_buckets = 1024, max_bucket_length = 3
Expr cache stats: num_bindings = 150, num_buckets = 65536, max_bucket_length = 3
Simplifying Taylor forms...
success
v0 = (((4 - x4) * ((-(4)) + x4)) - (((((x1 + (-(2))) * (25 * (x1 + (-(2))))) + ((x3 + (-(1))) * (x3 + (-(1))))) - ((2 - x2) * (x2 - 2))) + (((4 - x6) * (4 - x6)) - ((1 - x5) * ((-(1)) + x5)))))
-1: exp = -53: (1196268651020289/39614081257132168796771975168)
1: exp = -53: (((-(4)) + x4) * floor_power2(((4 - x4) + 0)))
2: exp = -53: ((4 - x4) * floor_power2((((-(4)) + x4) + 0)))
3: exp = -53: floor_power2((((4 - x4) * ((-(4)) + x4)) + interval(-1.77635683940025085911e-15, 1.77635683940025085911e-15)))
4: exp = -53: (-((((x1 + (-(2))) * (25 * floor_power2(((x1 + (-(2))) + 0)))) + ((25 * (x1 + (-(2)))) * floor_power2(((x1 + (-(2))) + 0))))))
5: exp = -53: (-(((x1 + (-(2))) * floor_power2(((25 * (x1 + (-(2)))) + interval(-5.55111512312578270212e-15, 5.55111512312578270212e-15))))))
6: exp = -53: (-(floor_power2((((x1 + (-(2))) * (25 * (x1 + (-(2))))) + interval(-7.28306304154102816736e-14, 7.28306304154102816736e-14)))))
7: exp = -53: (-((((x3 + (-(1))) * floor_power2(((x3 + (-(1))) + 0))) + ((x3 + (-(1))) * floor_power2(((x3 + (-(1))) + 0))))))
8: exp = -53: (-(floor_power2((((x3 + (-(1))) * (x3 + (-(1)))) + interval(-1.77635683940025085911e-15, 1.77635683940025085911e-15)))))
9: exp = -53: (-(floor_power2(((((x1 + (-(2))) * (25 * (x1 + (-(2))))) + ((x3 + (-(1))) * (x3 + (-(1))))) + interval(-1.04805053524614790038e-13, 1.04805053524614790038e-13)))))
10: exp = -53: (-((-(((x2 - 2) * floor_power2(((2 - x2) + 0)))))))
11: exp = -53: (-((-(((2 - x2) * floor_power2(((x2 - 2) + 0)))))))
12: exp = -53: (-((-(floor_power2((((2 - x2) * (x2 - 2)) + interval(-1.77635683940025085911e-15, 1.77635683940025085911e-15)))))))
13: exp = -53: (-(floor_power2((((((x1 + (-(2))) * (25 * (x1 + (-(2))))) + ((x3 + (-(1))) * (x3 + (-(1))))) - ((2 - x2) * (x2 - 2))) + interval(-1.36779476633819311024e-13, 1.36779476633819311024e-13)))))
14: exp = -53: (-((((4 - x6) * floor_power2(((4 - x6) + 0))) + ((4 - x6) * floor_power2(((4 - x6) + 0))))))
15: exp = -53: (-(floor_power2((((4 - x6) * (4 - x6)) + interval(-5.32907051820075218289e-15, 5.32907051820075218289e-15)))))
16: exp = -53: (-((-((((-(1)) + x5) * floor_power2(((1 - x5) + 0)))))))
17: exp = -53: (-((-(((1 - x5) * floor_power2((((-(1)) + x5) + 0)))))))
18: exp = -53: (-((-(floor_power2((((1 - x5) * ((-(1)) + x5)) + interval(-4.44089209850062695056e-15, 4.44089209850062695056e-15)))))))
19: exp = -53: (-(floor_power2(((((4 - x6) * (4 - x6)) - ((1 - x5) * ((-(1)) + x5))) + interval(-1.50990331349021321052e-14, 1.50990331349021321052e-14)))))
20: exp = -53: (-(floor_power2(((((((x1 + (-(2))) * (25 * (x1 + (-(2))))) + ((x3 + (-(1))) * (x3 + (-(1))))) - ((2 - x2) * (x2 - 2))) + (((4 - x6) * (4 - x6)) - ((1 - x5) * ((-(1)) + x5)))) + interval(-1.83852932877925948338e-13, 1.83852932877925948338e-13)))))
21: exp = -53: floor_power2(((((4 - x4) * ((-(4)) + x4)) - (((((x1 + (-(2))) * (25 * (x1 + (-(2))))) + ((x3 + (-(1))) * (x3 + (-(1))))) - ((2 - x2) * (x2 - 2))) + (((4 - x6) * (4 - x6)) - ((1 - x5) * ((-(1)) + x5))))) + interval(-2.15827355987130456702e-13, 2.15827355987130456702e-13)))

Corresponding original subexpressions:
1: rnd[64,ne,1.00,-53,0]((4 - x4))
2: rnd[64,ne,1.00,-53,0](((-(4)) + x4))
3: rnd64((rnd[64,ne,1.00,-53,0]((4 - x4)) * rnd[64,ne,1.00,-53,0](((-(4)) + x4))))
4: rnd[64,ne,1.00,-53,0]((x1 + (-(2))))
5: rnd64((25 * rnd[64,ne,1.00,-53,0]((x1 + (-(2))))))
6: rnd64((rnd[64,ne,1.00,-53,0]((x1 + (-(2)))) * rnd64((25 * rnd[64,ne,1.00,-53,0]((x1 + (-(2))))))))
7: rnd[64,ne,1.00,-53,0]((x3 + (-(1))))
8: rnd64((rnd[64,ne,1.00,-53,0]((x3 + (-(1)))) * rnd[64,ne,1.00,-53,0]((x3 + (-(1))))))
9: rnd[64,ne,1.00,-53,0]((rnd64((rnd[64,ne,1.00,-53,0]((x1 + (-(2)))) * rnd64((25 * rnd[64,ne,1.00,-53,0]((x1 + (-(2)))))))) + rnd64((rnd[64,ne,1.00,-53,0]((x3 + (-(1)))) * rnd[64,ne,1.00,-53,0]((x3 + (-(1))))))))
10: rnd[64,ne,1.00,-53,0]((2 - x2))
11: rnd[64,ne,1.00,-53,0]((x2 - 2))
12: rnd64((rnd[64,ne,1.00,-53,0]((2 - x2)) * rnd[64,ne,1.00,-53,0]((x2 - 2))))
13: rnd[64,ne,1.00,-53,0]((rnd[64,ne,1.00,-53,0]((rnd64((rnd[64,ne,1.00,-53,0]((x1 + (-(2)))) * rnd64((25 * rnd[64,ne,1.00,-53,0]((x1 + (-(2)))))))) + rnd64((rnd[64,ne,1.00,-53,0]((x3 + (-(1)))) * rnd[64,ne,1.00,-53,0]((x3 + (-(1)))))))) - rnd64((rnd[64,ne,1.00,-53,0]((2 - x2)) * rnd[64,ne,1.00,-53,0]((x2 - 2))))))
14: rnd[64,ne,1.00,-53,0]((4 - x6))
15: rnd64((rnd[64,ne,1.00,-53,0]((4 - x6)) * rnd[64,ne,1.00,-53,0]((4 - x6))))
16: rnd[64,ne,1.00,-53,0]((1 - x5))
17: rnd[64,ne,1.00,-53,0](((-(1)) + x5))
18: rnd64((rnd[64,ne,1.00,-53,0]((1 - x5)) * rnd[64,ne,1.00,-53,0](((-(1)) + x5))))
19: rnd[64,ne,1.00,-53,0]((rnd64((rnd[64,ne,1.00,-53,0]((4 - x6)) * rnd[64,ne,1.00,-53,0]((4 - x6)))) - rnd64((rnd[64,ne,1.00,-53,0]((1 - x5)) * rnd[64,ne,1.00,-53,0](((-(1)) + x5))))))
20: rnd[64,ne,1.00,-53,0]((rnd[64,ne,1.00,-53,0]((rnd[64,ne,1.00,-53,0]((rnd64((rnd[64,ne,1.00,-53,0]((x1 + (-(2)))) * rnd64((25 * rnd[64,ne,1.00,-53,0]((x1 + (-(2)))))))) + rnd64((rnd[64,ne,1.00,-53,0]((x3 + (-(1)))) * rnd[64,ne,1.00,-53,0]((x3 + (-(1)))))))) - rnd64((rnd[64,ne,1.00,-53,0]((2 - x2)) * rnd[64,ne,1.00,-53,0]((x2 - 2)))))) + rnd[64,ne,1.00,-53,0]((rnd64((rnd[64,ne,1.00,-53,0]((4 - x6)) * rnd[64,ne,1.00,-53,0]((4 - x6)))) - rnd64((rnd[64,ne,1.00,-53,0]((1 - x5)) * rnd[64,ne,1.00,-53,0](((-(1)) + x5))))))))
21: rnd[64,ne,1.00,-53,0]((rnd64((rnd[64,ne,1.00,-53,0]((4 - x4)) * rnd[64,ne,1.00,-53,0](((-(4)) + x4)))) - rnd[64,ne,1.00,-53,0]((rnd[64,ne,1.00,-53,0]((rnd[64,ne,1.00,-53,0]((rnd64((rnd[64,ne,1.00,-53,0]((x1 + (-(2)))) * rnd64((25 * rnd[64,ne,1.00,-53,0]((x1 + (-(2)))))))) + rnd64((rnd[64,ne,1.00,-53,0]((x3 + (-(1)))) * rnd[64,ne,1.00,-53,0]((x3 + (-(1)))))))) - rnd64((rnd[64,ne,1.00,-53,0]((2 - x2)) * rnd[64,ne,1.00,-53,0]((x2 - 2)))))) + rnd[64,ne,1.00,-53,0]((rnd64((rnd[64,ne,1.00,-53,0]((4 - x6)) * rnd[64,ne,1.00,-53,0]((4 - x6)))) - rnd64((rnd[64,ne,1.00,-53,0]((1 - x5)) * rnd[64,ne,1.00,-53,0](((-(1)) + x5))))))))))

Selected optimization method: bb
bb_opt: x_abs_tol = 1.000000e-02, f_rel_tol = 1.000000e-02, f_abs_tol = 1.000000e-02, iters = 1000000
iterations(min = 40, max = 46163): 46163
min = -5.090000e+02 (lower_min = -5.061406e+02)
max = 4.516602e-03 (lower_max = -7.781982e-04)
subopt = 2.859375e+00 (0.6%)
bounds: [-5.090000e+02, 4.516602e-03]

Computing absolute errors
Selected optimization method: bb-eval
bb-eval_opt: x_abs_tol = 1.000000e-02, f_rel_tol = 1.000000e-02, f_abs_tol = 1.000000e-02, iters = 1000000
rmin(result = 3.019807e-14, lower = 3.019807e-14), rmax(result = 3.019807e-14, lower = 3.019807e-14)
-1: exp = -53: 3.019807e-14 (low = 3.019807e-14, subopt = 0.0%)

Solving the exact optimization problem
Selected optimization method: bb
bb_opt: x_abs_tol = 1.000000e-02, f_rel_tol = 1.000000e-02, f_abs_tol = 1.000000e-02, iters = 1000000
iterations(min = 0, max = 257332): 257332
min = 0.000000e+00 (lower_min = 0.000000e+00)
max = 2.200000e+03 (lower_max = 2.175977e+03)
subopt = 2.402344e+01 (1.1%)
exact bound (exp = -53): 2.200000e+03 (low = 2.175977e+03, subopt = 1.1%)
total2: 3.352659e-30 (low = 3.352659e-30, subopt = 0.0%)
exact total: 2.442491e-13 (low = 2.415819e-13, subopt = 1.1%)

Computing relative errors
**WARNING**: 
Cannot compute the relative error: values of the function are close to zero

Elapsed time: 3.71850
*************************************

-------------------------------------------------------------------------------
Problem: result

Optimization lower bounds for error models:
The absolute error (exact) model: 2.415819e-13 (0x1.0fff4p-42) (suboptimality = 1.1%)

Bounds (without rounding): [-5.090000e+2, 4.516602e-3]
Bounds (floating-point): [-5.090001e+2, 4.516602e-3]

Absolute error (exact): 2.442491e-13 (0x1.1300000000001p-42)

Elapsed time: 3.72

