Base path: /Users/laura.zielinski/FPTaylor
Config file: /Users/laura.zielinski/FPTaylor/default.cfg
Config file: /var/folders/38/q_vgzzt959nfc63ldktzz1gr0000gp/T/tmpp_voh5gy.cfg
default-rnd = rnd64
nlopt-cc = gcc -std=c99 -O3
opt-exact = true
develop = false
log-append-date = start
uncertainty = false
rel-error = true
opt-approx = false
proof-record = false
find-bounds = false
proof-dir = proofs
opt-f-abs-tol = 0.01
fail-on-exception = true
print-opt-lower-bounds = true
bb-compile = {base}/b_and_b/compile.sh {base} {input} {out}
z3-python-lib = 
opt-x-abs-tol = 0.01
export-error-bounds = 
opt-f-rel-tol = 0.01
export-options = 
opt-x-rel-tol = 0.0
rel-error-threshold = 0.0001
bb-alg = opt0
log-base-dir = log
intermediate-opt = false
z3-interval-bounds = true
opt-max-iters = 1000000
abs-error = true
z3-bin = 
maxima-simplification = false
print-hex-floats = true
debug = true
print-precision = 7
export-error-bounds-data = 
fp-power2-model = true
opt = auto
default-var-type = float64
verbosity = 2
ulp-error = false
opt-timeout = 10000
nlopt-lib = -lnlopt -lm
tmp-base-dir = tmp
unique-indices = false
z3-seed = 0
tmp-date = false
z3-python-cmd = python
const-approx-real-vars = false
print-second-order-errors = false
Resetting input_parser_env
eval_const_expr: 4
result: 4
eval_const_expr: (159/25)
result: 159/25
eval_const_expr: 0
result: 0
eval_const_expr: (159/25)
result: 159/25
eval_const_expr: 4
result: 4
eval_const_expr: 4
result: 4
eval_const_expr: (159/25)
result: 159/25
eval_const_expr: 0
result: 0
eval_const_expr: (159/25)
result: 159/25
eval_const_expr: 4
result: 4
eval_const_expr: 4
result: 4
eval_const_expr: (159/25)
result: 159/25
eval_const_expr: 0
result: 0
eval_const_expr: (159/25)
result: 159/25
eval_const_expr: 4
result: 4
eval_const_expr: 4
result: 4
eval_const_expr: (159/25)
result: 159/25
eval_const_expr: 0
result: 0
eval_const_expr: (159/25)
result: 159/25
eval_const_expr: 4
result: 4
Resetting input_parser_env
|tasks| = 1
Processing: result

*************************************
Taylor form for: rnd64((-(rnd64((rnd64((rnd64((rnd64((rnd64(x4) - rnd64((rnd64(x3) * rnd64(x1))))) - rnd64((rnd64(x3) * rnd64((rnd64(x4) + rnd64((rnd64(x2) - rnd64(x3))))))))) + rnd64((rnd64(x2) * rnd64((rnd64(x3) * rnd64(x4))))))) - rnd64((-(rnd64((rnd64((rnd64((rnd64(x3) * rnd64(x1))) + rnd64((rnd64((rnd64((rnd64(x2) - rnd64(x3))) - rnd64(x4))) * rnd64(x2))))) - rnd64((rnd64((rnd64(x1) * rnd64(x4))) * rnd64((rnd64((rnd64(x2) - rnd64(x4))) - rnd64((rnd64(x1) - rnd64(x3)))))))))))))))))

Conservative bound: [-465.871168, 258.290112]

Simplified rounding: (-(rnd[64,ne,1.00,-53,0]((rnd[64,ne,1.00,-53,0]((rnd[64,ne,1.00,-53,0]((rnd[64,ne,1.00,-53,0]((x4 - rnd64((x3 * x1)))) - rnd64((x3 * rnd[64,ne,1.00,-53,0]((x4 + rnd[64,ne,1.00,-53,0]((x2 - x3)))))))) + rnd64((x2 * rnd64((x3 * x4)))))) - (-(rnd[64,ne,1.00,-53,0]((rnd[64,ne,1.00,-53,0]((rnd64((x3 * x1)) + rnd64((rnd[64,ne,1.00,-53,0]((rnd[64,ne,1.00,-53,0]((x2 - x3)) - x4)) * x2)))) - rnd64((rnd64((x1 * x4)) * rnd[64,ne,1.00,-53,0]((rnd[64,ne,1.00,-53,0]((x2 - x4)) - rnd[64,ne,1.00,-53,0]((x1 - x3))))))))))))))
Building Taylor forms...
var_form
var_form
var_form
mul_form
rounded_form
sub_form
rounded_form
var_form
sub_form
rounded_form
add_form
rounded_form
mul_form
rounded_form
sub_form
rounded_form
mul_form
rounded_form
mul_form
rounded_form
add_form
rounded_form
sub_form
rounded_form
mul_form
rounded_form
add_form
rounded_form
mul_form
rounded_form
sub_form
rounded_form
sub_form
rounded_form
sub_form
rounded_form
mul_form
rounded_form
sub_form
rounded_form
neg_form
sub_form
rounded_form
neg_form
Taylor forms cache stats: num_bindings = 44, num_buckets = 1024, max_bucket_length = 2
Expr cache stats: num_bindings = 132, num_buckets = 65536, max_bucket_length = 1
Simplifying Taylor forms...
success
v0 = (-(((((x4 - (x3 * x1)) - (x3 * (x4 + (x2 - x3)))) + (x2 * (x3 * x4))) - (-((((x3 * x1) + (((x2 - x3) - x4) * x2)) - ((x1 * x4) * ((x2 - x4) - (x1 - x3)))))))))
-1: exp = -53: (-((4503599627370501/158456325028528675187087900672)))
1: exp = -53: (-(((-(floor_power2(((x3 * x1) + 0)))) + (-((-(floor_power2(((x3 * x1) + 0)))))))))
2: exp = -53: (-(floor_power2(((x4 - (x3 * x1)) + interval(-3.55271367880050171822e-15, 3.55271367880050171822e-15)))))
3: exp = -53: (-(((-((x3 * floor_power2(((x2 - x3) + 0))))) + (-((-((x2 * floor_power2(((x2 - x3) + 0))))))))))
4: exp = -53: (-((-((x3 * floor_power2(((x4 + (x2 - x3)) + interval(-2.22044604925031308085e-16, 2.22044604925031308085e-16))))))))
5: exp = -53: (-((-(floor_power2(((x3 * (x4 + (x2 - x3))) + interval(-7.06101843661599654373e-15, 7.06101843661599654373e-15)))))))
6: exp = -53: (-(floor_power2((((x4 - (x3 * x1)) - (x3 * (x4 + (x2 - x3)))) + interval(-1.77191594730175040650e-14, 1.77191594730175040650e-14)))))
7: exp = -53: (-((x2 * floor_power2(((x3 * x4) + 0)))))
8: exp = -53: (-(floor_power2(((x2 * (x3 * x4)) + interval(-2.25952589971711902021e-14, 2.25952589971711902021e-14)))))
9: exp = -53: (-(floor_power2(((((x4 - (x3 * x1)) - (x3 * (x4 + (x2 - x3)))) + (x2 * (x3 * x4))) + interval(-7.58415552581937067161e-14, 7.58415552581937067161e-14)))))
10: exp = -53: (-((-((-((x2 * floor_power2((((x2 - x3) - x4) + interval(-2.22044604925031308085e-16, 2.22044604925031308085e-16))))))))))
11: exp = -53: (-((-((-(floor_power2(((((x2 - x3) - x4) * x2) + interval(-7.06101843661599654373e-15, 7.06101843661599654373e-15)))))))))
12: exp = -53: (-((-((-(floor_power2((((x3 * x1) + (((x2 - x3) - x4) * x2)) + interval(-1.41664457942169999802e-14, 1.41664457942169999802e-14)))))))))
13: exp = -53: (-((-((-((-((((x2 - x4) - (x1 - x3)) * floor_power2(((x1 * x4) + 0)))))))))))
14: exp = -53: (-((-((-((-(((x1 * x4) * floor_power2(((x2 - x4) + 0)))))))))))
15: exp = -53: (-((-((-((-(((x1 * x4) * (-(floor_power2(((x1 - x3) + 0)))))))))))))
16: exp = -53: (-((-((-((-(((x1 * x4) * floor_power2((((x2 - x4) - (x1 - x3)) + interval(-4.44089209850062616169e-16, 4.44089209850062616169e-16))))))))))))
17: exp = -53: (-((-((-((-(floor_power2((((x1 * x4) * ((x2 - x4) - (x1 - x3))) + interval(-5.26952703694405745415e-14, 5.26952703694405745415e-14)))))))))))
18: exp = -53: (-((-((-(floor_power2(((((x3 * x1) + (((x2 - x3) - x4) * x2)) - ((x1 * x4) * ((x2 - x4) - (x1 - x3)))) + interval(-8.46252845576600917902e-14, 8.46252845576600917902e-14)))))))))
19: exp = -53: (-(floor_power2((((((x4 - (x3 * x1)) - (x3 * (x4 + (x2 - x3)))) + (x2 * (x3 * x4))) - (-((((x3 * x1) + (((x2 - x3) - x4) * x2)) - ((x1 * x4) * ((x2 - x4) - (x1 - x3))))))) + interval(-1.84447657147757205023e-13, 1.84447657147757205023e-13)))))

Corresponding original subexpressions:
1: rnd64((x3 * x1))
2: rnd[64,ne,1.00,-53,0]((x4 - rnd64((x3 * x1))))
3: rnd[64,ne,1.00,-53,0]((x2 - x3))
4: rnd[64,ne,1.00,-53,0]((x4 + rnd[64,ne,1.00,-53,0]((x2 - x3))))
5: rnd64((x3 * rnd[64,ne,1.00,-53,0]((x4 + rnd[64,ne,1.00,-53,0]((x2 - x3))))))
6: rnd[64,ne,1.00,-53,0]((rnd[64,ne,1.00,-53,0]((x4 - rnd64((x3 * x1)))) - rnd64((x3 * rnd[64,ne,1.00,-53,0]((x4 + rnd[64,ne,1.00,-53,0]((x2 - x3))))))))
7: rnd64((x3 * x4))
8: rnd64((x2 * rnd64((x3 * x4))))
9: rnd[64,ne,1.00,-53,0]((rnd[64,ne,1.00,-53,0]((rnd[64,ne,1.00,-53,0]((x4 - rnd64((x3 * x1)))) - rnd64((x3 * rnd[64,ne,1.00,-53,0]((x4 + rnd[64,ne,1.00,-53,0]((x2 - x3)))))))) + rnd64((x2 * rnd64((x3 * x4))))))
10: rnd[64,ne,1.00,-53,0]((rnd[64,ne,1.00,-53,0]((x2 - x3)) - x4))
11: rnd64((rnd[64,ne,1.00,-53,0]((rnd[64,ne,1.00,-53,0]((x2 - x3)) - x4)) * x2))
12: rnd[64,ne,1.00,-53,0]((rnd64((x3 * x1)) + rnd64((rnd[64,ne,1.00,-53,0]((rnd[64,ne,1.00,-53,0]((x2 - x3)) - x4)) * x2))))
13: rnd64((x1 * x4))
14: rnd[64,ne,1.00,-53,0]((x2 - x4))
15: rnd[64,ne,1.00,-53,0]((x1 - x3))
16: rnd[64,ne,1.00,-53,0]((rnd[64,ne,1.00,-53,0]((x2 - x4)) - rnd[64,ne,1.00,-53,0]((x1 - x3))))
17: rnd64((rnd64((x1 * x4)) * rnd[64,ne,1.00,-53,0]((rnd[64,ne,1.00,-53,0]((x2 - x4)) - rnd[64,ne,1.00,-53,0]((x1 - x3))))))
18: rnd[64,ne,1.00,-53,0]((rnd[64,ne,1.00,-53,0]((rnd64((x3 * x1)) + rnd64((rnd[64,ne,1.00,-53,0]((rnd[64,ne,1.00,-53,0]((x2 - x3)) - x4)) * x2)))) - rnd64((rnd64((x1 * x4)) * rnd[64,ne,1.00,-53,0]((rnd[64,ne,1.00,-53,0]((x2 - x4)) - rnd[64,ne,1.00,-53,0]((x1 - x3))))))))
19: rnd[64,ne,1.00,-53,0]((rnd[64,ne,1.00,-53,0]((rnd[64,ne,1.00,-53,0]((rnd[64,ne,1.00,-53,0]((x4 - rnd64((x3 * x1)))) - rnd64((x3 * rnd[64,ne,1.00,-53,0]((x4 + rnd[64,ne,1.00,-53,0]((x2 - x3)))))))) + rnd64((x2 * rnd64((x3 * x4)))))) - (-(rnd[64,ne,1.00,-53,0]((rnd[64,ne,1.00,-53,0]((rnd64((x3 * x1)) + rnd64((rnd[64,ne,1.00,-53,0]((rnd[64,ne,1.00,-53,0]((x2 - x3)) - x4)) * x2)))) - rnd64((rnd64((x1 * x4)) * rnd[64,ne,1.00,-53,0]((rnd[64,ne,1.00,-53,0]((x2 - x4)) - rnd[64,ne,1.00,-53,0]((x1 - x3))))))))))))

Selected optimization method: bb
bb_opt: x_abs_tol = 1.000000e-02, f_rel_tol = 1.000000e-02, f_abs_tol = 1.000000e-02, iters = 1000000
iterations(min = 986, max = 1000000): 1000000
min = -2.498096e+02 (lower_min = -2.473763e+02)
max = -3.053270e+01 (lower_max = -3.200000e+01)
subopt = 2.433367e+00 (1.0%)
bounds: [-2.498096e+02, -3.053270e+01]

Computing absolute errors
Selected optimization method: bb-eval
bb-eval_opt: x_abs_tol = 1.000000e-02, f_rel_tol = 1.000000e-02, f_abs_tol = 1.000000e-02, iters = 1000000
rmin(result = -2.842171e-14, lower = -2.842171e-14), rmax(result = -2.842171e-14, lower = -2.842171e-14)
-1: exp = -53: 2.842171e-14 (low = 2.842171e-14, subopt = 0.0%)

Solving the exact optimization problem
Selected optimization method: bb
bb_opt: x_abs_tol = 1.000000e-02, f_rel_tol = 1.000000e-02, f_abs_tol = 1.000000e-02, iters = 1000000
iterations(min = 0, max = 1875): 1875
min = 0.000000e+00 (lower_min = 0.000000e+00)
max = 1.164871e+03 (lower_max = 1.157979e+03)
subopt = 6.891641e+00 (0.6%)
exact bound (exp = -53): 1.164871e+03 (low = 1.157979e+03, subopt = 0.6%)
total2: 3.155444e-30 (low = 3.155444e-30, subopt = 0.0%)
exact total: 1.293266e-13 (low = 1.285615e-13, subopt = 0.6%)

Computing relative errors
Selected optimization method: bb-eval
bb-eval_opt: x_abs_tol = 1.000000e-02, f_rel_tol = 1.000000e-02, f_abs_tol = 1.000000e-02, iters = 1000000
rmin(result = -2.842171e-14, lower = -2.842171e-14), rmax(result = -2.842171e-14, lower = -2.842171e-14)
-1: exp = -53: 2.842171e-14 (low = 2.842171e-14, subopt = 0.0%)

Solving the exact optimization problem
Selected optimization method: bb
bb_opt: x_abs_tol = 1.000000e-02, f_rel_tol = 1.000000e-02, f_abs_tol = 1.000000e-02, iters = 1000000
iterations(min = 0, max = 271109): 271109
min = 0.000000e+00 (lower_min = 0.000000e+00)
max = 2.199647e+01 (lower_max = 2.125319e+01)
subopt = 7.432763e-01 (3.4%)
exact bound-rel (exp = -53): 2.199647e+01 (low = 2.125319e+01, subopt = 3.4%)
total2: 1.033464e-31 (low = 1.263139e-32, subopt = 87.8%)
exact total-rel: 2.442099e-15 (low = 2.359578e-15, subopt = 3.4%)

Elapsed time: 7.00446
*************************************

-------------------------------------------------------------------------------
Problem: result

Optimization lower bounds for error models:
The absolute error (exact) model: 1.285614e-13 (0x1.217ea67381d7bp-43) (suboptimality = 0.6%)
The relative error (exact) model: 2.359578e-15 (0x1.540d12ed4f511p-49) (suboptimality = 3.4%)

Bounds (without rounding): [-2.498097e+2, -3.053269e+1]
Bounds (floating-point): [-2.498097e+2, -3.053269e+1]

Absolute error (exact): 1.293267e-13 (0x1.2337b71758e25p-43)
Relative error (exact): 2.442099e-15 (0x1.5ff188908810ap-49)

Elapsed time: 7.00

