Base path: /Users/laura.zielinski/FPTaylor
Config file: /Users/laura.zielinski/FPTaylor/default.cfg
Config file: /var/folders/38/q_vgzzt959nfc63ldktzz1gr0000gp/T/tmpow3ctx9x.cfg
default-rnd = rnd64
nlopt-cc = gcc -std=c99 -O3
opt-exact = true
develop = false
log-append-date = start
uncertainty = false
rel-error = true
opt-approx = false
proof-record = false
find-bounds = false
proof-dir = proofs
opt-f-abs-tol = 0.01
fail-on-exception = true
print-opt-lower-bounds = true
bb-compile = {base}/b_and_b/compile.sh {base} {input} {out}
z3-python-lib = 
opt-x-abs-tol = 0.01
export-error-bounds = 
opt-f-rel-tol = 0.01
export-options = 
opt-x-rel-tol = 0.0
rel-error-threshold = 0.0001
bb-alg = opt0
log-base-dir = log
intermediate-opt = false
z3-interval-bounds = true
opt-max-iters = 1000000
abs-error = true
z3-bin = 
maxima-simplification = false
print-hex-floats = true
debug = true
print-precision = 7
export-error-bounds-data = 
fp-power2-model = true
opt = auto
default-var-type = float64
verbosity = 2
ulp-error = false
opt-timeout = 10000
nlopt-lib = -lnlopt -lm
tmp-base-dir = tmp
unique-indices = false
z3-seed = 0
tmp-date = false
z3-python-cmd = python
const-approx-real-vars = false
print-second-order-errors = false
Resetting input_parser_env
eval_const_expr: 4
result: 4
eval_const_expr: (159/25)
result: 159/25
eval_const_expr: 0
result: 0
eval_const_expr: (159/25)
result: 159/25
eval_const_expr: 4
result: 4
eval_const_expr: 4
result: 4
eval_const_expr: (159/25)
result: 159/25
eval_const_expr: 0
result: 0
eval_const_expr: (159/25)
result: 159/25
eval_const_expr: 4
result: 4
eval_const_expr: 4
result: 4
eval_const_expr: (159/25)
result: 159/25
eval_const_expr: 0
result: 0
eval_const_expr: (159/25)
result: 159/25
eval_const_expr: 4
result: 4
eval_const_expr: 4
result: 4
eval_const_expr: (159/25)
result: 159/25
eval_const_expr: 0
result: 0
eval_const_expr: (159/25)
result: 159/25
eval_const_expr: 4
result: 4
eval_const_expr: 4
result: 4
eval_const_expr: (159/25)
result: 159/25
eval_const_expr: 0
result: 0
eval_const_expr: (159/25)
result: 159/25
eval_const_expr: 4
result: 4
eval_const_expr: 4
result: 4
eval_const_expr: (159/25)
result: 159/25
eval_const_expr: 0
result: 0
eval_const_expr: (159/25)
result: 159/25
eval_const_expr: 4
result: 4
Resetting input_parser_env
|tasks| = 1
Processing: result

*************************************
Taylor form for: rnd64((rnd64((rnd64(x2) * rnd64(x1))) + rnd64((rnd64((rnd64((rnd64(x1) * rnd64((rnd64(x3) - rnd64(x1))))) - rnd64((rnd64((rnd64((rnd64(x4) - rnd64(x5))) * rnd64(x1))) + rnd64((rnd64((rnd64(x6) - rnd64(x2))) * rnd64((rnd64(x5) - rnd64(x3))))))))) + rnd64((rnd64(x6) * rnd64(x1)))))))

Conservative bound: [-3.588800, 116.488000]

Simplified rounding: rnd[64,ne,1.00,-53,0]((rnd64((x2 * x1)) + rnd[64,ne,1.00,-53,0]((rnd[64,ne,1.00,-53,0]((rnd64((x1 * rnd[64,ne,1.00,-53,0]((x3 - x1)))) - rnd[64,ne,1.00,-53,0]((rnd64((rnd[64,ne,1.00,-53,0]((x4 - x5)) * x1)) + rnd64((rnd[64,ne,1.00,-53,0]((x6 - x2)) * rnd[64,ne,1.00,-53,0]((x5 - x3)))))))) + rnd64((x6 * x1))))))
Building Taylor forms...
var_form
var_form
mul_form
rounded_form
var_form
sub_form
rounded_form
mul_form
rounded_form
var_form
var_form
sub_form
rounded_form
mul_form
rounded_form
var_form
sub_form
rounded_form
sub_form
rounded_form
mul_form
rounded_form
add_form
rounded_form
sub_form
rounded_form
mul_form
rounded_form
add_form
rounded_form
add_form
rounded_form
Taylor forms cache stats: num_bindings = 32, num_buckets = 1024, max_bucket_length = 1
Expr cache stats: num_bindings = 70, num_buckets = 65536, max_bucket_length = 1
Simplifying Taylor forms...
success
v0 = ((x2 * x1) + (((x1 * (x3 - x1)) - (((x4 - x5) * x1) + ((x6 - x2) * (x5 - x3)))) + (x6 * x1)))
-1: exp = -53: (4503599627370501/10141204801825835211973625643008)
1: exp = -53: floor_power2(((x2 * x1) + 0))
2: exp = -53: (x1 * floor_power2(((x3 - x1) + 0)))
3: exp = -53: floor_power2(((x1 * (x3 - x1)) + interval(-1.41220368732319919042e-15, 1.41220368732319919042e-15)))
4: exp = -53: (-((x1 * floor_power2(((x4 - x5) + 0)))))
5: exp = -53: (-(floor_power2((((x4 - x5) * x1) + interval(-1.41220368732319919042e-15, 1.41220368732319919042e-15)))))
6: exp = -53: (-(((x5 - x3) * floor_power2(((x6 - x2) + 0)))))
7: exp = -53: (-(((x6 - x2) * floor_power2(((x5 - x3) + 0)))))
8: exp = -53: (-(floor_power2((((x6 - x2) * (x5 - x3)) + interval(-1.04805053524614811337e-15, 1.04805053524614811337e-15)))))
9: exp = -53: (-(floor_power2(((((x4 - x5) * x1) + ((x6 - x2) * (x5 - x3))) + interval(-3.79252185211953594116e-15, 3.79252185211953594116e-15)))))
10: exp = -53: floor_power2((((x1 * (x3 - x1)) - (((x4 - x5) * x1) + ((x6 - x2) * (x5 - x3)))) + interval(-7.86926079854311220910e-15, 7.86926079854311220910e-15)))
11: exp = -53: floor_power2(((x6 * x1) + 0))
12: exp = -53: floor_power2(((((x1 * (x3 - x1)) - (((x4 - x5) * x1) + ((x6 - x2) * (x5 - x3)))) + (x6 * x1)) + interval(-1.49746881561441140678e-14, 1.49746881561441140678e-14)))
13: exp = -53: floor_power2((((x2 * x1) + (((x1 * (x3 - x1)) - (((x4 - x5) * x1) + ((x6 - x2) * (x5 - x3)))) + (x6 * x1))) + interval(-2.56328291925456200113e-14, 2.56328291925456200113e-14)))

Corresponding original subexpressions:
1: rnd64((x2 * x1))
2: rnd[64,ne,1.00,-53,0]((x3 - x1))
3: rnd64((x1 * rnd[64,ne,1.00,-53,0]((x3 - x1))))
4: rnd[64,ne,1.00,-53,0]((x4 - x5))
5: rnd64((rnd[64,ne,1.00,-53,0]((x4 - x5)) * x1))
6: rnd[64,ne,1.00,-53,0]((x6 - x2))
7: rnd[64,ne,1.00,-53,0]((x5 - x3))
8: rnd64((rnd[64,ne,1.00,-53,0]((x6 - x2)) * rnd[64,ne,1.00,-53,0]((x5 - x3))))
9: rnd[64,ne,1.00,-53,0]((rnd64((rnd[64,ne,1.00,-53,0]((x4 - x5)) * x1)) + rnd64((rnd[64,ne,1.00,-53,0]((x6 - x2)) * rnd[64,ne,1.00,-53,0]((x5 - x3))))))
10: rnd[64,ne,1.00,-53,0]((rnd64((x1 * rnd[64,ne,1.00,-53,0]((x3 - x1)))) - rnd[64,ne,1.00,-53,0]((rnd64((rnd[64,ne,1.00,-53,0]((x4 - x5)) * x1)) + rnd64((rnd[64,ne,1.00,-53,0]((x6 - x2)) * rnd[64,ne,1.00,-53,0]((x5 - x3))))))))
11: rnd64((x6 * x1))
12: rnd[64,ne,1.00,-53,0]((rnd[64,ne,1.00,-53,0]((rnd64((x1 * rnd[64,ne,1.00,-53,0]((x3 - x1)))) - rnd[64,ne,1.00,-53,0]((rnd64((rnd[64,ne,1.00,-53,0]((x4 - x5)) * x1)) + rnd64((rnd[64,ne,1.00,-53,0]((x6 - x2)) * rnd[64,ne,1.00,-53,0]((x5 - x3)))))))) + rnd64((x6 * x1))))
13: rnd[64,ne,1.00,-53,0]((rnd64((x2 * x1)) + rnd[64,ne,1.00,-53,0]((rnd[64,ne,1.00,-53,0]((rnd64((x1 * rnd[64,ne,1.00,-53,0]((x3 - x1)))) - rnd[64,ne,1.00,-53,0]((rnd64((rnd[64,ne,1.00,-53,0]((x4 - x5)) * x1)) + rnd64((rnd[64,ne,1.00,-53,0]((x6 - x2)) * rnd[64,ne,1.00,-53,0]((x5 - x3)))))))) + rnd64((x6 * x1))))))

Selected optimization method: bb
bb_opt: x_abs_tol = 1.000000e-02, f_rel_tol = 1.000000e-02, f_abs_tol = 1.000000e-02, iters = 1000000
iterations(min = 3598, max = 607): 3598
min = 2.078671e+01 (lower_min = 2.100359e+01)
max = 9.639961e+01 (lower_max = 9.543975e+01)
subopt = 9.598563e-01 (1.0%)
bounds: [2.078671e+01, 9.639961e+01]

Computing absolute errors
Selected optimization method: bb-eval
bb-eval_opt: x_abs_tol = 1.000000e-02, f_rel_tol = 1.000000e-02, f_abs_tol = 1.000000e-02, iters = 1000000
rmin(result = 4.440892e-16, lower = 4.440892e-16), rmax(result = 4.440892e-16, lower = 4.440892e-16)
-1: exp = -53: 4.440892e-16 (low = 4.440892e-16, subopt = 0.0%)

Solving the exact optimization problem
Selected optimization method: bb
bb_opt: x_abs_tol = 1.000000e-02, f_rel_tol = 1.000000e-02, f_abs_tol = 1.000000e-02, iters = 1000000
iterations(min = 0, max = 6309): 6309
min = 0.000000e+00 (lower_min = 0.000000e+00)
max = 2.286025e+02 (lower_max = 2.281600e+02)
subopt = 4.425000e-01 (0.2%)
exact bound (exp = -53): 2.286025e+02 (low = 2.281600e+02, subopt = 0.2%)
total2: 4.930381e-32 (low = 4.930381e-32, subopt = 0.0%)
exact total: 2.537998e-14 (low = 2.533085e-14, subopt = 0.2%)

Computing relative errors
Selected optimization method: bb-eval
bb-eval_opt: x_abs_tol = 1.000000e-02, f_rel_tol = 1.000000e-02, f_abs_tol = 1.000000e-02, iters = 1000000
rmin(result = 4.440892e-16, lower = 4.440892e-16), rmax(result = 4.440892e-16, lower = 4.440892e-16)
-1: exp = -53: 4.440892e-16 (low = 4.440892e-16, subopt = 0.0%)

Solving the exact optimization problem
Selected optimization method: bb
bb_opt: x_abs_tol = 1.000000e-02, f_rel_tol = 1.000000e-02, f_abs_tol = 1.000000e-02, iters = 1000000
iterations(min = 0, max = 19089): 19089
min = 0.000000e+00 (lower_min = 0.000000e+00)
max = 5.649803e+00 (lower_max = 5.588975e+00)
subopt = 6.082859e-02 (1.1%)
exact bound-rel (exp = -53): 5.649803e+00 (low = 5.588975e+00, subopt = 1.1%)
total2: 2.371891e-33 (low = 5.114524e-34, subopt = 78.4%)
exact total-rel: 6.272542e-16 (low = 6.205008e-16, subopt = 1.1%)

Elapsed time: 1.72935
*************************************

-------------------------------------------------------------------------------
Problem: result

Optimization lower bounds for error models:
The absolute error (exact) model: 2.533084e-14 (0x1.c851eb851eb85p-46) (suboptimality = 0.2%)
The relative error (exact) model: 6.205008e-16 (0x1.65b1c26d0c13bp-51) (suboptimality = 1.1%)

Bounds (without rounding): [2.078671e+1, 9.639961e+1]
Bounds (floating-point): [2.078671e+1, 9.639961e+1]

Absolute error (exact): 2.537998e-14 (0x1.c9347ae147ae5p-46)
Relative error (exact): 6.272542e-16 (0x1.699660055c0b2p-51)

Elapsed time: 1.73

