Base path: /Users/laura.zielinski/FPTaylor
Config file: /Users/laura.zielinski/FPTaylor/default.cfg
Config file: /var/folders/38/q_vgzzt959nfc63ldktzz1gr0000gp/T/tmpsysfpebn.cfg
default-rnd = rnd64
nlopt-cc = gcc -std=c99 -O3
opt-exact = true
develop = false
log-append-date = start
uncertainty = false
rel-error = true
opt-approx = false
proof-record = false
find-bounds = false
proof-dir = proofs
opt-f-abs-tol = 0.01
fail-on-exception = true
print-opt-lower-bounds = true
bb-compile = {base}/b_and_b/compile.sh {base} {input} {out}
z3-python-lib = 
opt-x-abs-tol = 0.01
export-error-bounds = 
opt-f-rel-tol = 0.01
export-options = 
opt-x-rel-tol = 0.0
rel-error-threshold = 0.0001
bb-alg = opt0
log-base-dir = log
intermediate-opt = false
z3-interval-bounds = true
opt-max-iters = 1000000
abs-error = true
z3-bin = 
maxima-simplification = false
print-hex-floats = true
debug = true
print-precision = 7
export-error-bounds-data = 
fp-power2-model = true
opt = auto
default-var-type = float64
verbosity = 2
ulp-error = false
opt-timeout = 10000
nlopt-lib = -lnlopt -lm
tmp-base-dir = tmp
unique-indices = false
z3-seed = 0
tmp-date = false
z3-python-cmd = python
const-approx-real-vars = false
print-second-order-errors = false
Resetting input_parser_env
eval_const_expr: 4
result: 4
eval_const_expr: (159/25)
result: 159/25
eval_const_expr: 0
result: 0
eval_const_expr: (159/25)
result: 159/25
eval_const_expr: 4
result: 4
eval_const_expr: 4
result: 4
eval_const_expr: (159/25)
result: 159/25
eval_const_expr: 0
result: 0
eval_const_expr: (159/25)
result: 159/25
eval_const_expr: 4
result: 4
eval_const_expr: 4
result: 4
eval_const_expr: (159/25)
result: 159/25
eval_const_expr: 0
result: 0
eval_const_expr: (159/25)
result: 159/25
eval_const_expr: 4
result: 4
eval_const_expr: 4
result: 4
eval_const_expr: (159/25)
result: 159/25
eval_const_expr: 0
result: 0
eval_const_expr: (159/25)
result: 159/25
eval_const_expr: 4
result: 4
Resetting input_parser_env
|tasks| = 1
Processing: result

*************************************
Taylor form for: rnd64((rnd64((rnd64((rnd64(x3) * rnd64((rnd64(x4) - rnd64((rnd64(x3) - rnd64(x2))))))) - rnd64((rnd64((rnd64(x3) * rnd64(x4))) * rnd64(x2))))) - rnd64((rnd64(x4) + rnd64((rnd64((rnd64((rnd64((rnd64(x2) - rnd64(x3))) - rnd64(x4))) * rnd64(x2))) + rnd64((rnd64(x4) * rnd64((rnd64(x1) * rnd64((rnd64((rnd64(x4) - rnd64((rnd64(x2) - rnd64(x1))))) - rnd64(x3)))))))))))))

Conservative bound: [-441.421568, 233.840512]

Simplified rounding: rnd[64,ne,1.00,-53,0]((rnd[64,ne,1.00,-53,0]((rnd64((x3 * rnd[64,ne,1.00,-53,0]((x4 - rnd[64,ne,1.00,-53,0]((x3 - x2)))))) - rnd64((rnd64((x3 * x4)) * x2)))) - rnd[64,ne,1.00,-53,0]((x4 + rnd[64,ne,1.00,-53,0]((rnd64((rnd[64,ne,1.00,-53,0]((rnd[64,ne,1.00,-53,0]((x2 - x3)) - x4)) * x2)) + rnd64((x4 * rnd64((x1 * rnd[64,ne,1.00,-53,0]((rnd[64,ne,1.00,-53,0]((x4 - rnd[64,ne,1.00,-53,0]((x2 - x1)))) - x3))))))))))))
Building Taylor forms...
var_form
var_form
var_form
sub_form
rounded_form
sub_form
rounded_form
mul_form
rounded_form
mul_form
rounded_form
mul_form
rounded_form
sub_form
rounded_form
sub_form
rounded_form
sub_form
rounded_form
mul_form
rounded_form
var_form
sub_form
rounded_form
sub_form
rounded_form
sub_form
rounded_form
mul_form
rounded_form
mul_form
rounded_form
add_form
rounded_form
add_form
rounded_form
sub_form
rounded_form
Taylor forms cache stats: num_bindings = 38, num_buckets = 1024, max_bucket_length = 2
Expr cache stats: num_bindings = 101, num_buckets = 65536, max_bucket_length = 2
Simplifying Taylor forms...
success
v0 = (((x3 * (x4 - (x3 - x2))) - ((x3 * x4) * x2)) - (x4 + ((((x2 - x3) - x4) * x2) + (x4 * (x1 * ((x4 - (x2 - x1)) - x3))))))
-1: exp = -53: (4706261610602169/1404447761611184302913519680303925573139044514798677009948672509044786529730476274474284979081308875165000889686495260606709295068862629863225370551870891596701311667381761603721111090634735110308227210563164107569048052205800491261514946176100212790338675864723330454999587858894372783631526221325189251072)
1: exp = -53: (x3 * (-(floor_power2(((x3 - x2) + 0)))))
2: exp = -53: (x3 * floor_power2(((x4 - (x3 - x2)) + interval(-2.22044604925031308085e-16, 2.22044604925031308085e-16))))
3: exp = -53: floor_power2(((x3 * (x4 - (x3 - x2))) + interval(-7.06101843661599654373e-15, 7.06101843661599654373e-15)))
4: exp = -53: (-((x2 * floor_power2(((x3 * x4) + 0)))))
5: exp = -53: (-(floor_power2((((x3 * x4) * x2) + interval(-2.25952589971711902021e-14, 2.25952589971711902021e-14)))))
6: exp = -53: floor_power2((((x3 * (x4 - (x3 - x2))) - ((x3 * x4) * x2)) + interval(-6.16307005429917029986e-14, 6.16307005429917029986e-14)))
7: exp = -53: (-((x2 * floor_power2(((x2 - x3) + 0)))))
8: exp = -53: (-((x2 * floor_power2((((x2 - x3) - x4) + interval(-2.22044604925031308085e-16, 2.22044604925031308085e-16))))))
9: exp = -53: (-(floor_power2(((((x2 - x3) - x4) * x2) + interval(-7.06101843661599654373e-15, 7.06101843661599654373e-15)))))
10: exp = -53: (-((x4 * (x1 * (-(floor_power2(((x2 - x1) + 0))))))))
11: exp = -53: (-((x4 * (x1 * floor_power2(((x4 - (x2 - x1)) + interval(-2.22044604925031308085e-16, 2.22044604925031308085e-16)))))))
12: exp = -53: (-((x4 * (x1 * floor_power2((((x4 - (x2 - x1)) - x3) + interval(-1.11022302462515654042e-15, 1.11022302462515654042e-15)))))))
13: exp = -53: (-((x4 * floor_power2(((x1 * ((x4 - (x2 - x1)) - x3)) + interval(-9.88542581126239610785e-15, 9.88542581126239610785e-15))))))
14: exp = -53: (-(floor_power2(((x4 * (x1 * ((x4 - (x2 - x1)) - x3))) + interval(-7.41689376582144541632e-14, 7.41689376582144541632e-14)))))
15: exp = -53: (-(floor_power2((((((x2 - x3) - x4) * x2) + (x4 * (x1 * ((x4 - (x2 - x1)) - x3)))) + interval(-9.89935244888329569314e-14, 9.89935244888329569314e-14)))))
16: exp = -53: (-(floor_power2(((x4 + ((((x2 - x3) - x4) * x2) + (x4 * (x1 * ((x4 - (x2 - x1)) - x3))))) + interval(-1.13204379204034960649e-13, 1.13204379204034960649e-13)))))
17: exp = -53: floor_power2(((((x3 * (x4 - (x3 - x2))) - ((x3 * x4) * x2)) - (x4 + ((((x2 - x3) - x4) * x2) + (x4 * (x1 * ((x4 - (x2 - x1)) - x3)))))) + interval(-2.03256789177430721569e-13, 2.03256789177430721569e-13)))

Corresponding original subexpressions:
1: rnd[64,ne,1.00,-53,0]((x3 - x2))
2: rnd[64,ne,1.00,-53,0]((x4 - rnd[64,ne,1.00,-53,0]((x3 - x2))))
3: rnd64((x3 * rnd[64,ne,1.00,-53,0]((x4 - rnd[64,ne,1.00,-53,0]((x3 - x2))))))
4: rnd64((x3 * x4))
5: rnd64((rnd64((x3 * x4)) * x2))
6: rnd[64,ne,1.00,-53,0]((rnd64((x3 * rnd[64,ne,1.00,-53,0]((x4 - rnd[64,ne,1.00,-53,0]((x3 - x2)))))) - rnd64((rnd64((x3 * x4)) * x2))))
7: rnd[64,ne,1.00,-53,0]((x2 - x3))
8: rnd[64,ne,1.00,-53,0]((rnd[64,ne,1.00,-53,0]((x2 - x3)) - x4))
9: rnd64((rnd[64,ne,1.00,-53,0]((rnd[64,ne,1.00,-53,0]((x2 - x3)) - x4)) * x2))
10: rnd[64,ne,1.00,-53,0]((x2 - x1))
11: rnd[64,ne,1.00,-53,0]((x4 - rnd[64,ne,1.00,-53,0]((x2 - x1))))
12: rnd[64,ne,1.00,-53,0]((rnd[64,ne,1.00,-53,0]((x4 - rnd[64,ne,1.00,-53,0]((x2 - x1)))) - x3))
13: rnd64((x1 * rnd[64,ne,1.00,-53,0]((rnd[64,ne,1.00,-53,0]((x4 - rnd[64,ne,1.00,-53,0]((x2 - x1)))) - x3))))
14: rnd64((x4 * rnd64((x1 * rnd[64,ne,1.00,-53,0]((rnd[64,ne,1.00,-53,0]((x4 - rnd[64,ne,1.00,-53,0]((x2 - x1)))) - x3))))))
15: rnd[64,ne,1.00,-53,0]((rnd64((rnd[64,ne,1.00,-53,0]((rnd[64,ne,1.00,-53,0]((x2 - x3)) - x4)) * x2)) + rnd64((x4 * rnd64((x1 * rnd[64,ne,1.00,-53,0]((rnd[64,ne,1.00,-53,0]((x4 - rnd[64,ne,1.00,-53,0]((x2 - x1)))) - x3))))))))
16: rnd[64,ne,1.00,-53,0]((x4 + rnd[64,ne,1.00,-53,0]((rnd64((rnd[64,ne,1.00,-53,0]((rnd[64,ne,1.00,-53,0]((x2 - x3)) - x4)) * x2)) + rnd64((x4 * rnd64((x1 * rnd[64,ne,1.00,-53,0]((rnd[64,ne,1.00,-53,0]((x4 - rnd[64,ne,1.00,-53,0]((x2 - x1)))) - x3))))))))))
17: rnd[64,ne,1.00,-53,0]((rnd[64,ne,1.00,-53,0]((rnd64((x3 * rnd[64,ne,1.00,-53,0]((x4 - rnd[64,ne,1.00,-53,0]((x3 - x2)))))) - rnd64((rnd64((x3 * x4)) * x2)))) - rnd[64,ne,1.00,-53,0]((x4 + rnd[64,ne,1.00,-53,0]((rnd64((rnd[64,ne,1.00,-53,0]((rnd[64,ne,1.00,-53,0]((x2 - x3)) - x4)) * x2)) + rnd64((x4 * rnd64((x1 * rnd[64,ne,1.00,-53,0]((rnd[64,ne,1.00,-53,0]((x4 - rnd[64,ne,1.00,-53,0]((x2 - x1)))) - x3))))))))))))

Selected optimization method: bb
bb_opt: x_abs_tol = 1.000000e-02, f_rel_tol = 1.000000e-02, f_abs_tol = 1.000000e-02, iters = 1000000
iterations(min = 787, max = 1000000): 1000000
min = -2.495449e+02 (lower_min = -2.473763e+02)
max = -3.083197e+01 (lower_max = -3.200000e+01)
subopt = 2.168604e+00 (0.9%)
bounds: [-2.495449e+02, -3.083197e+01]

Computing absolute errors
Selected optimization method: bb-eval
bb-eval_opt: x_abs_tol = 1.000000e-02, f_rel_tol = 1.000000e-02, f_abs_tol = 1.000000e-02, iters = 1000000
rmin(result = 3.350969e-291, lower = 3.350969e-291), rmax(result = 3.350969e-291, lower = 3.350969e-291)
-1: exp = -53: 3.350969e-291 (low = 3.350969e-291, subopt = 0.0%)

Solving the exact optimization problem
Selected optimization method: bb
bb_opt: x_abs_tol = 1.000000e-02, f_rel_tol = 1.000000e-02, f_abs_tol = 1.000000e-02, iters = 1000000
iterations(min = 0, max = 370): 370
min = 0.000000e+00 (lower_min = 0.000000e+00)
max = 1.446070e+03 (lower_max = 1.445462e+03)
subopt = 6.084375e-01 (0.0%)
exact bound (exp = -53): 1.446070e+03 (low = 1.445462e+03, subopt = 0.0%)
total2: 3.720323e-307 (low = 3.720323e-307, subopt = 0.0%)
exact total: 1.605460e-13 (low = 1.604785e-13, subopt = 0.0%)

Computing relative errors
Selected optimization method: bb-eval
bb-eval_opt: x_abs_tol = 1.000000e-02, f_rel_tol = 1.000000e-02, f_abs_tol = 1.000000e-02, iters = 1000000
rmin(result = 3.350969e-291, lower = 3.350969e-291), rmax(result = 3.350969e-291, lower = 3.350969e-291)
-1: exp = -53: 3.350969e-291 (low = 3.350969e-291, subopt = 0.0%)

Solving the exact optimization problem
Selected optimization method: bb
bb_opt: x_abs_tol = 1.000000e-02, f_rel_tol = 1.000000e-02, f_abs_tol = 1.000000e-02, iters = 1000000
iterations(min = 0, max = 233763): 233763
min = 0.000000e+00 (lower_min = 0.000000e+00)
max = 2.360990e+01 (lower_max = 2.285027e+01)
subopt = 7.596303e-01 (3.2%)
exact bound-rel (exp = -53): 2.360990e+01 (low = 2.285027e+01, subopt = 3.2%)
total2: 1.206645e-308 (low = 1.490843e-309, subopt = 87.6%)
exact total-rel: 2.621226e-15 (low = 2.536890e-15, subopt = 3.2%)

Elapsed time: 6.14058
*************************************

-------------------------------------------------------------------------------
Problem: result

Optimization lower bounds for error models:
The absolute error (exact) model: 1.604784e-13 (0x1.695d8bedfa43cp-43) (suboptimality = 0.0%)
The relative error (exact) model: 2.536890e-15 (0x1.6d9ab94269872p-49) (suboptimality = 3.2%)

Bounds (without rounding): [-2.495449e+2, -3.083196e+1]
Bounds (floating-point): [-2.495449e+2, -3.083196e+1]

Absolute error (exact): 1.605461e-13 (0x1.69847c91d14e9p-43)
Relative error (exact): 2.621226e-15 (0x1.79c22b62d8b73p-49)

Elapsed time: 6.14

