Base path: /Users/laura.zielinski/FPTaylor
Config file: /Users/laura.zielinski/FPTaylor/default.cfg
Config file: /var/folders/38/q_vgzzt959nfc63ldktzz1gr0000gp/T/tmp9q0ufq0k.cfg
default-rnd = rnd64
nlopt-cc = gcc -std=c99 -O3
opt-exact = true
develop = false
log-append-date = start
uncertainty = false
rel-error = true
opt-approx = false
proof-record = false
find-bounds = false
proof-dir = proofs
opt-f-abs-tol = 0.01
fail-on-exception = true
print-opt-lower-bounds = true
bb-compile = {base}/b_and_b/compile.sh {base} {input} {out}
z3-python-lib = 
opt-x-abs-tol = 0.01
export-error-bounds = 
opt-f-rel-tol = 0.01
export-options = 
opt-x-rel-tol = 0.0
rel-error-threshold = 0.0001
bb-alg = opt0
log-base-dir = log
intermediate-opt = false
z3-interval-bounds = true
opt-max-iters = 1000000
abs-error = true
z3-bin = 
maxima-simplification = false
print-hex-floats = true
debug = true
print-precision = 7
export-error-bounds-data = 
fp-power2-model = true
opt = auto
default-var-type = float64
verbosity = 2
ulp-error = false
opt-timeout = 10000
nlopt-lib = -lnlopt -lm
tmp-base-dir = tmp
unique-indices = false
z3-seed = 0
tmp-date = false
z3-python-cmd = python
const-approx-real-vars = false
print-second-order-errors = false
Resetting input_parser_env
eval_const_expr: 4
result: 4
eval_const_expr: (159/25)
result: 159/25
eval_const_expr: 0
result: 0
eval_const_expr: (159/25)
result: 159/25
eval_const_expr: 4
result: 4
eval_const_expr: 4
result: 4
eval_const_expr: (159/25)
result: 159/25
eval_const_expr: 0
result: 0
eval_const_expr: (159/25)
result: 159/25
eval_const_expr: 4
result: 4
eval_const_expr: 4
result: 4
eval_const_expr: (159/25)
result: 159/25
eval_const_expr: 0
result: 0
eval_const_expr: (159/25)
result: 159/25
eval_const_expr: 4
result: 4
eval_const_expr: 4
result: 4
eval_const_expr: (159/25)
result: 159/25
eval_const_expr: 0
result: 0
eval_const_expr: (159/25)
result: 159/25
eval_const_expr: 4
result: 4
eval_const_expr: 4
result: 4
eval_const_expr: (159/25)
result: 159/25
eval_const_expr: 0
result: 0
eval_const_expr: (159/25)
result: 159/25
eval_const_expr: 4
result: 4
eval_const_expr: 4
result: 4
eval_const_expr: (159/25)
result: 159/25
eval_const_expr: 0
result: 0
eval_const_expr: (159/25)
result: 159/25
eval_const_expr: 4
result: 4
Resetting input_parser_env
|tasks| = 1
Processing: result

*************************************
Taylor form for: rnd64((rnd64((rnd64(x3) * rnd64((rnd64(x6) - rnd64(x2))))) - rnd64((rnd64((rnd64(x5) * rnd64((rnd64(x6) - rnd64(x2))))) - rnd64((rnd64(x1) * rnd64((rnd64((rnd64(x2) - rnd64((rnd64(x1) - rnd64(x6))))) - rnd64((rnd64((rnd64(x4) - rnd64(x5))) - rnd64(x3)))))))))))

Conservative bound: [-16.899200, 140.937600]

Simplified rounding: rnd[64,ne,1.00,-53,0]((rnd64((x3 * rnd[64,ne,1.00,-53,0]((x6 - x2)))) - rnd[64,ne,1.00,-53,0]((rnd64((x5 * rnd[64,ne,1.00,-53,0]((x6 - x2)))) - rnd64((x1 * rnd[64,ne,1.00,-53,0]((rnd[64,ne,1.00,-53,0]((x2 - rnd[64,ne,1.00,-53,0]((x1 - x6)))) - rnd[64,ne,1.00,-53,0]((rnd[64,ne,1.00,-53,0]((x4 - x5)) - x3))))))))))
Building Taylor forms...
var_form
var_form
var_form
sub_form
rounded_form
mul_form
rounded_form
var_form
mul_form
rounded_form
var_form
sub_form
rounded_form
sub_form
rounded_form
var_form
sub_form
rounded_form
sub_form
rounded_form
sub_form
rounded_form
mul_form
rounded_form
sub_form
rounded_form
sub_form
rounded_form
Taylor forms cache stats: num_bindings = 28, num_buckets = 1024, max_bucket_length = 1
Expr cache stats: num_bindings = 77, num_buckets = 65536, max_bucket_length = 1
Simplifying Taylor forms...
success
v0 = ((x3 * (x6 - x2)) - ((x5 * (x6 - x2)) - (x1 * ((x2 - (x1 - x6)) - ((x4 - x5) - x3)))))
-1: exp = -53: (3/4989600773836799529140931782592096415168628151088643853756368106093029729672410164462394913731589252723356117110481238109931094970983984151847929495712078550800014182377714191293844303610907467956633391861359809983327026137802175972222138171120110393767802267189390104105896238075860024819712)
1: exp = -53: ((x3 * floor_power2(((x6 - x2) + 0))) + (-((x5 * floor_power2(((x6 - x2) + 0))))))
2: exp = -53: floor_power2(((x3 * (x6 - x2)) + interval(-1.41220368732319919042e-15, 1.41220368732319919042e-15)))
3: exp = -53: (-(floor_power2(((x5 * (x6 - x2)) + interval(-1.41220368732319919042e-15, 1.41220368732319919042e-15)))))
4: exp = -53: (-((-((x1 * (-(floor_power2(((x1 - x6) + 0)))))))))
5: exp = -53: (-((-((x1 * floor_power2(((x2 - (x1 - x6)) + interval(-2.22044604925031308085e-16, 2.22044604925031308085e-16))))))))
6: exp = -53: (-((-((x1 * (-(floor_power2(((x4 - x5) + 0)))))))))
7: exp = -53: (-((-((x1 * (-(floor_power2((((x4 - x5) - x3) + interval(-2.22044604925031308085e-16, 2.22044604925031308085e-16))))))))))
8: exp = -53: (-((-((x1 * floor_power2((((x2 - (x1 - x6)) - ((x4 - x5) - x3)) + interval(-2.22044604925031308085e-15, 2.22044604925031308085e-15))))))))
9: exp = -53: (-((-(floor_power2(((x1 * ((x2 - (x1 - x6)) - ((x4 - x5) - x3))) + interval(-2.54196663718175881885e-14, 2.54196663718175881885e-14)))))))
10: exp = -53: (-(floor_power2((((x5 * (x6 - x2)) - (x1 * ((x2 - (x1 - x6)) - ((x4 - x5) - x3)))) + interval(-3.48254758364419174282e-14, 3.48254758364419174282e-14)))))
11: exp = -53: floor_power2((((x3 * (x6 - x2)) - ((x5 * (x6 - x2)) - (x1 * ((x2 - (x1 - x6)) - ((x4 - x5) - x3))))) + interval(-4.42312853010662466679e-14, 4.42312853010662466679e-14)))

Corresponding original subexpressions:
1: rnd[64,ne,1.00,-53,0]((x6 - x2))
2: rnd64((x3 * rnd[64,ne,1.00,-53,0]((x6 - x2))))
3: rnd64((x5 * rnd[64,ne,1.00,-53,0]((x6 - x2))))
4: rnd[64,ne,1.00,-53,0]((x1 - x6))
5: rnd[64,ne,1.00,-53,0]((x2 - rnd[64,ne,1.00,-53,0]((x1 - x6))))
6: rnd[64,ne,1.00,-53,0]((x4 - x5))
7: rnd[64,ne,1.00,-53,0]((rnd[64,ne,1.00,-53,0]((x4 - x5)) - x3))
8: rnd[64,ne,1.00,-53,0]((rnd[64,ne,1.00,-53,0]((x2 - rnd[64,ne,1.00,-53,0]((x1 - x6)))) - rnd[64,ne,1.00,-53,0]((rnd[64,ne,1.00,-53,0]((x4 - x5)) - x3))))
9: rnd64((x1 * rnd[64,ne,1.00,-53,0]((rnd[64,ne,1.00,-53,0]((x2 - rnd[64,ne,1.00,-53,0]((x1 - x6)))) - rnd[64,ne,1.00,-53,0]((rnd[64,ne,1.00,-53,0]((x4 - x5)) - x3))))))
10: rnd[64,ne,1.00,-53,0]((rnd64((x5 * rnd[64,ne,1.00,-53,0]((x6 - x2)))) - rnd64((x1 * rnd[64,ne,1.00,-53,0]((rnd[64,ne,1.00,-53,0]((x2 - rnd[64,ne,1.00,-53,0]((x1 - x6)))) - rnd[64,ne,1.00,-53,0]((rnd[64,ne,1.00,-53,0]((x4 - x5)) - x3))))))))
11: rnd[64,ne,1.00,-53,0]((rnd64((x3 * rnd[64,ne,1.00,-53,0]((x6 - x2)))) - rnd[64,ne,1.00,-53,0]((rnd64((x5 * rnd[64,ne,1.00,-53,0]((x6 - x2)))) - rnd64((x1 * rnd[64,ne,1.00,-53,0]((rnd[64,ne,1.00,-53,0]((x2 - rnd[64,ne,1.00,-53,0]((x1 - x6)))) - rnd[64,ne,1.00,-53,0]((rnd[64,ne,1.00,-53,0]((x4 - x5)) - x3))))))))))

Selected optimization method: bb
bb_opt: x_abs_tol = 1.000000e-02, f_rel_tol = 1.000000e-02, f_abs_tol = 1.000000e-02, iters = 1000000
iterations(min = 13122, max = 5369): 13122
min = 2.075664e+01 (lower_min = 2.094766e+01)
max = 9.661238e+01 (lower_max = 9.567427e+01)
subopt = 9.381000e-01 (1.0%)
bounds: [2.075664e+01, 9.661238e+01]

Computing absolute errors
Selected optimization method: bb-eval
bb-eval_opt: x_abs_tol = 1.000000e-02, f_rel_tol = 1.000000e-02, f_abs_tol = 1.000000e-02, iters = 1000000
rmin(result = 6.012505e-292, lower = 6.012505e-292), rmax(result = 6.012505e-292, lower = 6.012505e-292)
-1: exp = -53: 6.012505e-292 (low = 6.012505e-292, subopt = 0.0%)

Solving the exact optimization problem
Selected optimization method: bb
bb_opt: x_abs_tol = 1.000000e-02, f_rel_tol = 1.000000e-02, f_abs_tol = 1.000000e-02, iters = 1000000
iterations(min = 0, max = 1000000): 1000000
min = 0.000000e+00 (lower_min = 0.000000e+00)
max = 3.677375e+02 (lower_max = 3.620412e+02)
subopt = 5.696250e+00 (1.5%)
exact bound (exp = -53): 3.677375e+02 (low = 3.620412e+02, subopt = 1.5%)
total2: 6.675222e-308 (low = 6.675222e-308, subopt = 0.0%)
exact total: 4.082706e-14 (low = 4.019465e-14, subopt = 1.5%)

Computing relative errors
Selected optimization method: bb-eval
bb-eval_opt: x_abs_tol = 1.000000e-02, f_rel_tol = 1.000000e-02, f_abs_tol = 1.000000e-02, iters = 1000000
rmin(result = 6.012505e-292, lower = 6.012505e-292), rmax(result = 6.012505e-292, lower = 6.012505e-292)
-1: exp = -53: 6.012505e-292 (low = 6.012505e-292, subopt = 0.0%)

Solving the exact optimization problem
Selected optimization method: bb
bb_opt: x_abs_tol = 1.000000e-02, f_rel_tol = 1.000000e-02, f_abs_tol = 1.000000e-02, iters = 1000000
iterations(min = 0, max = 1000000): 1000000
min = 0.000000e+00 (lower_min = 0.000000e+00)
max = 8.334753e+00 (lower_max = 5.564228e+00)
subopt = 2.770526e+00 (33.2%)
exact bound-rel (exp = -53): 8.334753e+00 (low = 5.564228e+00, subopt = 33.2%)
total2: 3.215945e-309 (low = 6.909282e-310, subopt = 78.5%)
exact total-rel: 9.253435e-16 (low = 6.177534e-16, subopt = 33.2%)

Elapsed time: 15.22247
*************************************

-------------------------------------------------------------------------------
Problem: result

Optimization lower bounds for error models:
The absolute error (exact) model: 4.019465e-14 (0x1.6a0a8f5c28f5ap-45) (suboptimality = 1.5%)
The relative error (exact) model: 6.177533e-16 (0x1.641c4e28a0322p-51) (suboptimality = 33.2%)

Bounds (without rounding): [2.075664e+1, 9.661238e+1]
Bounds (floating-point): [2.075664e+1, 9.661238e+1]

Absolute error (exact): 4.082707e-14 (0x1.6fbccccccccd1p-45)
Relative error (exact): 9.253435e-16 (0x1.0ab64c77c79a8p-50)

Elapsed time: 15.22

