Base path: /Users/laura.zielinski/FPTaylor
Config file: /Users/laura.zielinski/FPTaylor/default.cfg
Config file: /var/folders/38/q_vgzzt959nfc63ldktzz1gr0000gp/T/tmpp51by4g1.cfg
default-rnd = rnd64
nlopt-cc = gcc -std=c99 -O3
opt-exact = true
develop = false
log-append-date = start
uncertainty = false
rel-error = true
opt-approx = false
proof-record = false
find-bounds = false
proof-dir = proofs
opt-f-abs-tol = 0.01
fail-on-exception = true
print-opt-lower-bounds = true
bb-compile = {base}/b_and_b/compile.sh {base} {input} {out}
z3-python-lib = 
opt-x-abs-tol = 0.01
export-error-bounds = 
opt-f-rel-tol = 0.01
export-options = 
opt-x-rel-tol = 0.0
rel-error-threshold = 0.0001
bb-alg = opt0
log-base-dir = log
intermediate-opt = false
z3-interval-bounds = true
opt-max-iters = 1000000
abs-error = true
z3-bin = 
maxima-simplification = false
print-hex-floats = true
debug = true
print-precision = 7
export-error-bounds-data = 
fp-power2-model = true
opt = auto
default-var-type = float64
verbosity = 2
ulp-error = false
opt-timeout = 10000
nlopt-lib = -lnlopt -lm
tmp-base-dir = tmp
unique-indices = false
z3-seed = 0
tmp-date = false
z3-python-cmd = python
const-approx-real-vars = false
print-second-order-errors = false
Resetting input_parser_env
eval_const_expr: (-(5))
result: -5
eval_const_expr: 5
result: 5
eval_const_expr: 0
result: 0
eval_const_expr: 5
result: 5
eval_const_expr: (-(5))
result: -5
eval_const_expr: (-(20))
result: -20
eval_const_expr: 5
result: 5
eval_const_expr: 0
result: 0
eval_const_expr: 5
result: 5
eval_const_expr: (-(20))
result: -20
Resetting input_parser_env
|tasks| = 1
Processing: result

*************************************
Taylor form for: rnd64((rnd64((rnd64((rnd64(1) + rnd64((rnd64(x1) * rnd64(x1))))) * rnd64((rnd64((rnd64((rnd64((rnd64((rnd64((rnd64(x2) - rnd64((rnd64(x1) - rnd64(x2))))) - rnd64((rnd64((-(rnd64(3)))) * rnd64((rnd64(x1) * rnd64(x1))))))) / rnd64((rnd64(1) + rnd64((rnd64(x1) * rnd64(x1))))))) * rnd64((rnd64((rnd64((rnd64(2) * rnd64(x1))) * rnd64((rnd64((rnd64((rnd64((rnd64(x2) - rnd64((rnd64(x1) - rnd64(x2))))) - rnd64((rnd64((-(rnd64(3)))) * rnd64((rnd64(x1) * rnd64(x1))))))) / rnd64((rnd64(1) + rnd64((rnd64(x1) * rnd64(x1))))))) - rnd64(3))))) + rnd64((rnd64(4) * rnd64((rnd64(x1) * rnd64(x1))))))))) + rnd64((rnd64((rnd64(x1) * rnd64(x1))) * rnd64((-(rnd64(6)))))))) + rnd64(x1))))) - rnd64((rnd64((rnd64((rnd64((-(rnd64(3)))) / rnd64((rnd64(1) + rnd64((rnd64(x1) * rnd64(x1))))))) * rnd64((rnd64((rnd64((rnd64(x1) * rnd64(x1))) * rnd64((rnd64((rnd64(x2) - rnd64((rnd64(x1) - rnd64(x2))))) - rnd64((rnd64((-(rnd64(3)))) * rnd64((rnd64(x1) * rnd64(x1))))))))) - rnd64((rnd64((rnd64((-(rnd64(3)))) * rnd64((rnd64(x1) * rnd64(x1))))) + rnd64((rnd64(x2) + rnd64((rnd64(x2) + rnd64(x1))))))))))) - rnd64(x1)))))

Conservative bound: [-2043255.000000, 2277045.000000]

Simplified rounding: rnd[64,ne,1.00,-53,0]((rnd64((rnd[64,ne,1.00,-53,0]((1 + rnd64((x1 * x1)))) * rnd[64,ne,1.00,-53,0]((rnd[64,ne,1.00,-53,0]((rnd64((rnd64((rnd[64,ne,1.00,-53,0]((rnd[64,ne,1.00,-53,0]((x2 - rnd[64,ne,1.00,-53,0]((x1 - x2)))) - rnd64(((-(3)) * rnd64((x1 * x1)))))) / rnd[64,ne,1.00,-53,0]((1 + rnd64((x1 * x1)))))) * rnd[64,ne,1.00,-53,0]((rnd64(((2 * x1) * rnd[64,ne,1.00,-53,0]((rnd64((rnd[64,ne,1.00,-53,0]((rnd[64,ne,1.00,-53,0]((x2 - rnd[64,ne,1.00,-53,0]((x1 - x2)))) - rnd64(((-(3)) * rnd64((x1 * x1)))))) / rnd[64,ne,1.00,-53,0]((1 + rnd64((x1 * x1)))))) - 3)))) + (4 * rnd64((x1 * x1))))))) + rnd64((rnd64((x1 * x1)) * (-(6)))))) + x1)))) - rnd[64,ne,1.00,-53,0]((rnd64((rnd64(((-(3)) / rnd[64,ne,1.00,-53,0]((1 + rnd64((x1 * x1)))))) * rnd[64,ne,1.00,-53,0]((rnd64((rnd64((x1 * x1)) * rnd[64,ne,1.00,-53,0]((rnd[64,ne,1.00,-53,0]((x2 - rnd[64,ne,1.00,-53,0]((x1 - x2)))) - rnd64(((-(3)) * rnd64((x1 * x1)))))))) - rnd[64,ne,1.00,-53,0]((rnd64(((-(3)) * rnd64((x1 * x1)))) + rnd[64,ne,1.00,-53,0]((x2 + rnd[64,ne,1.00,-53,0]((x2 + x1)))))))))) - x1))))
Building Taylor forms...
const_form
var_form
mul_form
rounded_form
add_form
rounded_form
var_form
sub_form
rounded_form
sub_form
rounded_form
const_form
neg_form
mul_form
rounded_form
sub_form
rounded_form
div_form
inv_form
mul_form
rounded_form
const_form
mul_form
sub_form
rounded_form
mul_form
rounded_form
const_form
mul_form
add_form
rounded_form
mul_form
rounded_form
const_form
neg_form
mul_form
rounded_form
add_form
rounded_form
add_form
rounded_form
mul_form
rounded_form
div_form
inv_form
mul_form
rounded_form
mul_form
rounded_form
add_form
rounded_form
add_form
rounded_form
add_form
rounded_form
sub_form
rounded_form
mul_form
rounded_form
sub_form
rounded_form
sub_form
rounded_form
Taylor forms cache stats: num_bindings = 59, num_buckets = 1024, max_bucket_length = 1
Expr cache stats: num_bindings = 275, num_buckets = 65536, max_bucket_length = 2
Simplifying Taylor forms...
success
v0 = (((1 + (x1 * x1)) * ((((((x2 - (x1 - x2)) - ((-(3)) * (x1 * x1))) * (1 / (1 + (x1 * x1)))) * (((2 * x1) * ((((x2 - (x1 - x2)) - ((-(3)) * (x1 * x1))) * (1 / (1 + (x1 * x1)))) - 3)) + (4 * (x1 * x1)))) + ((x1 * x1) * (-(6)))) + x1)) - ((((-(3)) * (1 / (1 + (x1 * x1)))) * (((x1 * x1) * ((x2 - (x1 - x2)) - ((-(3)) * (x1 * x1)))) - (((-(3)) * (x1 * x1)) + (x2 + (x2 + x1))))) - x1))
-1: exp = -53: (4040500516487213/4722366482869645213696)
1: exp = -53: ((((1 + (x1 * x1)) * ((((((x2 - (x1 - x2)) - ((-(3)) * (x1 * x1))) * (1 / (1 + (x1 * x1)))) * (((2 * x1) * ((((x2 - (x1 - x2)) - ((-(3)) * (x1 * x1))) * (-((floor_power2(((x1 * x1) + 0)) / ((1 + (x1 * x1)) * (1 + (x1 * x1))))))) + ((1 / (1 + (x1 * x1))) * (-(((-(3)) * floor_power2(((x1 * x1) + 0)))))))) + (4 * floor_power2(((x1 * x1) + 0))))) + ((((2 * x1) * ((((x2 - (x1 - x2)) - ((-(3)) * (x1 * x1))) * (1 / (1 + (x1 * x1)))) - 3)) + (4 * (x1 * x1))) * ((((x2 - (x1 - x2)) - ((-(3)) * (x1 * x1))) * (-((floor_power2(((x1 * x1) + 0)) / ((1 + (x1 * x1)) * (1 + (x1 * x1))))))) + ((1 / (1 + (x1 * x1))) * (-(((-(3)) * floor_power2(((x1 * x1) + 0))))))))) + ((-(6)) * floor_power2(((x1 * x1) + 0))))) + (((((((x2 - (x1 - x2)) - ((-(3)) * (x1 * x1))) * (1 / (1 + (x1 * x1)))) * (((2 * x1) * ((((x2 - (x1 - x2)) - ((-(3)) * (x1 * x1))) * (1 / (1 + (x1 * x1)))) - 3)) + (4 * (x1 * x1)))) + ((x1 * x1) * (-(6)))) + x1) * floor_power2(((x1 * x1) + 0)))) + (-(((((-(3)) * (1 / (1 + (x1 * x1)))) * ((((x1 * x1) * (-(((-(3)) * floor_power2(((x1 * x1) + 0)))))) + (((x2 - (x1 - x2)) - ((-(3)) * (x1 * x1))) * floor_power2(((x1 * x1) + 0)))) + (-(((-(3)) * floor_power2(((x1 * x1) + 0))))))) + ((((x1 * x1) * ((x2 - (x1 - x2)) - ((-(3)) * (x1 * x1)))) - (((-(3)) * (x1 * x1)) + (x2 + (x2 + x1)))) * ((-(3)) * (-((floor_power2(((x1 * x1) + 0)) / ((1 + (x1 * x1)) * (1 + (x1 * x1))))))))))))
2: exp = -53: ((((1 + (x1 * x1)) * (((((x2 - (x1 - x2)) - ((-(3)) * (x1 * x1))) * (1 / (1 + (x1 * x1)))) * ((2 * x1) * (((x2 - (x1 - x2)) - ((-(3)) * (x1 * x1))) * (-((floor_power2(((1 + (x1 * x1)) + interval(-1.77635683940025085911e-15, 1.77635683940025085911e-15))) / ((1 + (x1 * x1)) * (1 + (x1 * x1))))))))) + ((((2 * x1) * ((((x2 - (x1 - x2)) - ((-(3)) * (x1 * x1))) * (1 / (1 + (x1 * x1)))) - 3)) + (4 * (x1 * x1))) * (((x2 - (x1 - x2)) - ((-(3)) * (x1 * x1))) * (-((floor_power2(((1 + (x1 * x1)) + interval(-1.77635683940025085911e-15, 1.77635683940025085911e-15))) / ((1 + (x1 * x1)) * (1 + (x1 * x1)))))))))) + (((((((x2 - (x1 - x2)) - ((-(3)) * (x1 * x1))) * (1 / (1 + (x1 * x1)))) * (((2 * x1) * ((((x2 - (x1 - x2)) - ((-(3)) * (x1 * x1))) * (1 / (1 + (x1 * x1)))) - 3)) + (4 * (x1 * x1)))) + ((x1 * x1) * (-(6)))) + x1) * floor_power2(((1 + (x1 * x1)) + interval(-1.77635683940025085911e-15, 1.77635683940025085911e-15))))) + (-(((((x1 * x1) * ((x2 - (x1 - x2)) - ((-(3)) * (x1 * x1)))) - (((-(3)) * (x1 * x1)) + (x2 + (x2 + x1)))) * ((-(3)) * (-((floor_power2(((1 + (x1 * x1)) + interval(-1.77635683940025085911e-15, 1.77635683940025085911e-15))) / ((1 + (x1 * x1)) * (1 + (x1 * x1)))))))))))
3: exp = -53: (((1 + (x1 * x1)) * (((((x2 - (x1 - x2)) - ((-(3)) * (x1 * x1))) * (1 / (1 + (x1 * x1)))) * ((2 * x1) * ((1 / (1 + (x1 * x1))) * (-(floor_power2(((x1 - x2) + 0))))))) + ((((2 * x1) * ((((x2 - (x1 - x2)) - ((-(3)) * (x1 * x1))) * (1 / (1 + (x1 * x1)))) - 3)) + (4 * (x1 * x1))) * ((1 / (1 + (x1 * x1))) * (-(floor_power2(((x1 - x2) + 0)))))))) + (-((((-(3)) * (1 / (1 + (x1 * x1)))) * ((x1 * x1) * (-(floor_power2(((x1 - x2) + 0)))))))))
4: exp = -53: (((1 + (x1 * x1)) * (((((x2 - (x1 - x2)) - ((-(3)) * (x1 * x1))) * (1 / (1 + (x1 * x1)))) * ((2 * x1) * ((1 / (1 + (x1 * x1))) * floor_power2(((x2 - (x1 - x2)) + interval(-1.77635683940025046468e-15, 1.77635683940025046468e-15)))))) + ((((2 * x1) * ((((x2 - (x1 - x2)) - ((-(3)) * (x1 * x1))) * (1 / (1 + (x1 * x1)))) - 3)) + (4 * (x1 * x1))) * ((1 / (1 + (x1 * x1))) * floor_power2(((x2 - (x1 - x2)) + interval(-1.77635683940025046468e-15, 1.77635683940025046468e-15))))))) + (-((((-(3)) * (1 / (1 + (x1 * x1)))) * ((x1 * x1) * floor_power2(((x2 - (x1 - x2)) + interval(-1.77635683940025046468e-15, 1.77635683940025046468e-15))))))))
5: exp = -53: (((1 + (x1 * x1)) * (((((x2 - (x1 - x2)) - ((-(3)) * (x1 * x1))) * (1 / (1 + (x1 * x1)))) * ((2 * x1) * ((1 / (1 + (x1 * x1))) * (-(floor_power2((((-(3)) * (x1 * x1)) + interval(-5.32907051820075218289e-15, 5.32907051820075218289e-15)))))))) + ((((2 * x1) * ((((x2 - (x1 - x2)) - ((-(3)) * (x1 * x1))) * (1 / (1 + (x1 * x1)))) - 3)) + (4 * (x1 * x1))) * ((1 / (1 + (x1 * x1))) * (-(floor_power2((((-(3)) * (x1 * x1)) + interval(-5.32907051820075218289e-15, 5.32907051820075218289e-15))))))))) + (-((((-(3)) * (1 / (1 + (x1 * x1)))) * (((x1 * x1) * (-(floor_power2((((-(3)) * (x1 * x1)) + interval(-5.32907051820075218289e-15, 5.32907051820075218289e-15)))))) + (-(floor_power2((((-(3)) * (x1 * x1)) + interval(-5.32907051820075218289e-15, 5.32907051820075218289e-15))))))))))
6: exp = -53: (((1 + (x1 * x1)) * (((((x2 - (x1 - x2)) - ((-(3)) * (x1 * x1))) * (1 / (1 + (x1 * x1)))) * ((2 * x1) * ((1 / (1 + (x1 * x1))) * floor_power2((((x2 - (x1 - x2)) - ((-(3)) * (x1 * x1))) + interval(-1.77635683940025078022e-14, 1.77635683940025078022e-14)))))) + ((((2 * x1) * ((((x2 - (x1 - x2)) - ((-(3)) * (x1 * x1))) * (1 / (1 + (x1 * x1)))) - 3)) + (4 * (x1 * x1))) * ((1 / (1 + (x1 * x1))) * floor_power2((((x2 - (x1 - x2)) - ((-(3)) * (x1 * x1))) + interval(-1.77635683940025078022e-14, 1.77635683940025078022e-14))))))) + (-((((-(3)) * (1 / (1 + (x1 * x1)))) * ((x1 * x1) * floor_power2((((x2 - (x1 - x2)) - ((-(3)) * (x1 * x1))) + interval(-1.77635683940025078022e-14, 1.77635683940025078022e-14))))))))
7: exp = -53: ((1 + (x1 * x1)) * (((((x2 - (x1 - x2)) - ((-(3)) * (x1 * x1))) * (1 / (1 + (x1 * x1)))) * ((2 * x1) * floor_power2(((((x2 - (x1 - x2)) - ((-(3)) * (x1 * x1))) * (1 / (1 + (x1 * x1)))) + interval(-3.39284156325449100931e-13, 3.39284156325449100931e-13))))) + ((((2 * x1) * ((((x2 - (x1 - x2)) - ((-(3)) * (x1 * x1))) * (1 / (1 + (x1 * x1)))) - 3)) + (4 * (x1 * x1))) * floor_power2(((((x2 - (x1 - x2)) - ((-(3)) * (x1 * x1))) * (1 / (1 + (x1 * x1)))) + interval(-3.39284156325449100931e-13, 3.39284156325449100931e-13))))))
8: exp = -53: ((1 + (x1 * x1)) * ((((x2 - (x1 - x2)) - ((-(3)) * (x1 * x1))) * (1 / (1 + (x1 * x1)))) * ((2 * x1) * floor_power2((((((x2 - (x1 - x2)) - ((-(3)) * (x1 * x1))) * (1 / (1 + (x1 * x1)))) - 3) + interval(-3.46389583683050102790e-13, 3.46389583683050102790e-13))))))
9: exp = -53: ((1 + (x1 * x1)) * ((((x2 - (x1 - x2)) - ((-(3)) * (x1 * x1))) * (1 / (1 + (x1 * x1)))) * floor_power2((((2 * x1) * ((((x2 - (x1 - x2)) - ((-(3)) * (x1 * x1))) * (1 / (1 + (x1 * x1)))) - 3)) + interval(-3.53495011040651094551e-12, 3.53495011040651094551e-12)))))
10: exp = -53: ((1 + (x1 * x1)) * ((((x2 - (x1 - x2)) - ((-(3)) * (x1 * x1))) * (1 / (1 + (x1 * x1)))) * floor_power2(((((2 * x1) * ((((x2 - (x1 - x2)) - ((-(3)) * (x1 * x1))) * (1 / (1 + (x1 * x1)))) - 3)) + (4 * (x1 * x1))) + interval(-3.59889895662491996224e-12, 3.59889895662491996224e-12)))))
11: exp = -53: ((1 + (x1 * x1)) * floor_power2((((((x2 - (x1 - x2)) - ((-(3)) * (x1 * x1))) * (1 / (1 + (x1 * x1)))) * (((2 * x1) * ((((x2 - (x1 - x2)) - ((-(3)) * (x1 * x1))) * (1 / (1 + (x1 * x1)))) - 3)) + (4 * (x1 * x1)))) + interval(-6.64375221504091295209e-10, 6.64375221504091295209e-10))))
12: exp = -53: ((1 + (x1 * x1)) * floor_power2((((x1 * x1) * (-(6))) + interval(-1.06581410364015043658e-14, 1.06581410364015043658e-14))))
13: exp = -53: ((1 + (x1 * x1)) * floor_power2(((((((x2 - (x1 - x2)) - ((-(3)) * (x1 * x1))) * (1 / (1 + (x1 * x1)))) * (((2 * x1) * ((((x2 - (x1 - x2)) - ((-(3)) * (x1 * x1))) * (1 / (1 + (x1 * x1)))) - 3)) + (4 * (x1 * x1)))) + ((x1 * x1) * (-(6)))) + interval(-6.71676048114026324619e-10, 6.71676048114026324619e-10))))
14: exp = -53: ((1 + (x1 * x1)) * floor_power2((((((((x2 - (x1 - x2)) - ((-(3)) * (x1 * x1))) * (1 / (1 + (x1 * x1)))) * (((2 * x1) * ((((x2 - (x1 - x2)) - ((-(3)) * (x1 * x1))) * (1 / (1 + (x1 * x1)))) - 3)) + (4 * (x1 * x1)))) + ((x1 * x1) * (-(6)))) + x1) + interval(-6.78952005728209750522e-10, 6.78952005728209750522e-10))))
15: exp = -53: floor_power2((((1 + (x1 * x1)) * ((((((x2 - (x1 - x2)) - ((-(3)) * (x1 * x1))) * (1 / (1 + (x1 * x1)))) * (((2 * x1) * ((((x2 - (x1 - x2)) - ((-(3)) * (x1 * x1))) * (1 / (1 + (x1 * x1)))) - 3)) + (4 * (x1 * x1)))) + ((x1 * x1) * (-(6)))) + x1)) + interval(-1.81206551985725177486e-08, 1.81206551985725177486e-08)))
16: exp = -53: (-(((((x1 * x1) * ((x2 - (x1 - x2)) - ((-(3)) * (x1 * x1)))) - (((-(3)) * (x1 * x1)) + (x2 + (x2 + x1)))) * floor_power2((((-(3)) * (1 / (1 + (x1 * x1)))) + interval(-1.06581410364015422311e-14, 1.06581410364015422311e-14))))))
17: exp = -53: (-((((-(3)) * (1 / (1 + (x1 * x1)))) * floor_power2((((x1 * x1) * ((x2 - (x1 - x2)) - ((-(3)) * (x1 * x1)))) + interval(-7.81597009336110305432e-13, 7.81597009336110305432e-13))))))
18: exp = -53: (-((((-(3)) * (1 / (1 + (x1 * x1)))) * (-(floor_power2(((x2 + x1) + 0)))))))
19: exp = -53: (-((((-(3)) * (1 / (1 + (x1 * x1)))) * (-(floor_power2(((x2 + (x2 + x1)) + interval(-1.77635683940025046468e-15, 1.77635683940025046468e-15))))))))
20: exp = -53: (-((((-(3)) * (1 / (1 + (x1 * x1)))) * (-(floor_power2(((((-(3)) * (x1 * x1)) + (x2 + (x2 + x1))) + interval(-1.77635683940025078022e-14, 1.77635683940025078022e-14))))))))
21: exp = -53: (-((((-(3)) * (1 / (1 + (x1 * x1)))) * floor_power2(((((x1 * x1) * ((x2 - (x1 - x2)) - ((-(3)) * (x1 * x1)))) - (((-(3)) * (x1 * x1)) + (x2 + (x2 + x1)))) + interval(-1.03383968053094597239e-12, 1.03383968053094597239e-12))))))
22: exp = -53: (-(floor_power2(((((-(3)) * (1 / (1 + (x1 * x1)))) * (((x1 * x1) * ((x2 - (x1 - x2)) - ((-(3)) * (x1 * x1)))) - (((-(3)) * (x1 * x1)) + (x2 + (x2 + x1))))) + interval(-2.89142043641278335049e-11, 2.89142043641278335049e-11)))))
23: exp = -53: (-(floor_power2((((((-(3)) * (1 / (1 + (x1 * x1)))) * (((x1 * x1) * ((x2 - (x1 - x2)) - ((-(3)) * (x1 * x1)))) - (((-(3)) * (x1 * x1)) + (x2 + (x2 + x1))))) - x1) + interval(-2.93689517150143008551e-11, 2.93689517150143008551e-11)))))
24: exp = -53: floor_power2(((((1 + (x1 * x1)) * ((((((x2 - (x1 - x2)) - ((-(3)) * (x1 * x1))) * (1 / (1 + (x1 * x1)))) * (((2 * x1) * ((((x2 - (x1 - x2)) - ((-(3)) * (x1 * x1))) * (1 / (1 + (x1 * x1)))) - 3)) + (4 * (x1 * x1)))) + ((x1 * x1) * (-(6)))) + x1)) - ((((-(3)) * (1 / (1 + (x1 * x1)))) * (((x1 * x1) * ((x2 - (x1 - x2)) - ((-(3)) * (x1 * x1)))) - (((-(3)) * (x1 * x1)) + (x2 + (x2 + x1))))) - x1)) + interval(-1.83833095412922880327e-08, 1.83833095412922880327e-08)))

Corresponding original subexpressions:
1: rnd64((x1 * x1))
2: rnd[64,ne,1.00,-53,0]((1 + rnd64((x1 * x1))))
3: rnd[64,ne,1.00,-53,0]((x1 - x2))
4: rnd[64,ne,1.00,-53,0]((x2 - rnd[64,ne,1.00,-53,0]((x1 - x2))))
5: rnd64(((-(3)) * rnd64((x1 * x1))))
6: rnd[64,ne,1.00,-53,0]((rnd[64,ne,1.00,-53,0]((x2 - rnd[64,ne,1.00,-53,0]((x1 - x2)))) - rnd64(((-(3)) * rnd64((x1 * x1))))))
7: rnd64((rnd[64,ne,1.00,-53,0]((rnd[64,ne,1.00,-53,0]((x2 - rnd[64,ne,1.00,-53,0]((x1 - x2)))) - rnd64(((-(3)) * rnd64((x1 * x1)))))) / rnd[64,ne,1.00,-53,0]((1 + rnd64((x1 * x1))))))
8: rnd[64,ne,1.00,-53,0]((rnd64((rnd[64,ne,1.00,-53,0]((rnd[64,ne,1.00,-53,0]((x2 - rnd[64,ne,1.00,-53,0]((x1 - x2)))) - rnd64(((-(3)) * rnd64((x1 * x1)))))) / rnd[64,ne,1.00,-53,0]((1 + rnd64((x1 * x1)))))) - 3))
9: rnd64(((2 * x1) * rnd[64,ne,1.00,-53,0]((rnd64((rnd[64,ne,1.00,-53,0]((rnd[64,ne,1.00,-53,0]((x2 - rnd[64,ne,1.00,-53,0]((x1 - x2)))) - rnd64(((-(3)) * rnd64((x1 * x1)))))) / rnd[64,ne,1.00,-53,0]((1 + rnd64((x1 * x1)))))) - 3))))
10: rnd[64,ne,1.00,-53,0]((rnd64(((2 * x1) * rnd[64,ne,1.00,-53,0]((rnd64((rnd[64,ne,1.00,-53,0]((rnd[64,ne,1.00,-53,0]((x2 - rnd[64,ne,1.00,-53,0]((x1 - x2)))) - rnd64(((-(3)) * rnd64((x1 * x1)))))) / rnd[64,ne,1.00,-53,0]((1 + rnd64((x1 * x1)))))) - 3)))) + (4 * rnd64((x1 * x1)))))
11: rnd64((rnd64((rnd[64,ne,1.00,-53,0]((rnd[64,ne,1.00,-53,0]((x2 - rnd[64,ne,1.00,-53,0]((x1 - x2)))) - rnd64(((-(3)) * rnd64((x1 * x1)))))) / rnd[64,ne,1.00,-53,0]((1 + rnd64((x1 * x1)))))) * rnd[64,ne,1.00,-53,0]((rnd64(((2 * x1) * rnd[64,ne,1.00,-53,0]((rnd64((rnd[64,ne,1.00,-53,0]((rnd[64,ne,1.00,-53,0]((x2 - rnd[64,ne,1.00,-53,0]((x1 - x2)))) - rnd64(((-(3)) * rnd64((x1 * x1)))))) / rnd[64,ne,1.00,-53,0]((1 + rnd64((x1 * x1)))))) - 3)))) + (4 * rnd64((x1 * x1)))))))
12: rnd64((rnd64((x1 * x1)) * (-(6))))
13: rnd[64,ne,1.00,-53,0]((rnd64((rnd64((rnd[64,ne,1.00,-53,0]((rnd[64,ne,1.00,-53,0]((x2 - rnd[64,ne,1.00,-53,0]((x1 - x2)))) - rnd64(((-(3)) * rnd64((x1 * x1)))))) / rnd[64,ne,1.00,-53,0]((1 + rnd64((x1 * x1)))))) * rnd[64,ne,1.00,-53,0]((rnd64(((2 * x1) * rnd[64,ne,1.00,-53,0]((rnd64((rnd[64,ne,1.00,-53,0]((rnd[64,ne,1.00,-53,0]((x2 - rnd[64,ne,1.00,-53,0]((x1 - x2)))) - rnd64(((-(3)) * rnd64((x1 * x1)))))) / rnd[64,ne,1.00,-53,0]((1 + rnd64((x1 * x1)))))) - 3)))) + (4 * rnd64((x1 * x1))))))) + rnd64((rnd64((x1 * x1)) * (-(6))))))
14: rnd[64,ne,1.00,-53,0]((rnd[64,ne,1.00,-53,0]((rnd64((rnd64((rnd[64,ne,1.00,-53,0]((rnd[64,ne,1.00,-53,0]((x2 - rnd[64,ne,1.00,-53,0]((x1 - x2)))) - rnd64(((-(3)) * rnd64((x1 * x1)))))) / rnd[64,ne,1.00,-53,0]((1 + rnd64((x1 * x1)))))) * rnd[64,ne,1.00,-53,0]((rnd64(((2 * x1) * rnd[64,ne,1.00,-53,0]((rnd64((rnd[64,ne,1.00,-53,0]((rnd[64,ne,1.00,-53,0]((x2 - rnd[64,ne,1.00,-53,0]((x1 - x2)))) - rnd64(((-(3)) * rnd64((x1 * x1)))))) / rnd[64,ne,1.00,-53,0]((1 + rnd64((x1 * x1)))))) - 3)))) + (4 * rnd64((x1 * x1))))))) + rnd64((rnd64((x1 * x1)) * (-(6)))))) + x1))
15: rnd64((rnd[64,ne,1.00,-53,0]((1 + rnd64((x1 * x1)))) * rnd[64,ne,1.00,-53,0]((rnd[64,ne,1.00,-53,0]((rnd64((rnd64((rnd[64,ne,1.00,-53,0]((rnd[64,ne,1.00,-53,0]((x2 - rnd[64,ne,1.00,-53,0]((x1 - x2)))) - rnd64(((-(3)) * rnd64((x1 * x1)))))) / rnd[64,ne,1.00,-53,0]((1 + rnd64((x1 * x1)))))) * rnd[64,ne,1.00,-53,0]((rnd64(((2 * x1) * rnd[64,ne,1.00,-53,0]((rnd64((rnd[64,ne,1.00,-53,0]((rnd[64,ne,1.00,-53,0]((x2 - rnd[64,ne,1.00,-53,0]((x1 - x2)))) - rnd64(((-(3)) * rnd64((x1 * x1)))))) / rnd[64,ne,1.00,-53,0]((1 + rnd64((x1 * x1)))))) - 3)))) + (4 * rnd64((x1 * x1))))))) + rnd64((rnd64((x1 * x1)) * (-(6)))))) + x1))))
16: rnd64(((-(3)) / rnd[64,ne,1.00,-53,0]((1 + rnd64((x1 * x1))))))
17: rnd64((rnd64((x1 * x1)) * rnd[64,ne,1.00,-53,0]((rnd[64,ne,1.00,-53,0]((x2 - rnd[64,ne,1.00,-53,0]((x1 - x2)))) - rnd64(((-(3)) * rnd64((x1 * x1))))))))
18: rnd[64,ne,1.00,-53,0]((x2 + x1))
19: rnd[64,ne,1.00,-53,0]((x2 + rnd[64,ne,1.00,-53,0]((x2 + x1))))
20: rnd[64,ne,1.00,-53,0]((rnd64(((-(3)) * rnd64((x1 * x1)))) + rnd[64,ne,1.00,-53,0]((x2 + rnd[64,ne,1.00,-53,0]((x2 + x1))))))
21: rnd[64,ne,1.00,-53,0]((rnd64((rnd64((x1 * x1)) * rnd[64,ne,1.00,-53,0]((rnd[64,ne,1.00,-53,0]((x2 - rnd[64,ne,1.00,-53,0]((x1 - x2)))) - rnd64(((-(3)) * rnd64((x1 * x1)))))))) - rnd[64,ne,1.00,-53,0]((rnd64(((-(3)) * rnd64((x1 * x1)))) + rnd[64,ne,1.00,-53,0]((x2 + rnd[64,ne,1.00,-53,0]((x2 + x1))))))))
22: rnd64((rnd64(((-(3)) / rnd[64,ne,1.00,-53,0]((1 + rnd64((x1 * x1)))))) * rnd[64,ne,1.00,-53,0]((rnd64((rnd64((x1 * x1)) * rnd[64,ne,1.00,-53,0]((rnd[64,ne,1.00,-53,0]((x2 - rnd[64,ne,1.00,-53,0]((x1 - x2)))) - rnd64(((-(3)) * rnd64((x1 * x1)))))))) - rnd[64,ne,1.00,-53,0]((rnd64(((-(3)) * rnd64((x1 * x1)))) + rnd[64,ne,1.00,-53,0]((x2 + rnd[64,ne,1.00,-53,0]((x2 + x1))))))))))
23: rnd[64,ne,1.00,-53,0]((rnd64((rnd64(((-(3)) / rnd[64,ne,1.00,-53,0]((1 + rnd64((x1 * x1)))))) * rnd[64,ne,1.00,-53,0]((rnd64((rnd64((x1 * x1)) * rnd[64,ne,1.00,-53,0]((rnd[64,ne,1.00,-53,0]((x2 - rnd[64,ne,1.00,-53,0]((x1 - x2)))) - rnd64(((-(3)) * rnd64((x1 * x1)))))))) - rnd[64,ne,1.00,-53,0]((rnd64(((-(3)) * rnd64((x1 * x1)))) + rnd[64,ne,1.00,-53,0]((x2 + rnd[64,ne,1.00,-53,0]((x2 + x1)))))))))) - x1))
24: rnd[64,ne,1.00,-53,0]((rnd64((rnd[64,ne,1.00,-53,0]((1 + rnd64((x1 * x1)))) * rnd[64,ne,1.00,-53,0]((rnd[64,ne,1.00,-53,0]((rnd64((rnd64((rnd[64,ne,1.00,-53,0]((rnd[64,ne,1.00,-53,0]((x2 - rnd[64,ne,1.00,-53,0]((x1 - x2)))) - rnd64(((-(3)) * rnd64((x1 * x1)))))) / rnd[64,ne,1.00,-53,0]((1 + rnd64((x1 * x1)))))) * rnd[64,ne,1.00,-53,0]((rnd64(((2 * x1) * rnd[64,ne,1.00,-53,0]((rnd64((rnd[64,ne,1.00,-53,0]((rnd[64,ne,1.00,-53,0]((x2 - rnd[64,ne,1.00,-53,0]((x1 - x2)))) - rnd64(((-(3)) * rnd64((x1 * x1)))))) / rnd[64,ne,1.00,-53,0]((1 + rnd64((x1 * x1)))))) - 3)))) + (4 * rnd64((x1 * x1))))))) + rnd64((rnd64((x1 * x1)) * (-(6)))))) + x1)))) - rnd[64,ne,1.00,-53,0]((rnd64((rnd64(((-(3)) / rnd[64,ne,1.00,-53,0]((1 + rnd64((x1 * x1)))))) * rnd[64,ne,1.00,-53,0]((rnd64((rnd64((x1 * x1)) * rnd[64,ne,1.00,-53,0]((rnd[64,ne,1.00,-53,0]((x2 - rnd[64,ne,1.00,-53,0]((x1 - x2)))) - rnd64(((-(3)) * rnd64((x1 * x1)))))))) - rnd[64,ne,1.00,-53,0]((rnd64(((-(3)) * rnd64((x1 * x1)))) + rnd[64,ne,1.00,-53,0]((x2 + rnd[64,ne,1.00,-53,0]((x2 + x1)))))))))) - x1))))

Selected optimization method: bb-eval
bb-eval_opt: x_abs_tol = 1.000000e-02, f_rel_tol = 1.000000e-02, f_abs_tol = 1.000000e-02, iters = 1000000
bounds: [-1.695483e+03, 4.877860e+03]

Computing absolute errors
Selected optimization method: bb-eval
bb-eval_opt: x_abs_tol = 1.000000e-02, f_rel_tol = 1.000000e-02, f_abs_tol = 1.000000e-02, iters = 1000000
rmin(result = 8.556093e-07, lower = 8.556093e-07), rmax(result = 8.556093e-07, lower = 8.556093e-07)
-1: exp = -53: 8.556093e-07 (low = 8.556093e-07, subopt = 0.0%)

Solving the exact optimization problem
Selected optimization method: bb-eval
bb-eval_opt: x_abs_tol = 1.000000e-02, f_rel_tol = 1.000000e-02, f_abs_tol = 1.000000e-02, iters = 1000000
exact bound (exp = -53): 6.495546e+04 (low = 6.460752e+04, subopt = 0.5%)
total2: 9.499171e-23 (low = 9.499171e-23, subopt = 0.0%)
exact total: 7.211505e-12 (low = 7.172876e-12, subopt = 0.5%)

Computing relative errors
**WARNING**: 
Cannot compute the relative error: values of the function are close to zero

Elapsed time: 0.41331
*************************************

-------------------------------------------------------------------------------
Problem: result

Optimization lower bounds for error models:
The absolute error (exact) model: 7.172875e-12 (0x1.f8bf09d8ba3efp-38) (suboptimality = 0.5%)

Bounds (without rounding): [-1.695484e+3, 4.877861e+3]
Bounds (floating-point): [-1.695484e+3, 4.877861e+3]

Absolute error (exact): 7.211506e-12 (0x1.fb76ecefa4034p-38)

Elapsed time: 0.41

