Base path: /Users/laura.zielinski/FPTaylor
Config file: /Users/laura.zielinski/FPTaylor/default.cfg
Config file: /var/folders/38/q_vgzzt959nfc63ldktzz1gr0000gp/T/tmpjicttpxj.cfg
default-rnd = rnd64
nlopt-cc = gcc -std=c99 -O3
opt-exact = true
develop = false
log-append-date = start
uncertainty = false
rel-error = true
opt-approx = false
proof-record = false
find-bounds = false
proof-dir = proofs
opt-f-abs-tol = 0.01
fail-on-exception = true
print-opt-lower-bounds = true
bb-compile = {base}/b_and_b/compile.sh {base} {input} {out}
z3-python-lib = 
opt-x-abs-tol = 0.01
export-error-bounds = 
opt-f-rel-tol = 0.01
export-options = 
opt-x-rel-tol = 0.0
rel-error-threshold = 0.0001
bb-alg = opt0
log-base-dir = log
intermediate-opt = false
z3-interval-bounds = true
opt-max-iters = 1000000
abs-error = true
z3-bin = 
maxima-simplification = false
print-hex-floats = true
debug = true
print-precision = 7
export-error-bounds-data = 
fp-power2-model = true
opt = auto
default-var-type = float64
verbosity = 2
ulp-error = false
opt-timeout = 10000
nlopt-lib = -lnlopt -lm
tmp-base-dir = tmp
unique-indices = false
z3-seed = 0
tmp-date = false
z3-python-cmd = python
const-approx-real-vars = false
print-second-order-errors = false
Resetting input_parser_env
eval_const_expr: 9
result: 9
eval_const_expr: 9
result: 9
eval_const_expr: 0
result: 0
eval_const_expr: 9
result: 9
eval_const_expr: 9
result: 9
eval_const_expr: (471/100)
result: 471/100
eval_const_expr: (489/100)
result: 489/100
eval_const_expr: 0
result: 0
eval_const_expr: (489/100)
result: 489/100
eval_const_expr: (471/100)
result: 471/100
eval_const_expr: (471/100)
result: 471/100
eval_const_expr: (489/100)
result: 489/100
eval_const_expr: 0
result: 0
eval_const_expr: (489/100)
result: 489/100
eval_const_expr: (471/100)
result: 471/100
Resetting input_parser_env
|tasks| = 1
Processing: result

*************************************
Taylor form for: rnd64(sqrt(rnd64((rnd64((rnd64((rnd64((rnd64((rnd64((rnd64((rnd64((-(rnd64(2)))) * rnd64(b))) + rnd64(a))) + rnd64(b))) + rnd64(c))) / rnd64(4))) * rnd64((rnd64((rnd64((rnd64((rnd64(2) * rnd64(c))) - rnd64(a))) - rnd64(b))) - rnd64(c))))) * rnd64((rnd64((rnd64((rnd64((rnd64((rnd64(a) * rnd64((-(rnd64(2)))))) + rnd64(a))) + rnd64(b))) + rnd64(c))) * rnd64((rnd64((rnd64((rnd64(b) + rnd64(c))) + rnd64(a))) / rnd64((-(rnd64(4))))))))))))

Conservative bound: [6.007907, 8.955935]

Simplified rounding: rnd[64,ne,1.00,-53,0](sqrt(rnd64((rnd64((rnd[64,ne,1.00,0,-1022]((rnd[64,ne,1.00,-53,0]((rnd[64,ne,1.00,-53,0]((rnd[64,ne,1.00,-53,0]((rnd64(((-(2)) * b)) + a)) + b)) + c)) / 4)) * rnd[64,ne,1.00,-53,0]((rnd[64,ne,1.00,-53,0]((rnd[64,ne,1.00,-53,0](((2 * c) - a)) - b)) - c)))) * rnd64((rnd[64,ne,1.00,-53,0]((rnd[64,ne,1.00,-53,0]((rnd[64,ne,1.00,-53,0]((rnd64((a * (-(2)))) + a)) + b)) + c)) * rnd64((rnd[64,ne,1.00,-53,0]((rnd[64,ne,1.00,-53,0]((b + c)) + a)) / (-(4))))))))))
Building Taylor forms...
const_form
neg_form
var_form
mul_form
rounded_form
var_form
add_form
rounded_form
add_form
rounded_form
var_form
add_form
rounded_form
const_form
div_form
inv_form
mul_form
rounded_form
mul_form
sub_form
rounded_form
sub_form
rounded_form
sub_form
rounded_form
mul_form
rounded_form
mul_form
rounded_form
add_form
rounded_form
add_form
rounded_form
add_form
rounded_form
add_form
rounded_form
add_form
rounded_form
neg_form
div_form
inv_form
mul_form
rounded_form
mul_form
rounded_form
mul_form
rounded_form
sqrt_form
rounded_form
Taylor forms cache stats: num_bindings = 46, num_buckets = 1024, max_bucket_length = 1
Expr cache stats: num_bindings = 162, num_buckets = 65536, max_bucket_length = 1
Simplifying Taylor forms...
success
v0 = sqrt(((((((((-(2)) * b) + a) + b) + c) * (1 / 4)) * ((((2 * c) - a) - b) - c)) * (((((a * (-(2))) + a) + b) + c) * (((b + c) + a) * (1 / (-(4)))))))
-1: exp = -53: (2452044934176967/2475880078570760549798248448)
1: exp = -53: (((((((a * (-(2))) + a) + b) + c) * (((b + c) + a) * (1 / (-(4))))) * (((((2 * c) - a) - b) - c) * ((1 / 4) * floor_power2((((-(2)) * b) + 0))))) / (2 * sqrt(((((((((-(2)) * b) + a) + b) + c) * (1 / 4)) * ((((2 * c) - a) - b) - c)) * (((((a * (-(2))) + a) + b) + c) * (((b + c) + a) * (1 / (-(4)))))))))
2: exp = -53: (((((((a * (-(2))) + a) + b) + c) * (((b + c) + a) * (1 / (-(4))))) * (((((2 * c) - a) - b) - c) * ((1 / 4) * floor_power2(((((-(2)) * b) + a) + interval(-8.88178419700125429554e-16, 8.88178419700125429554e-16)))))) / (2 * sqrt(((((((((-(2)) * b) + a) + b) + c) * (1 / 4)) * ((((2 * c) - a) - b) - c)) * (((((a * (-(2))) + a) + b) + c) * (((b + c) + a) * (1 / (-(4)))))))))
3: exp = -53: (((((((a * (-(2))) + a) + b) + c) * (((b + c) + a) * (1 / (-(4))))) * (((((2 * c) - a) - b) - c) * ((1 / 4) * floor_power2((((((-(2)) * b) + a) + b) + interval(-9.43689570931383256575e-16, 9.43689570931383256575e-16)))))) / (2 * sqrt(((((((((-(2)) * b) + a) + b) + c) * (1 / 4)) * ((((2 * c) - a) - b) - c)) * (((((a * (-(2))) + a) + b) + c) * (((b + c) + a) * (1 / (-(4)))))))))
4: exp = -53: (((((((a * (-(2))) + a) + b) + c) * (((b + c) + a) * (1 / (-(4))))) * (((((2 * c) - a) - b) - c) * ((1 / 4) * floor_power2(((((((-(2)) * b) + a) + b) + c) + interval(-1.38777878078144587274e-15, 1.38777878078144587274e-15)))))) / (2 * sqrt(((((((((-(2)) * b) + a) + b) + c) * (1 / 4)) * ((((2 * c) - a) - b) - c)) * (((((a * (-(2))) + a) + b) + c) * (((b + c) + a) * (1 / (-(4)))))))))
-1: exp = -1022: (((((((a * (-(2))) + a) + b) + c) * (((b + c) + a) * (1 / (-(4))))) * (((((2 * c) - a) - b) - c) * 1)) / (2 * sqrt(((((((((-(2)) * b) + a) + b) + c) * (1 / 4)) * ((((2 * c) - a) - b) - c)) * (((((a * (-(2))) + a) + b) + c) * (((b + c) + a) * (1 / (-(4)))))))))
5: exp = -53: (((((((a * (-(2))) + a) + b) + c) * (((b + c) + a) * (1 / (-(4))))) * (((((((-(2)) * b) + a) + b) + c) * (1 / 4)) * floor_power2((((2 * c) - a) + 0)))) / (2 * sqrt(((((((((-(2)) * b) + a) + b) + c) * (1 / 4)) * ((((2 * c) - a) - b) - c)) * (((((a * (-(2))) + a) + b) + c) * (((b + c) + a) * (1 / (-(4)))))))))
6: exp = -53: (((((((a * (-(2))) + a) + b) + c) * (((b + c) + a) * (1 / (-(4))))) * (((((((-(2)) * b) + a) + b) + c) * (1 / 4)) * floor_power2(((((2 * c) - a) - b) + interval(-5.55111512312578270212e-17, 5.55111512312578270212e-17))))) / (2 * sqrt(((((((((-(2)) * b) + a) + b) + c) * (1 / 4)) * ((((2 * c) - a) - b) - c)) * (((((a * (-(2))) + a) + b) + c) * (((b + c) + a) * (1 / (-(4)))))))))
7: exp = -53: (((((((a * (-(2))) + a) + b) + c) * (((b + c) + a) * (1 / (-(4))))) * (((((((-(2)) * b) + a) + b) + c) * (1 / 4)) * floor_power2((((((2 * c) - a) - b) - c) + interval(-4.99600361081320443191e-16, 4.99600361081320443191e-16))))) / (2 * sqrt(((((((((-(2)) * b) + a) + b) + c) * (1 / 4)) * ((((2 * c) - a) - b) - c)) * (((((a * (-(2))) + a) + b) + c) * (((b + c) + a) * (1 / (-(4)))))))))
8: exp = -53: (((((((a * (-(2))) + a) + b) + c) * (((b + c) + a) * (1 / (-(4))))) * floor_power2(((((((((-(2)) * b) + a) + b) + c) * (1 / 4)) * ((((2 * c) - a) - b) - c)) + interval(-8.57314219615546341210e-15, 8.57314219615546341210e-15)))) / (2 * sqrt(((((((((-(2)) * b) + a) + b) + c) * (1 / 4)) * ((((2 * c) - a) - b) - c)) * (((((a * (-(2))) + a) + b) + c) * (((b + c) + a) * (1 / (-(4)))))))))
9: exp = -53: (((((((((-(2)) * b) + a) + b) + c) * (1 / 4)) * ((((2 * c) - a) - b) - c)) * ((((b + c) + a) * (1 / (-(4)))) * floor_power2(((a * (-(2))) + 0)))) / (2 * sqrt(((((((((-(2)) * b) + a) + b) + c) * (1 / 4)) * ((((2 * c) - a) - b) - c)) * (((((a * (-(2))) + a) + b) + c) * (((b + c) + a) * (1 / (-(4)))))))))
10: exp = -53: (((((((((-(2)) * b) + a) + b) + c) * (1 / 4)) * ((((2 * c) - a) - b) - c)) * ((((b + c) + a) * (1 / (-(4)))) * floor_power2((((a * (-(2))) + a) + interval(-1.77635683940025085911e-15, 1.77635683940025085911e-15))))) / (2 * sqrt(((((((((-(2)) * b) + a) + b) + c) * (1 / 4)) * ((((2 * c) - a) - b) - c)) * (((((a * (-(2))) + a) + b) + c) * (((b + c) + a) * (1 / (-(4)))))))))
11: exp = -53: (((((((((-(2)) * b) + a) + b) + c) * (1 / 4)) * ((((2 * c) - a) - b) - c)) * ((((b + c) + a) * (1 / (-(4)))) * floor_power2(((((a * (-(2))) + a) + b) + interval(-2.66453525910037609145e-15, 2.66453525910037609145e-15))))) / (2 * sqrt(((((((((-(2)) * b) + a) + b) + c) * (1 / 4)) * ((((2 * c) - a) - b) - c)) * (((((a * (-(2))) + a) + b) + c) * (((b + c) + a) * (1 / (-(4)))))))))
12: exp = -53: (((((((((-(2)) * b) + a) + b) + c) * (1 / 4)) * ((((2 * c) - a) - b) - c)) * ((((b + c) + a) * (1 / (-(4)))) * floor_power2((((((a * (-(2))) + a) + b) + c) + interval(-3.10862446895043870762e-15, 3.10862446895043870762e-15))))) / (2 * sqrt(((((((((-(2)) * b) + a) + b) + c) * (1 / 4)) * ((((2 * c) - a) - b) - c)) * (((((a * (-(2))) + a) + b) + c) * (((b + c) + a) * (1 / (-(4)))))))))
13: exp = -53: (((((((((-(2)) * b) + a) + b) + c) * (1 / 4)) * ((((2 * c) - a) - b) - c)) * (((((a * (-(2))) + a) + b) + c) * ((1 / (-(4))) * floor_power2(((b + c) + 0))))) / (2 * sqrt(((((((((-(2)) * b) + a) + b) + c) * (1 / 4)) * ((((2 * c) - a) - b) - c)) * (((((a * (-(2))) + a) + b) + c) * (((b + c) + a) * (1 / (-(4)))))))))
14: exp = -53: (((((((((-(2)) * b) + a) + b) + c) * (1 / 4)) * ((((2 * c) - a) - b) - c)) * (((((a * (-(2))) + a) + b) + c) * ((1 / (-(4))) * floor_power2((((b + c) + a) + interval(-8.88178419700125232339e-16, 8.88178419700125232339e-16)))))) / (2 * sqrt(((((((((-(2)) * b) + a) + b) + c) * (1 / 4)) * ((((2 * c) - a) - b) - c)) * (((((a * (-(2))) + a) + b) + c) * (((b + c) + a) * (1 / (-(4)))))))))
15: exp = -53: (((((((((-(2)) * b) + a) + b) + c) * (1 / 4)) * ((((2 * c) - a) - b) - c)) * (((((a * (-(2))) + a) + b) + c) * floor_power2(((((b + c) + a) * (1 / (-(4)))) + interval(-6.66133814775093924254e-16, 6.66133814775093924254e-16))))) / (2 * sqrt(((((((((-(2)) * b) + a) + b) + c) * (1 / 4)) * ((((2 * c) - a) - b) - c)) * (((((a * (-(2))) + a) + b) + c) * (((b + c) + a) * (1 / (-(4)))))))))
16: exp = -53: (((((((((-(2)) * b) + a) + b) + c) * (1 / 4)) * ((((2 * c) - a) - b) - c)) * floor_power2(((((((a * (-(2))) + a) + b) + c) * (((b + c) + a) * (1 / (-(4))))) + interval(-1.57215906959606967132e-14, 1.57215906959606967132e-14)))) / (2 * sqrt(((((((((-(2)) * b) + a) + b) + c) * (1 / 4)) * ((((2 * c) - a) - b) - c)) * (((((a * (-(2))) + a) + b) + c) * (((b + c) + a) * (1 / (-(4)))))))))
17: exp = -53: (floor_power2((((((((((-(2)) * b) + a) + b) + c) * (1 / 4)) * ((((2 * c) - a) - b) - c)) * (((((a * (-(2))) + a) + b) + c) * (((b + c) + a) * (1 / (-(4)))))) + interval(-3.87104778232228606327e-13, 3.87104778232228606327e-13))) / (2 * sqrt(((((((((-(2)) * b) + a) + b) + c) * (1 / 4)) * ((((2 * c) - a) - b) - c)) * (((((a * (-(2))) + a) + b) + c) * (((b + c) + a) * (1 / (-(4)))))))))
18: exp = -53: floor_power2((sqrt(((((((((-(2)) * b) + a) + b) + c) * (1 / 4)) * ((((2 * c) - a) - b) - c)) * (((((a * (-(2))) + a) + b) + c) * (((b + c) + a) * (1 / (-(4))))))) + interval(-3.28076148969349138379e-14, 3.28076148969349138379e-14)))

Corresponding original subexpressions:
1: rnd64(((-(2)) * b))
2: rnd[64,ne,1.00,-53,0]((rnd64(((-(2)) * b)) + a))
3: rnd[64,ne,1.00,-53,0]((rnd[64,ne,1.00,-53,0]((rnd64(((-(2)) * b)) + a)) + b))
4: rnd[64,ne,1.00,-53,0]((rnd[64,ne,1.00,-53,0]((rnd[64,ne,1.00,-53,0]((rnd64(((-(2)) * b)) + a)) + b)) + c))
5: rnd[64,ne,1.00,-53,0](((2 * c) - a))
6: rnd[64,ne,1.00,-53,0]((rnd[64,ne,1.00,-53,0](((2 * c) - a)) - b))
7: rnd[64,ne,1.00,-53,0]((rnd[64,ne,1.00,-53,0]((rnd[64,ne,1.00,-53,0](((2 * c) - a)) - b)) - c))
8: rnd64((rnd[64,ne,1.00,0,-1022]((rnd[64,ne,1.00,-53,0]((rnd[64,ne,1.00,-53,0]((rnd[64,ne,1.00,-53,0]((rnd64(((-(2)) * b)) + a)) + b)) + c)) / 4)) * rnd[64,ne,1.00,-53,0]((rnd[64,ne,1.00,-53,0]((rnd[64,ne,1.00,-53,0](((2 * c) - a)) - b)) - c))))
9: rnd64((a * (-(2))))
10: rnd[64,ne,1.00,-53,0]((rnd64((a * (-(2)))) + a))
11: rnd[64,ne,1.00,-53,0]((rnd[64,ne,1.00,-53,0]((rnd64((a * (-(2)))) + a)) + b))
12: rnd[64,ne,1.00,-53,0]((rnd[64,ne,1.00,-53,0]((rnd[64,ne,1.00,-53,0]((rnd64((a * (-(2)))) + a)) + b)) + c))
13: rnd[64,ne,1.00,-53,0]((b + c))
14: rnd[64,ne,1.00,-53,0]((rnd[64,ne,1.00,-53,0]((b + c)) + a))
15: rnd64((rnd[64,ne,1.00,-53,0]((rnd[64,ne,1.00,-53,0]((b + c)) + a)) / (-(4))))
16: rnd64((rnd[64,ne,1.00,-53,0]((rnd[64,ne,1.00,-53,0]((rnd[64,ne,1.00,-53,0]((rnd64((a * (-(2)))) + a)) + b)) + c)) * rnd64((rnd[64,ne,1.00,-53,0]((rnd[64,ne,1.00,-53,0]((b + c)) + a)) / (-(4))))))
17: rnd64((rnd64((rnd[64,ne,1.00,0,-1022]((rnd[64,ne,1.00,-53,0]((rnd[64,ne,1.00,-53,0]((rnd[64,ne,1.00,-53,0]((rnd64(((-(2)) * b)) + a)) + b)) + c)) / 4)) * rnd[64,ne,1.00,-53,0]((rnd[64,ne,1.00,-53,0]((rnd[64,ne,1.00,-53,0](((2 * c) - a)) - b)) - c)))) * rnd64((rnd[64,ne,1.00,-53,0]((rnd[64,ne,1.00,-53,0]((rnd[64,ne,1.00,-53,0]((rnd64((a * (-(2)))) + a)) + b)) + c)) * rnd64((rnd[64,ne,1.00,-53,0]((rnd[64,ne,1.00,-53,0]((b + c)) + a)) / (-(4))))))))
18: rnd[64,ne,1.00,-53,0](sqrt(rnd64((rnd64((rnd[64,ne,1.00,0,-1022]((rnd[64,ne,1.00,-53,0]((rnd[64,ne,1.00,-53,0]((rnd[64,ne,1.00,-53,0]((rnd64(((-(2)) * b)) + a)) + b)) + c)) / 4)) * rnd[64,ne,1.00,-53,0]((rnd[64,ne,1.00,-53,0]((rnd[64,ne,1.00,-53,0](((2 * c) - a)) - b)) - c)))) * rnd64((rnd[64,ne,1.00,-53,0]((rnd[64,ne,1.00,-53,0]((rnd[64,ne,1.00,-53,0]((rnd64((a * (-(2)))) + a)) + b)) + c)) * rnd64((rnd[64,ne,1.00,-53,0]((rnd[64,ne,1.00,-53,0]((b + c)) + a)) / (-(4))))))))))

Selected optimization method: bb-eval
bb-eval_opt: x_abs_tol = 1.000000e-02, f_rel_tol = 1.000000e-02, f_abs_tol = 1.000000e-02, iters = 1000000
bounds: [6.195654e+00, 8.697591e+00]

Computing absolute errors
Selected optimization method: bb-eval
bb-eval_opt: x_abs_tol = 1.000000e-02, f_rel_tol = 1.000000e-02, f_abs_tol = 1.000000e-02, iters = 1000000
rmin(result = 9.903731e-13, lower = 9.903731e-13), rmax(result = 9.903731e-13, lower = 9.903731e-13)
-1: exp = -53: 9.903731e-13 (low = 9.903731e-13, subopt = 0.0%)
Selected optimization method: bb-eval
bb-eval_opt: x_abs_tol = 1.000000e-02, f_rel_tol = 1.000000e-02, f_abs_tol = 1.000000e-02, iters = 1000000
rmin(result = 1.368615e+00, lower = 1.390719e+00), rmax(result = 1.941634e+00, lower = 1.913661e+00)
-1: exp = -1022: 1.941634e+00 (low = 1.913661e+00, subopt = 1.4%)

Solving the exact optimization problem
Selected optimization method: bb-eval
bb-eval_opt: x_abs_tol = 1.000000e-02, f_rel_tol = 1.000000e-02, f_abs_tol = 1.000000e-02, iters = 1000000
exact bound (exp = -53): 2.411108e+02 (low = 2.392120e+02, subopt = 0.8%)
total2: 1.099535e-28 (low = 1.099535e-28, subopt = 0.0%)
exact total: 2.676868e-14 (low = 2.655787e-14, subopt = 0.8%)

Computing relative errors
Selected optimization method: bb-eval
bb-eval_opt: x_abs_tol = 1.000000e-02, f_rel_tol = 1.000000e-02, f_abs_tol = 1.000000e-02, iters = 1000000
rmin(result = 9.903731e-13, lower = 9.903731e-13), rmax(result = 9.903731e-13, lower = 9.903731e-13)
-1: exp = -53: 9.903731e-13 (low = 9.903731e-13, subopt = 0.0%)
Selected optimization method: bb-eval
bb-eval_opt: x_abs_tol = 1.000000e-02, f_rel_tol = 1.000000e-02, f_abs_tol = 1.000000e-02, iters = 1000000
rmin(result = 1.368615e+00, lower = 1.390719e+00), rmax(result = 1.941634e+00, lower = 1.913661e+00)
-1: exp = -1022: 1.941634e+00 (low = 1.913661e+00, subopt = 1.4%)

Solving the exact optimization problem
Selected optimization method: bb-eval
bb-eval_opt: x_abs_tol = 1.000000e-02, f_rel_tol = 1.000000e-02, f_abs_tol = 1.000000e-02, iters = 1000000
exact bound-rel (exp = -53): 3.851887e+01 (low = 3.822354e+01, subopt = 0.8%)
total2: 1.774687e-29 (low = 1.264183e-29, subopt = 28.8%)
exact total-rel: 4.276453e-15 (low = 4.243666e-15, subopt = 0.8%)

Elapsed time: 0.03496
*************************************

-------------------------------------------------------------------------------
Problem: result

Optimization lower bounds for error models:
The absolute error (exact) model: 2.655786e-14 (0x1.de6c891a0c0cp-46) (suboptimality = 0.8%)
The relative error (exact) model: 4.243665e-15 (0x1.31c9d1a57d2afp-48) (suboptimality = 0.8%)

Bounds (without rounding): [6.195654, 8.697592]
Bounds (floating-point): [6.195654, 8.697592]

Absolute error (exact): 2.676869e-14 (0x1.e238bff144fbep-46)
Relative error (exact): 4.276454e-15 (0x1.3426a38f3f765p-48)

Elapsed time: 0.03

