Base path: /Users/laura.zielinski/FPTaylor
Config file: /Users/laura.zielinski/FPTaylor/default.cfg
Config file: /var/folders/38/q_vgzzt959nfc63ldktzz1gr0000gp/T/tmpqmg9dtrs.cfg
default-rnd = rnd64
nlopt-cc = gcc -std=c99 -O3
opt-exact = true
develop = false
log-append-date = start
uncertainty = false
rel-error = true
opt-approx = false
proof-record = false
find-bounds = false
proof-dir = proofs
opt-f-abs-tol = 0.01
fail-on-exception = true
print-opt-lower-bounds = true
bb-compile = {base}/b_and_b/compile.sh {base} {input} {out}
z3-python-lib = 
opt-x-abs-tol = 0.01
export-error-bounds = 
opt-f-rel-tol = 0.01
export-options = 
opt-x-rel-tol = 0.0
rel-error-threshold = 0.0001
bb-alg = opt0
log-base-dir = log
intermediate-opt = false
z3-interval-bounds = true
opt-max-iters = 1000000
abs-error = true
z3-bin = 
maxima-simplification = false
print-hex-floats = true
debug = true
print-precision = 7
export-error-bounds-data = 
fp-power2-model = true
opt = auto
default-var-type = float64
verbosity = 2
ulp-error = false
opt-timeout = 10000
nlopt-lib = -lnlopt -lm
tmp-base-dir = tmp
unique-indices = false
z3-seed = 0
tmp-date = false
z3-python-cmd = python
const-approx-real-vars = false
print-second-order-errors = false
Resetting input_parser_env
eval_const_expr: 4
result: 4
eval_const_expr: (159/25)
result: 159/25
eval_const_expr: 0
result: 0
eval_const_expr: (159/25)
result: 159/25
eval_const_expr: 4
result: 4
eval_const_expr: 4
result: 4
eval_const_expr: (159/25)
result: 159/25
eval_const_expr: 0
result: 0
eval_const_expr: (159/25)
result: 159/25
eval_const_expr: 4
result: 4
eval_const_expr: 4
result: 4
eval_const_expr: (159/25)
result: 159/25
eval_const_expr: 0
result: 0
eval_const_expr: (159/25)
result: 159/25
eval_const_expr: 4
result: 4
eval_const_expr: 4
result: 4
eval_const_expr: (159/25)
result: 159/25
eval_const_expr: 0
result: 0
eval_const_expr: (159/25)
result: 159/25
eval_const_expr: 4
result: 4
eval_const_expr: 4
result: 4
eval_const_expr: (159/25)
result: 159/25
eval_const_expr: 0
result: 0
eval_const_expr: (159/25)
result: 159/25
eval_const_expr: 4
result: 4
eval_const_expr: 4
result: 4
eval_const_expr: (159/25)
result: 159/25
eval_const_expr: 0
result: 0
eval_const_expr: (159/25)
result: 159/25
eval_const_expr: 4
result: 4
Resetting input_parser_env
|tasks| = 1
Processing: result

*************************************
Taylor form for: rnd64((rnd64((rnd64((rnd64(x1) * rnd64(x6))) - rnd64((rnd64((rnd64(x6) - rnd64(x2))) * rnd64((rnd64(x5) - rnd64(x3))))))) - rnd64((rnd64((rnd64((rnd64((rnd64(x4) - rnd64(x5))) - rnd64(x2))) - rnd64((rnd64(x3) - rnd64(x1))))) * rnd64(x1)))))

Conservative bound: [5.851200, 116.488000]

Simplified rounding: rnd[64,ne,1.00,-53,0]((rnd[64,ne,1.00,-53,0]((rnd64((x1 * x6)) - rnd64((rnd[64,ne,1.00,-53,0]((x6 - x2)) * rnd[64,ne,1.00,-53,0]((x5 - x3)))))) - rnd64((rnd[64,ne,1.00,-53,0]((rnd[64,ne,1.00,-53,0]((rnd[64,ne,1.00,-53,0]((x4 - x5)) - x2)) - rnd[64,ne,1.00,-53,0]((x3 - x1)))) * x1))))
Building Taylor forms...
var_form
var_form
mul_form
rounded_form
var_form
sub_form
rounded_form
var_form
var_form
sub_form
rounded_form
mul_form
rounded_form
sub_form
rounded_form
var_form
sub_form
rounded_form
sub_form
rounded_form
sub_form
rounded_form
sub_form
rounded_form
mul_form
rounded_form
sub_form
rounded_form
Taylor forms cache stats: num_bindings = 28, num_buckets = 1024, max_bucket_length = 1
Expr cache stats: num_bindings = 69, num_buckets = 65536, max_bucket_length = 1
Simplifying Taylor forms...
success
v0 = (((x1 * x6) - ((x6 - x2) * (x5 - x3))) - ((((x4 - x5) - x2) - (x3 - x1)) * x1))
-1: exp = -53: (4503599627370499/10141204801825835211973625643008)
1: exp = -53: floor_power2(((x1 * x6) + 0))
2: exp = -53: (-(((x5 - x3) * floor_power2(((x6 - x2) + 0)))))
3: exp = -53: (-(((x6 - x2) * floor_power2(((x5 - x3) + 0)))))
4: exp = -53: (-(floor_power2((((x6 - x2) * (x5 - x3)) + interval(-1.04805053524614811337e-15, 1.04805053524614811337e-15)))))
5: exp = -53: floor_power2((((x1 * x6) - ((x6 - x2) * (x5 - x3))) + interval(-5.04485342389671343383e-15, 5.04485342389671343383e-15)))
6: exp = -53: (-((x1 * floor_power2(((x4 - x5) + 0)))))
7: exp = -53: (-((x1 * floor_power2((((x4 - x5) - x2) + interval(-2.22044604925031308085e-16, 2.22044604925031308085e-16))))))
8: exp = -53: (-((x1 * (-(floor_power2(((x3 - x1) + 0)))))))
9: exp = -53: (-((x1 * floor_power2(((((x4 - x5) - x2) - (x3 - x1)) + interval(-1.33226762955018784851e-15, 1.33226762955018784851e-15))))))
10: exp = -53: (-(floor_power2((((((x4 - x5) - x2) - (x3 - x1)) * x1) + interval(-1.41220368732319946652e-14, 1.41220368732319946652e-14)))))
11: exp = -53: floor_power2(((((x1 * x6) - ((x6 - x2) * (x5 - x3))) - ((((x4 - x5) - x2) - (x3 - x1)) * x1)) + interval(-2.98250313335302164091e-14, 2.98250313335302164091e-14)))

Corresponding original subexpressions:
1: rnd64((x1 * x6))
2: rnd[64,ne,1.00,-53,0]((x6 - x2))
3: rnd[64,ne,1.00,-53,0]((x5 - x3))
4: rnd64((rnd[64,ne,1.00,-53,0]((x6 - x2)) * rnd[64,ne,1.00,-53,0]((x5 - x3))))
5: rnd[64,ne,1.00,-53,0]((rnd64((x1 * x6)) - rnd64((rnd[64,ne,1.00,-53,0]((x6 - x2)) * rnd[64,ne,1.00,-53,0]((x5 - x3))))))
6: rnd[64,ne,1.00,-53,0]((x4 - x5))
7: rnd[64,ne,1.00,-53,0]((rnd[64,ne,1.00,-53,0]((x4 - x5)) - x2))
8: rnd[64,ne,1.00,-53,0]((x3 - x1))
9: rnd[64,ne,1.00,-53,0]((rnd[64,ne,1.00,-53,0]((rnd[64,ne,1.00,-53,0]((x4 - x5)) - x2)) - rnd[64,ne,1.00,-53,0]((x3 - x1))))
10: rnd64((rnd[64,ne,1.00,-53,0]((rnd[64,ne,1.00,-53,0]((rnd[64,ne,1.00,-53,0]((x4 - x5)) - x2)) - rnd[64,ne,1.00,-53,0]((x3 - x1)))) * x1))
11: rnd[64,ne,1.00,-53,0]((rnd[64,ne,1.00,-53,0]((rnd64((x1 * x6)) - rnd64((rnd[64,ne,1.00,-53,0]((x6 - x2)) * rnd[64,ne,1.00,-53,0]((x5 - x3)))))) - rnd64((rnd[64,ne,1.00,-53,0]((rnd[64,ne,1.00,-53,0]((rnd[64,ne,1.00,-53,0]((x4 - x5)) - x2)) - rnd[64,ne,1.00,-53,0]((x3 - x1)))) * x1))))

Selected optimization method: bb
bb_opt: x_abs_tol = 1.000000e-02, f_rel_tol = 1.000000e-02, f_abs_tol = 1.000000e-02, iters = 1000000
iterations(min = 1804, max = 597): 1804
min = 2.082359e+01 (lower_min = 2.100620e+01)
max = 9.639961e+01 (lower_max = 9.543975e+01)
subopt = 9.598563e-01 (1.0%)
bounds: [2.082359e+01, 9.639961e+01]

Computing absolute errors
Selected optimization method: bb-eval
bb-eval_opt: x_abs_tol = 1.000000e-02, f_rel_tol = 1.000000e-02, f_abs_tol = 1.000000e-02, iters = 1000000
rmin(result = 4.440892e-16, lower = 4.440892e-16), rmax(result = 4.440892e-16, lower = 4.440892e-16)
-1: exp = -53: 4.440892e-16 (low = 4.440892e-16, subopt = 0.0%)

Solving the exact optimization problem
Selected optimization method: bb
bb_opt: x_abs_tol = 1.000000e-02, f_rel_tol = 1.000000e-02, f_abs_tol = 1.000000e-02, iters = 1000000
iterations(min = 0, max = 5072): 5072
min = 0.000000e+00 (lower_min = 0.000000e+00)
max = 2.800981e+02 (lower_max = 2.794875e+02)
subopt = 6.106250e-01 (0.2%)
exact bound (exp = -53): 2.800981e+02 (low = 2.794875e+02, subopt = 0.2%)
total2: 4.930381e-32 (low = 4.930381e-32, subopt = 0.0%)
exact total: 3.109714e-14 (low = 3.102935e-14, subopt = 0.2%)

Computing relative errors
Selected optimization method: bb-eval
bb-eval_opt: x_abs_tol = 1.000000e-02, f_rel_tol = 1.000000e-02, f_abs_tol = 1.000000e-02, iters = 1000000
rmin(result = 4.440892e-16, lower = 4.440892e-16), rmax(result = 4.440892e-16, lower = 4.440892e-16)
-1: exp = -53: 4.440892e-16 (low = 4.440892e-16, subopt = 0.0%)

Solving the exact optimization problem
Selected optimization method: bb
bb_opt: x_abs_tol = 1.000000e-02, f_rel_tol = 1.000000e-02, f_abs_tol = 1.000000e-02, iters = 1000000
iterations(min = 0, max = 1000000): 1000000
min = 0.000000e+00 (lower_min = 0.000000e+00)
max = 4.482990e+00 (lower_max = 4.331766e+00)
subopt = 1.512242e-01 (3.4%)
exact bound-rel (exp = -53): 4.482990e+00 (low = 4.331766e+00, subopt = 3.4%)
total2: 2.367691e-33 (low = 5.114524e-34, subopt = 78.4%)
exact total-rel: 4.977119e-16 (low = 4.809226e-16, subopt = 3.4%)

Elapsed time: 7.59347
*************************************

-------------------------------------------------------------------------------
Problem: result

Optimization lower bounds for error models:
The absolute error (exact) model: 3.102934e-14 (0x1.177ccccccccccp-45) (suboptimality = 0.2%)
The relative error (exact) model: 4.809225e-16 (0x1.153ba5c5d0d0ap-51) (suboptimality = 3.4%)

Bounds (without rounding): [2.082358e+1, 9.639961e+1]
Bounds (floating-point): [2.082358e+1, 9.639961e+1]

Absolute error (exact): 3.109714e-14 (0x1.18191eb851ebbp-45)
Relative error (exact): 4.977119e-16 (0x1.1ee94e1d7f747p-51)

Elapsed time: 7.59

