Base path: /Users/laura.zielinski/FPTaylor
Config file: /Users/laura.zielinski/FPTaylor/default.cfg
Config file: /var/folders/38/q_vgzzt959nfc63ldktzz1gr0000gp/T/tmpzwr_u36e.cfg
default-rnd = rnd64
nlopt-cc = gcc -std=c99 -O3
opt-exact = true
develop = false
log-append-date = start
uncertainty = false
rel-error = true
opt-approx = false
proof-record = false
find-bounds = false
proof-dir = proofs
opt-f-abs-tol = 0.01
fail-on-exception = true
print-opt-lower-bounds = true
bb-compile = {base}/b_and_b/compile.sh {base} {input} {out}
z3-python-lib = 
opt-x-abs-tol = 0.01
export-error-bounds = 
opt-f-rel-tol = 0.01
export-options = 
opt-x-rel-tol = 0.0
rel-error-threshold = 0.0001
bb-alg = opt0
log-base-dir = log
intermediate-opt = false
z3-interval-bounds = true
opt-max-iters = 1000000
abs-error = true
z3-bin = 
maxima-simplification = false
print-hex-floats = true
debug = true
print-precision = 7
export-error-bounds-data = 
fp-power2-model = true
opt = auto
default-var-type = float64
verbosity = 2
ulp-error = false
opt-timeout = 10000
nlopt-lib = -lnlopt -lm
tmp-base-dir = tmp
unique-indices = false
z3-seed = 0
tmp-date = false
z3-python-cmd = python
const-approx-real-vars = false
print-second-order-errors = false
Resetting input_parser_env
eval_const_expr: 1
result: 1
eval_const_expr: 100
result: 100
eval_const_expr: 0
result: 0
eval_const_expr: 100
result: 100
eval_const_expr: 1
result: 1
eval_const_expr: 0
result: 0
eval_const_expr: 100
result: 100
eval_const_expr: 0
result: 0
eval_const_expr: 100
result: 100
eval_const_expr: 0
result: 0
eval_const_expr: (-(100))
result: -100
eval_const_expr: (-(1))
result: -1
eval_const_expr: 0
result: 0
eval_const_expr: (-(1))
result: -1
eval_const_expr: (-(100))
result: -100
Resetting input_parser_env
|tasks| = 1
Processing: result

*************************************
Taylor form for: rnd64((rnd64((rnd64((rnd64((rnd64(c) * rnd64(a))) * rnd64(8))) / rnd64((rnd64((-(rnd64(b)))) - rnd64(sqrt(rnd64((rnd64((rnd64((rnd64((-(rnd64(4)))) * rnd64(a))) * rnd64(c))) + rnd64((rnd64(b) * rnd64(b))))))))))) / rnd64((rnd64(a) * rnd64(4)))))

Conservative bound: [0.000062, 10000.000000]

Simplified rounding: rnd64((rnd64(((rnd64((c * a)) * 8) / rnd[64,ne,1.00,-53,0](((-(b)) - rnd[64,ne,1.00,-53,0](sqrt(rnd[64,ne,1.00,-53,0]((rnd64((rnd64(((-(4)) * a)) * c)) + rnd64((b * b)))))))))) / (a * 4)))
Building Taylor forms...
var_form
var_form
mul_form
rounded_form
const_form
mul_form
var_form
neg_form
const_form
neg_form
mul_form
rounded_form
mul_form
rounded_form
mul_form
rounded_form
add_form
rounded_form
sqrt_form
rounded_form
sub_form
rounded_form
div_form
inv_form
mul_form
rounded_form
mul_form
div_form
inv_form
mul_form
rounded_form
Taylor forms cache stats: num_bindings = 27, num_buckets = 1024, max_bucket_length = 1
Expr cache stats: num_bindings = 110, num_buckets = 65536, max_bucket_length = 3
Simplifying Taylor forms...
success
v0 = ((((c * a) * 8) * (1 / ((-(b)) - sqrt(((((-(4)) * a) * c) + (b * b)))))) * (1 / (a * 4)))
-1: exp = -53: (1208578664830989/4611686018427387904)
1: exp = -53: ((1 / (a * 4)) * ((1 / ((-(b)) - sqrt(((((-(4)) * a) * c) + (b * b))))) * (8 * floor_power2(((c * a) + 0)))))
2: exp = -53: ((1 / (a * 4)) * (((c * a) * 8) * (-(((-(((c * floor_power2((((-(4)) * a) + 0))) / (2 * sqrt(((((-(4)) * a) * c) + (b * b))))))) / (((-(b)) - sqrt(((((-(4)) * a) * c) + (b * b)))) * ((-(b)) - sqrt(((((-(4)) * a) * c) + (b * b))))))))))
3: exp = -53: ((1 / (a * 4)) * (((c * a) * 8) * (-(((-((floor_power2(((((-(4)) * a) * c) + interval(-2.84217094304040114738e-12, 2.84217094304040114738e-12))) / (2 * sqrt(((((-(4)) * a) * c) + (b * b))))))) / (((-(b)) - sqrt(((((-(4)) * a) * c) + (b * b)))) * ((-(b)) - sqrt(((((-(4)) * a) * c) + (b * b))))))))))
4: exp = -53: ((1 / (a * 4)) * (((c * a) * 8) * (-(((-((floor_power2(((b * b) + 0)) / (2 * sqrt(((((-(4)) * a) * c) + (b * b))))))) / (((-(b)) - sqrt(((((-(4)) * a) * c) + (b * b)))) * ((-(b)) - sqrt(((((-(4)) * a) * c) + (b * b))))))))))
5: exp = -53: ((1 / (a * 4)) * (((c * a) * 8) * (-(((-((floor_power2((((((-(4)) * a) * c) + (b * b)) + interval(-7.38964445190504354865e-12, 7.38964445190504354865e-12))) / (2 * sqrt(((((-(4)) * a) * c) + (b * b))))))) / (((-(b)) - sqrt(((((-(4)) * a) * c) + (b * b)))) * ((-(b)) - sqrt(((((-(4)) * a) * c) + (b * b))))))))))
6: exp = -53: ((1 / (a * 4)) * (((c * a) * 8) * (-(((-(floor_power2((sqrt(((((-(4)) * a) * c) + (b * b))) + interval(-2.75690581475108905555e-12, 2.75690581475108905555e-12))))) / (((-(b)) - sqrt(((((-(4)) * a) * c) + (b * b)))) * ((-(b)) - sqrt(((((-(4)) * a) * c) + (b * b))))))))))
7: exp = -53: ((1 / (a * 4)) * (((c * a) * 8) * (-((floor_power2((((-(b)) - sqrt(((((-(4)) * a) * c) + (b * b)))) + interval(-2.77111666946629105926e-12, 2.77111666946629105926e-12))) / (((-(b)) - sqrt(((((-(4)) * a) * c) + (b * b)))) * ((-(b)) - sqrt(((((-(4)) * a) * c) + (b * b))))))))))
8: exp = -53: ((1 / (a * 4)) * floor_power2(((((c * a) * 8) * (1 / ((-(b)) - sqrt(((((-(4)) * a) * c) + (b * b)))))) + interval(-5.59944055568193739805e-08, 5.59944055568193739805e-08))))
9: exp = -53: floor_power2((((((c * a) * 8) * (1 / ((-(b)) - sqrt(((((-(4)) * a) * c) + (b * b)))))) * (1 / (a * 4))) + interval(-1.39995108839066164234e-08, 1.39995108839066164234e-08)))

Corresponding original subexpressions:
1: rnd64((c * a))
2: rnd64(((-(4)) * a))
3: rnd64((rnd64(((-(4)) * a)) * c))
4: rnd64((b * b))
5: rnd[64,ne,1.00,-53,0]((rnd64((rnd64(((-(4)) * a)) * c)) + rnd64((b * b))))
6: rnd[64,ne,1.00,-53,0](sqrt(rnd[64,ne,1.00,-53,0]((rnd64((rnd64(((-(4)) * a)) * c)) + rnd64((b * b))))))
7: rnd[64,ne,1.00,-53,0](((-(b)) - rnd[64,ne,1.00,-53,0](sqrt(rnd[64,ne,1.00,-53,0]((rnd64((rnd64(((-(4)) * a)) * c)) + rnd64((b * b))))))))
8: rnd64(((rnd64((c * a)) * 8) / rnd[64,ne,1.00,-53,0](((-(b)) - rnd[64,ne,1.00,-53,0](sqrt(rnd[64,ne,1.00,-53,0]((rnd64((rnd64(((-(4)) * a)) * c)) + rnd64((b * b))))))))))
9: rnd64((rnd64(((rnd64((c * a)) * 8) / rnd[64,ne,1.00,-53,0](((-(b)) - rnd[64,ne,1.00,-53,0](sqrt(rnd[64,ne,1.00,-53,0]((rnd64((rnd64(((-(4)) * a)) * c)) + rnd64((b * b)))))))))) / (a * 4)))

Selected optimization method: bb
bb_opt: x_abs_tol = 1.000000e-02, f_rel_tol = 1.000000e-02, f_abs_tol = 1.000000e-02, iters = 1000000
iterations(min = 0, max = 49065): 49065
min = 6.180340e-05 (lower_min = 9.901951e-03)
max = 1.006103e+01 (lower_max = 1.000000e+01)
subopt = 6.103276e-02 (0.6%)
bounds: [6.180340e-05, 1.006103e+01]

Computing absolute errors
Selected optimization method: bb-eval
bb-eval_opt: x_abs_tol = 1.000000e-02, f_rel_tol = 1.000000e-02, f_abs_tol = 1.000000e-02, iters = 1000000
rmin(result = 2.620687e-04, lower = 2.620687e-04), rmax(result = 2.620687e-04, lower = 2.620687e-04)
-1: exp = -53: 2.620687e-04 (low = 2.620687e-04, subopt = 0.0%)

Solving the exact optimization problem
Selected optimization method: bb
bb_opt: x_abs_tol = 1.000000e-02, f_rel_tol = 1.000000e-02, f_abs_tol = 1.000000e-02, iters = 1000000
iterations(min = 0, max = 217580): 217580
min = 0.000000e+00 (lower_min = 0.000000e+00)
max = 5.220888e+01 (lower_max = 5.180488e+01)
subopt = 4.040015e-01 (0.8%)
exact bound (exp = -53): 5.220888e+01 (low = 5.180488e+01, subopt = 0.8%)
total2: 2.909547e-20 (low = 2.909547e-20, subopt = 0.0%)
exact total: 5.796379e-15 (low = 5.751526e-15, subopt = 0.8%)

Computing relative errors
**WARNING**: 
Cannot compute the relative error: values of the function are close to zero

Elapsed time: 3.32954
*************************************

-------------------------------------------------------------------------------
Problem: result

Optimization lower bounds for error models:
The absolute error (exact) model: 5.751526e-15 (0x1.9e70eef7a918ap-48) (suboptimality = 0.8%)

Bounds (without rounding): [6.180339e-5, 1.006104e+1]
Bounds (floating-point): [6.180339e-5, 1.006104e+1]

Absolute error (exact): 5.796380e-15 (0x1.a1ac541679c55p-48)

Elapsed time: 3.33

