Base path: /Users/laura.zielinski/FPTaylor
Config file: /Users/laura.zielinski/FPTaylor/default.cfg
Config file: /var/folders/38/q_vgzzt959nfc63ldktzz1gr0000gp/T/tmp2wcfmv3i.cfg
default-rnd = rnd64
nlopt-cc = gcc -std=c99 -O3
opt-exact = true
develop = false
log-append-date = start
uncertainty = false
rel-error = true
opt-approx = false
proof-record = false
find-bounds = false
proof-dir = proofs
opt-f-abs-tol = 0.01
fail-on-exception = true
print-opt-lower-bounds = true
bb-compile = {base}/b_and_b/compile.sh {base} {input} {out}
z3-python-lib = 
opt-x-abs-tol = 0.01
export-error-bounds = 
opt-f-rel-tol = 0.01
export-options = 
opt-x-rel-tol = 0.0
rel-error-threshold = 0.0001
bb-alg = opt0
log-base-dir = log
intermediate-opt = false
z3-interval-bounds = true
opt-max-iters = 1000000
abs-error = true
z3-bin = 
maxima-simplification = false
print-hex-floats = true
debug = true
print-precision = 7
export-error-bounds-data = 
fp-power2-model = true
opt = auto
default-var-type = float64
verbosity = 2
ulp-error = false
opt-timeout = 10000
nlopt-lib = -lnlopt -lm
tmp-base-dir = tmp
unique-indices = false
z3-seed = 0
tmp-date = false
z3-python-cmd = python
const-approx-real-vars = false
print-second-order-errors = false
Resetting input_parser_env
eval_const_expr: (1001/1000)
result: 1001/1000
eval_const_expr: 2
result: 2
eval_const_expr: 0
result: 0
eval_const_expr: 2
result: 2
eval_const_expr: (1001/1000)
result: 1001/1000
eval_const_expr: (1001/1000)
result: 1001/1000
eval_const_expr: 2
result: 2
eval_const_expr: 0
result: 0
eval_const_expr: 2
result: 2
eval_const_expr: (1001/1000)
result: 1001/1000
Resetting input_parser_env
|tasks| = 1
Processing: result

*************************************
Taylor form for: rnd64((rnd64((-(rnd64(1)))) / rnd64((rnd64((-(rnd64(1)))) - rnd64((rnd64(x) * rnd64(y)))))))

Conservative bound: [0.200000, 0.499500]

Simplified rounding: rnd64(((-(1)) / rnd[64,ne,1.00,-53,0](((-(1)) - rnd64((x * y))))))
Building Taylor forms...
const_form
neg_form
var_form
var_form
mul_form
rounded_form
sub_form
rounded_form
div_form
inv_form
mul_form
rounded_form
Taylor forms cache stats: num_bindings = 10, num_buckets = 1024, max_bucket_length = 1
Expr cache stats: num_bindings = 27, num_buckets = 65536, max_bucket_length = 1
Simplifying Taylor forms...
success
v0 = ((-(1)) * (1 / ((-(1)) - (x * y))))
-1: exp = -53: (2525686355631985/5070602400912917605986812821504)
1: exp = -53: ((-(1)) * (-(((-(floor_power2(((x * y) + 0)))) / (((-(1)) - (x * y)) * ((-(1)) - (x * y)))))))
2: exp = -53: ((-(1)) * (-((floor_power2((((-(1)) - (x * y)) + interval(-2.22044604925031357389e-16, 2.22044604925031357389e-16))) / (((-(1)) - (x * y)) * ((-(1)) - (x * y)))))))
3: exp = -53: floor_power2((((-(1)) * (1 / ((-(1)) - (x * y)))) + interval(-1.66200719686718596171e-16, 1.66200719686718596171e-16)))

Corresponding original subexpressions:
1: rnd64((x * y))
2: rnd[64,ne,1.00,-53,0](((-(1)) - rnd64((x * y))))
3: rnd64(((-(1)) / rnd[64,ne,1.00,-53,0](((-(1)) - rnd64((x * y))))))

Selected optimization method: bb-eval
bb-eval_opt: x_abs_tol = 1.000000e-02, f_rel_tol = 1.000000e-02, f_abs_tol = 1.000000e-02, iters = 1000000
bounds: [2.000000e-01, 4.995002e-01]

Computing absolute errors
Selected optimization method: bb-eval
bb-eval_opt: x_abs_tol = 1.000000e-02, f_rel_tol = 1.000000e-02, f_abs_tol = 1.000000e-02, iters = 1000000
rmin(result = 4.981038e-16, lower = 4.981038e-16), rmax(result = 4.981038e-16, lower = 4.981038e-16)
-1: exp = -53: 4.981038e-16 (low = 4.981038e-16, subopt = 0.0%)

Solving the exact optimization problem
Selected optimization method: bb-eval
bb-eval_opt: x_abs_tol = 1.000000e-02, f_rel_tol = 1.000000e-02, f_abs_tol = 1.000000e-02, iters = 1000000
exact bound (exp = -53): 9.985015e-01 (low = 9.985015e-01, subopt = 0.0%)
total2: 5.530063e-32 (low = 5.530063e-32, subopt = 0.0%)
exact total: 1.108559e-16 (low = 1.108559e-16, subopt = 0.0%)

Computing relative errors
Selected optimization method: bb-eval
bb-eval_opt: x_abs_tol = 1.000000e-02, f_rel_tol = 1.000000e-02, f_abs_tol = 1.000000e-02, iters = 1000000
rmin(result = 4.981038e-16, lower = 4.981038e-16), rmax(result = 4.981038e-16, lower = 4.981038e-16)
-1: exp = -53: 4.981038e-16 (low = 4.981038e-16, subopt = 0.0%)

Solving the exact optimization problem
Selected optimization method: bb-eval
bb-eval_opt: x_abs_tol = 1.000000e-02, f_rel_tol = 1.000000e-02, f_abs_tol = 1.000000e-02, iters = 1000000
exact bound-rel (exp = -53): 2.520575e+00 (low = 2.083325e+00, subopt = 17.3%)
total2: 2.765032e-31 (low = 1.107119e-31, subopt = 60.0%)
exact total-rel: 2.798400e-16 (low = 2.312956e-16, subopt = 17.3%)

Elapsed time: 0.05913
*************************************

-------------------------------------------------------------------------------
Problem: result

Optimization lower bounds for error models:
The absolute error (exact) model: 1.108559e-16 (0x1.ff3b96a891e0cp-54) (suboptimality = 0.0%)
The relative error (exact) model: 2.312955e-16 (0x1.0aaa684d394d3p-52) (suboptimality = 17.3%)

Bounds (without rounding): [1.999999e-1, 4.995003e-1]
Bounds (floating-point): [1.999999e-1, 4.995003e-1]

Absolute error (exact): 1.108560e-16 (0x1.ff3b96a891e13p-54)
Relative error (exact): 2.798400e-16 (0x1.42a22f9c280afp-52)

Elapsed time: 0.06

