Base path: /Users/laura.zielinski/FPTaylor
Config file: /Users/laura.zielinski/FPTaylor/default.cfg
Config file: /var/folders/38/q_vgzzt959nfc63ldktzz1gr0000gp/T/tmpepkmaqi6.cfg
default-rnd = rnd64
nlopt-cc = gcc -std=c99 -O3
opt-exact = true
develop = false
log-append-date = start
uncertainty = false
rel-error = true
opt-approx = false
proof-record = false
find-bounds = false
proof-dir = proofs
opt-f-abs-tol = 0.01
fail-on-exception = true
print-opt-lower-bounds = true
bb-compile = {base}/b_and_b/compile.sh {base} {input} {out}
z3-python-lib = 
opt-x-abs-tol = 0.01
export-error-bounds = 
opt-f-rel-tol = 0.01
export-options = 
opt-x-rel-tol = 0.0
rel-error-threshold = 0.0001
bb-alg = opt0
log-base-dir = log
intermediate-opt = false
z3-interval-bounds = true
opt-max-iters = 1000000
abs-error = true
z3-bin = 
maxima-simplification = false
print-hex-floats = true
debug = true
print-precision = 7
export-error-bounds-data = 
fp-power2-model = true
opt = auto
default-var-type = float64
verbosity = 2
ulp-error = false
opt-timeout = 10000
nlopt-lib = -lnlopt -lm
tmp-base-dir = tmp
unique-indices = false
z3-seed = 0
tmp-date = false
z3-python-cmd = python
const-approx-real-vars = false
print-second-order-errors = false
Resetting input_parser_env
eval_const_expr: 0
result: 0
eval_const_expr: 6
result: 6
eval_const_expr: 0
result: 0
eval_const_expr: 6
result: 6
eval_const_expr: 0
result: 0
eval_const_expr: 0
result: 0
eval_const_expr: 6
result: 6
eval_const_expr: 0
result: 0
eval_const_expr: 6
result: 6
eval_const_expr: 0
result: 0
eval_const_expr: 1
result: 1
eval_const_expr: 5
result: 5
eval_const_expr: 0
result: 0
eval_const_expr: 5
result: 5
eval_const_expr: 1
result: 1
eval_const_expr: 0
result: 0
eval_const_expr: 6
result: 6
eval_const_expr: 0
result: 0
eval_const_expr: 6
result: 6
eval_const_expr: 0
result: 0
eval_const_expr: 0
result: 0
eval_const_expr: 6
result: 6
eval_const_expr: 0
result: 0
eval_const_expr: 6
result: 6
eval_const_expr: 0
result: 0
eval_const_expr: 0
result: 0
eval_const_expr: 10
result: 10
eval_const_expr: 0
result: 0
eval_const_expr: 10
result: 10
eval_const_expr: 0
result: 0
Resetting input_parser_env
|tasks| = 1
Processing: result

*************************************
Taylor form for: rnd64((rnd64((rnd64((rnd64((-(rnd64(25)))) * rnd64((rnd64(x1) - rnd64(2))))) * rnd64((rnd64(x1) - rnd64(2))))) - rnd64((rnd64((rnd64((rnd64((rnd64((rnd64(x2) - rnd64(2))) * rnd64((rnd64(x2) - rnd64(2))))) + rnd64((rnd64((rnd64(x3) - rnd64(1))) * rnd64((rnd64(x3) - rnd64(1))))))) + rnd64((rnd64((rnd64(x4) - rnd64(4))) * rnd64((rnd64(x4) - rnd64(4))))))) + rnd64((rnd64((rnd64((rnd64(x5) - rnd64(1))) * rnd64((rnd64(x5) - rnd64(1))))) + rnd64((rnd64((rnd64(x6) - rnd64(4))) * rnd64((rnd64(x6) - rnd64(4)))))))))))

Conservative bound: [-509.000000, 200.000000]

Simplified rounding: rnd[64,ne,1.00,-53,0]((rnd64((rnd64(((-(25)) * rnd[64,ne,1.00,-53,0]((x1 - 2)))) * rnd[64,ne,1.00,-53,0]((x1 - 2)))) - rnd[64,ne,1.00,-53,0]((rnd[64,ne,1.00,-53,0]((rnd[64,ne,1.00,-53,0]((rnd64((rnd[64,ne,1.00,-53,0]((x2 - 2)) * rnd[64,ne,1.00,-53,0]((x2 - 2)))) + rnd64((rnd[64,ne,1.00,-53,0]((x3 - 1)) * rnd[64,ne,1.00,-53,0]((x3 - 1)))))) + rnd64((rnd[64,ne,1.00,-53,0]((x4 - 4)) * rnd[64,ne,1.00,-53,0]((x4 - 4)))))) + rnd[64,ne,1.00,-53,0]((rnd64((rnd[64,ne,1.00,-53,0]((x5 - 1)) * rnd[64,ne,1.00,-53,0]((x5 - 1)))) + rnd64((rnd[64,ne,1.00,-53,0]((x6 - 4)) * rnd[64,ne,1.00,-53,0]((x6 - 4))))))))))
Building Taylor forms...
const_form
neg_form
var_form
const_form
sub_form
rounded_form
mul_form
rounded_form
mul_form
rounded_form
var_form
sub_form
rounded_form
mul_form
rounded_form
var_form
const_form
sub_form
rounded_form
mul_form
rounded_form
add_form
rounded_form
var_form
const_form
sub_form
rounded_form
mul_form
rounded_form
add_form
rounded_form
var_form
sub_form
rounded_form
mul_form
rounded_form
var_form
sub_form
rounded_form
mul_form
rounded_form
add_form
rounded_form
add_form
rounded_form
sub_form
rounded_form
Taylor forms cache stats: num_bindings = 47, num_buckets = 1024, max_bucket_length = 5
Expr cache stats: num_bindings = 125, num_buckets = 65536, max_bucket_length = 7
Simplifying Taylor forms...
success
v0 = ((((-(25)) * (x1 - 2)) * (x1 - 2)) - (((((x2 - 2) * (x2 - 2)) + ((x3 - 1) * (x3 - 1))) + ((x4 - 4) * (x4 - 4))) + (((x5 - 1) * (x5 - 1)) + ((x6 - 4) * (x6 - 4)))))
-1: exp = -53: (2392537302040577/79228162514264337593543950336)
1: exp = -53: ((((-(25)) * (x1 - 2)) * floor_power2(((x1 - 2) + 0))) + ((x1 - 2) * ((-(25)) * floor_power2(((x1 - 2) + 0)))))
2: exp = -53: ((x1 - 2) * floor_power2((((-(25)) * (x1 - 2)) + interval(-5.55111512312578270212e-15, 5.55111512312578270212e-15))))
3: exp = -53: floor_power2(((((-(25)) * (x1 - 2)) * (x1 - 2)) + interval(-7.28306304154102816736e-14, 7.28306304154102816736e-14)))
4: exp = -53: (-((((x2 - 2) * floor_power2(((x2 - 2) + 0))) + ((x2 - 2) * floor_power2(((x2 - 2) + 0))))))
5: exp = -53: (-(floor_power2((((x2 - 2) * (x2 - 2)) + interval(-1.77635683940025085911e-15, 1.77635683940025085911e-15)))))
6: exp = -53: (-((((x3 - 1) * floor_power2(((x3 - 1) + 0))) + ((x3 - 1) * floor_power2(((x3 - 1) + 0))))))
7: exp = -53: (-(floor_power2((((x3 - 1) * (x3 - 1)) + interval(-1.77635683940025085911e-15, 1.77635683940025085911e-15)))))
8: exp = -53: (-(floor_power2(((((x2 - 2) * (x2 - 2)) + ((x3 - 1) * (x3 - 1))) + interval(-7.10542735760100343643e-15, 7.10542735760100343643e-15)))))
9: exp = -53: (-((((x4 - 4) * floor_power2(((x4 - 4) + 0))) + ((x4 - 4) * floor_power2(((x4 - 4) + 0))))))
10: exp = -53: (-(floor_power2((((x4 - 4) * (x4 - 4)) + interval(-1.77635683940025085911e-15, 1.77635683940025085911e-15)))))
11: exp = -53: (-(floor_power2((((((x2 - 2) * (x2 - 2)) + ((x3 - 1) * (x3 - 1))) + ((x4 - 4) * (x4 - 4))) + interval(-1.42108547152020068729e-14, 1.42108547152020068729e-14)))))
12: exp = -53: (-((((x5 - 1) * floor_power2(((x5 - 1) + 0))) + ((x5 - 1) * floor_power2(((x5 - 1) + 0))))))
13: exp = -53: (-(floor_power2((((x5 - 1) * (x5 - 1)) + interval(-4.44089209850062695056e-15, 4.44089209850062695056e-15)))))
14: exp = -53: (-((((x6 - 4) * floor_power2(((x6 - 4) + 0))) + ((x6 - 4) * floor_power2(((x6 - 4) + 0))))))
15: exp = -53: (-(floor_power2((((x6 - 4) * (x6 - 4)) + interval(-5.32907051820075218289e-15, 5.32907051820075218289e-15)))))
16: exp = -53: (-(floor_power2(((((x5 - 1) * (x5 - 1)) + ((x6 - 4) * (x6 - 4))) + interval(-1.50990331349021321052e-14, 1.50990331349021321052e-14)))))
17: exp = -53: (-(floor_power2(((((((x2 - 2) * (x2 - 2)) + ((x3 - 1) * (x3 - 1))) + ((x4 - 4) * (x4 - 4))) + (((x5 - 1) * (x5 - 1)) + ((x6 - 4) * (x6 - 4)))) + interval(-3.64153152077051408368e-14, 3.64153152077051408368e-14)))))
18: exp = -53: floor_power2((((((-(25)) * (x1 - 2)) * (x1 - 2)) - (((((x2 - 2) * (x2 - 2)) + ((x3 - 1) * (x3 - 1))) + ((x4 - 4) * (x4 - 4))) + (((x5 - 1) * (x5 - 1)) + ((x6 - 4) * (x6 - 4))))) + interval(-1.44773082411120438115e-13, 1.44773082411120438115e-13)))

Corresponding original subexpressions:
1: rnd[64,ne,1.00,-53,0]((x1 - 2))
2: rnd64(((-(25)) * rnd[64,ne,1.00,-53,0]((x1 - 2))))
3: rnd64((rnd64(((-(25)) * rnd[64,ne,1.00,-53,0]((x1 - 2)))) * rnd[64,ne,1.00,-53,0]((x1 - 2))))
4: rnd[64,ne,1.00,-53,0]((x2 - 2))
5: rnd64((rnd[64,ne,1.00,-53,0]((x2 - 2)) * rnd[64,ne,1.00,-53,0]((x2 - 2))))
6: rnd[64,ne,1.00,-53,0]((x3 - 1))
7: rnd64((rnd[64,ne,1.00,-53,0]((x3 - 1)) * rnd[64,ne,1.00,-53,0]((x3 - 1))))
8: rnd[64,ne,1.00,-53,0]((rnd64((rnd[64,ne,1.00,-53,0]((x2 - 2)) * rnd[64,ne,1.00,-53,0]((x2 - 2)))) + rnd64((rnd[64,ne,1.00,-53,0]((x3 - 1)) * rnd[64,ne,1.00,-53,0]((x3 - 1))))))
9: rnd[64,ne,1.00,-53,0]((x4 - 4))
10: rnd64((rnd[64,ne,1.00,-53,0]((x4 - 4)) * rnd[64,ne,1.00,-53,0]((x4 - 4))))
11: rnd[64,ne,1.00,-53,0]((rnd[64,ne,1.00,-53,0]((rnd64((rnd[64,ne,1.00,-53,0]((x2 - 2)) * rnd[64,ne,1.00,-53,0]((x2 - 2)))) + rnd64((rnd[64,ne,1.00,-53,0]((x3 - 1)) * rnd[64,ne,1.00,-53,0]((x3 - 1)))))) + rnd64((rnd[64,ne,1.00,-53,0]((x4 - 4)) * rnd[64,ne,1.00,-53,0]((x4 - 4))))))
12: rnd[64,ne,1.00,-53,0]((x5 - 1))
13: rnd64((rnd[64,ne,1.00,-53,0]((x5 - 1)) * rnd[64,ne,1.00,-53,0]((x5 - 1))))
14: rnd[64,ne,1.00,-53,0]((x6 - 4))
15: rnd64((rnd[64,ne,1.00,-53,0]((x6 - 4)) * rnd[64,ne,1.00,-53,0]((x6 - 4))))
16: rnd[64,ne,1.00,-53,0]((rnd64((rnd[64,ne,1.00,-53,0]((x5 - 1)) * rnd[64,ne,1.00,-53,0]((x5 - 1)))) + rnd64((rnd[64,ne,1.00,-53,0]((x6 - 4)) * rnd[64,ne,1.00,-53,0]((x6 - 4))))))
17: rnd[64,ne,1.00,-53,0]((rnd[64,ne,1.00,-53,0]((rnd[64,ne,1.00,-53,0]((rnd64((rnd[64,ne,1.00,-53,0]((x2 - 2)) * rnd[64,ne,1.00,-53,0]((x2 - 2)))) + rnd64((rnd[64,ne,1.00,-53,0]((x3 - 1)) * rnd[64,ne,1.00,-53,0]((x3 - 1)))))) + rnd64((rnd[64,ne,1.00,-53,0]((x4 - 4)) * rnd[64,ne,1.00,-53,0]((x4 - 4)))))) + rnd[64,ne,1.00,-53,0]((rnd64((rnd[64,ne,1.00,-53,0]((x5 - 1)) * rnd[64,ne,1.00,-53,0]((x5 - 1)))) + rnd64((rnd[64,ne,1.00,-53,0]((x6 - 4)) * rnd[64,ne,1.00,-53,0]((x6 - 4))))))))
18: rnd[64,ne,1.00,-53,0]((rnd64((rnd64(((-(25)) * rnd[64,ne,1.00,-53,0]((x1 - 2)))) * rnd[64,ne,1.00,-53,0]((x1 - 2)))) - rnd[64,ne,1.00,-53,0]((rnd[64,ne,1.00,-53,0]((rnd[64,ne,1.00,-53,0]((rnd64((rnd[64,ne,1.00,-53,0]((x2 - 2)) * rnd[64,ne,1.00,-53,0]((x2 - 2)))) + rnd64((rnd[64,ne,1.00,-53,0]((x3 - 1)) * rnd[64,ne,1.00,-53,0]((x3 - 1)))))) + rnd64((rnd[64,ne,1.00,-53,0]((x4 - 4)) * rnd[64,ne,1.00,-53,0]((x4 - 4)))))) + rnd[64,ne,1.00,-53,0]((rnd64((rnd[64,ne,1.00,-53,0]((x5 - 1)) * rnd[64,ne,1.00,-53,0]((x5 - 1)))) + rnd64((rnd[64,ne,1.00,-53,0]((x6 - 4)) * rnd[64,ne,1.00,-53,0]((x6 - 4))))))))))

Selected optimization method: bb
bb_opt: x_abs_tol = 1.000000e-02, f_rel_tol = 1.000000e-02, f_abs_tol = 1.000000e-02, iters = 1000000
iterations(min = 35, max = 131682): 131682
min = -5.090000e+02 (lower_min = -5.061406e+02)
max = 3.784180e-03 (lower_max = -6.866455e-04)
subopt = 2.859375e+00 (0.6%)
bounds: [-5.090000e+02, 3.784180e-03]

Computing absolute errors
Selected optimization method: bb-eval
bb-eval_opt: x_abs_tol = 1.000000e-02, f_rel_tol = 1.000000e-02, f_abs_tol = 1.000000e-02, iters = 1000000
rmin(result = 3.019807e-14, lower = 3.019807e-14), rmax(result = 3.019807e-14, lower = 3.019807e-14)
-1: exp = -53: 3.019807e-14 (low = 3.019807e-14, subopt = 0.0%)

Solving the exact optimization problem
Selected optimization method: bb
bb_opt: x_abs_tol = 1.000000e-02, f_rel_tol = 1.000000e-02, f_abs_tol = 1.000000e-02, iters = 1000000
iterations(min = 0, max = 1000000): 1000000
min = 0.000000e+00 (lower_min = 0.000000e+00)
max = 1.560000e+03 (lower_max = 1.519906e+03)
subopt = 4.009375e+01 (2.6%)
exact bound (exp = -53): 1.560000e+03 (low = 1.519906e+03, subopt = 2.6%)
total2: 3.352659e-30 (low = 3.352659e-30, subopt = 0.0%)
exact total: 1.731948e-13 (low = 1.687435e-13, subopt = 2.6%)

Computing relative errors
**WARNING**: 
Cannot compute the relative error: values of the function are close to zero

Elapsed time: 9.71213
*************************************

-------------------------------------------------------------------------------
Problem: result

Optimization lower bounds for error models:
The absolute error (exact) model: 1.687434e-13 (0x1.7bfap-43) (suboptimality = 2.6%)

Bounds (without rounding): [-5.090000e+2, 3.784180e-3]
Bounds (floating-point): [-5.090001e+2, 3.784180e-3]

Absolute error (exact): 1.731948e-13 (0x1.8600000000001p-43)

Elapsed time: 9.71

