Base path: /Users/laura.zielinski/FPTaylor
Config file: /Users/laura.zielinski/FPTaylor/default.cfg
Config file: /var/folders/38/q_vgzzt959nfc63ldktzz1gr0000gp/T/tmpbg30li6p.cfg
default-rnd = rnd64
nlopt-cc = gcc -std=c99 -O3
opt-exact = true
develop = false
log-append-date = start
uncertainty = false
rel-error = true
opt-approx = false
proof-record = false
find-bounds = false
proof-dir = proofs
opt-f-abs-tol = 0.01
fail-on-exception = true
print-opt-lower-bounds = true
bb-compile = {base}/b_and_b/compile.sh {base} {input} {out}
z3-python-lib = 
opt-x-abs-tol = 0.01
export-error-bounds = 
opt-f-rel-tol = 0.01
export-options = 
opt-x-rel-tol = 0.0
rel-error-threshold = 0.0001
bb-alg = opt0
log-base-dir = log
intermediate-opt = false
z3-interval-bounds = true
opt-max-iters = 1000000
abs-error = true
z3-bin = 
maxima-simplification = false
print-hex-floats = true
debug = true
print-precision = 7
export-error-bounds-data = 
fp-power2-model = true
opt = auto
default-var-type = float64
verbosity = 2
ulp-error = false
opt-timeout = 10000
nlopt-lib = -lnlopt -lm
tmp-base-dir = tmp
unique-indices = false
z3-seed = 0
tmp-date = false
z3-python-cmd = python
const-approx-real-vars = false
print-second-order-errors = false
Resetting input_parser_env
eval_const_expr: 9
result: 9
eval_const_expr: 9
result: 9
eval_const_expr: 0
result: 0
eval_const_expr: 9
result: 9
eval_const_expr: 9
result: 9
eval_const_expr: (471/100)
result: 471/100
eval_const_expr: (489/100)
result: 489/100
eval_const_expr: 0
result: 0
eval_const_expr: (489/100)
result: 489/100
eval_const_expr: (471/100)
result: 471/100
eval_const_expr: (471/100)
result: 471/100
eval_const_expr: (489/100)
result: 489/100
eval_const_expr: 0
result: 0
eval_const_expr: (489/100)
result: 489/100
eval_const_expr: (471/100)
result: 471/100
Resetting input_parser_env
|tasks| = 1
Processing: result

*************************************
Taylor form for: rnd64(sqrt(rnd64((rnd64((rnd64((rnd64((rnd64((rnd64((rnd64(a) + rnd64(b))) + rnd64(c))) / rnd64(2))) * rnd64((rnd64((rnd64((rnd64((rnd64(a) + rnd64(b))) + rnd64(c))) / rnd64(2))) - rnd64(a))))) * rnd64((rnd64((rnd64((rnd64((rnd64(a) + rnd64(b))) + rnd64(c))) / rnd64(2))) - rnd64(b))))) * rnd64((rnd64((rnd64((rnd64((rnd64(a) + rnd64(b))) + rnd64(c))) / rnd64(2))) - rnd64(c)))))))

Conservative bound: [6.007907, 8.955935]

Simplified rounding: rnd[64,ne,1.00,-53,0](sqrt(rnd64((rnd64((rnd64((rnd[64,ne,1.00,0,-1022]((rnd[64,ne,1.00,-53,0]((rnd[64,ne,1.00,-53,0]((a + b)) + c)) / 2)) * rnd[64,ne,1.00,-53,0]((rnd[64,ne,1.00,0,-1022]((rnd[64,ne,1.00,-53,0]((rnd[64,ne,1.00,-53,0]((a + b)) + c)) / 2)) - a)))) * rnd[64,ne,1.00,-53,0]((rnd[64,ne,1.00,0,-1022]((rnd[64,ne,1.00,-53,0]((rnd[64,ne,1.00,-53,0]((a + b)) + c)) / 2)) - b)))) * rnd[64,ne,1.00,-53,0]((rnd[64,ne,1.00,0,-1022]((rnd[64,ne,1.00,-53,0]((rnd[64,ne,1.00,-53,0]((a + b)) + c)) / 2)) - c))))))
Building Taylor forms...
var_form
var_form
add_form
rounded_form
var_form
add_form
rounded_form
const_form
div_form
inv_form
mul_form
rounded_form
sub_form
rounded_form
mul_form
rounded_form
sub_form
rounded_form
mul_form
rounded_form
sub_form
rounded_form
mul_form
rounded_form
sqrt_form
rounded_form
Taylor forms cache stats: num_bindings = 24, num_buckets = 1024, max_bucket_length = 1
Expr cache stats: num_bindings = 109, num_buckets = 65536, max_bucket_length = 1
Simplifying Taylor forms...
success
v0 = sqrt(((((((a + b) + c) * (1 / 2)) * ((((a + b) + c) * (1 / 2)) - a)) * ((((a + b) + c) * (1 / 2)) - b)) * ((((a + b) + c) * (1 / 2)) - c)))
-1: exp = -53: (2299266619864881/2475880078570760549798248448)
1: exp = -53: ((((((((a + b) + c) * (1 / 2)) * ((((a + b) + c) * (1 / 2)) - a)) * ((((a + b) + c) * (1 / 2)) - b)) * ((1 / 2) * floor_power2(((a + b) + 0)))) + (((((a + b) + c) * (1 / 2)) - c) * ((((((a + b) + c) * (1 / 2)) * ((((a + b) + c) * (1 / 2)) - a)) * ((1 / 2) * floor_power2(((a + b) + 0)))) + (((((a + b) + c) * (1 / 2)) - b) * (((((a + b) + c) * (1 / 2)) * ((1 / 2) * floor_power2(((a + b) + 0)))) + (((((a + b) + c) * (1 / 2)) - a) * ((1 / 2) * floor_power2(((a + b) + 0))))))))) / (2 * sqrt(((((((a + b) + c) * (1 / 2)) * ((((a + b) + c) * (1 / 2)) - a)) * ((((a + b) + c) * (1 / 2)) - b)) * ((((a + b) + c) * (1 / 2)) - c)))))
2: exp = -53: ((((((((a + b) + c) * (1 / 2)) * ((((a + b) + c) * (1 / 2)) - a)) * ((((a + b) + c) * (1 / 2)) - b)) * ((1 / 2) * floor_power2((((a + b) + c) + interval(-8.88178419700125232339e-16, 8.88178419700125232339e-16))))) + (((((a + b) + c) * (1 / 2)) - c) * ((((((a + b) + c) * (1 / 2)) * ((((a + b) + c) * (1 / 2)) - a)) * ((1 / 2) * floor_power2((((a + b) + c) + interval(-8.88178419700125232339e-16, 8.88178419700125232339e-16))))) + (((((a + b) + c) * (1 / 2)) - b) * (((((a + b) + c) * (1 / 2)) * ((1 / 2) * floor_power2((((a + b) + c) + interval(-8.88178419700125232339e-16, 8.88178419700125232339e-16))))) + (((((a + b) + c) * (1 / 2)) - a) * ((1 / 2) * floor_power2((((a + b) + c) + interval(-8.88178419700125232339e-16, 8.88178419700125232339e-16)))))))))) / (2 * sqrt(((((((a + b) + c) * (1 / 2)) * ((((a + b) + c) * (1 / 2)) - a)) * ((((a + b) + c) * (1 / 2)) - b)) * ((((a + b) + c) * (1 / 2)) - c)))))
-1: exp = -1022: ((8742708759600041/35184372088832) / (2 * sqrt(((((((a + b) + c) * (1 / 2)) * ((((a + b) + c) * (1 / 2)) - a)) * ((((a + b) + c) * (1 / 2)) - b)) * ((((a + b) + c) * (1 / 2)) - c)))))
3: exp = -53: ((((((a + b) + c) * (1 / 2)) - c) * (((((a + b) + c) * (1 / 2)) - b) * ((((a + b) + c) * (1 / 2)) * floor_power2((((((a + b) + c) * (1 / 2)) - a) + interval(-1.33226762955018804572e-15, 1.33226762955018804572e-15)))))) / (2 * sqrt(((((((a + b) + c) * (1 / 2)) * ((((a + b) + c) * (1 / 2)) - a)) * ((((a + b) + c) * (1 / 2)) - b)) * ((((a + b) + c) * (1 / 2)) - c)))))
4: exp = -53: ((((((a + b) + c) * (1 / 2)) - c) * (((((a + b) + c) * (1 / 2)) - b) * floor_power2((((((a + b) + c) * (1 / 2)) * ((((a + b) + c) * (1 / 2)) - a)) + interval(-1.32902022720316001031e-14, 1.32902022720316001031e-14))))) / (2 * sqrt(((((((a + b) + c) * (1 / 2)) * ((((a + b) + c) * (1 / 2)) - a)) * ((((a + b) + c) * (1 / 2)) - b)) * ((((a + b) + c) * (1 / 2)) - c)))))
5: exp = -53: ((((((a + b) + c) * (1 / 2)) - c) * (((((a + b) + c) * (1 / 2)) * ((((a + b) + c) * (1 / 2)) - a)) * floor_power2((((((a + b) + c) * (1 / 2)) - b) + interval(-1.33226762955018804572e-15, 1.33226762955018804572e-15))))) / (2 * sqrt(((((((a + b) + c) * (1 / 2)) * ((((a + b) + c) * (1 / 2)) - a)) * ((((a + b) + c) * (1 / 2)) - b)) * ((((a + b) + c) * (1 / 2)) - c)))))
6: exp = -53: ((((((a + b) + c) * (1 / 2)) - c) * floor_power2(((((((a + b) + c) * (1 / 2)) * ((((a + b) + c) * (1 / 2)) - a)) * ((((a + b) + c) * (1 / 2)) - b)) + interval(-6.97425117657247480345e-14, 6.97425117657247480345e-14)))) / (2 * sqrt(((((((a + b) + c) * (1 / 2)) * ((((a + b) + c) * (1 / 2)) - a)) * ((((a + b) + c) * (1 / 2)) - b)) * ((((a + b) + c) * (1 / 2)) - c)))))
7: exp = -53: (((((((a + b) + c) * (1 / 2)) * ((((a + b) + c) * (1 / 2)) - a)) * ((((a + b) + c) * (1 / 2)) - b)) * floor_power2((((((a + b) + c) * (1 / 2)) - c) + interval(-1.33226762955018804572e-15, 1.33226762955018804572e-15)))) / (2 * sqrt(((((((a + b) + c) * (1 / 2)) * ((((a + b) + c) * (1 / 2)) - a)) * ((((a + b) + c) * (1 / 2)) - b)) * ((((a + b) + c) * (1 / 2)) - c)))))
8: exp = -53: (floor_power2((((((((a + b) + c) * (1 / 2)) * ((((a + b) + c) * (1 / 2)) - a)) * ((((a + b) + c) * (1 / 2)) - b)) * ((((a + b) + c) * (1 / 2)) - c)) + interval(-3.65152624137721983596e-13, 3.65152624137721983596e-13))) / (2 * sqrt(((((((a + b) + c) * (1 / 2)) * ((((a + b) + c) * (1 / 2)) - a)) * ((((a + b) + c) * (1 / 2)) - b)) * ((((a + b) + c) * (1 / 2)) - c)))))
9: exp = -53: floor_power2((sqrt(((((((a + b) + c) * (1 / 2)) * ((((a + b) + c) * (1 / 2)) - a)) * ((((a + b) + c) * (1 / 2)) - b)) * ((((a + b) + c) * (1 / 2)) - c))) + interval(-3.09806763563328465882e-14, 3.09806763563328465882e-14)))

Corresponding original subexpressions:
1: rnd[64,ne,1.00,-53,0]((a + b))
2: rnd[64,ne,1.00,-53,0]((rnd[64,ne,1.00,-53,0]((a + b)) + c))
3: rnd[64,ne,1.00,-53,0]((rnd[64,ne,1.00,0,-1022]((rnd[64,ne,1.00,-53,0]((rnd[64,ne,1.00,-53,0]((a + b)) + c)) / 2)) - a))
4: rnd64((rnd[64,ne,1.00,0,-1022]((rnd[64,ne,1.00,-53,0]((rnd[64,ne,1.00,-53,0]((a + b)) + c)) / 2)) * rnd[64,ne,1.00,-53,0]((rnd[64,ne,1.00,0,-1022]((rnd[64,ne,1.00,-53,0]((rnd[64,ne,1.00,-53,0]((a + b)) + c)) / 2)) - a))))
5: rnd[64,ne,1.00,-53,0]((rnd[64,ne,1.00,0,-1022]((rnd[64,ne,1.00,-53,0]((rnd[64,ne,1.00,-53,0]((a + b)) + c)) / 2)) - b))
6: rnd64((rnd64((rnd[64,ne,1.00,0,-1022]((rnd[64,ne,1.00,-53,0]((rnd[64,ne,1.00,-53,0]((a + b)) + c)) / 2)) * rnd[64,ne,1.00,-53,0]((rnd[64,ne,1.00,0,-1022]((rnd[64,ne,1.00,-53,0]((rnd[64,ne,1.00,-53,0]((a + b)) + c)) / 2)) - a)))) * rnd[64,ne,1.00,-53,0]((rnd[64,ne,1.00,0,-1022]((rnd[64,ne,1.00,-53,0]((rnd[64,ne,1.00,-53,0]((a + b)) + c)) / 2)) - b))))
7: rnd[64,ne,1.00,-53,0]((rnd[64,ne,1.00,0,-1022]((rnd[64,ne,1.00,-53,0]((rnd[64,ne,1.00,-53,0]((a + b)) + c)) / 2)) - c))
8: rnd64((rnd64((rnd64((rnd[64,ne,1.00,0,-1022]((rnd[64,ne,1.00,-53,0]((rnd[64,ne,1.00,-53,0]((a + b)) + c)) / 2)) * rnd[64,ne,1.00,-53,0]((rnd[64,ne,1.00,0,-1022]((rnd[64,ne,1.00,-53,0]((rnd[64,ne,1.00,-53,0]((a + b)) + c)) / 2)) - a)))) * rnd[64,ne,1.00,-53,0]((rnd[64,ne,1.00,0,-1022]((rnd[64,ne,1.00,-53,0]((rnd[64,ne,1.00,-53,0]((a + b)) + c)) / 2)) - b)))) * rnd[64,ne,1.00,-53,0]((rnd[64,ne,1.00,0,-1022]((rnd[64,ne,1.00,-53,0]((rnd[64,ne,1.00,-53,0]((a + b)) + c)) / 2)) - c))))
9: rnd[64,ne,1.00,-53,0](sqrt(rnd64((rnd64((rnd64((rnd[64,ne,1.00,0,-1022]((rnd[64,ne,1.00,-53,0]((rnd[64,ne,1.00,-53,0]((a + b)) + c)) / 2)) * rnd[64,ne,1.00,-53,0]((rnd[64,ne,1.00,0,-1022]((rnd[64,ne,1.00,-53,0]((rnd[64,ne,1.00,-53,0]((a + b)) + c)) / 2)) - a)))) * rnd[64,ne,1.00,-53,0]((rnd[64,ne,1.00,0,-1022]((rnd[64,ne,1.00,-53,0]((rnd[64,ne,1.00,-53,0]((a + b)) + c)) / 2)) - b)))) * rnd[64,ne,1.00,-53,0]((rnd[64,ne,1.00,0,-1022]((rnd[64,ne,1.00,-53,0]((rnd[64,ne,1.00,-53,0]((a + b)) + c)) / 2)) - c))))))

Selected optimization method: bb-eval
bb-eval_opt: x_abs_tol = 1.000000e-02, f_rel_tol = 1.000000e-02, f_abs_tol = 1.000000e-02, iters = 1000000
bounds: [6.195654e+00, 8.697591e+00]

Computing absolute errors
Selected optimization method: bb-eval
bb-eval_opt: x_abs_tol = 1.000000e-02, f_rel_tol = 1.000000e-02, f_abs_tol = 1.000000e-02, iters = 1000000
rmin(result = 9.286664e-13, lower = 9.286664e-13), rmax(result = 9.286664e-13, lower = 9.286664e-13)
-1: exp = -53: 9.286664e-13 (low = 9.286664e-13, subopt = 0.0%)
Selected optimization method: bb-eval
bb-eval_opt: x_abs_tol = 1.000000e-02, f_rel_tol = 1.000000e-02, f_abs_tol = 1.000000e-02, iters = 1000000
rmin(result = 1.428457e+01, lower = 1.442742e+01), rmax(result = 2.005299e+01, lower = 1.985246e+01)
-1: exp = -1022: 2.005299e+01 (low = 1.985246e+01, subopt = 1.0%)

Solving the exact optimization problem
Selected optimization method: bb-eval
bb-eval_opt: x_abs_tol = 1.000000e-02, f_rel_tol = 1.000000e-02, f_abs_tol = 1.000000e-02, iters = 1000000
exact bound (exp = -53): 2.202122e+02 (low = 2.180486e+02, subopt = 1.0%)
total2: 1.031027e-28 (low = 1.031027e-28, subopt = 0.0%)
exact total: 2.444847e-14 (low = 2.420825e-14, subopt = 1.0%)

Computing relative errors
Selected optimization method: bb-eval
bb-eval_opt: x_abs_tol = 1.000000e-02, f_rel_tol = 1.000000e-02, f_abs_tol = 1.000000e-02, iters = 1000000
rmin(result = 9.286664e-13, lower = 9.286664e-13), rmax(result = 9.286664e-13, lower = 9.286664e-13)
-1: exp = -53: 9.286664e-13 (low = 9.286664e-13, subopt = 0.0%)
Selected optimization method: bb-eval
bb-eval_opt: x_abs_tol = 1.000000e-02, f_rel_tol = 1.000000e-02, f_abs_tol = 1.000000e-02, iters = 1000000
rmin(result = 1.428457e+01, lower = 1.442742e+01), rmax(result = 2.005299e+01, lower = 1.985246e+01)
-1: exp = -1022: 2.005299e+01 (low = 1.985246e+01, subopt = 1.0%)

Solving the exact optimization problem
Selected optimization method: bb-eval
bb-eval_opt: x_abs_tol = 1.000000e-02, f_rel_tol = 1.000000e-02, f_abs_tol = 1.000000e-02, iters = 1000000
exact bound-rel (exp = -53): 3.514113e+01 (low = 3.484186e+01, subopt = 0.9%)
total2: 1.664113e-29 (low = 1.185417e-29, subopt = 28.8%)
exact total-rel: 3.901449e-15 (low = 3.868223e-15, subopt = 0.9%)

Elapsed time: 0.01914
*************************************

-------------------------------------------------------------------------------
Problem: result

Optimization lower bounds for error models:
The absolute error (exact) model: 2.420825e-14 (0x1.b418de86a8e7ap-46) (suboptimality = 1.0%)
The relative error (exact) model: 3.868222e-15 (0x1.16bc1e99ef0bap-48) (suboptimality = 0.9%)

Bounds (without rounding): [6.195654, 8.697592]
Bounds (floating-point): [6.195654, 8.697592]

Absolute error (exact): 2.444848e-14 (0x1.b86caafadb515p-46)
Relative error (exact): 3.901449e-15 (0x1.192106dd39c18p-48)

Elapsed time: 0.02

