Base path: /Users/laura.zielinski/FPTaylor
Config file: /Users/laura.zielinski/FPTaylor/default.cfg
Config file: /var/folders/38/q_vgzzt959nfc63ldktzz1gr0000gp/T/tmpmmdyjraj.cfg
default-rnd = rnd64
nlopt-cc = gcc -std=c99 -O3
opt-exact = true
develop = false
log-append-date = start
uncertainty = false
rel-error = true
opt-approx = false
proof-record = false
find-bounds = false
proof-dir = proofs
opt-f-abs-tol = 0.01
fail-on-exception = true
print-opt-lower-bounds = true
bb-compile = {base}/b_and_b/compile.sh {base} {input} {out}
z3-python-lib = 
opt-x-abs-tol = 0.01
export-error-bounds = 
opt-f-rel-tol = 0.01
export-options = 
opt-x-rel-tol = 0.0
rel-error-threshold = 0.0001
bb-alg = opt0
log-base-dir = log
intermediate-opt = false
z3-interval-bounds = true
opt-max-iters = 1000000
abs-error = true
z3-bin = 
maxima-simplification = false
print-hex-floats = true
debug = true
print-precision = 7
export-error-bounds-data = 
fp-power2-model = true
opt = auto
default-var-type = float64
verbosity = 2
ulp-error = false
opt-timeout = 10000
nlopt-lib = -lnlopt -lm
tmp-base-dir = tmp
unique-indices = false
z3-seed = 0
tmp-date = false
z3-python-cmd = python
const-approx-real-vars = false
print-second-order-errors = false
Resetting input_parser_env
eval_const_expr: (100001/100000)
result: 100001/100000
eval_const_expr: 2
result: 2
eval_const_expr: 0
result: 0
eval_const_expr: 2
result: 2
eval_const_expr: (100001/100000)
result: 100001/100000
Resetting input_parser_env
|tasks| = 1
Processing: result

*************************************
Taylor form for: rnd64((rnd64(1) / rnd64((rnd64(x) + rnd64(1)))))

Conservative bound: [0.333333, 0.499998]

Simplified rounding: rnd64((1 / rnd[64,ne,1.00,-53,0]((x + 1))))
Building Taylor forms...
const_form
var_form
add_form
rounded_form
div_form
inv_form
mul_form
rounded_form
Taylor forms cache stats: num_bindings = 6, num_buckets = 1024, max_bucket_length = 1
Expr cache stats: num_bindings = 16, num_buckets = 65536, max_bucket_length = 1
Simplifying Taylor forms...
success
v0 = (1 * (1 / (x + 1)))
-1: exp = -53: (9007064148103253/162259276829213363391578010288128)
1: exp = -53: (1 * (-((floor_power2(((x + 1) + 0)) / ((x + 1) * (x + 1))))))
2: exp = -53: floor_power2(((1 * (1 / (x + 1))) + interval(-5.55105961239088659820e-17, 5.55105961239088659820e-17)))

Corresponding original subexpressions:
1: rnd[64,ne,1.00,-53,0]((x + 1))
2: rnd64((1 / rnd[64,ne,1.00,-53,0]((x + 1))))

Selected optimization method: bb-eval
bb-eval_opt: x_abs_tol = 1.000000e-02, f_rel_tol = 1.000000e-02, f_abs_tol = 1.000000e-02, iters = 1000000
bounds: [3.333333e-01, 4.999975e-01]

Computing absolute errors
Selected optimization method: bb-eval
bb-eval_opt: x_abs_tol = 1.000000e-02, f_rel_tol = 1.000000e-02, f_abs_tol = 1.000000e-02, iters = 1000000
rmin(result = 5.551032e-17, lower = 5.551032e-17), rmax(result = 5.551032e-17, lower = 5.551032e-17)
-1: exp = -53: 5.551032e-17 (low = 5.551032e-17, subopt = 0.0%)

Solving the exact optimization problem
Selected optimization method: bb-eval
bb-eval_opt: x_abs_tol = 1.000000e-02, f_rel_tol = 1.000000e-02, f_abs_tol = 1.000000e-02, iters = 1000000
exact bound (exp = -53): 7.499950e-01 (low = 7.499950e-01, subopt = 0.0%)
total2: 6.162883e-33 (low = 6.162883e-33, subopt = 0.0%)
exact total: 8.326617e-17 (low = 8.326617e-17, subopt = 0.0%)

Computing relative errors
Selected optimization method: bb-eval
bb-eval_opt: x_abs_tol = 1.000000e-02, f_rel_tol = 1.000000e-02, f_abs_tol = 1.000000e-02, iters = 1000000
rmin(result = 5.551032e-17, lower = 5.551032e-17), rmax(result = 5.551032e-17, lower = 5.551032e-17)
-1: exp = -53: 5.551032e-17 (low = 5.551032e-17, subopt = 0.0%)

Solving the exact optimization problem
Selected optimization method: bb-eval
bb-eval_opt: x_abs_tol = 1.000000e-02, f_rel_tol = 1.000000e-02, f_abs_tol = 1.000000e-02, iters = 1000000
exact bound-rel (exp = -53): 1.523435e+00 (low = 1.499998e+00, subopt = 1.5%)
total2: 1.848865e-32 (low = 1.232583e-32, subopt = 33.3%)
exact total-rel: 1.691352e-16 (low = 1.665332e-16, subopt = 1.5%)

Elapsed time: 0.00380
*************************************

-------------------------------------------------------------------------------
Problem: result

Optimization lower bounds for error models:
The absolute error (exact) model: 8.326617e-17 (0x1.7fff583aa62f5p-54) (suboptimality = 0.0%)
The relative error (exact) model: 1.665331e-16 (0x1.7fffd60eb06aep-53) (suboptimality = 1.5%)

Bounds (without rounding): [3.333333e-1, 4.999976e-1]
Bounds (floating-point): [3.333333e-1, 4.999976e-1]

Absolute error (exact): 8.326618e-17 (0x1.7fff583aa62fap-54)
Relative error (exact): 1.691353e-16 (0x1.85ffcf80fab24p-53)

Elapsed time: 0.00

