Base path: /Users/laura.zielinski/FPTaylor
Config file: /Users/laura.zielinski/FPTaylor/default.cfg
Config file: /var/folders/38/q_vgzzt959nfc63ldktzz1gr0000gp/T/tmpb24xntem.cfg
default-rnd = rnd64
nlopt-cc = gcc -std=c99 -O3
opt-exact = true
develop = false
log-append-date = start
uncertainty = false
rel-error = true
opt-approx = false
proof-record = false
find-bounds = false
proof-dir = proofs
opt-f-abs-tol = 0.01
fail-on-exception = true
print-opt-lower-bounds = true
bb-compile = {base}/b_and_b/compile.sh {base} {input} {out}
z3-python-lib = 
opt-x-abs-tol = 0.01
export-error-bounds = 
opt-f-rel-tol = 0.01
export-options = 
opt-x-rel-tol = 0.0
rel-error-threshold = 0.0001
bb-alg = opt0
log-base-dir = log
intermediate-opt = false
z3-interval-bounds = true
opt-max-iters = 1000000
abs-error = true
z3-bin = 
maxima-simplification = false
print-hex-floats = true
debug = true
print-precision = 7
export-error-bounds-data = 
fp-power2-model = true
opt = auto
default-var-type = float64
verbosity = 2
ulp-error = false
opt-timeout = 10000
nlopt-lib = -lnlopt -lm
tmp-base-dir = tmp
unique-indices = false
z3-seed = 0
tmp-date = false
z3-python-cmd = python
const-approx-real-vars = false
print-second-order-errors = false
Resetting input_parser_env
eval_const_expr: 1
result: 1
eval_const_expr: 100
result: 100
eval_const_expr: 0
result: 0
eval_const_expr: 100
result: 100
eval_const_expr: 1
result: 1
eval_const_expr: 1
result: 1
eval_const_expr: 100
result: 100
eval_const_expr: 0
result: 0
eval_const_expr: 100
result: 100
eval_const_expr: 1
result: 1
eval_const_expr: 1
result: 1
eval_const_expr: 100
result: 100
eval_const_expr: 0
result: 0
eval_const_expr: 100
result: 100
eval_const_expr: 1
result: 1
eval_const_expr: 1
result: 1
eval_const_expr: 100
result: 100
eval_const_expr: 0
result: 0
eval_const_expr: 100
result: 100
eval_const_expr: 1
result: 1
Resetting input_parser_env
|tasks| = 1
Processing: result

*************************************
Taylor form for: rnd64((rnd64((rnd64((rnd64((rnd64(d1) * rnd64(d2))) - rnd64((rnd64(d1) * rnd64(d3))))) + rnd64((rnd64(d4) * rnd64(d1))))) - rnd64((rnd64(d1) * rnd64(d1)))))

Conservative bound: [-19998.000000, 19998.000000]

Simplified rounding: rnd[64,ne,1.00,-53,0]((rnd[64,ne,1.00,-53,0]((rnd[64,ne,1.00,-53,0]((rnd64((d1 * d2)) - rnd64((d1 * d3)))) + rnd64((d4 * d1)))) - rnd64((d1 * d1))))
Building Taylor forms...
var_form
var_form
mul_form
rounded_form
var_form
mul_form
rounded_form
sub_form
rounded_form
var_form
mul_form
rounded_form
add_form
rounded_form
mul_form
rounded_form
sub_form
rounded_form
Taylor forms cache stats: num_bindings = 18, num_buckets = 1024, max_bucket_length = 1
Expr cache stats: num_bindings = 32, num_buckets = 65536, max_bucket_length = 1
Simplifying Taylor forms...
success
v0 = ((((d1 * d2) - (d1 * d3)) + (d4 * d1)) - (d1 * d1))
-1: exp = -53: (1/1247400193459199882285232945648024103792157037772160963439092026523257432418102541115598728432897313180839029277620309527482773742745996037961982373928019637700003545594428547823461075902726866989158347965339952495831756534450543993055534542780027598441950566797347526026474059518965006204928)
1: exp = -53: floor_power2(((d1 * d2) + 0))
2: exp = -53: (-(floor_power2(((d1 * d3) + 0))))
3: exp = -53: floor_power2((((d1 * d2) - (d1 * d3)) + interval(-1.81898940354585687973e-12, 1.81898940354585687973e-12)))
4: exp = -53: floor_power2(((d4 * d1) + 0))
5: exp = -53: floor_power2(((((d1 * d2) - (d1 * d3)) + (d4 * d1)) + interval(-3.63797880709171375945e-12, 3.63797880709171375945e-12)))
6: exp = -53: (-(floor_power2(((d1 * d1) + 0))))
7: exp = -53: floor_power2((((((d1 * d2) - (d1 * d3)) + (d4 * d1)) - (d1 * d1)) + interval(-6.36646291241049847320e-12, 6.36646291241049847320e-12)))

Corresponding original subexpressions:
1: rnd64((d1 * d2))
2: rnd64((d1 * d3))
3: rnd[64,ne,1.00,-53,0]((rnd64((d1 * d2)) - rnd64((d1 * d3))))
4: rnd64((d4 * d1))
5: rnd[64,ne,1.00,-53,0]((rnd[64,ne,1.00,-53,0]((rnd64((d1 * d2)) - rnd64((d1 * d3)))) + rnd64((d4 * d1))))
6: rnd64((d1 * d1))
7: rnd[64,ne,1.00,-53,0]((rnd[64,ne,1.00,-53,0]((rnd[64,ne,1.00,-53,0]((rnd64((d1 * d2)) - rnd64((d1 * d3)))) + rnd64((d4 * d1)))) - rnd64((d1 * d1))))

Selected optimization method: bb
bb_opt: x_abs_tol = 1.000000e-02, f_rel_tol = 1.000000e-02, f_abs_tol = 1.000000e-02, iters = 1000000
iterations(min = 297, max = 2061): 2061
min = -1.980155e+04 (lower_min = -1.964531e+04)
max = 9.938915e+03 (lower_max = 9.861802e+03)
subopt = 1.562344e+02 (0.8%)
bounds: [-1.980155e+04, 9.938915e+03]

Computing absolute errors
Selected optimization method: bb-eval
bb-eval_opt: x_abs_tol = 1.000000e-02, f_rel_tol = 1.000000e-02, f_abs_tol = 1.000000e-02, iters = 1000000
rmin(result = 8.016673e-292, lower = 8.016673e-292), rmax(result = 8.016673e-292, lower = 8.016673e-292)
-1: exp = -53: 8.016673e-292 (low = 8.016673e-292, subopt = 0.0%)

Solving the exact optimization problem
Selected optimization method: bb
bb_opt: x_abs_tol = 1.000000e-02, f_rel_tol = 1.000000e-02, f_abs_tol = 1.000000e-02, iters = 1000000
iterations(min = 0, max = 103): 103
min = 0.000000e+00 (lower_min = 0.000000e+00)
max = 5.836800e+04 (lower_max = 5.836800e+04)
subopt = 0.000000e+00 (0.0%)
exact bound (exp = -53): 5.836800e+04 (low = 5.836800e+04, subopt = 0.0%)
total2: 8.900295e-308 (low = 8.900295e-308, subopt = 0.0%)
exact total: 6.480150e-12 (low = 6.480150e-12, subopt = 0.0%)

Computing relative errors
**WARNING**: 
Cannot compute the relative error: values of the function are close to zero

Elapsed time: 0.91820
*************************************

-------------------------------------------------------------------------------
Problem: result

Optimization lower bounds for error models:
The absolute error (exact) model: 6.480149e-12 (0x1.c8p-38) (suboptimality = 0.0%)

Bounds (without rounding): [-1.980155e+4, 9.938916e+3]
Bounds (floating-point): [-1.980155e+4, 9.938916e+3]

Absolute error (exact): 6.480150e-12 (0x1.c800000000001p-38)

Elapsed time: 0.92

