Base path: /Users/laura.zielinski/FPTaylor
Config file: /Users/laura.zielinski/FPTaylor/default.cfg
Config file: /var/folders/38/q_vgzzt959nfc63ldktzz1gr0000gp/T/tmpsi028cbu.cfg
default-rnd = rnd64
nlopt-cc = gcc -std=c99 -O3
opt-exact = true
develop = false
log-append-date = start
uncertainty = false
rel-error = true
opt-approx = false
proof-record = false
find-bounds = false
proof-dir = proofs
opt-f-abs-tol = 0.01
fail-on-exception = true
print-opt-lower-bounds = true
bb-compile = {base}/b_and_b/compile.sh {base} {input} {out}
z3-python-lib = 
opt-x-abs-tol = 0.01
export-error-bounds = 
opt-f-rel-tol = 0.01
export-options = 
opt-x-rel-tol = 0.0
rel-error-threshold = 0.0001
bb-alg = opt0
log-base-dir = log
intermediate-opt = false
z3-interval-bounds = true
opt-max-iters = 1000000
abs-error = true
z3-bin = 
maxima-simplification = false
print-hex-floats = true
debug = true
print-precision = 7
export-error-bounds-data = 
fp-power2-model = true
opt = auto
default-var-type = float64
verbosity = 2
ulp-error = false
opt-timeout = 10000
nlopt-lib = -lnlopt -lm
tmp-base-dir = tmp
unique-indices = false
z3-seed = 0
tmp-date = false
z3-python-cmd = python
const-approx-real-vars = false
print-second-order-errors = false
Resetting input_parser_env
eval_const_expr: 4
result: 4
eval_const_expr: (159/25)
result: 159/25
eval_const_expr: 0
result: 0
eval_const_expr: (159/25)
result: 159/25
eval_const_expr: 4
result: 4
eval_const_expr: 4
result: 4
eval_const_expr: (159/25)
result: 159/25
eval_const_expr: 0
result: 0
eval_const_expr: (159/25)
result: 159/25
eval_const_expr: 4
result: 4
eval_const_expr: 4
result: 4
eval_const_expr: (159/25)
result: 159/25
eval_const_expr: 0
result: 0
eval_const_expr: (159/25)
result: 159/25
eval_const_expr: 4
result: 4
eval_const_expr: 4
result: 4
eval_const_expr: (159/25)
result: 159/25
eval_const_expr: 0
result: 0
eval_const_expr: (159/25)
result: 159/25
eval_const_expr: 4
result: 4
eval_const_expr: 4
result: 4
eval_const_expr: (159/25)
result: 159/25
eval_const_expr: 0
result: 0
eval_const_expr: (159/25)
result: 159/25
eval_const_expr: 4
result: 4
eval_const_expr: 4
result: 4
eval_const_expr: (159/25)
result: 159/25
eval_const_expr: 0
result: 0
eval_const_expr: (159/25)
result: 159/25
eval_const_expr: 4
result: 4
Resetting input_parser_env
|tasks| = 1
Processing: result

*************************************
Taylor form for: rnd64((-(rnd64((rnd64((rnd64((rnd64((rnd64(x5) * rnd64((rnd64(x6) * rnd64(x4))))) + rnd64((rnd64((rnd64(x1) * rnd64((rnd64((rnd64(x6) * rnd64(x2))) - rnd64((rnd64((rnd64(x5) + rnd64((rnd64((rnd64(x3) - rnd64(x1))) - rnd64((rnd64(x4) - rnd64(x2))))))) * rnd64(x4))))))) - rnd64((rnd64(x1) * rnd64((rnd64(x6) * rnd64(x4))))))))) - rnd64((rnd64(x5) * rnd64((rnd64((rnd64(x3) - rnd64((rnd64((rnd64(x5) - rnd64(x4))) - rnd64((rnd64(x1) - rnd64(x2))))))) * rnd64(x2))))))) - rnd64((rnd64((rnd64((rnd64(x6) * rnd64(x2))) * rnd64(x5))) - rnd64((rnd64(x3) * rnd64((rnd64((rnd64((rnd64((rnd64(x4) * rnd64(x2))) - rnd64((rnd64(x6) * rnd64(x4))))) - rnd64((rnd64((rnd64(x1) + rnd64((rnd64((rnd64(x2) - rnd64(x3))) + rnd64((rnd64(x5) - rnd64(x6))))))) * rnd64(x6))))) + rnd64((rnd64(x5) * rnd64(x1))))))))))))))

Conservative bound: [-886.648960, 1747.043072]

Simplified rounding: (-(rnd[64,ne,1.00,-53,0]((rnd[64,ne,1.00,-53,0]((rnd[64,ne,1.00,-53,0]((rnd64((x5 * rnd64((x6 * x4)))) + rnd[64,ne,1.00,-53,0]((rnd64((x1 * rnd[64,ne,1.00,-53,0]((rnd64((x6 * x2)) - rnd64((rnd[64,ne,1.00,-53,0]((x5 + rnd[64,ne,1.00,-53,0]((rnd[64,ne,1.00,-53,0]((x3 - x1)) - rnd[64,ne,1.00,-53,0]((x4 - x2)))))) * x4)))))) - rnd64((x1 * rnd64((x6 * x4)))))))) - rnd64((x5 * rnd64((rnd[64,ne,1.00,-53,0]((x3 - rnd[64,ne,1.00,-53,0]((rnd[64,ne,1.00,-53,0]((x5 - x4)) - rnd[64,ne,1.00,-53,0]((x1 - x2)))))) * x2)))))) - rnd[64,ne,1.00,-53,0]((rnd64((rnd64((x6 * x2)) * x5)) - rnd64((x3 * rnd[64,ne,1.00,-53,0]((rnd[64,ne,1.00,-53,0]((rnd[64,ne,1.00,-53,0]((rnd64((x4 * x2)) - rnd64((x6 * x4)))) - rnd64((rnd[64,ne,1.00,-53,0]((x1 + rnd[64,ne,1.00,-53,0]((rnd[64,ne,1.00,-53,0]((x2 - x3)) + rnd[64,ne,1.00,-53,0]((x5 - x6)))))) * x6)))) + rnd64((x5 * x1))))))))))))
Building Taylor forms...
var_form
var_form
var_form
mul_form
rounded_form
mul_form
rounded_form
var_form
var_form
mul_form
rounded_form
var_form
sub_form
rounded_form
sub_form
rounded_form
sub_form
rounded_form
add_form
rounded_form
mul_form
rounded_form
sub_form
rounded_form
mul_form
rounded_form
mul_form
rounded_form
sub_form
rounded_form
add_form
rounded_form
sub_form
rounded_form
sub_form
rounded_form
sub_form
rounded_form
sub_form
rounded_form
mul_form
rounded_form
mul_form
rounded_form
sub_form
rounded_form
mul_form
rounded_form
mul_form
rounded_form
sub_form
rounded_form
sub_form
rounded_form
sub_form
rounded_form
add_form
rounded_form
add_form
rounded_form
mul_form
rounded_form
sub_form
rounded_form
mul_form
rounded_form
add_form
rounded_form
mul_form
rounded_form
sub_form
rounded_form
sub_form
rounded_form
neg_form
Taylor forms cache stats: num_bindings = 75, num_buckets = 1024, max_bucket_length = 2
Expr cache stats: num_bindings = 240, num_buckets = 65536, max_bucket_length = 1
Simplifying Taylor forms...
success
v0 = (-(((((x5 * (x6 * x4)) + ((x1 * ((x6 * x2) - ((x5 + ((x3 - x1) - (x4 - x2))) * x4))) - (x1 * (x6 * x4)))) - (x5 * ((x3 - ((x5 - x4) - (x1 - x2))) * x2))) - (((x6 * x2) * x5) - (x3 * ((((x4 * x2) - (x6 * x4)) - ((x1 + ((x2 - x3) + (x5 - x6))) * x6)) + (x5 * x1)))))))
-1: exp = -53: (-((612208074345677/43888992550349509466047490009497674160595141087458656560896015907649579054077383577321405596290902348906277802702976893959665470901957183225792829745965362396915989605680050116284721582335472197132100330098878361532751631431265351922342068003131649698083620772604076718737120590449149488485194416412164096)))
1: exp = -53: (-((((x5 * floor_power2(((x6 * x4) + 0))) + (-((x1 * floor_power2(((x6 * x4) + 0)))))) + (-((-((x3 * (-(floor_power2(((x6 * x4) + 0))))))))))))
2: exp = -53: (-(floor_power2(((x5 * (x6 * x4)) + interval(-2.25952589971711902021e-14, 2.25952589971711902021e-14)))))
3: exp = -53: (-(((x1 * floor_power2(((x6 * x2) + 0))) + (-((x5 * floor_power2(((x6 * x2) + 0))))))))
4: exp = -53: (-((x1 * (-((x4 * floor_power2(((x3 - x1) + 0))))))))
5: exp = -53: (-((x1 * (-((x4 * (-(floor_power2(((x4 - x2) + 0))))))))))
6: exp = -53: (-((x1 * (-((x4 * floor_power2((((x3 - x1) - (x4 - x2)) + interval(-4.44089209850062616169e-16, 4.44089209850062616169e-16)))))))))
7: exp = -53: (-((x1 * (-((x4 * floor_power2(((x5 + ((x3 - x1) - (x4 - x2))) + interval(-8.88178419700125232339e-16, 8.88178419700125232339e-16)))))))))
8: exp = -53: (-((x1 * (-(floor_power2((((x5 + ((x3 - x1) - (x4 - x2))) * x4) + interval(-1.12976294985855935233e-14, 1.12976294985855935233e-14))))))))
9: exp = -53: (-((x1 * floor_power2((((x6 * x2) - ((x5 + ((x3 - x1) - (x4 - x2))) * x4)) + interval(-2.19557705349871010446e-14, 2.19557705349871010446e-14))))))
10: exp = -53: (-(floor_power2(((x1 * ((x6 * x2) - ((x5 + ((x3 - x1) - (x4 - x2))) * x4))) + interval(-1.62233959599689189196e-13, 1.62233959599689189196e-13)))))
11: exp = -53: (-((-(floor_power2(((x1 * (x6 * x4)) + interval(-2.25952589971711902021e-14, 2.25952589971711902021e-14)))))))
12: exp = -53: (-(floor_power2((((x1 * ((x6 * x2) - ((x5 + ((x3 - x1) - (x4 - x2))) * x4))) - (x1 * (x6 * x4))) + interval(-2.41672637457668413201e-13, 2.41672637457668413201e-13)))))
13: exp = -53: (-(floor_power2((((x5 * (x6 * x4)) + ((x1 * ((x6 * x2) - ((x5 + ((x3 - x1) - (x4 - x2))) * x4))) - (x1 * (x6 * x4)))) + interval(-3.23385052070079934576e-13, 3.23385052070079934576e-13)))))
14: exp = -53: (-((-((x5 * (x2 * (-(floor_power2(((x5 - x4) + 0))))))))))
15: exp = -53: (-((-((x5 * (x2 * (-((-(floor_power2(((x1 - x2) + 0))))))))))))
16: exp = -53: (-((-((x5 * (x2 * (-(floor_power2((((x5 - x4) - (x1 - x2)) + interval(-4.44089209850062616169e-16, 4.44089209850062616169e-16)))))))))))
17: exp = -53: (-((-((x5 * (x2 * floor_power2(((x3 - ((x5 - x4) - (x1 - x2))) + interval(-8.88178419700125232339e-16, 8.88178419700125232339e-16)))))))))
18: exp = -53: (-((-((x5 * floor_power2((((x3 - ((x5 - x4) - (x1 - x2))) * x2) + interval(-1.12976294985855935233e-14, 1.12976294985855935233e-14))))))))
19: exp = -53: (-((-(floor_power2(((x5 * ((x3 - ((x5 - x4) - (x1 - x2))) * x2)) + interval(-1.17043441605346796170e-13, 1.17043441605346796170e-13)))))))
20: exp = -53: (-(floor_power2(((((x5 * (x6 * x4)) + ((x1 * ((x6 * x2) - ((x5 + ((x3 - x1) - (x4 - x2))) * x4))) - (x1 * (x6 * x4)))) - (x5 * ((x3 - ((x5 - x4) - (x1 - x2))) * x2))) + interval(-5.25693621966638854025e-13, 5.25693621966638854025e-13)))))
21: exp = -53: (-((-(floor_power2((((x6 * x2) * x5) + interval(-2.25952589971711902021e-14, 2.25952589971711902021e-14)))))))
22: exp = -53: (-((-((-((x3 * floor_power2(((x4 * x2) + 0)))))))))
23: exp = -53: (-((-((-((x3 * floor_power2((((x4 * x2) - (x6 * x4)) + interval(-7.10542735760100343643e-15, 7.10542735760100343643e-15))))))))))
24: exp = -53: (-((-((-((x3 * (-((x6 * floor_power2(((x2 - x3) + 0))))))))))))
25: exp = -53: (-((-((-((x3 * (-((x6 * floor_power2(((x5 - x6) + 0))))))))))))
26: exp = -53: (-((-((-((x3 * (-((x6 * floor_power2((((x2 - x3) + (x5 - x6)) + interval(-4.44089209850062616169e-16, 4.44089209850062616169e-16)))))))))))))
27: exp = -53: (-((-((-((x3 * (-((x6 * floor_power2(((x1 + ((x2 - x3) + (x5 - x6))) + interval(-8.88178419700125232339e-16, 8.88178419700125232339e-16)))))))))))))
28: exp = -53: (-((-((-((x3 * (-(floor_power2((((x1 + ((x2 - x3) + (x5 - x6))) * x6) + interval(-1.12976294985855935233e-14, 1.12976294985855935233e-14))))))))))))
29: exp = -53: (-((-((-((x3 * floor_power2(((((x4 * x2) - (x6 * x4)) - ((x1 + ((x2 - x3) + (x5 - x6))) * x6)) + interval(-2.72848410531878555940e-14, 2.72848410531878555940e-14))))))))))
30: exp = -53: (-((-((-((x3 * floor_power2(((x5 * x1) + 0)))))))))
31: exp = -53: (-((-((-((x3 * floor_power2((((((x4 * x2) - (x6 * x4)) - ((x1 + ((x2 - x3) + (x5 - x6))) * x6)) + (x5 * x1)) + interval(-3.79429820895893615376e-14, 3.79429820895893615376e-14))))))))))
32: exp = -53: (-((-((-(floor_power2(((x3 * ((((x4 * x2) - (x6 * x4)) - ((x1 + ((x2 - x3) + (x5 - x6))) * x6)) + (x5 * x1))) + interval(-2.86507884084130852059e-13, 2.86507884084130852059e-13)))))))))
33: exp = -53: (-((-(floor_power2(((((x6 * x2) * x5) - (x3 * ((((x4 * x2) - (x6 * x4)) - ((x1 + ((x2 - x3) + (x5 - x6))) * x6)) + (x5 * x1)))) + interval(-3.65946561942110101307e-13, 3.65946561942110101307e-13)))))))
34: exp = -53: (-(floor_power2((((((x5 * (x6 * x4)) + ((x1 * ((x6 * x2) - ((x5 + ((x3 - x1) - (x4 - x2))) * x4))) - (x1 * (x6 * x4)))) - (x5 * ((x3 - ((x5 - x4) - (x1 - x2))) * x2))) - (((x6 * x2) * x5) - (x3 * ((((x4 * x2) - (x6 * x4)) - ((x1 + ((x2 - x3) + (x5 - x6))) * x6)) + (x5 * x1))))) + interval(-9.79179048954393956583e-13, 9.79179048954393956583e-13)))))

Corresponding original subexpressions:
1: rnd64((x6 * x4))
2: rnd64((x5 * rnd64((x6 * x4))))
3: rnd64((x6 * x2))
4: rnd[64,ne,1.00,-53,0]((x3 - x1))
5: rnd[64,ne,1.00,-53,0]((x4 - x2))
6: rnd[64,ne,1.00,-53,0]((rnd[64,ne,1.00,-53,0]((x3 - x1)) - rnd[64,ne,1.00,-53,0]((x4 - x2))))
7: rnd[64,ne,1.00,-53,0]((x5 + rnd[64,ne,1.00,-53,0]((rnd[64,ne,1.00,-53,0]((x3 - x1)) - rnd[64,ne,1.00,-53,0]((x4 - x2))))))
8: rnd64((rnd[64,ne,1.00,-53,0]((x5 + rnd[64,ne,1.00,-53,0]((rnd[64,ne,1.00,-53,0]((x3 - x1)) - rnd[64,ne,1.00,-53,0]((x4 - x2)))))) * x4))
9: rnd[64,ne,1.00,-53,0]((rnd64((x6 * x2)) - rnd64((rnd[64,ne,1.00,-53,0]((x5 + rnd[64,ne,1.00,-53,0]((rnd[64,ne,1.00,-53,0]((x3 - x1)) - rnd[64,ne,1.00,-53,0]((x4 - x2)))))) * x4))))
10: rnd64((x1 * rnd[64,ne,1.00,-53,0]((rnd64((x6 * x2)) - rnd64((rnd[64,ne,1.00,-53,0]((x5 + rnd[64,ne,1.00,-53,0]((rnd[64,ne,1.00,-53,0]((x3 - x1)) - rnd[64,ne,1.00,-53,0]((x4 - x2)))))) * x4))))))
11: rnd64((x1 * rnd64((x6 * x4))))
12: rnd[64,ne,1.00,-53,0]((rnd64((x1 * rnd[64,ne,1.00,-53,0]((rnd64((x6 * x2)) - rnd64((rnd[64,ne,1.00,-53,0]((x5 + rnd[64,ne,1.00,-53,0]((rnd[64,ne,1.00,-53,0]((x3 - x1)) - rnd[64,ne,1.00,-53,0]((x4 - x2)))))) * x4)))))) - rnd64((x1 * rnd64((x6 * x4))))))
13: rnd[64,ne,1.00,-53,0]((rnd64((x5 * rnd64((x6 * x4)))) + rnd[64,ne,1.00,-53,0]((rnd64((x1 * rnd[64,ne,1.00,-53,0]((rnd64((x6 * x2)) - rnd64((rnd[64,ne,1.00,-53,0]((x5 + rnd[64,ne,1.00,-53,0]((rnd[64,ne,1.00,-53,0]((x3 - x1)) - rnd[64,ne,1.00,-53,0]((x4 - x2)))))) * x4)))))) - rnd64((x1 * rnd64((x6 * x4))))))))
14: rnd[64,ne,1.00,-53,0]((x5 - x4))
15: rnd[64,ne,1.00,-53,0]((x1 - x2))
16: rnd[64,ne,1.00,-53,0]((rnd[64,ne,1.00,-53,0]((x5 - x4)) - rnd[64,ne,1.00,-53,0]((x1 - x2))))
17: rnd[64,ne,1.00,-53,0]((x3 - rnd[64,ne,1.00,-53,0]((rnd[64,ne,1.00,-53,0]((x5 - x4)) - rnd[64,ne,1.00,-53,0]((x1 - x2))))))
18: rnd64((rnd[64,ne,1.00,-53,0]((x3 - rnd[64,ne,1.00,-53,0]((rnd[64,ne,1.00,-53,0]((x5 - x4)) - rnd[64,ne,1.00,-53,0]((x1 - x2)))))) * x2))
19: rnd64((x5 * rnd64((rnd[64,ne,1.00,-53,0]((x3 - rnd[64,ne,1.00,-53,0]((rnd[64,ne,1.00,-53,0]((x5 - x4)) - rnd[64,ne,1.00,-53,0]((x1 - x2)))))) * x2))))
20: rnd[64,ne,1.00,-53,0]((rnd[64,ne,1.00,-53,0]((rnd64((x5 * rnd64((x6 * x4)))) + rnd[64,ne,1.00,-53,0]((rnd64((x1 * rnd[64,ne,1.00,-53,0]((rnd64((x6 * x2)) - rnd64((rnd[64,ne,1.00,-53,0]((x5 + rnd[64,ne,1.00,-53,0]((rnd[64,ne,1.00,-53,0]((x3 - x1)) - rnd[64,ne,1.00,-53,0]((x4 - x2)))))) * x4)))))) - rnd64((x1 * rnd64((x6 * x4)))))))) - rnd64((x5 * rnd64((rnd[64,ne,1.00,-53,0]((x3 - rnd[64,ne,1.00,-53,0]((rnd[64,ne,1.00,-53,0]((x5 - x4)) - rnd[64,ne,1.00,-53,0]((x1 - x2)))))) * x2))))))
21: rnd64((rnd64((x6 * x2)) * x5))
22: rnd64((x4 * x2))
23: rnd[64,ne,1.00,-53,0]((rnd64((x4 * x2)) - rnd64((x6 * x4))))
24: rnd[64,ne,1.00,-53,0]((x2 - x3))
25: rnd[64,ne,1.00,-53,0]((x5 - x6))
26: rnd[64,ne,1.00,-53,0]((rnd[64,ne,1.00,-53,0]((x2 - x3)) + rnd[64,ne,1.00,-53,0]((x5 - x6))))
27: rnd[64,ne,1.00,-53,0]((x1 + rnd[64,ne,1.00,-53,0]((rnd[64,ne,1.00,-53,0]((x2 - x3)) + rnd[64,ne,1.00,-53,0]((x5 - x6))))))
28: rnd64((rnd[64,ne,1.00,-53,0]((x1 + rnd[64,ne,1.00,-53,0]((rnd[64,ne,1.00,-53,0]((x2 - x3)) + rnd[64,ne,1.00,-53,0]((x5 - x6)))))) * x6))
29: rnd[64,ne,1.00,-53,0]((rnd[64,ne,1.00,-53,0]((rnd64((x4 * x2)) - rnd64((x6 * x4)))) - rnd64((rnd[64,ne,1.00,-53,0]((x1 + rnd[64,ne,1.00,-53,0]((rnd[64,ne,1.00,-53,0]((x2 - x3)) + rnd[64,ne,1.00,-53,0]((x5 - x6)))))) * x6))))
30: rnd64((x5 * x1))
31: rnd[64,ne,1.00,-53,0]((rnd[64,ne,1.00,-53,0]((rnd[64,ne,1.00,-53,0]((rnd64((x4 * x2)) - rnd64((x6 * x4)))) - rnd64((rnd[64,ne,1.00,-53,0]((x1 + rnd[64,ne,1.00,-53,0]((rnd[64,ne,1.00,-53,0]((x2 - x3)) + rnd[64,ne,1.00,-53,0]((x5 - x6)))))) * x6)))) + rnd64((x5 * x1))))
32: rnd64((x3 * rnd[64,ne,1.00,-53,0]((rnd[64,ne,1.00,-53,0]((rnd[64,ne,1.00,-53,0]((rnd64((x4 * x2)) - rnd64((x6 * x4)))) - rnd64((rnd[64,ne,1.00,-53,0]((x1 + rnd[64,ne,1.00,-53,0]((rnd[64,ne,1.00,-53,0]((x2 - x3)) + rnd[64,ne,1.00,-53,0]((x5 - x6)))))) * x6)))) + rnd64((x5 * x1))))))
33: rnd[64,ne,1.00,-53,0]((rnd64((rnd64((x6 * x2)) * x5)) - rnd64((x3 * rnd[64,ne,1.00,-53,0]((rnd[64,ne,1.00,-53,0]((rnd[64,ne,1.00,-53,0]((rnd64((x4 * x2)) - rnd64((x6 * x4)))) - rnd64((rnd[64,ne,1.00,-53,0]((x1 + rnd[64,ne,1.00,-53,0]((rnd[64,ne,1.00,-53,0]((x2 - x3)) + rnd[64,ne,1.00,-53,0]((x5 - x6)))))) * x6)))) + rnd64((x5 * x1))))))))
34: rnd[64,ne,1.00,-53,0]((rnd[64,ne,1.00,-53,0]((rnd[64,ne,1.00,-53,0]((rnd64((x5 * rnd64((x6 * x4)))) + rnd[64,ne,1.00,-53,0]((rnd64((x1 * rnd[64,ne,1.00,-53,0]((rnd64((x6 * x2)) - rnd64((rnd[64,ne,1.00,-53,0]((x5 + rnd[64,ne,1.00,-53,0]((rnd[64,ne,1.00,-53,0]((x3 - x1)) - rnd[64,ne,1.00,-53,0]((x4 - x2)))))) * x4)))))) - rnd64((x1 * rnd64((x6 * x4)))))))) - rnd64((x5 * rnd64((rnd[64,ne,1.00,-53,0]((x3 - rnd[64,ne,1.00,-53,0]((rnd[64,ne,1.00,-53,0]((x5 - x4)) - rnd[64,ne,1.00,-53,0]((x1 - x2)))))) * x2)))))) - rnd[64,ne,1.00,-53,0]((rnd64((rnd64((x6 * x2)) * x5)) - rnd64((x3 * rnd[64,ne,1.00,-53,0]((rnd[64,ne,1.00,-53,0]((rnd[64,ne,1.00,-53,0]((rnd64((x4 * x2)) - rnd64((x6 * x4)))) - rnd64((rnd[64,ne,1.00,-53,0]((x1 + rnd[64,ne,1.00,-53,0]((rnd[64,ne,1.00,-53,0]((x2 - x3)) + rnd[64,ne,1.00,-53,0]((x5 - x6)))))) * x6)))) + rnd64((x5 * x1))))))))))

Selected optimization method: bb
bb_opt: x_abs_tol = 1.000000e-02, f_rel_tol = 1.000000e-02, f_abs_tol = 1.000000e-02, iters = 1000000
iterations(min = 1000000, max = 1000000): 1000000
min = 5.217255e+01 (lower_min = 1.280000e+02)
max = 5.249481e+02 (lower_max = 5.145189e+02)
subopt = 1.042917e+01 (2.0%)
bounds: [5.217255e+01, 5.249481e+02]

Computing absolute errors
Selected optimization method: bb-eval
bb-eval_opt: x_abs_tol = 1.000000e-02, f_rel_tol = 1.000000e-02, f_abs_tol = 1.000000e-02, iters = 1000000
rmin(result = -1.394901e-290, lower = -1.394901e-290), rmax(result = -1.394901e-290, lower = -1.394901e-290)
-1: exp = -53: 1.394901e-290 (low = 1.394901e-290, subopt = 0.0%)

Solving the exact optimization problem
Selected optimization method: bb
bb_opt: x_abs_tol = 1.000000e-02, f_rel_tol = 1.000000e-02, f_abs_tol = 1.000000e-02, iters = 1000000
iterations(min = 0, max = 18658): 18658
min = 0.000000e+00 (lower_min = 0.000000e+00)
max = 4.256946e+03 (lower_max = 4.217752e+03)
subopt = 3.919391e+01 (0.9%)
exact bound (exp = -53): 4.256946e+03 (low = 4.217752e+03, subopt = 0.9%)
total2: 1.548651e-306 (low = 1.548651e-306, subopt = 0.0%)
exact total: 4.726160e-13 (low = 4.682646e-13, subopt = 0.9%)

Computing relative errors
Selected optimization method: bb-eval
bb-eval_opt: x_abs_tol = 1.000000e-02, f_rel_tol = 1.000000e-02, f_abs_tol = 1.000000e-02, iters = 1000000
rmin(result = -1.394901e-290, lower = -1.394901e-290), rmax(result = -1.394901e-290, lower = -1.394901e-290)
-1: exp = -53: 1.394901e-290 (low = 1.394901e-290, subopt = 0.0%)

Solving the exact optimization problem
Selected optimization method: bb
bb_opt: x_abs_tol = 1.000000e-02, f_rel_tol = 1.000000e-02, f_abs_tol = 1.000000e-02, iters = 1000000
iterations(min = 0, max = 1000000): 1000000
min = 0.000000e+00 (lower_min = 0.000000e+00)
max = 5.470637e+01 (lower_max = 1.417139e+01)
subopt = 4.053498e+01 (74.1%)
exact bound-rel (exp = -53): 5.470637e+01 (low = 1.417139e+01, subopt = 74.1%)
total2: 2.968326e-308 (low = 2.950104e-309, subopt = 90.1%)
exact total-rel: 6.073627e-15 (low = 1.573340e-15, subopt = 74.1%)

Elapsed time: 37.54335
*************************************

-------------------------------------------------------------------------------
Problem: result

Optimization lower bounds for error models:
The absolute error (exact) model: 4.682645e-13 (0x1.079c08bf487fap-41) (suboptimality = 0.9%)
The relative error (exact) model: 1.573339e-15 (0x1.c57bfee139e84p-50) (suboptimality = 74.1%)

Bounds (without rounding): [5.217255e+1, 5.249481e+2]
Bounds (floating-point): [5.217255e+1, 5.249481e+2]

Absolute error (exact): 4.726160e-13 (0x1.0a0f22fd21ffap-41)
Relative error (exact): 6.073627e-15 (0x1.b5a6a3cc3c78ap-48)

Elapsed time: 37.54

