Base path: /Users/laura.zielinski/FPTaylor
Config file: /Users/laura.zielinski/FPTaylor/default.cfg
Config file: /var/folders/38/q_vgzzt959nfc63ldktzz1gr0000gp/T/tmpg0onrddt.cfg
default-rnd = rnd64
nlopt-cc = gcc -std=c99 -O3
opt-exact = true
develop = false
log-append-date = start
uncertainty = false
rel-error = true
opt-approx = false
proof-record = false
find-bounds = false
proof-dir = proofs
opt-f-abs-tol = 0.01
fail-on-exception = true
print-opt-lower-bounds = true
bb-compile = {base}/b_and_b/compile.sh {base} {input} {out}
z3-python-lib = 
opt-x-abs-tol = 0.01
export-error-bounds = 
opt-f-rel-tol = 0.01
export-options = 
opt-x-rel-tol = 0.0
rel-error-threshold = 0.0001
bb-alg = opt0
log-base-dir = log
intermediate-opt = false
z3-interval-bounds = true
opt-max-iters = 1000000
abs-error = true
z3-bin = 
maxima-simplification = false
print-hex-floats = true
debug = true
print-precision = 7
export-error-bounds-data = 
fp-power2-model = true
opt = auto
default-var-type = float64
verbosity = 2
ulp-error = false
opt-timeout = 10000
nlopt-lib = -lnlopt -lm
tmp-base-dir = tmp
unique-indices = false
z3-seed = 0
tmp-date = false
z3-python-cmd = python
const-approx-real-vars = false
print-second-order-errors = false
Resetting input_parser_env
eval_const_expr: 9
result: 9
eval_const_expr: 9
result: 9
eval_const_expr: 0
result: 0
eval_const_expr: 9
result: 9
eval_const_expr: 9
result: 9
eval_const_expr: (471/100)
result: 471/100
eval_const_expr: (489/100)
result: 489/100
eval_const_expr: 0
result: 0
eval_const_expr: (489/100)
result: 489/100
eval_const_expr: (471/100)
result: 471/100
eval_const_expr: (471/100)
result: 471/100
eval_const_expr: (489/100)
result: 489/100
eval_const_expr: 0
result: 0
eval_const_expr: (489/100)
result: 489/100
eval_const_expr: (471/100)
result: 471/100
Resetting input_parser_env
|tasks| = 1
Processing: result

*************************************
Taylor form for: rnd64(sqrt(rnd64((rnd64((rnd64((rnd64((rnd64((rnd64(c) + rnd64(b))) + rnd64(a))) / rnd64(4))) * rnd64((rnd64((rnd64((rnd64((rnd64(2) * rnd64(a))) - rnd64(a))) - rnd64(c))) - rnd64(b))))) * rnd64((rnd64((rnd64((rnd64((rnd64((rnd64((rnd64(2) * rnd64(c))) - rnd64(a))) - rnd64(c))) - rnd64(b))) * rnd64((rnd64((rnd64((rnd64((rnd64(2) * rnd64(b))) - rnd64(a))) - rnd64(b))) - rnd64(c))))) / rnd64((-(rnd64(4))))))))))

Conservative bound: [6.007907, 8.955935]

Simplified rounding: rnd[64,ne,1.00,-53,0](sqrt(rnd64((rnd64((rnd[64,ne,1.00,0,-1022]((rnd[64,ne,1.00,-53,0]((rnd[64,ne,1.00,-53,0]((c + b)) + a)) / 4)) * rnd[64,ne,1.00,-53,0]((rnd[64,ne,1.00,-53,0]((rnd[64,ne,1.00,-53,0](((2 * a) - a)) - c)) - b)))) * rnd64((rnd64((rnd[64,ne,1.00,-53,0]((rnd[64,ne,1.00,-53,0]((rnd[64,ne,1.00,-53,0](((2 * c) - a)) - c)) - b)) * rnd[64,ne,1.00,-53,0]((rnd[64,ne,1.00,-53,0]((rnd[64,ne,1.00,-53,0](((2 * b) - a)) - b)) - c)))) / (-(4))))))))
Building Taylor forms...
var_form
var_form
add_form
rounded_form
var_form
add_form
rounded_form
const_form
div_form
inv_form
mul_form
rounded_form
const_form
mul_form
sub_form
rounded_form
sub_form
rounded_form
sub_form
rounded_form
mul_form
rounded_form
mul_form
sub_form
rounded_form
sub_form
rounded_form
sub_form
rounded_form
mul_form
sub_form
rounded_form
sub_form
rounded_form
sub_form
rounded_form
mul_form
rounded_form
neg_form
div_form
inv_form
mul_form
rounded_form
mul_form
rounded_form
sqrt_form
rounded_form
Taylor forms cache stats: num_bindings = 43, num_buckets = 1024, max_bucket_length = 2
Expr cache stats: num_bindings = 147, num_buckets = 65536, max_bucket_length = 1
Simplifying Taylor forms...
success
v0 = sqrt((((((c + b) + a) * (1 / 4)) * ((((2 * a) - a) - c) - b)) * ((((((2 * c) - a) - c) - b) * ((((2 * b) - a) - b) - c)) * (1 / (-(4))))))
-1: exp = -53: (5641076917220639/19807040628566084398385987584)
1: exp = -53: ((((((((2 * c) - a) - c) - b) * ((((2 * b) - a) - b) - c)) * (1 / (-(4)))) * (((((2 * a) - a) - c) - b) * ((1 / 4) * floor_power2(((c + b) + 0))))) / (2 * sqrt((((((c + b) + a) * (1 / 4)) * ((((2 * a) - a) - c) - b)) * ((((((2 * c) - a) - c) - b) * ((((2 * b) - a) - b) - c)) * (1 / (-(4))))))))
2: exp = -53: ((((((((2 * c) - a) - c) - b) * ((((2 * b) - a) - b) - c)) * (1 / (-(4)))) * (((((2 * a) - a) - c) - b) * ((1 / 4) * floor_power2((((c + b) + a) + interval(-8.88178419700125232339e-16, 8.88178419700125232339e-16)))))) / (2 * sqrt((((((c + b) + a) * (1 / 4)) * ((((2 * a) - a) - c) - b)) * ((((((2 * c) - a) - c) - b) * ((((2 * b) - a) - b) - c)) * (1 / (-(4))))))))
-1: exp = -1022: ((((((((2 * c) - a) - c) - b) * ((((2 * b) - a) - b) - c)) * (1 / (-(4)))) * (((((2 * a) - a) - c) - b) * 1)) / (2 * sqrt((((((c + b) + a) * (1 / 4)) * ((((2 * a) - a) - c) - b)) * ((((((2 * c) - a) - c) - b) * ((((2 * b) - a) - b) - c)) * (1 / (-(4))))))))
3: exp = -53: ((((((((2 * c) - a) - c) - b) * ((((2 * b) - a) - b) - c)) * (1 / (-(4)))) * ((((c + b) + a) * (1 / 4)) * floor_power2((((2 * a) - a) + 0)))) / (2 * sqrt((((((c + b) + a) * (1 / 4)) * ((((2 * a) - a) - c) - b)) * ((((((2 * c) - a) - c) - b) * ((((2 * b) - a) - b) - c)) * (1 / (-(4))))))))
4: exp = -53: ((((((((2 * c) - a) - c) - b) * ((((2 * b) - a) - b) - c)) * (1 / (-(4)))) * ((((c + b) + a) * (1 / 4)) * floor_power2(((((2 * a) - a) - c) + interval(-8.88178419700125232339e-16, 8.88178419700125232339e-16))))) / (2 * sqrt((((((c + b) + a) * (1 / 4)) * ((((2 * a) - a) - c) - b)) * ((((((2 * c) - a) - c) - b) * ((((2 * b) - a) - b) - c)) * (1 / (-(4))))))))
5: exp = -53: ((((((((2 * c) - a) - c) - b) * ((((2 * b) - a) - b) - c)) * (1 / (-(4)))) * ((((c + b) + a) * (1 / 4)) * floor_power2((((((2 * a) - a) - c) - b) + interval(-1.33226762955018784851e-15, 1.33226762955018784851e-15))))) / (2 * sqrt((((((c + b) + a) * (1 / 4)) * ((((2 * a) - a) - c) - b)) * ((((((2 * c) - a) - c) - b) * ((((2 * b) - a) - b) - c)) * (1 / (-(4))))))))
6: exp = -53: ((((((((2 * c) - a) - c) - b) * ((((2 * b) - a) - b) - c)) * (1 / (-(4)))) * floor_power2((((((c + b) + a) * (1 / 4)) * ((((2 * a) - a) - c) - b)) + interval(-7.03520575129346383142e-15, 7.03520575129346383142e-15)))) / (2 * sqrt((((((c + b) + a) * (1 / 4)) * ((((2 * a) - a) - c) - b)) * ((((((2 * c) - a) - c) - b) * ((((2 * b) - a) - b) - c)) * (1 / (-(4))))))))
7: exp = -53: ((((((c + b) + a) * (1 / 4)) * ((((2 * a) - a) - c) - b)) * ((1 / (-(4))) * (((((2 * b) - a) - b) - c) * floor_power2((((2 * c) - a) + 0))))) / (2 * sqrt((((((c + b) + a) * (1 / 4)) * ((((2 * a) - a) - c) - b)) * ((((((2 * c) - a) - c) - b) * ((((2 * b) - a) - b) - c)) * (1 / (-(4))))))))
8: exp = -53: ((((((c + b) + a) * (1 / 4)) * ((((2 * a) - a) - c) - b)) * ((1 / (-(4))) * (((((2 * b) - a) - b) - c) * floor_power2(((((2 * c) - a) - c) + interval(-5.55111512312578270212e-17, 5.55111512312578270212e-17)))))) / (2 * sqrt((((((c + b) + a) * (1 / 4)) * ((((2 * a) - a) - c) - b)) * ((((((2 * c) - a) - c) - b) * ((((2 * b) - a) - b) - c)) * (1 / (-(4))))))))
9: exp = -53: ((((((c + b) + a) * (1 / 4)) * ((((2 * a) - a) - c) - b)) * ((1 / (-(4))) * (((((2 * b) - a) - b) - c) * floor_power2((((((2 * c) - a) - c) - b) + interval(-4.99600361081320443191e-16, 4.99600361081320443191e-16)))))) / (2 * sqrt((((((c + b) + a) * (1 / 4)) * ((((2 * a) - a) - c) - b)) * ((((((2 * c) - a) - c) - b) * ((((2 * b) - a) - b) - c)) * (1 / (-(4))))))))
10: exp = -53: ((((((c + b) + a) * (1 / 4)) * ((((2 * a) - a) - c) - b)) * ((1 / (-(4))) * (((((2 * c) - a) - c) - b) * floor_power2((((2 * b) - a) + 0))))) / (2 * sqrt((((((c + b) + a) * (1 / 4)) * ((((2 * a) - a) - c) - b)) * ((((((2 * c) - a) - c) - b) * ((((2 * b) - a) - b) - c)) * (1 / (-(4))))))))
11: exp = -53: ((((((c + b) + a) * (1 / 4)) * ((((2 * a) - a) - c) - b)) * ((1 / (-(4))) * (((((2 * c) - a) - c) - b) * floor_power2(((((2 * b) - a) - b) + interval(-5.55111512312578270212e-17, 5.55111512312578270212e-17)))))) / (2 * sqrt((((((c + b) + a) * (1 / 4)) * ((((2 * a) - a) - c) - b)) * ((((((2 * c) - a) - c) - b) * ((((2 * b) - a) - b) - c)) * (1 / (-(4))))))))
12: exp = -53: ((((((c + b) + a) * (1 / 4)) * ((((2 * a) - a) - c) - b)) * ((1 / (-(4))) * (((((2 * c) - a) - c) - b) * floor_power2((((((2 * b) - a) - b) - c) + interval(-4.99600361081320443191e-16, 4.99600361081320443191e-16)))))) / (2 * sqrt((((((c + b) + a) * (1 / 4)) * ((((2 * a) - a) - c) - b)) * ((((((2 * c) - a) - c) - b) * ((((2 * b) - a) - b) - c)) * (1 / (-(4))))))))
13: exp = -53: ((((((c + b) + a) * (1 / 4)) * ((((2 * a) - a) - c) - b)) * ((1 / (-(4))) * floor_power2(((((((2 * c) - a) - c) - b) * ((((2 * b) - a) - b) - c)) + interval(-2.59792187762286725122e-14, 2.59792187762286725122e-14))))) / (2 * sqrt((((((c + b) + a) * (1 / 4)) * ((((2 * a) - a) - c) - b)) * ((((((2 * c) - a) - c) - b) * ((((2 * b) - a) - b) - c)) * (1 / (-(4))))))))
14: exp = -53: ((((((c + b) + a) * (1 / 4)) * ((((2 * a) - a) - c) - b)) * floor_power2((((((((2 * c) - a) - c) - b) * ((((2 * b) - a) - b) - c)) * (1 / (-(4)))) + interval(-8.27116153345741938160e-15, 8.27116153345741938160e-15)))) / (2 * sqrt((((((c + b) + a) * (1 / 4)) * ((((2 * a) - a) - c) - b)) * ((((((2 * c) - a) - c) - b) * ((((2 * b) - a) - b) - c)) * (1 / (-(4))))))))
15: exp = -53: (floor_power2(((((((c + b) + a) * (1 / 4)) * ((((2 * a) - a) - c) - b)) * ((((((2 * c) - a) - c) - b) * ((((2 * b) - a) - b) - c)) * (1 / (-(4))))) + interval(-1.95746217235282338836e-13, 1.95746217235282338836e-13))) / (2 * sqrt((((((c + b) + a) * (1 / 4)) * ((((2 * a) - a) - c) - b)) * ((((((2 * c) - a) - c) - b) * ((((2 * b) - a) - b) - c)) * (1 / (-(4))))))))
16: exp = -53: floor_power2((sqrt((((((c + b) + a) * (1 / 4)) * ((((2 * a) - a) - c) - b)) * ((((((2 * c) - a) - c) - b) * ((((2 * b) - a) - b) - c)) * (1 / (-(4)))))) + interval(-1.68820556714296151779e-14, 1.68820556714296151779e-14)))

Corresponding original subexpressions:
1: rnd[64,ne,1.00,-53,0]((c + b))
2: rnd[64,ne,1.00,-53,0]((rnd[64,ne,1.00,-53,0]((c + b)) + a))
3: rnd[64,ne,1.00,-53,0](((2 * a) - a))
4: rnd[64,ne,1.00,-53,0]((rnd[64,ne,1.00,-53,0](((2 * a) - a)) - c))
5: rnd[64,ne,1.00,-53,0]((rnd[64,ne,1.00,-53,0]((rnd[64,ne,1.00,-53,0](((2 * a) - a)) - c)) - b))
6: rnd64((rnd[64,ne,1.00,0,-1022]((rnd[64,ne,1.00,-53,0]((rnd[64,ne,1.00,-53,0]((c + b)) + a)) / 4)) * rnd[64,ne,1.00,-53,0]((rnd[64,ne,1.00,-53,0]((rnd[64,ne,1.00,-53,0](((2 * a) - a)) - c)) - b))))
7: rnd[64,ne,1.00,-53,0](((2 * c) - a))
8: rnd[64,ne,1.00,-53,0]((rnd[64,ne,1.00,-53,0](((2 * c) - a)) - c))
9: rnd[64,ne,1.00,-53,0]((rnd[64,ne,1.00,-53,0]((rnd[64,ne,1.00,-53,0](((2 * c) - a)) - c)) - b))
10: rnd[64,ne,1.00,-53,0](((2 * b) - a))
11: rnd[64,ne,1.00,-53,0]((rnd[64,ne,1.00,-53,0](((2 * b) - a)) - b))
12: rnd[64,ne,1.00,-53,0]((rnd[64,ne,1.00,-53,0]((rnd[64,ne,1.00,-53,0](((2 * b) - a)) - b)) - c))
13: rnd64((rnd[64,ne,1.00,-53,0]((rnd[64,ne,1.00,-53,0]((rnd[64,ne,1.00,-53,0](((2 * c) - a)) - c)) - b)) * rnd[64,ne,1.00,-53,0]((rnd[64,ne,1.00,-53,0]((rnd[64,ne,1.00,-53,0](((2 * b) - a)) - b)) - c))))
14: rnd64((rnd64((rnd[64,ne,1.00,-53,0]((rnd[64,ne,1.00,-53,0]((rnd[64,ne,1.00,-53,0](((2 * c) - a)) - c)) - b)) * rnd[64,ne,1.00,-53,0]((rnd[64,ne,1.00,-53,0]((rnd[64,ne,1.00,-53,0](((2 * b) - a)) - b)) - c)))) / (-(4))))
15: rnd64((rnd64((rnd[64,ne,1.00,0,-1022]((rnd[64,ne,1.00,-53,0]((rnd[64,ne,1.00,-53,0]((c + b)) + a)) / 4)) * rnd[64,ne,1.00,-53,0]((rnd[64,ne,1.00,-53,0]((rnd[64,ne,1.00,-53,0](((2 * a) - a)) - c)) - b)))) * rnd64((rnd64((rnd[64,ne,1.00,-53,0]((rnd[64,ne,1.00,-53,0]((rnd[64,ne,1.00,-53,0](((2 * c) - a)) - c)) - b)) * rnd[64,ne,1.00,-53,0]((rnd[64,ne,1.00,-53,0]((rnd[64,ne,1.00,-53,0](((2 * b) - a)) - b)) - c)))) / (-(4))))))
16: rnd[64,ne,1.00,-53,0](sqrt(rnd64((rnd64((rnd[64,ne,1.00,0,-1022]((rnd[64,ne,1.00,-53,0]((rnd[64,ne,1.00,-53,0]((c + b)) + a)) / 4)) * rnd[64,ne,1.00,-53,0]((rnd[64,ne,1.00,-53,0]((rnd[64,ne,1.00,-53,0](((2 * a) - a)) - c)) - b)))) * rnd64((rnd64((rnd[64,ne,1.00,-53,0]((rnd[64,ne,1.00,-53,0]((rnd[64,ne,1.00,-53,0](((2 * c) - a)) - c)) - b)) * rnd[64,ne,1.00,-53,0]((rnd[64,ne,1.00,-53,0]((rnd[64,ne,1.00,-53,0](((2 * b) - a)) - b)) - c)))) / (-(4))))))))

Selected optimization method: bb-eval
bb-eval_opt: x_abs_tol = 1.000000e-02, f_rel_tol = 1.000000e-02, f_abs_tol = 1.000000e-02, iters = 1000000
bounds: [6.195654e+00, 8.697591e+00]

Computing absolute errors
Selected optimization method: bb-eval
bb-eval_opt: x_abs_tol = 1.000000e-02, f_rel_tol = 1.000000e-02, f_abs_tol = 1.000000e-02, iters = 1000000
rmin(result = 2.848016e-13, lower = 2.848016e-13), rmax(result = 2.848016e-13, lower = 2.848016e-13)
-1: exp = -53: 2.848016e-13 (low = 2.848016e-13, subopt = 0.0%)
Selected optimization method: bb-eval
bb-eval_opt: x_abs_tol = 1.000000e-02, f_rel_tol = 1.000000e-02, f_abs_tol = 1.000000e-02, iters = 1000000
rmin(result = 6.678684e-01, lower = 6.795045e-01), rmax(result = 9.328218e-01, lower = 9.170901e-01)
-1: exp = -1022: 9.328218e-01 (low = 9.170901e-01, subopt = 1.7%)

Solving the exact optimization problem
Selected optimization method: bb-eval
bb-eval_opt: x_abs_tol = 1.000000e-02, f_rel_tol = 1.000000e-02, f_abs_tol = 1.000000e-02, iters = 1000000
exact bound (exp = -53): 1.190172e+02 (low = 1.173401e+02, subopt = 1.4%)
total2: 3.161933e-29 (low = 3.161933e-29, subopt = 0.0%)
exact total: 1.321356e-14 (low = 1.302736e-14, subopt = 1.4%)

Computing relative errors
Selected optimization method: bb-eval
bb-eval_opt: x_abs_tol = 1.000000e-02, f_rel_tol = 1.000000e-02, f_abs_tol = 1.000000e-02, iters = 1000000
rmin(result = 2.848016e-13, lower = 2.848016e-13), rmax(result = 2.848016e-13, lower = 2.848016e-13)
-1: exp = -53: 2.848016e-13 (low = 2.848016e-13, subopt = 0.0%)
Selected optimization method: bb-eval
bb-eval_opt: x_abs_tol = 1.000000e-02, f_rel_tol = 1.000000e-02, f_abs_tol = 1.000000e-02, iters = 1000000
rmin(result = 6.678684e-01, lower = 6.795045e-01), rmax(result = 9.328218e-01, lower = 9.170901e-01)
-1: exp = -1022: 9.328218e-01 (low = 9.170901e-01, subopt = 1.7%)

Solving the exact optimization problem
Selected optimization method: bb-eval
bb-eval_opt: x_abs_tol = 1.000000e-02, f_rel_tol = 1.000000e-02, f_abs_tol = 1.000000e-02, iters = 1000000
exact bound-rel (exp = -53): 1.891236e+01 (low = 1.869223e+01, subopt = 1.2%)
total2: 5.103469e-30 (low = 3.635412e-30, subopt = 28.8%)
exact total-rel: 2.099694e-15 (low = 2.075255e-15, subopt = 1.2%)

Elapsed time: 0.04224
*************************************

-------------------------------------------------------------------------------
Problem: result

Optimization lower bounds for error models:
The absolute error (exact) model: 1.302736e-14 (0x1.d55c393a7dd27p-47) (suboptimality = 1.4%)
The relative error (exact) model: 2.075254e-15 (0x1.2b1361f89a818p-49) (suboptimality = 1.2%)

Bounds (without rounding): [6.195654, 8.697592]
Bounds (floating-point): [6.195654, 8.697592]

Absolute error (exact): 1.321357e-14 (0x1.dc1195754a811p-47)
Relative error (exact): 2.099694e-15 (0x1.2e9906961257ap-49)

Elapsed time: 0.04

