Base path: /Users/laura.zielinski/FPTaylor
Config file: /Users/laura.zielinski/FPTaylor/default.cfg
Config file: /var/folders/38/q_vgzzt959nfc63ldktzz1gr0000gp/T/tmpqoagqiyw.cfg
default-rnd = rnd64
nlopt-cc = gcc -std=c99 -O3
opt-exact = true
develop = false
log-append-date = start
uncertainty = false
rel-error = true
opt-approx = false
proof-record = false
find-bounds = false
proof-dir = proofs
opt-f-abs-tol = 0.01
fail-on-exception = true
print-opt-lower-bounds = true
bb-compile = {base}/b_and_b/compile.sh {base} {input} {out}
z3-python-lib = 
opt-x-abs-tol = 0.01
export-error-bounds = 
opt-f-rel-tol = 0.01
export-options = 
opt-x-rel-tol = 0.0
rel-error-threshold = 0.0001
bb-alg = opt0
log-base-dir = log
intermediate-opt = false
z3-interval-bounds = true
opt-max-iters = 1000000
abs-error = true
z3-bin = 
maxima-simplification = false
print-hex-floats = true
debug = true
print-precision = 7
export-error-bounds-data = 
fp-power2-model = true
opt = auto
default-var-type = float64
verbosity = 2
ulp-error = false
opt-timeout = 10000
nlopt-lib = -lnlopt -lm
tmp-base-dir = tmp
unique-indices = false
z3-seed = 0
tmp-date = false
z3-python-cmd = python
const-approx-real-vars = false
print-second-order-errors = false
Resetting input_parser_env
eval_const_expr: 0
result: 0
eval_const_expr: 2
result: 2
eval_const_expr: 0
result: 0
eval_const_expr: 2
result: 2
eval_const_expr: 0
result: 0
eval_const_expr: 0
result: 0
eval_const_expr: 3
result: 3
eval_const_expr: 0
result: 0
eval_const_expr: 3
result: 3
eval_const_expr: 0
result: 0
Resetting input_parser_env
|tasks| = 1
Processing: result

*************************************
Taylor form for: rnd64((rnd64((rnd64((-(rnd64(12)))) * rnd64(x1))) + rnd64((rnd64((rnd64(x2) + rnd64((-(rnd64(7)))))) * rnd64(x2)))))

Conservative bound: [-45.000000, 0.000000]

Simplified rounding: rnd[64,ne,1.00,-53,0]((rnd64(((-(12)) * x1)) + rnd64((rnd[64,ne,1.00,-53,0]((x2 + (-(7)))) * x2))))
Building Taylor forms...
const_form
neg_form
var_form
mul_form
rounded_form
var_form
const_form
neg_form
add_form
rounded_form
mul_form
rounded_form
add_form
rounded_form
Taylor forms cache stats: num_bindings = 14, num_buckets = 1024, max_bucket_length = 1
Expr cache stats: num_bindings = 21, num_buckets = 65536, max_bucket_length = 1
Simplifying Taylor forms...
success
v0 = (((-(12)) * x1) + ((x2 + (-(7))) * x2))
-1: exp = -53: (1/2494800386918399764570465891296048207584314075544321926878184053046514864836205082231197456865794626361678058555240619054965547485491992075923964747856039275400007091188857095646922151805453733978316695930679904991663513068901087986111069085560055196883901133594695052052948119037930012409856)
1: exp = -53: floor_power2((((-(12)) * x1) + 0))
2: exp = -53: (x2 * floor_power2(((x2 + (-(7))) + 0)))
3: exp = -53: floor_power2((((x2 + (-(7))) * x2) + interval(-1.33226762955018784851e-15, 1.33226762955018784851e-15)))
4: exp = -53: floor_power2(((((-(12)) * x1) + ((x2 + (-(7))) * x2)) + interval(-4.88498130835068956672e-15, 4.88498130835068956672e-15)))

Corresponding original subexpressions:
1: rnd64(((-(12)) * x1))
2: rnd[64,ne,1.00,-53,0]((x2 + (-(7))))
3: rnd64((rnd[64,ne,1.00,-53,0]((x2 + (-(7)))) * x2))
4: rnd[64,ne,1.00,-53,0]((rnd64(((-(12)) * x1)) + rnd64((rnd[64,ne,1.00,-53,0]((x2 + (-(7)))) * x2))))

Selected optimization method: bb-eval
bb-eval_opt: x_abs_tol = 1.000000e-02, f_rel_tol = 1.000000e-02, f_abs_tol = 1.000000e-02, iters = 1000000
bounds: [-3.628125e+01, 0.000000e+00]

Computing absolute errors
Selected optimization method: bb-eval
bb-eval_opt: x_abs_tol = 1.000000e-02, f_rel_tol = 1.000000e-02, f_abs_tol = 1.000000e-02, iters = 1000000
rmin(result = 4.008337e-292, lower = 4.008337e-292), rmax(result = 4.008337e-292, lower = 4.008337e-292)
-1: exp = -53: 4.008337e-292 (low = 4.008337e-292, subopt = 0.0%)

Solving the exact optimization problem
Selected optimization method: bb-eval
bb-eval_opt: x_abs_tol = 1.000000e-02, f_rel_tol = 1.000000e-02, f_abs_tol = 1.000000e-02, iters = 1000000
exact bound (exp = -53): 6.800000e+01 (low = 6.762500e+01, subopt = 0.6%)
total2: 4.450148e-308 (low = 4.450148e-308, subopt = 0.0%)
exact total: 7.549517e-15 (low = 7.507883e-15, subopt = 0.6%)

Computing relative errors
**WARNING**: 
Cannot compute the relative error: values of the function are close to zero

Elapsed time: 0.00395
*************************************

-------------------------------------------------------------------------------
Problem: result

Optimization lower bounds for error models:
The absolute error (exact) model: 7.507883e-15 (0x1.0e8p-47) (suboptimality = 0.6%)

Bounds (without rounding): [-3.628125e+1, 0.0]
Bounds (floating-point): [-3.628126e+1, 7.549517e-15]

Absolute error (exact): 7.549517e-15 (0x1.1000000000001p-47)

Elapsed time: 0.00

