Base path: /Users/laura.zielinski/FPTaylor
Config file: /Users/laura.zielinski/FPTaylor/default.cfg
Config file: /var/folders/38/q_vgzzt959nfc63ldktzz1gr0000gp/T/tmpyj_ys7yn.cfg
default-rnd = rnd64
nlopt-cc = gcc -std=c99 -O3
opt-exact = true
develop = false
log-append-date = start
uncertainty = false
rel-error = true
opt-approx = false
proof-record = false
find-bounds = false
proof-dir = proofs
opt-f-abs-tol = 0.01
fail-on-exception = true
print-opt-lower-bounds = true
bb-compile = {base}/b_and_b/compile.sh {base} {input} {out}
z3-python-lib = 
opt-x-abs-tol = 0.01
export-error-bounds = 
opt-f-rel-tol = 0.01
export-options = 
opt-x-rel-tol = 0.0
rel-error-threshold = 0.0001
bb-alg = opt0
log-base-dir = log
intermediate-opt = false
z3-interval-bounds = true
opt-max-iters = 1000000
abs-error = true
z3-bin = 
maxima-simplification = false
print-hex-floats = true
debug = true
print-precision = 7
export-error-bounds-data = 
fp-power2-model = true
opt = auto
default-var-type = float64
verbosity = 2
ulp-error = false
opt-timeout = 10000
nlopt-lib = -lnlopt -lm
tmp-base-dir = tmp
unique-indices = false
z3-seed = 0
tmp-date = false
z3-python-cmd = python
const-approx-real-vars = false
print-second-order-errors = false
Resetting input_parser_env
eval_const_expr: (1/10)
result: 1/10
eval_const_expr: 100
result: 100
eval_const_expr: 0
result: 0
eval_const_expr: 100
result: 100
eval_const_expr: (1/10)
result: 1/10
Resetting input_parser_env
|tasks| = 1
Processing: result

*************************************
Taylor form for: rnd64((rnd64((rnd64((rnd64((-(rnd64(1)))) / rnd64((rnd64(1) + rnd64((rnd64(1) / rnd64(x))))))) + rnd64(1))) - rnd64((rnd64(1) / rnd64(x)))))

Conservative bound: [-9.990099, 0.899091]

Simplified rounding: rnd[64,ne,1.00,-53,0]((rnd[64,ne,1.00,-53,0]((rnd64(((-(1)) / rnd[64,ne,1.00,-53,0]((1 + rnd64((1 / x)))))) + 1)) - rnd64((1 / x))))
Building Taylor forms...
const_form
neg_form
var_form
div_form
inv_form
mul_form
rounded_form
add_form
rounded_form
div_form
inv_form
mul_form
rounded_form
add_form
rounded_form
sub_form
rounded_form
Taylor forms cache stats: num_bindings = 13, num_buckets = 1024, max_bucket_length = 1
Expr cache stats: num_bindings = 40, num_buckets = 65536, max_bucket_length = 1
Simplifying Taylor forms...
success
v0 = ((((-(1)) * (1 / (1 + (1 * (1 / x))))) + 1) - (1 * (1 / x)))
-1: exp = -53: (8742298857072895/316912650057057350374175801344)
1: exp = -53: (((-(1)) * (-((floor_power2(((1 * (1 / x)) + 0)) / ((1 + (1 * (1 / x))) * (1 + (1 * (1 / x)))))))) + (-(floor_power2(((1 * (1 / x)) + 0)))))
2: exp = -53: ((-(1)) * (-((floor_power2(((1 + (1 * (1 / x))) + interval(-8.88178419700125429554e-16, 8.88178419700125429554e-16))) / ((1 + (1 * (1 / x))) * (1 + (1 * (1 / x))))))))
3: exp = -53: floor_power2((((-(1)) * (1 / (1 + (1 * (1 / x))))) + interval(-1.74135559200103380651e-15, 1.74135559200103380651e-15)))
4: exp = -53: floor_power2(((((-(1)) * (1 / (1 + (1 * (1 / x))))) + 1) + interval(-1.79686674323229183075e-15, 1.79686674323229183075e-15)))
5: exp = -53: floor_power2((((((-(1)) * (1 / (1 + (1 * (1 / x))))) + 1) - (1 * (1 / x))) + interval(-1.86987134988433317583e-15, 1.86987134988433317583e-15)))

Corresponding original subexpressions:
1: rnd64((1 / x))
2: rnd[64,ne,1.00,-53,0]((1 + rnd64((1 / x))))
3: rnd64(((-(1)) / rnd[64,ne,1.00,-53,0]((1 + rnd64((1 / x))))))
4: rnd[64,ne,1.00,-53,0]((rnd64(((-(1)) / rnd[64,ne,1.00,-53,0]((1 + rnd64((1 / x)))))) + 1))
5: rnd[64,ne,1.00,-53,0]((rnd[64,ne,1.00,-53,0]((rnd64(((-(1)) / rnd[64,ne,1.00,-53,0]((1 + rnd64((1 / x)))))) + 1)) - rnd64((1 / x))))

Selected optimization method: bb-eval
bb-eval_opt: x_abs_tol = 1.000000e-02, f_rel_tol = 1.000000e-02, f_abs_tol = 1.000000e-02, iters = 1000000
bounds: [-9.164968e+00, 9.588639e-03]

Computing absolute errors
Selected optimization method: bb-eval
bb-eval_opt: x_abs_tol = 1.000000e-02, f_rel_tol = 1.000000e-02, f_abs_tol = 1.000000e-02, iters = 1000000
rmin(result = 2.758583e-14, lower = 2.758583e-14), rmax(result = 2.758583e-14, lower = 2.758583e-14)
-1: exp = -53: 2.758583e-14 (low = 2.758583e-14, subopt = 0.0%)

Solving the exact optimization problem
Selected optimization method: bb-eval
bb-eval_opt: x_abs_tol = 1.000000e-02, f_rel_tol = 1.000000e-02, f_abs_tol = 1.000000e-02, iters = 1000000
exact bound (exp = -53): 1.672613e+01 (low = 1.656250e+01, subopt = 1.0%)
total2: 3.062642e-30 (low = 3.062642e-30, subopt = 0.0%)
exact total: 1.856973e-15 (low = 1.838807e-15, subopt = 1.0%)

Computing relative errors
**WARNING**: 
Cannot compute the relative error: values of the function are close to zero

Elapsed time: 0.00684
*************************************

-------------------------------------------------------------------------------
Problem: result

Optimization lower bounds for error models:
The absolute error (exact) model: 1.838806e-15 (0x1.0900000000006p-49) (suboptimality = 1.0%)

Bounds (without rounding): [-9.164968, 9.588639e-3]
Bounds (floating-point): [-9.164968, 9.588639e-3]

Absolute error (exact): 1.856974e-15 (0x1.0b9e36cb7b0aap-49)

Elapsed time: 0.01

