Base path: /Users/laura.zielinski/FPTaylor
Config file: /Users/laura.zielinski/FPTaylor/default.cfg
Config file: /var/folders/38/q_vgzzt959nfc63ldktzz1gr0000gp/T/tmpuhckjd39.cfg
default-rnd = rnd64
nlopt-cc = gcc -std=c99 -O3
opt-exact = true
develop = false
log-append-date = start
uncertainty = false
rel-error = true
opt-approx = false
proof-record = false
find-bounds = false
proof-dir = proofs
opt-f-abs-tol = 0.01
fail-on-exception = true
print-opt-lower-bounds = true
bb-compile = {base}/b_and_b/compile.sh {base} {input} {out}
z3-python-lib = 
opt-x-abs-tol = 0.01
export-error-bounds = 
opt-f-rel-tol = 0.01
export-options = 
opt-x-rel-tol = 0.0
rel-error-threshold = 0.0001
bb-alg = opt0
log-base-dir = log
intermediate-opt = false
z3-interval-bounds = true
opt-max-iters = 1000000
abs-error = true
z3-bin = 
maxima-simplification = false
print-hex-floats = true
debug = true
print-precision = 7
export-error-bounds-data = 
fp-power2-model = true
opt = auto
default-var-type = float64
verbosity = 2
ulp-error = false
opt-timeout = 10000
nlopt-lib = -lnlopt -lm
tmp-base-dir = tmp
unique-indices = false
z3-seed = 0
tmp-date = false
z3-python-cmd = python
const-approx-real-vars = false
print-second-order-errors = false
Resetting input_parser_env
eval_const_expr: (2/5)
result: 2/5
eval_const_expr: (3/5)
result: 3/5
eval_const_expr: 0
result: 0
eval_const_expr: (3/5)
result: 3/5
eval_const_expr: (2/5)
result: 2/5
eval_const_expr: (1/5)
result: 1/5
eval_const_expr: (1/4)
result: 1/4
eval_const_expr: 0
result: 0
eval_const_expr: (1/4)
result: 1/4
eval_const_expr: (1/5)
result: 1/5
Resetting input_parser_env
|tasks| = 1
Processing: result

*************************************
Taylor form for: rnd64((rnd64((rnd64((rnd64(v) - rnd64(m))) + rnd64((rnd64(m) * rnd64(m))))) * rnd64((rnd64((rnd64(m) + rnd64((-(rnd64(1)))))) / rnd64(v)))))

Conservative bound: [-0.630000, 0.720000]

Simplified rounding: rnd64((rnd[64,ne,1.00,-53,0]((rnd[64,ne,1.00,-53,0]((v - m)) + rnd64((m * m)))) * rnd64((rnd[64,ne,1.00,-53,0]((m + (-(1)))) / v))))
Building Taylor forms...
var_form
var_form
sub_form
rounded_form
mul_form
rounded_form
add_form
rounded_form
const_form
neg_form
add_form
rounded_form
div_form
inv_form
mul_form
rounded_form
mul_form
rounded_form
Taylor forms cache stats: num_bindings = 16, num_buckets = 1024, max_bucket_length = 2
Expr cache stats: num_bindings = 37, num_buckets = 65536, max_bucket_length = 1
Simplifying Taylor forms...
success
v0 = (((v - m) + (m * m)) * ((m + (-(1))) * (1 / v)))
-1: exp = -53: (6333186975989765/20282409603651670423947251286016)
1: exp = -53: (((m + (-(1))) * (1 / v)) * floor_power2(((v - m) + 0)))
2: exp = -53: (((m + (-(1))) * (1 / v)) * floor_power2(((m * m) + 0)))
3: exp = -53: (((m + (-(1))) * (1 / v)) * floor_power2((((v - m) + (m * m)) + interval(-5.55111512312578393471e-17, 5.55111512312578393471e-17))))
4: exp = -53: (((v - m) + (m * m)) * ((1 / v) * floor_power2(((m + (-(1))) + 0))))
5: exp = -53: (((v - m) + (m * m)) * floor_power2((((m + (-(1))) * (1 / v)) + interval(-2.77555756156289184410e-16, 2.77555756156289184410e-16))))
6: exp = -53: floor_power2(((((v - m) + (m * m)) * ((m + (-(1))) * (1 / v))) + interval(-3.28070903776734061407e-16, 3.28070903776734061407e-16)))

Corresponding original subexpressions:
1: rnd[64,ne,1.00,-53,0]((v - m))
2: rnd64((m * m))
3: rnd[64,ne,1.00,-53,0]((rnd[64,ne,1.00,-53,0]((v - m)) + rnd64((m * m))))
4: rnd[64,ne,1.00,-53,0]((m + (-(1))))
5: rnd64((rnd[64,ne,1.00,-53,0]((m + (-(1)))) / v))
6: rnd64((rnd[64,ne,1.00,-53,0]((rnd[64,ne,1.00,-53,0]((v - m)) + rnd64((m * m)))) * rnd64((rnd[64,ne,1.00,-53,0]((m + (-(1)))) / v))))

Selected optimization method: bb-eval
bb-eval_opt: x_abs_tol = 1.000000e-02, f_rel_tol = 1.000000e-02, f_abs_tol = 1.000000e-02, iters = 1000000
bounds: [-3.701923e-02, 1.478125e-01]

Computing absolute errors
Selected optimization method: bb-eval
bb-eval_opt: x_abs_tol = 1.000000e-02, f_rel_tol = 1.000000e-02, f_abs_tol = 1.000000e-02, iters = 1000000
rmin(result = 3.122502e-16, lower = 3.122502e-16), rmax(result = 3.122502e-16, lower = 3.122502e-16)
-1: exp = -53: 3.122502e-16 (low = 3.122502e-16, subopt = 0.0%)

Solving the exact optimization problem
Selected optimization method: bb-eval
bb-eval_opt: x_abs_tol = 1.000000e-02, f_rel_tol = 1.000000e-02, f_abs_tol = 1.000000e-02, iters = 1000000
exact bound (exp = -53): 1.635938e+00 (low = 1.536396e+00, subopt = 6.1%)
total2: 3.466674e-32 (low = 3.466674e-32, subopt = 0.0%)
exact total: 1.816255e-16 (low = 1.705743e-16, subopt = 6.1%)

Computing relative errors
**WARNING**: 
Cannot compute the relative error: values of the function are close to zero

Elapsed time: 0.00711
*************************************

-------------------------------------------------------------------------------
Problem: result

Optimization lower bounds for error models:
The absolute error (exact) model: 1.705742e-16 (0x1.895147ae147aep-53) (suboptimality = 6.1%)

Bounds (without rounding): [-3.701924e-2, 1.478126e-1]
Bounds (floating-point): [-3.701924e-2, 1.478126e-1]

Absolute error (exact): 1.816256e-16 (0x1.a2cccccccccd1p-53)

Elapsed time: 0.01

