Base path: /Users/laura.zielinski/FPTaylor
Config file: /Users/laura.zielinski/FPTaylor/default.cfg
Config file: /var/folders/38/q_vgzzt959nfc63ldktzz1gr0000gp/T/tmp28cbae_5.cfg
default-rnd = rnd64
nlopt-cc = gcc -std=c99 -O3
opt-exact = true
develop = false
log-append-date = start
uncertainty = false
rel-error = true
opt-approx = false
proof-record = false
find-bounds = false
proof-dir = proofs
opt-f-abs-tol = 0.01
fail-on-exception = true
print-opt-lower-bounds = true
bb-compile = {base}/b_and_b/compile.sh {base} {input} {out}
z3-python-lib = 
opt-x-abs-tol = 0.01
export-error-bounds = 
opt-f-rel-tol = 0.01
export-options = 
opt-x-rel-tol = 0.0
rel-error-threshold = 0.0001
bb-alg = opt0
log-base-dir = log
intermediate-opt = false
z3-interval-bounds = true
opt-max-iters = 1000000
abs-error = true
z3-bin = 
maxima-simplification = false
print-hex-floats = true
debug = true
print-precision = 7
export-error-bounds-data = 
fp-power2-model = true
opt = auto
default-var-type = float64
verbosity = 2
ulp-error = false
opt-timeout = 10000
nlopt-lib = -lnlopt -lm
tmp-base-dir = tmp
unique-indices = false
z3-seed = 0
tmp-date = false
z3-python-cmd = python
const-approx-real-vars = false
print-second-order-errors = false
Resetting input_parser_env
eval_const_expr: (-(1))
result: -1
eval_const_expr: 1
result: 1
eval_const_expr: 0
result: 0
eval_const_expr: 1
result: 1
eval_const_expr: (-(1))
result: -1
eval_const_expr: 0
result: 0
eval_const_expr: (1/10)
result: 1/10
eval_const_expr: 0
result: 0
eval_const_expr: (1/10)
result: 1/10
eval_const_expr: 0
result: 0
eval_const_expr: 1
result: 1
eval_const_expr: (21/20)
result: 21/20
eval_const_expr: 0
result: 0
eval_const_expr: (21/20)
result: 21/20
eval_const_expr: 1
result: 1
Resetting input_parser_env
|tasks| = 1
Processing: result

*************************************
Taylor form for: rnd64((rnd64((rnd64((rnd64(ca) * rnd64((rnd64(ca) * rnd64(es))))) * rnd64((rnd64((rnd64((rnd64((rnd64(rone_es) * rnd64(rone_es))) * rnd64((rnd64(ca) * rnd64((rnd64(ca) * rnd64(es))))))) - rnd64((rnd64(rone_es) * rnd64((rnd64((-(rnd64(1)))) + rnd64(rone_es))))))) - rnd64(rone_es))))) + rnd64((rnd64((rnd64((rnd64(rone_es) * rnd64((-(rnd64(es)))))) * rnd64((rnd64(ca) * rnd64(ca))))) + rnd64((rnd64((rnd64((rnd64((-(rnd64(1)))) + rnd64(rone_es))) * rnd64((rnd64(rone_es) - rnd64((rnd64((rnd64(ca) * rnd64(es))) * rnd64((rnd64(rone_es) * rnd64(ca))))))))) - rnd64((rnd64(1) - rnd64(rone_es)))))))))

Conservative bound: [-0.226275, 0.229025]

Simplified rounding: rnd[64,ne,1.00,-53,0]((rnd64((rnd64((ca * rnd64((ca * es)))) * rnd[64,ne,1.00,-53,0]((rnd[64,ne,1.00,-53,0]((rnd64((rnd64((rone_es * rone_es)) * rnd64((ca * rnd64((ca * es)))))) - rnd64((rone_es * rnd[64,ne,1.00,-53,0](((-(1)) + rone_es)))))) - rone_es)))) + rnd[64,ne,1.00,-53,0]((rnd64((rnd64((rone_es * (-(es)))) * rnd64((ca * ca)))) + rnd[64,ne,1.00,-53,0]((rnd64((rnd[64,ne,1.00,-53,0](((-(1)) + rone_es)) * rnd[64,ne,1.00,-53,0]((rone_es - rnd64((rnd64((ca * es)) * rnd64((rone_es * ca)))))))) - rnd[64,ne,1.00,-53,0]((1 - rone_es))))))))
Building Taylor forms...
var_form
var_form
mul_form
rounded_form
mul_form
rounded_form
var_form
mul_form
rounded_form
mul_form
rounded_form
const_form
neg_form
add_form
rounded_form
mul_form
rounded_form
sub_form
rounded_form
sub_form
rounded_form
mul_form
rounded_form
neg_form
mul_form
rounded_form
mul_form
rounded_form
mul_form
rounded_form
mul_form
rounded_form
mul_form
rounded_form
sub_form
rounded_form
mul_form
rounded_form
sub_form
rounded_form
sub_form
rounded_form
add_form
rounded_form
add_form
rounded_form
Taylor forms cache stats: num_bindings = 46, num_buckets = 1024, max_bucket_length = 2
Expr cache stats: num_bindings = 150, num_buckets = 65536, max_bucket_length = 2
Simplifying Taylor forms...
success
v0 = (((ca * (ca * es)) * ((((rone_es * rone_es) * (ca * (ca * es))) - (rone_es * ((-(1)) + rone_es))) - rone_es)) + (((rone_es * (-(es))) * (ca * ca)) + ((((-(1)) + rone_es) * (rone_es - ((ca * es) * (rone_es * ca)))) - (1 - rone_es))))
-1: exp = -53: (2444786094592493/81129638414606681695789005144064)
1: exp = -53: ((((ca * (ca * es)) * ((rone_es * rone_es) * (ca * floor_power2(((ca * es) + 0))))) + (((((rone_es * rone_es) * (ca * (ca * es))) - (rone_es * ((-(1)) + rone_es))) - rone_es) * (ca * floor_power2(((ca * es) + 0))))) + (((-(1)) + rone_es) * (-(((rone_es * ca) * floor_power2(((ca * es) + 0)))))))
2: exp = -53: (((ca * (ca * es)) * ((rone_es * rone_es) * floor_power2(((ca * (ca * es)) + interval(-6.93889390390722991839e-18, 6.93889390390722991839e-18))))) + (((((rone_es * rone_es) * (ca * (ca * es))) - (rone_es * ((-(1)) + rone_es))) - rone_es) * floor_power2(((ca * (ca * es)) + interval(-6.93889390390722991839e-18, 6.93889390390722991839e-18)))))
3: exp = -53: ((ca * (ca * es)) * ((ca * (ca * es)) * floor_power2(((rone_es * rone_es) + 0))))
4: exp = -53: ((ca * (ca * es)) * floor_power2((((rone_es * rone_es) * (ca * (ca * es))) + interval(-2.64024913043670112493e-17, 2.64024913043670112493e-17))))
5: exp = -53: (((ca * (ca * es)) * (-((rone_es * floor_power2((((-(1)) + rone_es) + 0)))))) + ((rone_es - ((ca * es) * (rone_es * ca))) * floor_power2((((-(1)) + rone_es) + 0))))
6: exp = -53: ((ca * (ca * es)) * (-(floor_power2(((rone_es * ((-(1)) + rone_es)) + interval(-3.64291929955129505234e-18, 3.64291929955129505234e-18))))))
7: exp = -53: ((ca * (ca * es)) * floor_power2(((((rone_es * rone_es) * (ca * (ca * es))) - (rone_es * ((-(1)) + rone_es))) + interval(-4.04537514597791542607e-17, 4.04537514597791542607e-17))))
8: exp = -53: ((ca * (ca * es)) * floor_power2((((((rone_es * rone_es) * (ca * (ca * es))) - (rone_es * ((-(1)) + rone_es))) - rone_es) + interval(-5.43315392675936110160e-17, 5.43315392675936110160e-17))))
9: exp = -53: floor_power2((((ca * (ca * es)) * ((((rone_es * rone_es) * (ca * (ca * es))) - (rone_es * ((-(1)) + rone_es))) - rone_es)) + interval(-3.33656713369379230367e-17, 3.33656713369379230367e-17)))
10: exp = -53: ((ca * ca) * floor_power2(((rone_es * (-(es))) + 0)))
11: exp = -53: ((rone_es * (-(es))) * floor_power2(((ca * ca) + 0)))
12: exp = -53: floor_power2((((rone_es * (-(es))) * (ca * ca)) + interval(-1.27675647831893038510e-17, 1.27675647831893038510e-17)))
13: exp = -53: (((-(1)) + rone_es) * (-(((ca * es) * floor_power2(((rone_es * ca) + 0))))))
14: exp = -53: (((-(1)) + rone_es) * (-(floor_power2((((ca * es) * (rone_es * ca)) + interval(-1.83880688453541576660e-17, 1.83880688453541576660e-17))))))
15: exp = -53: (((-(1)) + rone_es) * floor_power2(((rone_es - ((ca * es) * (rone_es * ca))) + interval(-2.53269627492613860436e-17, 2.53269627492613860436e-17))))
16: exp = -53: floor_power2(((((-(1)) + rone_es) * (rone_es - ((ca * es) * (rone_es * ca)))) + interval(-1.08246744900952858834e-17, 1.08246744900952858834e-17)))
17: exp = -53: (-(floor_power2(((1 - rone_es) + 0))))
18: exp = -53: floor_power2((((((-(1)) + rone_es) * (rone_es - ((ca * es) * (rone_es * ca)))) - (1 - rone_es)) + interval(-1.77635683940025142610e-17, 1.77635683940025142610e-17)))
19: exp = -53: floor_power2(((((rone_es * (-(es))) * (ca * ca)) + ((((-(1)) + rone_es) * (rone_es - ((ca * es) * (rone_es * ca)))) - (1 - rone_es))) + interval(-4.44089209850062764081e-17, 4.44089209850062764081e-17)))
20: exp = -53: floor_power2(((((ca * (ca * es)) * ((((rone_es * rone_es) * (ca * (ca * es))) - (rone_es * ((-(1)) + rone_es))) - rone_es)) + (((rone_es * (-(es))) * (ca * ca)) + ((((-(1)) + rone_es) * (rone_es - ((ca * es) * (rone_es * ca)))) - (1 - rone_es)))) + interval(-9.16523801297586808520e-17, 9.16523801297586808520e-17)))

Corresponding original subexpressions:
1: rnd64((ca * es))
2: rnd64((ca * rnd64((ca * es))))
3: rnd64((rone_es * rone_es))
4: rnd64((rnd64((rone_es * rone_es)) * rnd64((ca * rnd64((ca * es))))))
5: rnd[64,ne,1.00,-53,0](((-(1)) + rone_es))
6: rnd64((rone_es * rnd[64,ne,1.00,-53,0](((-(1)) + rone_es))))
7: rnd[64,ne,1.00,-53,0]((rnd64((rnd64((rone_es * rone_es)) * rnd64((ca * rnd64((ca * es)))))) - rnd64((rone_es * rnd[64,ne,1.00,-53,0](((-(1)) + rone_es))))))
8: rnd[64,ne,1.00,-53,0]((rnd[64,ne,1.00,-53,0]((rnd64((rnd64((rone_es * rone_es)) * rnd64((ca * rnd64((ca * es)))))) - rnd64((rone_es * rnd[64,ne,1.00,-53,0](((-(1)) + rone_es)))))) - rone_es))
9: rnd64((rnd64((ca * rnd64((ca * es)))) * rnd[64,ne,1.00,-53,0]((rnd[64,ne,1.00,-53,0]((rnd64((rnd64((rone_es * rone_es)) * rnd64((ca * rnd64((ca * es)))))) - rnd64((rone_es * rnd[64,ne,1.00,-53,0](((-(1)) + rone_es)))))) - rone_es))))
10: rnd64((rone_es * (-(es))))
11: rnd64((ca * ca))
12: rnd64((rnd64((rone_es * (-(es)))) * rnd64((ca * ca))))
13: rnd64((rone_es * ca))
14: rnd64((rnd64((ca * es)) * rnd64((rone_es * ca))))
15: rnd[64,ne,1.00,-53,0]((rone_es - rnd64((rnd64((ca * es)) * rnd64((rone_es * ca))))))
16: rnd64((rnd[64,ne,1.00,-53,0](((-(1)) + rone_es)) * rnd[64,ne,1.00,-53,0]((rone_es - rnd64((rnd64((ca * es)) * rnd64((rone_es * ca))))))))
17: rnd[64,ne,1.00,-53,0]((1 - rone_es))
18: rnd[64,ne,1.00,-53,0]((rnd64((rnd[64,ne,1.00,-53,0](((-(1)) + rone_es)) * rnd[64,ne,1.00,-53,0]((rone_es - rnd64((rnd64((ca * es)) * rnd64((rone_es * ca)))))))) - rnd[64,ne,1.00,-53,0]((1 - rone_es))))
19: rnd[64,ne,1.00,-53,0]((rnd64((rnd64((rone_es * (-(es)))) * rnd64((ca * ca)))) + rnd[64,ne,1.00,-53,0]((rnd64((rnd[64,ne,1.00,-53,0](((-(1)) + rone_es)) * rnd[64,ne,1.00,-53,0]((rone_es - rnd64((rnd64((ca * es)) * rnd64((rone_es * ca)))))))) - rnd[64,ne,1.00,-53,0]((1 - rone_es))))))
20: rnd[64,ne,1.00,-53,0]((rnd64((rnd64((ca * rnd64((ca * es)))) * rnd[64,ne,1.00,-53,0]((rnd[64,ne,1.00,-53,0]((rnd64((rnd64((rone_es * rone_es)) * rnd64((ca * rnd64((ca * es)))))) - rnd64((rone_es * rnd[64,ne,1.00,-53,0](((-(1)) + rone_es)))))) - rone_es)))) + rnd[64,ne,1.00,-53,0]((rnd64((rnd64((rone_es * (-(es)))) * rnd64((ca * ca)))) + rnd[64,ne,1.00,-53,0]((rnd64((rnd[64,ne,1.00,-53,0](((-(1)) + rone_es)) * rnd[64,ne,1.00,-53,0]((rone_es - rnd64((rnd64((ca * es)) * rnd64((rone_es * ca)))))))) - rnd[64,ne,1.00,-53,0]((1 - rone_es))))))))

Selected optimization method: bb-eval
bb-eval_opt: x_abs_tol = 1.000000e-02, f_rel_tol = 1.000000e-02, f_abs_tol = 1.000000e-02, iters = 1000000
bounds: [-1.926498e-01, 1.025000e-01]

Computing absolute errors
Selected optimization method: bb-eval
bb-eval_opt: x_abs_tol = 1.000000e-02, f_rel_tol = 1.000000e-02, f_abs_tol = 1.000000e-02, iters = 1000000
rmin(result = 3.013432e-17, lower = 3.013432e-17), rmax(result = 3.013432e-17, lower = 3.013432e-17)
-1: exp = -53: 3.013432e-17 (low = 3.013432e-17, subopt = 0.0%)

Solving the exact optimization problem
Selected optimization method: bb-eval
bb-eval_opt: x_abs_tol = 1.000000e-02, f_rel_tol = 1.000000e-02, f_abs_tol = 1.000000e-02, iters = 1000000
exact bound (exp = -53): 7.664232e-01 (low = 7.494797e-01, subopt = 2.2%)
total2: 3.345581e-33 (low = 3.345581e-33, subopt = 0.0%)
exact total: 8.509007e-17 (low = 8.320896e-17, subopt = 2.2%)

Computing relative errors
**WARNING**: 
Cannot compute the relative error: values of the function are close to zero

Elapsed time: 0.04181
*************************************

-------------------------------------------------------------------------------
Problem: result

Optimization lower bounds for error models:
The absolute error (exact) model: 8.320895e-17 (0x1.7fbbcc3b463b5p-54) (suboptimality = 2.2%)

Bounds (without rounding): [-1.926499e-1, 1.025001e-1]
Bounds (floating-point): [-1.926499e-1, 1.025001e-1]

Absolute error (exact): 8.509008e-17 (0x1.88689ffd5a8fdp-54)

Elapsed time: 0.04

