Base path: /Users/laura.zielinski/FPTaylor
Config file: /Users/laura.zielinski/FPTaylor/default.cfg
Config file: /var/folders/38/q_vgzzt959nfc63ldktzz1gr0000gp/T/tmp6nn4t1sm.cfg
default-rnd = rnd64
nlopt-cc = gcc -std=c99 -O3
opt-exact = true
develop = false
log-append-date = start
uncertainty = false
rel-error = true
opt-approx = false
proof-record = false
find-bounds = false
proof-dir = proofs
opt-f-abs-tol = 0.01
fail-on-exception = true
print-opt-lower-bounds = true
bb-compile = {base}/b_and_b/compile.sh {base} {input} {out}
z3-python-lib = 
opt-x-abs-tol = 0.01
export-error-bounds = 
opt-f-rel-tol = 0.01
export-options = 
opt-x-rel-tol = 0.0
rel-error-threshold = 0.0001
bb-alg = opt0
log-base-dir = log
intermediate-opt = false
z3-interval-bounds = true
opt-max-iters = 1000000
abs-error = true
z3-bin = 
maxima-simplification = false
print-hex-floats = true
debug = true
print-precision = 7
export-error-bounds-data = 
fp-power2-model = true
opt = auto
default-var-type = float64
verbosity = 2
ulp-error = false
opt-timeout = 10000
nlopt-lib = -lnlopt -lm
tmp-base-dir = tmp
unique-indices = false
z3-seed = 0
tmp-date = false
z3-python-cmd = python
const-approx-real-vars = false
print-second-order-errors = false
Resetting input_parser_env
eval_const_expr: (100001/100000)
result: 100001/100000
eval_const_expr: 2
result: 2
eval_const_expr: 0
result: 0
eval_const_expr: 2
result: 2
eval_const_expr: (100001/100000)
result: 100001/100000
Resetting input_parser_env
|tasks| = 1
Processing: result

*************************************
Taylor form for: rnd64((rnd64((rnd64(x) - rnd64(1))) / rnd64((rnd64((rnd64(x) * rnd64(x))) - rnd64(1)))))

Conservative bound: [0.000003, 49999.750005]

Simplified rounding: rnd64((rnd[64,ne,1.00,-53,0]((x - 1)) / rnd[64,ne,1.00,-53,0]((rnd64((x * x)) - 1))))
Building Taylor forms...
var_form
const_form
sub_form
rounded_form
mul_form
rounded_form
sub_form
rounded_form
div_form
inv_form
mul_form
rounded_form
Taylor forms cache stats: num_bindings = 10, num_buckets = 1024, max_bucket_length = 1
Expr cache stats: num_bindings = 31, num_buckets = 65536, max_bucket_length = 2
Simplifying Taylor forms...
success
v0 = ((x - 1) * (1 / ((x * x) - 1)))
-1: exp = -53: (3999950001082545/18014398509481984)
1: exp = -53: ((1 / ((x * x) - 1)) * floor_power2(((x - 1) + 0)))
2: exp = -53: ((x - 1) * (-((floor_power2(((x * x) + 0)) / (((x * x) - 1) * ((x * x) - 1))))))
3: exp = -53: ((x - 1) * (-((floor_power2((((x * x) - 1) + interval(-2.22044604925031357389e-16, 2.22044604925031357389e-16))) / (((x * x) - 1) * ((x * x) - 1))))))
4: exp = -53: floor_power2((((x - 1) * (1 / ((x * x) - 1))) + interval(-1.11021469810500194500e-06, 1.11021469810500194500e-06)))

Corresponding original subexpressions:
1: rnd[64,ne,1.00,-53,0]((x - 1))
2: rnd64((x * x))
3: rnd[64,ne,1.00,-53,0]((rnd64((x * x)) - 1))
4: rnd64((rnd[64,ne,1.00,-53,0]((x - 1)) / rnd[64,ne,1.00,-53,0]((rnd64((x * x)) - 1))))

Selected optimization method: bb-eval
bb-eval_opt: x_abs_tol = 1.000000e-02, f_rel_tol = 1.000000e-02, f_abs_tol = 1.000000e-02, iters = 1000000
bounds: [6.366980e-04, 3.911191e+02]

Computing absolute errors
Selected optimization method: bb-eval
bb-eval_opt: x_abs_tol = 1.000000e-02, f_rel_tol = 1.000000e-02, f_abs_tol = 1.000000e-02, iters = 1000000
rmin(result = 2.220418e-01, lower = 2.220418e-01), rmax(result = 2.220418e-01, lower = 2.220418e-01)
-1: exp = -53: 2.220418e-01 (low = 2.220418e-01, subopt = 0.0%)

Solving the exact optimization problem
Selected optimization method: bb-eval
bb-eval_opt: x_abs_tol = 1.000000e-02, f_rel_tol = 1.000000e-02, f_abs_tol = 1.000000e-02, iters = 1000000
exact bound (exp = -53): 1.986207e+07 (low = 2.500076e+04, subopt = 99.9%)
total2: 2.465160e-17 (low = 2.465160e-17, subopt = 0.0%)
exact total: 2.205132e-09 (low = 2.775667e-12, subopt = 99.9%)

Computing relative errors
Selected optimization method: bb-eval
bb-eval_opt: x_abs_tol = 1.000000e-02, f_rel_tol = 1.000000e-02, f_abs_tol = 1.000000e-02, iters = 1000000
rmin(result = 2.220418e-01, lower = 2.220418e-01), rmax(result = 2.220418e-01, lower = 2.220418e-01)
-1: exp = -53: 2.220418e-01 (low = 2.220418e-01, subopt = 0.0%)

Solving the exact optimization problem
Selected optimization method: bb-eval
bb-eval_opt: x_abs_tol = 1.000000e-02, f_rel_tol = 1.000000e-02, f_abs_tol = 1.000000e-02, iters = 1000000
exact bound-rel (exp = -53): 3.119543e+10 (low = 5.000178e+04, subopt = 100.0%)
total2: 3.871788e-14 (low = 6.302835e-20, subopt = 100.0%)
exact total-rel: 3.463388e-06 (low = 5.551312e-12, subopt = 100.0%)

Elapsed time: 0.00497
*************************************

-------------------------------------------------------------------------------
Problem: result

Optimization lower bounds for error models:
The absolute error (exact) model: 2.775666e-12 (0x1.86a3f09e05a33p-39) (suboptimality = 99.9%)
The relative error (exact) model: 5.551312e-12 (0x1.86a38d8a6debap-38) (suboptimality = 100.0%)

Bounds (without rounding): [6.366979e-4, 3.911192e+2]
Bounds (floating-point): [6.366957e-4, 3.911192e+2]

Absolute error (exact): 2.205133e-9 (0x1.2f123245ffe73p-29)
Relative error (exact): 3.463389e-6 (0x1.d0d91e0605604p-19)

Elapsed time: 0.00

